HEAP DUMP BEGIN (5212 objects, 225990 bytes) Wed Jul 04 00:06:30 2001
ROOT 8a2eae8 (kind=<unknown>)
ROOT 8a67330 (kind=<unknown>)
ROOT 8a5a348 (kind=<unknown>)
ROOT 8a590e0 (kind=<unknown>)
ROOT 8a566e8 (kind=<unknown>)
ROOT 8a4ebf8 (kind=<unknown>)
ROOT 8a4dce8 (kind=<unknown>)
ROOT 8a4d648 (kind=<unknown>)
ROOT 8a4cde8 (kind=<unknown>)
ROOT 8a40620 (kind=<unknown>)
ROOT 8a40118 (kind=<unknown>)
ROOT 8a3fb38 (kind=<unknown>)
ROOT 8a3f0d0 (kind=<unknown>)
ROOT 8a3e7f0 (kind=<unknown>)
ROOT 8a3df70 (kind=<unknown>)
ROOT 8a3da08 (kind=<unknown>)
ROOT 8a3d5c0 (kind=<unknown>)
ROOT 8a3bf08 (kind=<unknown>)
ROOT 8a3af88 (kind=<unknown>)
ROOT 8a55db0 (kind=<unknown>)
ROOT 8a39a78 (kind=<unknown>)
ROOT 8a390b8 (kind=<unknown>)
ROOT 8a370f0 (kind=<unknown>)
ROOT 8a36b48 (kind=<unknown>)
ROOT 8a35f18 (kind=<unknown>)
ROOT 8a34d90 (kind=<unknown>)
ROOT 8a34260 (kind=<unknown>)
ROOT 8a32c78 (kind=<unknown>)
ROOT 8a31210 (kind=<unknown>)
ROOT 8a30e30 (kind=<unknown>)
ROOT 8a30918 (kind=<unknown>)
ROOT 8a30100 (kind=<unknown>)
ROOT 8a2fa80 (kind=<unknown>)
ROOT 8a2f1f8 (kind=<unknown>)
ROOT 88f5c8 (kind=<unknown>)
ROOT 88f448 (kind=<unknown>)
ROOT 88f348 (kind=<unknown>)
ROOT 88f288 (kind=<unknown>)
ROOT 88f208 (kind=<unknown>)
ROOT 88f0c8 (kind=<unknown>)
ROOT 88ef68 (kind=<unknown>)
ROOT 88eda8 (kind=<unknown>)
ROOT 88ece8 (kind=<unknown>)
ROOT 88ec28 (kind=<unknown>)
ROOT 88eb28 (kind=<unknown>)
ROOT 88e9c8 (kind=<unknown>)
ROOT 88e868 (kind=<unknown>)
ROOT 88e808 (kind=<unknown>)
ROOT 88e6a8 (kind=<unknown>)
ROOT 88e5e8 (kind=<unknown>)
ROOT 88e568 (kind=<unknown>)
ROOT 88e488 (kind=<unknown>)
ROOT 88e368 (kind=<unknown>)
ROOT 88e288 (kind=<unknown>)
ROOT 88e1e8 (kind=<unknown>)
ROOT 88e148 (kind=<unknown>)
ROOT 88e008 (kind=<unknown>)
ROOT 88df08 (kind=<unknown>)
ROOT 88de88 (kind=<unknown>)
ROOT 88dda8 (kind=<unknown>)
ROOT 88dc08 (kind=<unknown>)
ROOT 88db28 (kind=<unknown>)
ROOT 88da68 (kind=<unknown>)
ROOT 88d8e8 (kind=<unknown>)
ROOT 88d888 (kind=<unknown>)
ROOT 88d768 (kind=<unknown>)
ROOT 88cfc8 (kind=<unknown>)
ROOT 820188 (kind=<unknown>)
ROOT 820048 (kind=<unknown>)
ROOT 81ffe8 (kind=<unknown>)
ROOT 81fe68 (kind=<unknown>)
ROOT 81fda8 (kind=<unknown>)
ROOT 81fc48 (kind=<unknown>)
ROOT 81fb08 (kind=<unknown>)
ROOT 81fa08 (kind=<unknown>)
ROOT 81f908 (kind=<unknown>)
ROOT 81f828 (kind=<unknown>)
ROOT 81f7a8 (kind=<unknown>)
ROOT 81f548 (kind=<unknown>)
ROOT 81f488 (kind=<unknown>)
ROOT 81f428 (kind=<unknown>)
ROOT 81f388 (kind=<unknown>)
ROOT 81f328 (kind=<unknown>)
ROOT 81f288 (kind=<unknown>)
ROOT 81f208 (kind=<unknown>)
ROOT 81f1a8 (kind=<unknown>)
ROOT 81ef68 (kind=<unknown>)
ROOT 81eea8 (kind=<unknown>)
ROOT 81ee28 (kind=<unknown>)
ROOT 81ed48 (kind=<unknown>)
ROOT 81ec88 (kind=<unknown>)
ROOT 81eba8 (kind=<unknown>)
ROOT 81eb08 (kind=<unknown>)
ROOT 81e908 (kind=<unknown>)
ROOT 81e8a8 (kind=<unknown>)
ROOT 81e7c8 (kind=<unknown>)
ROOT 81e768 (kind=<unknown>)
ROOT 0 (kind=<unknown>)
ROOT 81e648 (kind=<unknown>)
ROOT 81e588 (kind=<unknown>)
ROOT 81e4e8 (kind=<unknown>)
ROOT 0 (kind=<unknown>)
ROOT 81e448 (kind=<unknown>)
ROOT 0 (kind=<unknown>)
ROOT 81e308 (kind=<unknown>)
ROOT 81e248 (kind=<unknown>)
ROOT 81e0c8 (kind=<unknown>)
ROOT 81e068 (kind=<unknown>)
ROOT 81dfa8 (kind=<unknown>)
ROOT 81df48 (kind=<unknown>)
ROOT 81de08 (kind=<unknown>)
ROOT 81dd88 (kind=<unknown>)
ROOT 81dcc8 (kind=<unknown>)
ROOT 81dc08 (kind=<unknown>)
ROOT 81db48 (kind=<unknown>)
ROOT 81da68 (kind=<unknown>)
ROOT 81d9a8 (kind=<unknown>)
ROOT 81d908 (kind=<unknown>)
ROOT 81d7e8 (kind=<unknown>)
ROOT 81d748 (kind=<unknown>)
ROOT 81d6a8 (kind=<unknown>)
ROOT 81d5e8 (kind=<unknown>)
ROOT 81d588 (kind=<unknown>)
ROOT 81d488 (kind=<unknown>)
ROOT 81d3c8 (kind=<unknown>)
ROOT 81d328 (kind=<unknown>)
ROOT 81d228 (kind=<unknown>)
ROOT 81d168 (kind=<unknown>)
ROOT 81d108 (kind=<unknown>)
ROOT 81d028 (kind=<unknown>)
ROOT 81cf68 (kind=<unknown>)
ROOT 81cec8 (kind=<unknown>)
ROOT 0 (kind=<unknown>)
ROOT 81cd28 (kind=<unknown>)
ROOT 81cc88 (kind=<unknown>)
ROOT 81cbe8 (kind=<unknown>)
ROOT 81cb48 (kind=<unknown>)
ROOT 81c9e8 (kind=<unknown>)
ROOT 81c8e8 (kind=<unknown>)
ROOT 81c7e8 (kind=<unknown>)
ROOT 81c708 (kind=<unknown>)
ROOT 81c628 (kind=<unknown>)
ROOT 81c568 (kind=<unknown>)
ROOT 81c4c8 (kind=<unknown>)
ROOT 81c328 (kind=<unknown>)
ROOT 81c288 (kind=<unknown>)
ROOT 81c1c8 (kind=<unknown>)
ROOT 81c108 (kind=<unknown>)
ROOT 81c088 (kind=<unknown>)
ROOT 81bfe8 (kind=<unknown>)
ROOT 81bdf0 (kind=<unknown>)
ROOT 81bd50 (kind=<unknown>)
ROOT 81bcb0 (kind=<unknown>)
ROOT 81bc10 (kind=<unknown>)
ROOT 81bb50 (kind=<unknown>)
ROOT 81b910 (kind=<unknown>)
ROOT 81b8d0 (kind=<unknown>)
ROOT 81b890 (kind=<unknown>)
ROOT 81b7b0 (kind=<unknown>)
ROOT 81b6d0 (kind=<unknown>)
ROOT 81b650 (kind=<unknown>)
ROOT 81b5d0 (kind=<unknown>)
ROOT 81b550 (kind=<unknown>)
ROOT 81b4b0 (kind=<unknown>)
ROOT 81b410 (kind=<unknown>)
ROOT 81b3b0 (kind=<unknown>)
ROOT 81b310 (kind=<unknown>)
ROOT 81b290 (kind=<unknown>)
ROOT 81b210 (kind=<unknown>)
ROOT 81b1b0 (kind=<unknown>)
ROOT 81b110 (kind=<unknown>)
ROOT 81b030 (kind=<unknown>)
ROOT 81afb0 (kind=<unknown>)
ROOT 81af30 (kind=<unknown>)
ROOT 81aeb0 (kind=<unknown>)
ROOT 81ae30 (kind=<unknown>)
ROOT 81adb0 (kind=<unknown>)
ROOT 81ad30 (kind=<unknown>)
ROOT 81ac10 (kind=<unknown>)
ROOT 81aa50 (kind=<unknown>)
ROOT 81a9f0 (kind=<unknown>)
ROOT 81a9d0 (kind=<unknown>)
ROOT 81a9b0 (kind=<unknown>)
ROOT 81a990 (kind=<unknown>)
ROOT 81a970 (kind=<unknown>)
ROOT 8a08d50 (kind=<unknown>)
ROOT 8961c8 (kind=<unknown>)
ROOT 8961a8 (kind=<unknown>)
ROOT 8901a8 (kind=<unknown>)
ROOT 88f768 (kind=<unknown>)
ROOT 88f748 (kind=<unknown>)
ARR 88f628 (sz=131072, trace=1, nelems=131069, elem type=int)
ARR 88f648 (sz=16384, trace=1, nelems=16381, elem type=int)
ARR 88f668 (sz=4, trace=1, nelems=0, elem type=java.io.ObjectStreamField@81d028)
OBJ 88f688 (sz=2, trace=1, class=java.lang.String$CaseInsensitiveComparator@81d168)
ARR 88f6a8 (sz=4, trace=1, nelems=0, elem type=java.io.ObjectStreamField@81d028)
OBJ 88f6c8 (sz=16, trace=1, class=sun.misc.Launcher$AppClassLoader@88f348)
	acc		890128
	ucp		890108
	pdcache		8900e8
	nativeLibraries	8900c8
	packages	8900a8
	domains		890088
	classes		890068
	package2certs	890048
	parent		890028
OBJ 88f6e8 (sz=6, trace=1, class=java.util.Vector@81fda8)
	elementData	890148
OBJ 88f708 (sz=6, trace=1, class=java.util.Vector@81fda8)
	elementData	890168
OBJ 88f728 (sz=6, trace=1, class=java.util.Stack@81fe68)
	elementData	890188
OBJ 88f748 (sz=2, trace=1, class=java.lang.ref.Reference$Lock@81e248)
OBJ 88f768 (sz=4, trace=1, class=java.lang.ref.ReferenceQueue@81e448)
	lock		8901a8
OBJ 88f788 (sz=8, trace=1, class=java.lang.ref.Finalizer@81b7b0)
	prev		8a3a018
	next		8901c8
	queue		88f768
	referent	8907c8
OBJ 88f7a8 (sz=2, trace=1, class=java.lang.Object@81a970)
OBJ 88f7c8 (sz=2, trace=1, class=java.util.Hashtable$EmptyEnumerator@81e7c8)
OBJ 88f7e8 (sz=2, trace=1, class=java.util.Hashtable$EmptyIterator@81e908)
ARR 88f808 (sz=12, trace=1, nelems=16, elem type=char)
OBJ 88f828 (sz=6, trace=1, class=java.lang.reflect.ReflectPermission@81e0c8)
	path		81e108
	name		81e108
ARR 88f848 (sz=260, trace=1, nelems=1024, elem type=byte)
ARR 88f868 (sz=2020, trace=1, nelems=4032, elem type=short)
ARR 88f888 (sz=636, trace=1, nelems=632, elem type=int)
OBJ 88f8a8 (sz=6, trace=1, class=java.lang.String@81a9d0)
	value		8901e8
OBJ 88f8c8 (sz=6, trace=1, class=java.lang.String@81a9d0)
	value		890208
OBJ 88f8e8 (sz=8, trace=1, class=java.io.BufferedInputStream@81f488)
	buf		890248
	in		890228
OBJ 88f908 (sz=8, trace=1, class=java.io.PrintStream@81f7a8)
	charOut		8902a8
	textOut		890288
	out		890268
OBJ 88f928 (sz=8, trace=1, class=java.io.PrintStream@81f7a8)
	charOut		890308
	textOut		8902e8
	out		8902c8
OBJ 88f948 (sz=12, trace=1, class=java.util.Properties@81bdf0)
	table		890328
OBJ 88f968 (sz=8, trace=1, class=java.util.Random@81d488)
OBJ 88f988 (sz=2, trace=1, class=java.util.Collections$EmptySet@81d7e8)
OBJ 88f9a8 (sz=4, trace=1, class=java.util.Collections$EmptyList@81da68)
OBJ 88f9c8 (sz=4, trace=1, class=java.util.Collections$EmptyMap@81dc08)
OBJ 88f9e8 (sz=2, trace=1, class=java.util.Collections$ReverseComparator@81dcc8)
OBJ 88fa08 (sz=4, trace=1, class=java.lang.ref.ReferenceQueue$Null@81e4e8)
	lock		890348
OBJ 88fa28 (sz=4, trace=1, class=java.lang.ref.ReferenceQueue$Null@81e4e8)
	lock		890368
ARR 88fa48 (sz=64, trace=1, nelems=61, elem type=java.io.ObjectStreamClass$ObjectStreamClassEntry@81eba8)
OBJ 88fa68 (sz=2, trace=1, class=java.io.ObjectStreamClass$CompareClassByName@81ec88)
OBJ 88fa88 (sz=2, trace=1, class=java.io.ObjectStreamClass$CompareMemberByName@81ed48)
ARR 88faa8 (sz=4, trace=1, nelems=0, elem type=java.lang.Class@81a9f0)
OBJ 88fac8 (sz=4, trace=1, class=java.io.FileDescriptor@81f288)
OBJ 88fae8 (sz=4, trace=1, class=java.io.FileDescriptor@81f288)
OBJ 88fb08 (sz=4, trace=1, class=java.io.FileDescriptor@81f288)
OBJ 88fb28 (sz=6, trace=1, class=java.lang.String@81a9d0)
	value		890388
OBJ 88fb48 (sz=6, trace=1, class=java.lang.String@81a9d0)
	value		8903a8
ARR 88fb68 (sz=6, trace=1, nelems=2, elem type=java.lang.String@81a9d0)
	[0]		81fec8
	[1]		81ff08
ARR 88fb88 (sz=6, trace=1, nelems=2, elem type=java.lang.ref.SoftReference@81b550)
	[1]		8903c8
OBJ 88fba8 (sz=10, trace=1, class=java.util.Hashtable@81bd50)
	table		8903e8
OBJ 88fbc8 (sz=6, trace=1, class=java.util.Locale@88cfc8)
	variant		81e148
	country		81e148
	language	88d0c8
OBJ 88fbe8 (sz=6, trace=1, class=java.util.Locale@88cfc8)
	variant		81e148
	country		81e148
	language	88d208
OBJ 88fc08 (sz=6, trace=1, class=java.util.Locale@88cfc8)
	variant		81e148
	country		81e148
	language	88d248
OBJ 88fc28 (sz=6, trace=1, class=java.util.Locale@88cfc8)
	variant		81e148
	country		81e148
	language	88d288
OBJ 88fc48 (sz=6, trace=1, class=java.util.Locale@88cfc8)
	variant		81e148
	country		81e148
	language	88d2c8
OBJ 88fc68 (sz=6, trace=1, class=java.util.Locale@88cfc8)
	variant		81e148
	country		81e148
	language	88d308
OBJ 88fc88 (sz=6, trace=1, class=java.util.Locale@88cfc8)
	variant		81e148
	country		81e148
	language	88d348
OBJ 88fca8 (sz=6, trace=1, class=java.util.Locale@88cfc8)
	variant		81e148
	country		88d388
	language	88d348
OBJ 88fcc8 (sz=6, trace=1, class=java.util.Locale@88cfc8)
	variant		81e148
	country		88d3c8
	language	88d348
OBJ 88fce8 (sz=6, trace=1, class=java.util.Locale@88cfc8)
	variant		81e148
	country		88d408
	language	88d208
OBJ 88fd08 (sz=6, trace=1, class=java.util.Locale@88cfc8)
	variant		81e148
	country		88d448
	language	88d248
OBJ 88fd28 (sz=6, trace=1, class=java.util.Locale@88cfc8)
	variant		81e148
	country		88d488
	language	88d288
OBJ 88fd48 (sz=6, trace=1, class=java.util.Locale@88cfc8)
	variant		81e148
	country		88d4c8
	language	88d2c8
OBJ 88fd68 (sz=6, trace=1, class=java.util.Locale@88cfc8)
	variant		81e148
	country		88d508
	language	88d308
OBJ 88fd88 (sz=6, trace=1, class=java.util.Locale@88cfc8)
	variant		81e148
	country		88d388
	language	88d348
OBJ 88fda8 (sz=6, trace=1, class=java.util.Locale@88cfc8)
	variant		81e148
	country		88d388
	language	88d348
OBJ 88fdc8 (sz=6, trace=1, class=java.util.Locale@88cfc8)
	variant		81e148
	country		88d3c8
	language	88d348
OBJ 88fde8 (sz=6, trace=1, class=java.util.Locale@88cfc8)
	variant		81e148
	country		88d548
	language	88d0c8
OBJ 88fe08 (sz=6, trace=1, class=java.util.Locale@88cfc8)
	variant		81e148
	country		88d588
	language	88d0c8
OBJ 88fe28 (sz=6, trace=1, class=java.util.Locale@88cfc8)
	variant		81e148
	country		88d5c8
	language	88d0c8
OBJ 88fe48 (sz=6, trace=1, class=java.util.Locale@88cfc8)
	variant		81e148
	country		88d5c8
	language	88d208
OBJ 88fe68 (sz=6, trace=1, class=java.util.Locale@88cfc8)
	variant		81e148
	country		88d548
	language	88d0c8
ARR 88fe88 (sz=132, trace=1, nelems=256, elem type=short)
OBJ 88fea8 (sz=4, trace=1, class=sun.misc.Launcher@88dda8)
	loader		88f6c8
OBJ 88fec8 (sz=2, trace=1, class=sun.misc.Launcher$Factory@88df08)
OBJ 88fee8 (sz=2, trace=1, class=sun.net.www.protocol.file.Handler@88f5c8)
OBJ 88ff08 (sz=6, trace=1, class=java.io.Win32FileSystem@88e6a8)
OBJ 88ff28 (sz=6, trace=1, class=java.lang.String@81a9d0)
	value		890408
OBJ 88ff48 (sz=6, trace=1, class=java.lang.String@81a9d0)
	value		890428
OBJ 88ff68 (sz=2, trace=1, class=java.lang.Object@81a970)
ARR 88ff88 (sz=30, trace=1, nelems=26, elem type=java.lang.String@81a9d0)
OBJ 88ffa8 (sz=10, trace=1, class=java.util.Hashtable@81bd50)
	table		890448
OBJ 88ffc8 (sz=2, trace=1, class=java.lang.Object@81a970)
OBJ 88ffe8 (sz=2, trace=1, class=java.lang.Object@81a970)
OBJ 890008 (sz=2, trace=1, class=java.util.HashMap$EmptyHashIterator@88ece8)
OBJ 890028 (sz=16, trace=1, class=sun.misc.Launcher$ExtClassLoader@88e288)
	dirs		890568
	acc		890548
	ucp		890528
	pdcache		890508
	nativeLibraries	8904e8
	packages	8904c8
	domains		8904a8
	classes		890488
	package2certs	890468
OBJ 890048 (sz=10, trace=1, class=java.util.Hashtable@81bd50)
	table		890588
OBJ 890068 (sz=6, trace=1, class=java.util.Vector@81fda8)
	elementData	8905a8
OBJ 890088 (sz=4, trace=1, class=java.util.HashSet@88eb28)
	map		8905c8
OBJ 8900a8 (sz=12, trace=1, class=java.util.HashMap@88ec28)
	table		8905e8
OBJ 8900c8 (sz=6, trace=1, class=java.util.Vector@81fda8)
	elementData	890608
OBJ 8900e8 (sz=10, trace=1, class=java.util.Hashtable@81bd50)
	table		890628
OBJ 890108 (sz=8, trace=1, class=sun.misc.URLClassPath@88ef68)
	jarHandler	8906c8
	lmap		8906a8
	loaders		890688
	urls		890668
	path		890648
OBJ 890128 (sz=6, trace=1, class=java.security.AccessControlContext@81b030)
ARR 890148 (sz=14, trace=1, nelems=10, elem type=java.lang.Object@81a970)
	[0]		8a39850
ARR 890168 (sz=14, trace=1, nelems=10, elem type=java.lang.Object@81a970)
	[0]		8a39f48
ARR 890188 (sz=14, trace=1, nelems=10, elem type=java.lang.Object@81a970)
OBJ 8901a8 (sz=2, trace=1, class=java.lang.ref.ReferenceQueue$Lock@81e588)
OBJ 8901c8 (sz=8, trace=1, class=java.lang.ref.Finalizer@81b7b0)
	prev		88f788
	next		8906e8
	queue		88f768
	referent	890708
ARR 8901e8 (sz=8, trace=1, nelems=9, elem type=char)
ARR 890208 (sz=4, trace=1, nelems=0, elem type=char)
OBJ 890228 (sz=4, trace=1, class=java.io.FileInputStream@81f208)
	fd		88fac8
ARR 890248 (sz=516, trace=1, nelems=2048, elem type=byte)
OBJ 890268 (sz=6, trace=1, class=java.io.BufferedOutputStream@81f828)
	buf		890728
	out		890708
OBJ 890288 (sz=10, trace=1, class=java.io.BufferedWriter@88da68)
	lineSeparator	890768
	cb		890748
	out		8902a8
	lock		8902a8
OBJ 8902a8 (sz=10, trace=1, class=java.io.OutputStreamWriter@81fa08)
	bb		8907a8
	out		88f908
	ctb		890788
	lock		88f908
OBJ 8902c8 (sz=6, trace=1, class=java.io.BufferedOutputStream@81f828)
	buf		8907e8
	out		8907c8
OBJ 8902e8 (sz=10, trace=1, class=java.io.BufferedWriter@88da68)
	lineSeparator	890768
	cb		890808
	out		890308
	lock		890308
OBJ 890308 (sz=10, trace=1, class=java.io.OutputStreamWriter@81fa08)
	bb		890848
	out		88f928
	ctb		890828
	lock		88f928
ARR 890328 (sz=98, trace=1, nelems=95, elem type=java.util.Hashtable$Entry@81eea8)
	[0]		890868
	[2]		890888
	[9]		8908a8
	[11]		8908c8
	[13]		8908e8
	[16]		890908
	[17]		890928
	[18]		890948
	[19]		890968
	[21]		890988
	[22]		8909a8
	[24]		8909c8
	[26]		8909e8
	[27]		890a08
	[33]		890a28
	[38]		890a48
	[39]		890a68
	[40]		890a88
	[41]		890aa8
	[44]		890ac8
	[49]		890ae8
	[54]		890b08
	[63]		890b28
	[64]		890b48
	[65]		890b68
	[67]		890b88
	[70]		890ba8
	[72]		890bc8
	[74]		890be8
	[76]		890c08
	[80]		890c28
	[81]		890c48
	[82]		890c68
	[88]		890c88
	[91]		890ca8
OBJ 890348 (sz=2, trace=1, class=java.lang.ref.ReferenceQueue$Lock@81e588)
OBJ 890368 (sz=2, trace=1, class=java.lang.ref.ReferenceQueue$Lock@81e588)
ARR 890388 (sz=6, trace=1, nelems=6, elem type=char)
ARR 8903a8 (sz=6, trace=1, nelems=6, elem type=char)
OBJ 8903c8 (sz=8, trace=1, class=java.lang.ref.SoftReference@81b550)
	queue		88fa08
	referent	88d8e8
ARR 8903e8 (sz=924, trace=1, nelems=921, elem type=java.util.Hashtable$Entry@81eea8)
	[0]		890cc8
	[1]		890ce8
	[3]		890d08
	[6]		890d28
	[10]		890d48
	[14]		890d68
	[19]		890d88
	[20]		890da8
	[21]		890dc8
	[22]		890de8
	[23]		890e08
	[24]		890e28
	[25]		890e48
	[26]		890e68
	[27]		890e88
	[29]		890ea8
	[31]		890ec8
	[32]		890ee8
	[33]		890f08
	[35]		890f28
	[36]		890f48
	[37]		890f68
	[38]		890f88
	[39]		890fa8
	[40]		890fc8
	[41]		890fe8
	[42]		891008
	[43]		891028
	[44]		891048
	[46]		891068
	[47]		891088
	[49]		8910a8
	[50]		8910c8
	[51]		8910e8
	[52]		891108
	[53]		891128
	[54]		891148
	[55]		891168
	[56]		891188
	[57]		8911a8
	[59]		8911c8
	[61]		8911e8
	[62]		891208
	[65]		891228
	[71]		891248
	[72]		891268
	[74]		891288
	[75]		8912a8
	[76]		8912c8
	[77]		8912e8
	[78]		891308
	[79]		891328
	[80]		891348
	[81]		891368
	[82]		891388
	[83]		8913a8
	[84]		8913c8
	[85]		8913e8
	[86]		891408
	[88]		891428
	[91]		891448
	[92]		891468
	[97]		891488
	[100]		8914a8
	[101]		8914c8
	[104]		8914e8
	[105]		891508
	[106]		891528
	[107]		891548
	[108]		891568
	[109]		891588
	[110]		8915a8
	[111]		8915c8
	[113]		8915e8
	[114]		891608
	[115]		891628
	[116]		891648
	[117]		891668
	[118]		891688
	[119]		8916a8
	[120]		8916c8
	[121]		8916e8
	[122]		891708
	[125]		891728
	[126]		891748
	[131]		891768
	[132]		891788
	[133]		8917a8
	[134]		8917c8
	[135]		8917e8
	[136]		891808
	[137]		891828
	[138]		891848
	[139]		891868
	[140]		891888
	[141]		8918a8
	[142]		8918c8
	[144]		8918e8
	[145]		891908
	[146]		891928
	[147]		891948
	[148]		891968
	[149]		891988
	[150]		8919a8
	[152]		8919c8
	[153]		8919e8
	[162]		891a08
	[163]		891a28
	[165]		891a48
	[166]		891a68
	[167]		891a88
	[168]		891aa8
	[169]		891ac8
	[170]		891ae8
	[171]		891b08
	[172]		891b28
	[174]		891b48
	[175]		891b68
	[176]		891b88
	[184]		891ba8
	[185]		891bc8
	[190]		891be8
	[193]		891c08
	[194]		891c28
	[195]		891c48
	[196]		891c68
	[197]		891c88
	[198]		891ca8
	[201]		891cc8
	[202]		891ce8
	[204]		891d08
	[205]		891d28
	[206]		891d48
	[207]		891d68
	[208]		891d88
	[209]		891da8
	[210]		891dc8
	[211]		891de8
	[212]		891e08
	[219]		891e28
	[220]		891e48
	[225]		891e68
	[228]		891e88
	[230]		891ea8
	[232]		891ec8
	[234]		891ee8
	[235]		891f08
	[236]		891f28
	[237]		891f48
	[238]		891f68
	[242]		891f88
	[247]		891fa8
	[249]		891fc8
	[250]		891fe8
	[252]		892008
	[253]		892028
	[254]		892048
	[258]		892068
	[259]		892088
	[264]		8920a8
	[265]		8920c8
	[266]		8920e8
	[269]		892108
	[271]		892128
	[272]		892148
	[274]		892168
	[276]		892188
	[278]		8921a8
	[279]		8921c8
	[280]		8921e8
	[281]		892208
	[283]		892228
	[284]		892248
	[286]		892268
	[287]		892288
	[288]		8922a8
	[294]		8922c8
	[296]		8922e8
	[298]		892308
	[299]		892328
	[301]		892348
	[302]		892368
	[304]		892388
	[309]		8923a8
	[310]		8923c8
	[313]		8923e8
	[314]		892408
	[317]		892428
	[322]		892448
	[326]		892468
	[329]		892488
	[330]		8924a8
	[331]		8924c8
	[342]		8924e8
	[348]		892508
	[349]		892528
	[350]		892548
	[351]		892568
	[352]		892588
	[353]		8925a8
	[357]		8925c8
	[359]		8925e8
	[362]		892608
	[384]		892628
	[386]		892648
	[404]		892668
	[405]		892688
	[406]		8926a8
	[407]		8926c8
	[409]		8926e8
	[415]		892708
	[416]		892728
	[424]		892748
	[438]		892768
	[439]		892788
	[441]		8927a8
	[446]		8927c8
	[450]		8927e8
	[457]		892808
	[473]		892828
	[474]		892848
	[483]		892868
	[484]		892888
	[487]		8928a8
	[508]		8928c8
	[516]		8928e8
	[520]		892908
	[521]		892928
	[522]		892948
	[523]		892968
	[524]		892988
	[525]		8929a8
	[529]		8929c8
	[536]		8929e8
	[540]		892a08
	[543]		892a28
	[547]		892a48
	[569]		892a68
	[579]		892a88
	[587]		892aa8
	[588]		892ac8
	[589]		892ae8
	[590]		892b08
	[591]		892b28
	[592]		892b48
	[593]		892b68
	[594]		892b88
	[595]		892ba8
	[620]		892bc8
	[621]		892be8
	[634]		892c08
	[635]		892c28
	[636]		892c48
	[637]		892c68
	[638]		892c88
	[655]		892ca8
	[658]		892cc8
	[667]		892ce8
	[673]		892d08
	[676]		892d28
	[679]		892d48
	[681]		892d68
	[687]		892d88
	[690]		892da8
	[707]		892dc8
	[712]		892de8
	[716]		892e08
	[720]		892e28
	[728]		892e48
	[734]		892e68
	[735]		892e88
	[740]		892ea8
	[742]		892ec8
	[746]		892ee8
	[750]		892f08
	[760]		892f28
	[771]		892f48
	[772]		892f68
	[773]		892f88
	[774]		892fa8
	[775]		892fc8
	[776]		892fe8
	[777]		893008
	[778]		893028
	[779]		893048
	[780]		893068
	[781]		893088
	[789]		8930a8
	[790]		8930c8
	[793]		8930e8
	[794]		893108
	[795]		893128
	[803]		893148
	[807]		893168
	[809]		893188
	[810]		8931a8
	[813]		8931c8
	[818]		8931e8
	[820]		893208
	[822]		893228
	[823]		893248
	[824]		893268
	[825]		893288
	[826]		8932a8
	[841]		8932c8
	[844]		8932e8
	[846]		893308
	[848]		893328
	[850]		893348
	[852]		893368
	[853]		893388
	[856]		8933a8
	[860]		8933c8
	[870]		8933e8
	[874]		893408
	[878]		893428
	[880]		893448
	[881]		893468
	[883]		893488
	[884]		8934a8
	[885]		8934c8
	[886]		8934e8
	[887]		893508
	[889]		893528
	[893]		893548
	[895]		893568
	[898]		893588
	[900]		8935a8
	[906]		8935c8
	[909]		8935e8
	[911]		893608
	[912]		893628
	[913]		893648
	[914]		893668
	[915]		893688
	[916]		8936a8
	[917]		8936c8
	[919]		8936e8
ARR 890408 (sz=12, trace=1, nelems=16, elem type=char)
ARR 890428 (sz=12, trace=1, nelems=16, elem type=char)
ARR 890448 (sz=14, trace=1, nelems=11, elem type=java.util.Hashtable$Entry@81eea8)
OBJ 890468 (sz=10, trace=1, class=java.util.Hashtable@81bd50)
	table		893708
OBJ 890488 (sz=6, trace=1, class=java.util.Vector@81fda8)
	elementData	893728
OBJ 8904a8 (sz=4, trace=1, class=java.util.HashSet@88eb28)
	map		893748
OBJ 8904c8 (sz=12, trace=1, class=java.util.HashMap@88ec28)
	table		893768
OBJ 8904e8 (sz=6, trace=1, class=java.util.Vector@81fda8)
	elementData	893788
OBJ 890508 (sz=10, trace=1, class=java.util.Hashtable@81bd50)
	table		8937a8
OBJ 890528 (sz=8, trace=1, class=sun.misc.URLClassPath@88ef68)
	jarHandler	893848
	lmap		893828
	loaders		893808
	urls		8937e8
	path		8937c8
OBJ 890548 (sz=6, trace=1, class=java.security.AccessControlContext@81b030)
ARR 890568 (sz=4, trace=1, nelems=1, elem type=java.io.File@88e568)
	[0]		893868
ARR 890588 (sz=14, trace=1, nelems=11, elem type=java.util.Hashtable$Entry@81eea8)
ARR 8905a8 (sz=14, trace=1, nelems=10, elem type=java.lang.Object@81a970)
OBJ 8905c8 (sz=12, trace=1, class=java.util.HashMap@88ec28)
	table		893888
ARR 8905e8 (sz=14, trace=1, nelems=11, elem type=java.util.HashMap$Entry@88eda8)
ARR 890608 (sz=14, trace=1, nelems=10, elem type=java.lang.Object@81a970)
ARR 890628 (sz=14, trace=1, nelems=11, elem type=java.util.Hashtable$Entry@81eea8)
OBJ 890648 (sz=6, trace=1, class=java.util.ArrayList@88f0c8)
	elementData	8938a8
OBJ 890668 (sz=6, trace=1, class=java.util.Stack@81fe68)
	elementData	8938c8
OBJ 890688 (sz=6, trace=1, class=java.util.ArrayList@88f0c8)
	elementData	8938e8
OBJ 8906a8 (sz=12, trace=1, class=java.util.HashMap@88ec28)
	table		893908
OBJ 8906c8 (sz=2, trace=1, class=sun.net.www.protocol.jar.Handler@88f288)
OBJ 8906e8 (sz=8, trace=1, class=java.lang.ref.Finalizer@81b7b0)
	prev		8901c8
	queue		88f768
	referent	890228
OBJ 890708 (sz=4, trace=1, class=java.io.FileOutputStream@81f388)
	fd		88fae8
ARR 890728 (sz=36, trace=1, nelems=128, elem type=byte)
ARR 890748 (sz=4100, trace=1, nelems=8192, elem type=char)
OBJ 890768 (sz=6, trace=1, class=java.lang.String@81a9d0)
	value		893928
OBJ 890788 (sz=14, trace=1, class=sun.io.CharToByteCp1252@88d8e8)
	index2		88d928
	index1		88fe88
	subBytes	893948
ARR 8907a8 (sz=2052, trace=1, nelems=8192, elem type=byte)
OBJ 8907c8 (sz=4, trace=1, class=java.io.FileOutputStream@81f388)
	fd		88fb08
ARR 8907e8 (sz=36, trace=1, nelems=128, elem type=byte)
ARR 890808 (sz=4100, trace=1, nelems=8192, elem type=char)
OBJ 890828 (sz=14, trace=1, class=sun.io.CharToByteCp1252@88d8e8)
	index2		88d928
	index1		88fe88
	subBytes	893968
ARR 890848 (sz=2052, trace=1, nelems=8192, elem type=byte)
OBJ 890868 (sz=6, trace=1, class=java.util.Hashtable$Entry@81eea8)
	value		8939a8
	key		893988
OBJ 890888 (sz=6, trace=1, class=java.util.Hashtable$Entry@81eea8)
	value		8939e8
	key		8939c8
OBJ 8908a8 (sz=6, trace=1, class=java.util.Hashtable$Entry@81eea8)
	next		893a48
	value		893a28
	key		893a08
OBJ 8908c8 (sz=6, trace=1, class=java.util.Hashtable$Entry@81eea8)
	value		893a88
	key		893a68
OBJ 8908e8 (sz=6, trace=1, class=java.util.Hashtable$Entry@81eea8)
	value		893ac8
	key		893aa8
OBJ 890908 (sz=6, trace=1, class=java.util.Hashtable$Entry@81eea8)
	value		893b08
	key		893ae8
OBJ 890928 (sz=6, trace=1, class=java.util.Hashtable$Entry@81eea8)
	value		893b48
	key		893b28
OBJ 890948 (sz=6, trace=1, class=java.util.Hashtable$Entry@81eea8)
	value		893b88
	key		893b68
OBJ 890968 (sz=6, trace=1, class=java.util.Hashtable$Entry@81eea8)
	value		81efa8
	key		893ba8
OBJ 890988 (sz=6, trace=1, class=java.util.Hashtable$Entry@81eea8)
	value		893be8
	key		893bc8
OBJ 8909a8 (sz=6, trace=1, class=java.util.Hashtable$Entry@81eea8)
	value		893c28
	key		893c08
OBJ 8909c8 (sz=6, trace=1, class=java.util.Hashtable$Entry@81eea8)
	next		893c88
	value		893c68
	key		893c48
OBJ 8909e8 (sz=6, trace=1, class=java.util.Hashtable$Entry@81eea8)
	value		893cc8
	key		893ca8
OBJ 890a08 (sz=6, trace=1, class=java.util.Hashtable$Entry@81eea8)
	value		893d08
	key		893ce8
OBJ 890a28 (sz=6, trace=1, class=java.util.Hashtable$Entry@81eea8)
	next		893d68
	value		893d48
	key		893d28
OBJ 890a48 (sz=6, trace=1, class=java.util.Hashtable$Entry@81eea8)
	next		893da8
	value		88fb48
	key		893d88
OBJ 890a68 (sz=6, trace=1, class=java.util.Hashtable$Entry@81eea8)
	value		893de8
	key		893dc8
OBJ 890a88 (sz=6, trace=1, class=java.util.Hashtable$Entry@81eea8)
	value		893e28
	key		893e08
OBJ 890aa8 (sz=6, trace=1, class=java.util.Hashtable$Entry@81eea8)
	value		893e68
	key		893e48
OBJ 890ac8 (sz=6, trace=1, class=java.util.Hashtable$Entry@81eea8)
	value		893ea8
	key		893e88
OBJ 890ae8 (sz=6, trace=1, class=java.util.Hashtable$Entry@81eea8)
	next		893f08
	value		893ee8
	key		893ec8
OBJ 890b08 (sz=6, trace=1, class=java.util.Hashtable$Entry@81eea8)
	value		893f48
	key		893f28
OBJ 890b28 (sz=6, trace=1, class=java.util.Hashtable$Entry@81eea8)
	value		893f88
	key		893f68
OBJ 890b48 (sz=6, trace=1, class=java.util.Hashtable$Entry@81eea8)
	value		893fc8
	key		893fa8
OBJ 890b68 (sz=6, trace=1, class=java.util.Hashtable$Entry@81eea8)
	value		894008
	key		893fe8
OBJ 890b88 (sz=6, trace=1, class=java.util.Hashtable$Entry@81eea8)
	next		894068
	value		894048
	key		894028
OBJ 890ba8 (sz=6, trace=1, class=java.util.Hashtable$Entry@81eea8)
	value		8940a8
	key		894088
OBJ 890bc8 (sz=6, trace=1, class=java.util.Hashtable$Entry@81eea8)
	value		8940e8
	key		8940c8
OBJ 890be8 (sz=6, trace=1, class=java.util.Hashtable$Entry@81eea8)
	value		81f028
	key		81f0a8
OBJ 890c08 (sz=6, trace=1, class=java.util.Hashtable$Entry@81eea8)
	next		894148
	value		894128
	key		894108
OBJ 890c28 (sz=6, trace=1, class=java.util.Hashtable$Entry@81eea8)
	next		8941a8
	value		894188
	key		894168
OBJ 890c48 (sz=6, trace=1, class=java.util.Hashtable$Entry@81eea8)
	value		8941e8
	key		8941c8
OBJ 890c68 (sz=6, trace=1, class=java.util.Hashtable$Entry@81eea8)
	next		894248
	value		894228
	key		894208
OBJ 890c88 (sz=6, trace=1, class=java.util.Hashtable$Entry@81eea8)
	next		8942a8
	value		894288
	key		894268
OBJ 890ca8 (sz=6, trace=1, class=java.util.Hashtable$Entry@81eea8)
	value		81efe8
	key		81f0e8
OBJ 890cc8 (sz=6, trace=1, class=java.util.Hashtable$Entry@81eea8)
	value		88abe8
	key		88ac28
OBJ 890ce8 (sz=6, trace=1, class=java.util.Hashtable$Entry@81eea8)
	value		88ad28
	key		88ad68
OBJ 890d08 (sz=6, trace=1, class=java.util.Hashtable$Entry@81eea8)
	next		8942c8
	value		8214a8
	key		8217e8
OBJ 890d28 (sz=6, trace=1, class=java.util.Hashtable$Entry@81eea8)
	value		88b0e8
	key		88b128
OBJ 890d48 (sz=6, trace=1, class=java.util.Hashtable$Entry@81eea8)
	value		88c928
	key		88c9a8
OBJ 890d68 (sz=6, trace=1, class=java.util.Hashtable$Entry@81eea8)
	value		821868
	key		821b68
OBJ 890d88 (sz=6, trace=1, class=java.util.Hashtable$Entry@81eea8)
	value		88c828
	key		88c7e8
OBJ 890da8 (sz=6, trace=1, class=java.util.Hashtable$Entry@81eea8)
	next		8942e8
	value		823ce8
	key		823ca8
OBJ 890dc8 (sz=6, trace=1, class=java.util.Hashtable$Entry@81eea8)
	next		894308
	value		88aaa8
	key		88aa68
OBJ 890de8 (sz=6, trace=1, class=java.util.Hashtable$Entry@81eea8)
	next		894328
	value		825928
	key		8258e8
OBJ 890e08 (sz=6, trace=1, class=java.util.Hashtable$Entry@81eea8)
	value		825a68
	key		825a28
OBJ 890e28 (sz=6, trace=1, class=java.util.Hashtable$Entry@81eea8)
	next		894348
	value		88ba68
	key		88baa8
OBJ 890e48 (sz=6, trace=1, class=java.util.Hashtable$Entry@81eea8)
	value		825ce8
	key		825d68
OBJ 890e68 (sz=6, trace=1, class=java.util.Hashtable$Entry@81eea8)
	next		894368
	value		88c7a8
	key		88c768
OBJ 890e88 (sz=6, trace=1, class=java.util.Hashtable$Entry@81eea8)
	value		825e28
	key		825ea8
OBJ 890ea8 (sz=6, trace=1, class=java.util.Hashtable$Entry@81eea8)
	value		825f68
	key		825fe8
OBJ 890ec8 (sz=6, trace=1, class=java.util.Hashtable$Entry@81eea8)
	value		88a0a8
	key		88a128
OBJ 890ee8 (sz=6, trace=1, class=java.util.Hashtable$Entry@81eea8)
	next		894388
	value		88ae68
	key		88af28
OBJ 890f08 (sz=6, trace=1, class=java.util.Hashtable$Entry@81eea8)
	value		88afa8
	key		88b068
OBJ 890f28 (sz=6, trace=1, class=java.util.Hashtable$Entry@81eea8)
	value		8200c8
	key		820428
OBJ 890f48 (sz=6, trace=1, class=java.util.Hashtable$Entry@81eea8)
	value		8206e8
	key		8207a8
OBJ 890f68 (sz=6, trace=1, class=java.util.Hashtable$Entry@81eea8)
	next		8943a8
	value		88b228
	key		88b268
OBJ 890f88 (sz=6, trace=1, class=java.util.Hashtable$Entry@81eea8)
	next		8943c8
	value		88b368
	key		88b3a8
OBJ 890fa8 (sz=6, trace=1, class=java.util.Hashtable$Entry@81eea8)
	next		8943e8
	value		88b4a8
	key		88b4e8
OBJ 890fc8 (sz=6, trace=1, class=java.util.Hashtable$Entry@81eea8)
	next		894408
	value		8214a8
	key		821568
OBJ 890fe8 (sz=6, trace=1, class=java.util.Hashtable$Entry@81eea8)
	next		894428
	value		88cd68
	key		88cd28
OBJ 891008 (sz=6, trace=1, class=java.util.Hashtable$Entry@81eea8)
	value		821c68
	key		821d28
OBJ 891028 (sz=6, trace=1, class=java.util.Hashtable$Entry@81eea8)
	value		821fa8
	key		822028
OBJ 891048 (sz=6, trace=1, class=java.util.Hashtable$Entry@81eea8)
	value		823e28
	key		823ea8
OBJ 891068 (sz=6, trace=1, class=java.util.Hashtable$Entry@81eea8)
	next		894448
	value		88abe8
	key		88ac68
OBJ 891088 (sz=6, trace=1, class=java.util.Hashtable$Entry@81eea8)
	value		88ad28
	key		88ada8
OBJ 8910a8 (sz=6, trace=1, class=java.util.Hashtable$Entry@81eea8)
	value		824128
	key		8241a8
OBJ 8910c8 (sz=6, trace=1, class=java.util.Hashtable$Entry@81eea8)
	value		8242a8
	key		824328
OBJ 8910e8 (sz=6, trace=1, class=java.util.Hashtable$Entry@81eea8)
	value		8243e8
	key		824468
OBJ 891108 (sz=6, trace=1, class=java.util.Hashtable$Entry@81eea8)
	next		894468
	value		88b0e8
	key		88b168
OBJ 891128 (sz=6, trace=1, class=java.util.Hashtable$Entry@81eea8)
	value		8206e8
	key		820928
OBJ 891148 (sz=6, trace=1, class=java.util.Hashtable$Entry@81eea8)
	value		820a68
	key		820ca8
OBJ 891168 (sz=6, trace=1, class=java.util.Hashtable$Entry@81eea8)
	next		894488
	value		825ce8
	key		825ca8
OBJ 891188 (sz=6, trace=1, class=java.util.Hashtable$Entry@81eea8)
	next		8944a8
	value		821168
	key		8213a8
OBJ 8911a8 (sz=6, trace=1, class=java.util.Hashtable$Entry@81eea8)
	next		8944c8
	value		825e28
	key		825de8
OBJ 8911c8 (sz=6, trace=1, class=java.util.Hashtable$Entry@81eea8)
	next		8944e8
	value		825f68
	key		825f28
OBJ 8911e8 (sz=6, trace=1, class=java.util.Hashtable$Entry@81eea8)
	next		894508
	value		88a0a8
	key		88a068
OBJ 891208 (sz=6, trace=1, class=java.util.Hashtable$Entry@81eea8)
	next		894528
	value		88cb68
	key		88cbe8
OBJ 891228 (sz=6, trace=1, class=java.util.Hashtable$Entry@81eea8)
	value		822928
	key		8228e8
OBJ 891248 (sz=6, trace=1, class=java.util.Hashtable$Entry@81eea8)
	value		823ba8
	key		823c28
OBJ 891268 (sz=6, trace=1, class=java.util.Hashtable$Entry@81eea8)
	next		894548
	value		88cde8
	key		88cda8
OBJ 891288 (sz=6, trace=1, class=java.util.Hashtable$Entry@81eea8)
	value		823e28
	key		823de8
OBJ 8912a8 (sz=6, trace=1, class=java.util.Hashtable$Entry@81eea8)
	value		824568
	key		8245e8
OBJ 8912c8 (sz=6, trace=1, class=java.util.Hashtable$Entry@81eea8)
	next		894568
	value		823fa8
	key		823f68
OBJ 8912e8 (sz=6, trace=1, class=java.util.Hashtable$Entry@81eea8)
	next		894588
	value		822ee8
	key		822fa8
OBJ 891308 (sz=6, trace=1, class=java.util.Hashtable$Entry@81eea8)
	value		824a28
	key		824aa8
OBJ 891328 (sz=6, trace=1, class=java.util.Hashtable$Entry@81eea8)
	next		8945a8
	value		824128
	key		8240e8
OBJ 891348 (sz=6, trace=1, class=java.util.Hashtable$Entry@81eea8)
	next		8945c8
	value		8242a8
	key		824268
OBJ 891368 (sz=6, trace=1, class=java.util.Hashtable$Entry@81eea8)
	next		8945e8
	value		8243e8
	key		8243a8
OBJ 891388 (sz=6, trace=1, class=java.util.Hashtable$Entry@81eea8)
	next		894608
	value		88abe8
	key		88aba8
OBJ 8913a8 (sz=6, trace=1, class=java.util.Hashtable$Entry@81eea8)
	next		894628
	value		88b228
	key		88b2a8
OBJ 8913c8 (sz=6, trace=1, class=java.util.Hashtable$Entry@81eea8)
	next		894648
	value		88b368
	key		88b3e8
OBJ 8913e8 (sz=6, trace=1, class=java.util.Hashtable$Entry@81eea8)
	next		894668
	value		88c928
	key		88ca68
OBJ 891408 (sz=6, trace=1, class=java.util.Hashtable$Entry@81eea8)
	value		88a328
	key		88a2e8
OBJ 891428 (sz=6, trace=1, class=java.util.Hashtable$Entry@81eea8)
	value		88b0e8
	key		88b0a8
OBJ 891448 (sz=6, trace=1, class=java.util.Hashtable$Entry@81eea8)
	value		88a468
	key		88a428
OBJ 891468 (sz=6, trace=1, class=java.util.Hashtable$Entry@81eea8)
	value		88a5a8
	key		88a568
OBJ 891488 (sz=6, trace=1, class=java.util.Hashtable$Entry@81eea8)
	value		88c628
	key		88c6a8
OBJ 8914a8 (sz=6, trace=1, class=java.util.Hashtable$Entry@81eea8)
	value		823028
	key		8230e8
OBJ 8914c8 (sz=6, trace=1, class=java.util.Hashtable$Entry@81eea8)
	next		894688
	value		88ba68
	key		88bb68
OBJ 8914e8 (sz=6, trace=1, class=java.util.Hashtable$Entry@81eea8)
	next		8946a8
	value		88c3e8
	key		88c428
OBJ 891508 (sz=6, trace=1, class=java.util.Hashtable$Entry@81eea8)
	next		8946c8
	value		824568
	key		824528
OBJ 891528 (sz=6, trace=1, class=java.util.Hashtable$Entry@81eea8)
	next		8946e8
	value		8252e8
	key		825368
OBJ 891548 (sz=6, trace=1, class=java.util.Hashtable$Entry@81eea8)
	next		894708
	value		825428
	key		8254a8
OBJ 891568 (sz=6, trace=1, class=java.util.Hashtable$Entry@81eea8)
	value		824a28
	key		8249e8
OBJ 891588 (sz=6, trace=1, class=java.util.Hashtable$Entry@81eea8)
	value		824ba8
	key		824b68
OBJ 8915a8 (sz=6, trace=1, class=java.util.Hashtable$Entry@81eea8)
	next		894728
	value		825568
	key		8255e8
OBJ 8915c8 (sz=6, trace=1, class=java.util.Hashtable$Entry@81eea8)
	next		894748
	value		88cb68
	key		88cba8
OBJ 8915e8 (sz=6, trace=1, class=java.util.Hashtable$Entry@81eea8)
	next		894768
	value		824fe8
	key		824fa8
OBJ 891608 (sz=6, trace=1, class=java.util.Hashtable$Entry@81eea8)
	next		894788
	value		825128
	key		8250e8
OBJ 891628 (sz=6, trace=1, class=java.util.Hashtable$Entry@81eea8)
	value		88b5e8
	key		88b6a8
OBJ 891648 (sz=6, trace=1, class=java.util.Hashtable$Entry@81eea8)
	next		8947a8
	value		825ce8
	key		825d28
OBJ 891668 (sz=6, trace=1, class=java.util.Hashtable$Entry@81eea8)
	next		8947c8
	value		88b728
	key		88b7e8
OBJ 891688 (sz=6, trace=1, class=java.util.Hashtable$Entry@81eea8)
	next		8947e8
	value		825e28
	key		825e68
OBJ 8916a8 (sz=6, trace=1, class=java.util.Hashtable$Entry@81eea8)
	next		894808
	value		88b228
	key		88b1e8
OBJ 8916c8 (sz=6, trace=1, class=java.util.Hashtable$Entry@81eea8)
	next		894828
	value		88b368
	key		88b328
OBJ 8916e8 (sz=6, trace=1, class=java.util.Hashtable$Entry@81eea8)
	value		88b4a8
	key		88b468
OBJ 891708 (sz=6, trace=1, class=java.util.Hashtable$Entry@81eea8)
	value		88a0a8
	key		88a0e8
OBJ 891728 (sz=6, trace=1, class=java.util.Hashtable$Entry@81eea8)
	value		88ba68
	key		88bb28
OBJ 891748 (sz=6, trace=1, class=java.util.Hashtable$Entry@81eea8)
	value		821868
	key		821be8
OBJ 891768 (sz=6, trace=1, class=java.util.Hashtable$Entry@81eea8)
	value		88bf68
	key		88bf28
OBJ 891788 (sz=6, trace=1, class=java.util.Hashtable$Entry@81eea8)
	next		894848
	value		88bfe8
	key		88bfa8
OBJ 8917a8 (sz=6, trace=1, class=java.util.Hashtable$Entry@81eea8)
	value		88c068
	key		88c028
OBJ 8917c8 (sz=6, trace=1, class=java.util.Hashtable$Entry@81eea8)
	value		88c0e8
	key		88c0a8
OBJ 8917e8 (sz=6, trace=1, class=java.util.Hashtable$Entry@81eea8)
	next		894868
	value		88c168
	key		88c128
OBJ 891808 (sz=6, trace=1, class=java.util.Hashtable$Entry@81eea8)
	next		894888
	value		88c1e8
	key		88c1a8
OBJ 891828 (sz=6, trace=1, class=java.util.Hashtable$Entry@81eea8)
	next		8948a8
	value		88c268
	key		88c228
OBJ 891848 (sz=6, trace=1, class=java.util.Hashtable$Entry@81eea8)
	next		8948c8
	value		88c2e8
	key		88c2a8
OBJ 891868 (sz=6, trace=1, class=java.util.Hashtable$Entry@81eea8)
	value		88c368
	key		88c328
OBJ 891888 (sz=6, trace=1, class=java.util.Hashtable$Entry@81eea8)
	next		8948e8
	value		825568
	key		825528
OBJ 8918a8 (sz=6, trace=1, class=java.util.Hashtable$Entry@81eea8)
	next		894908
	value		824568
	key		824668
OBJ 8918c8 (sz=6, trace=1, class=java.util.Hashtable$Entry@81eea8)
	next		894928
	value		8246e8
	key		824828
OBJ 8918e8 (sz=6, trace=1, class=java.util.Hashtable$Entry@81eea8)
	value		824a28
	key		824b28
OBJ 891908 (sz=6, trace=1, class=java.util.Hashtable$Entry@81eea8)
	value		824ba8
	key		824c68
OBJ 891928 (sz=6, trace=1, class=java.util.Hashtable$Entry@81eea8)
	next		894948
	value		88a968
	key		88a9e8
OBJ 891948 (sz=6, trace=1, class=java.util.Hashtable$Entry@81eea8)
	next		894968
	value		824e68
	key		824f68
OBJ 891968 (sz=6, trace=1, class=java.util.Hashtable$Entry@81eea8)
	value		8214a8
	key		821668
OBJ 891988 (sz=6, trace=1, class=java.util.Hashtable$Entry@81eea8)
	value		88a828
	key		88a7e8
OBJ 8919a8 (sz=6, trace=1, class=java.util.Hashtable$Entry@81eea8)
	value		825128
	key		825268
OBJ 8919c8 (sz=6, trace=1, class=java.util.Hashtable$Entry@81eea8)
	next		894988
	value		823a68
	key		823b28
OBJ 8919e8 (sz=6, trace=1, class=java.util.Hashtable$Entry@81eea8)
	value		88a5a8
	key		88a5e8
OBJ 891a08 (sz=6, trace=1, class=java.util.Hashtable$Entry@81eea8)
	next		8949a8
	value		88c3e8
	key		88c468
OBJ 891a28 (sz=6, trace=1, class=java.util.Hashtable$Entry@81eea8)
	value		821868
	key		821aa8
OBJ 891a48 (sz=6, trace=1, class=java.util.Hashtable$Entry@81eea8)
	value		8206e8
	key		8209a8
OBJ 891a68 (sz=6, trace=1, class=java.util.Hashtable$Entry@81eea8)
	next		8949c8
	value		820a68
	key		820d28
OBJ 891a88 (sz=6, trace=1, class=java.util.Hashtable$Entry@81eea8)
	next		8949e8
	value		820de8
	key		8210a8
OBJ 891aa8 (sz=6, trace=1, class=java.util.Hashtable$Entry@81eea8)
	next		894a08
	value		821168
	key		821428
OBJ 891ac8 (sz=6, trace=1, class=java.util.Hashtable$Entry@81eea8)
	next		894a28
	value		821c68
	key		821f28
OBJ 891ae8 (sz=6, trace=1, class=java.util.Hashtable$Entry@81eea8)
	value		824ba8
	key		824be8
OBJ 891b08 (sz=6, trace=1, class=java.util.Hashtable$Entry@81eea8)
	next		894a48
	value		8257e8
	key		8258a8
OBJ 891b28 (sz=6, trace=1, class=java.util.Hashtable$Entry@81eea8)
	value		824e68
	key		824ea8
OBJ 891b48 (sz=6, trace=1, class=java.util.Hashtable$Entry@81eea8)
	value		824fe8
	key		825028
OBJ 891b68 (sz=6, trace=1, class=java.util.Hashtable$Entry@81eea8)
	next		894a68
	value		825128
	key		825168
OBJ 891b88 (sz=6, trace=1, class=java.util.Hashtable$Entry@81eea8)
	value		88a968
	key		88a928
OBJ 891ba8 (sz=6, trace=1, class=java.util.Hashtable$Entry@81eea8)
	next		894a88
	value		88b8e8
	key		88b9a8
OBJ 891bc8 (sz=6, trace=1, class=java.util.Hashtable$Entry@81eea8)
	value		88bce8
	key		88bca8
OBJ 891be8 (sz=6, trace=1, class=java.util.Hashtable$Entry@81eea8)
	value		8214a8
	key		821768
OBJ 891c08 (sz=6, trace=1, class=java.util.Hashtable$Entry@81eea8)
	value		823ce8
	key		823da8
OBJ 891c28 (sz=6, trace=1, class=java.util.Hashtable$Entry@81eea8)
	value		821fa8
	key		822228
OBJ 891c48 (sz=6, trace=1, class=java.util.Hashtable$Entry@81eea8)
	value		825928
	key		8259e8
OBJ 891c68 (sz=6, trace=1, class=java.util.Hashtable$Entry@81eea8)
	value		825a68
	key		825b28
OBJ 891c88 (sz=6, trace=1, class=java.util.Hashtable$Entry@81eea8)
	next		894aa8
	value		822428
	key		8225e8
OBJ 891ca8 (sz=6, trace=1, class=java.util.Hashtable$Entry@81eea8)
	value		825428
	key		825468
OBJ 891cc8 (sz=6, trace=1, class=java.util.Hashtable$Entry@81eea8)
	value		825568
	key		8255a8
OBJ 891ce8 (sz=6, trace=1, class=java.util.Hashtable$Entry@81eea8)
	value		8256a8
	key		8256e8
OBJ 891d08 (sz=6, trace=1, class=java.util.Hashtable$Entry@81eea8)
	value		8200c8
	key		820108
OBJ 891d28 (sz=6, trace=1, class=java.util.Hashtable$Entry@81eea8)
	value		8206e8
	key		8206a8
OBJ 891d48 (sz=6, trace=1, class=java.util.Hashtable$Entry@81eea8)
	value		820a68
	key		820a28
OBJ 891d68 (sz=6, trace=1, class=java.util.Hashtable$Entry@81eea8)
	value		820de8
	key		820da8
OBJ 891d88 (sz=6, trace=1, class=java.util.Hashtable$Entry@81eea8)
	value		821168
	key		821128
OBJ 891da8 (sz=6, trace=1, class=java.util.Hashtable$Entry@81eea8)
	value		8214a8
	key		821468
OBJ 891dc8 (sz=6, trace=1, class=java.util.Hashtable$Entry@81eea8)
	next		894ac8
	value		88a828
	key		88a868
OBJ 891de8 (sz=6, trace=1, class=java.util.Hashtable$Entry@81eea8)
	value		821c68
	key		821c28
OBJ 891e08 (sz=6, trace=1, class=java.util.Hashtable$Entry@81eea8)
	next		894ae8
	value		88c928
	key		88ca28
OBJ 891e28 (sz=6, trace=1, class=java.util.Hashtable$Entry@81eea8)
	value		88ae68
	key		88aea8
OBJ 891e48 (sz=6, trace=1, class=java.util.Hashtable$Entry@81eea8)
	value		88afa8
	key		88afe8
OBJ 891e68 (sz=6, trace=1, class=java.util.Hashtable$Entry@81eea8)
	value		825ba8
	key		825c68
OBJ 891e88 (sz=6, trace=1, class=java.util.Hashtable$Entry@81eea8)
	value		825ce8
	key		825da8
OBJ 891ea8 (sz=6, trace=1, class=java.util.Hashtable$Entry@81eea8)
	next		894b08
	value		88c528
	key		88c5a8
OBJ 891ec8 (sz=6, trace=1, class=java.util.Hashtable$Entry@81eea8)
	value		825f68
	key		88a028
OBJ 891ee8 (sz=6, trace=1, class=java.util.Hashtable$Entry@81eea8)
	value		88a0a8
	key		88a168
OBJ 891f08 (sz=6, trace=1, class=java.util.Hashtable$Entry@81eea8)
	value		822768
	key		8227a8
OBJ 891f28 (sz=6, trace=1, class=java.util.Hashtable$Entry@81eea8)
	value		8214a8
	key		8217a8
OBJ 891f48 (sz=6, trace=1, class=java.util.Hashtable$Entry@81eea8)
	value		88a968
	key		88a9a8
OBJ 891f68 (sz=6, trace=1, class=java.util.Hashtable$Entry@81eea8)
	value		88cb68
	key		88cb28
OBJ 891f88 (sz=6, trace=1, class=java.util.Hashtable$Entry@81eea8)
	value		88b8e8
	key		88b8a8
OBJ 891fa8 (sz=6, trace=1, class=java.util.Hashtable$Entry@81eea8)
	value		823e28
	key		823ee8
OBJ 891fc8 (sz=6, trace=1, class=java.util.Hashtable$Entry@81eea8)
	value		823fa8
	key		824068
OBJ 891fe8 (sz=6, trace=1, class=java.util.Hashtable$Entry@81eea8)
	value		821868
	key		821ae8
OBJ 892008 (sz=6, trace=1, class=java.util.Hashtable$Entry@81eea8)
	value		824128
	key		8241e8
OBJ 892028 (sz=6, trace=1, class=java.util.Hashtable$Entry@81eea8)
	value		8242a8
	key		824368
OBJ 892048 (sz=6, trace=1, class=java.util.Hashtable$Entry@81eea8)
	value		8243e8
	key		8244a8
OBJ 892068 (sz=6, trace=1, class=java.util.Hashtable$Entry@81eea8)
	next		894b28
	value		88ce68
	key		88ce28
OBJ 892088 (sz=6, trace=1, class=java.util.Hashtable$Entry@81eea8)
	value		88a328
	key		88a3e8
OBJ 8920a8 (sz=6, trace=1, class=java.util.Hashtable$Entry@81eea8)
	value		88a468
	key		88a528
OBJ 8920c8 (sz=6, trace=1, class=java.util.Hashtable$Entry@81eea8)
	next		894b48
	value		88ae68
	key		88aee8
OBJ 8920e8 (sz=6, trace=1, class=java.util.Hashtable$Entry@81eea8)
	value		88afa8
	key		88b028
OBJ 892108 (sz=6, trace=1, class=java.util.Hashtable$Entry@81eea8)
	value		820228
	key		820268
OBJ 892128 (sz=6, trace=1, class=java.util.Hashtable$Entry@81eea8)
	value		820a68
	key		820aa8
OBJ 892148 (sz=6, trace=1, class=java.util.Hashtable$Entry@81eea8)
	value		8214a8
	key		821728
OBJ 892168 (sz=6, trace=1, class=java.util.Hashtable$Entry@81eea8)
	value		823ba8
	key		823c68
OBJ 892188 (sz=6, trace=1, class=java.util.Hashtable$Entry@81eea8)
	value		820228
	key		8202e8
OBJ 8921a8 (sz=6, trace=1, class=java.util.Hashtable$Entry@81eea8)
	value		824568
	key		824628
OBJ 8921c8 (sz=6, trace=1, class=java.util.Hashtable$Entry@81eea8)
	value		8246e8
	key		8247e8
OBJ 8921e8 (sz=6, trace=1, class=java.util.Hashtable$Entry@81eea8)
	value		8248a8
	key		824968
OBJ 892208 (sz=6, trace=1, class=java.util.Hashtable$Entry@81eea8)
	value		824a28
	key		824ae8
OBJ 892228 (sz=6, trace=1, class=java.util.Hashtable$Entry@81eea8)
	value		824ce8
	key		824da8
OBJ 892248 (sz=6, trace=1, class=java.util.Hashtable$Entry@81eea8)
	value		824e68
	key		824f28
OBJ 892268 (sz=6, trace=1, class=java.util.Hashtable$Entry@81eea8)
	value		824fe8
	key		8250a8
OBJ 892288 (sz=6, trace=1, class=java.util.Hashtable$Entry@81eea8)
	next		894b68
	value		88a6e8
	key		88a7a8
OBJ 8922a8 (sz=6, trace=1, class=java.util.Hashtable$Entry@81eea8)
	value		88bc28
	key		88bc68
OBJ 8922c8 (sz=6, trace=1, class=java.util.Hashtable$Entry@81eea8)
	value		88c828
	key		88c8a8
OBJ 8922e8 (sz=6, trace=1, class=java.util.Hashtable$Entry@81eea8)
	value		88c928
	key		88caa8
OBJ 892308 (sz=6, trace=1, class=java.util.Hashtable$Entry@81eea8)
	value		821868
	key		821a68
OBJ 892328 (sz=6, trace=1, class=java.util.Hashtable$Entry@81eea8)
	value		825128
	key		825228
OBJ 892348 (sz=6, trace=1, class=java.util.Hashtable$Entry@81eea8)
	value		88ae68
	key		88ae28
OBJ 892368 (sz=6, trace=1, class=java.util.Hashtable$Entry@81eea8)
	next		894b88
	value		88b5e8
	key		88b628
OBJ 892388 (sz=6, trace=1, class=java.util.Hashtable$Entry@81eea8)
	value		88b728
	key		88b768
OBJ 8923a8 (sz=6, trace=1, class=java.util.Hashtable$Entry@81eea8)
	value		8252e8
	key		8253a8
OBJ 8923c8 (sz=6, trace=1, class=java.util.Hashtable$Entry@81eea8)
	next		894ba8
	value		88ba68
	key		88ba28
OBJ 8923e8 (sz=6, trace=1, class=java.util.Hashtable$Entry@81eea8)
	value		825568
	key		825628
OBJ 892408 (sz=6, trace=1, class=java.util.Hashtable$Entry@81eea8)
	value		8256a8
	key		825768
OBJ 892428 (sz=6, trace=1, class=java.util.Hashtable$Entry@81eea8)
	value		88c628
	key		88c6e8
OBJ 892448 (sz=6, trace=1, class=java.util.Hashtable$Entry@81eea8)
	value		88a828
	key		88a8e8
OBJ 892468 (sz=6, trace=1, class=java.util.Hashtable$Entry@81eea8)
	value		8214a8
	key		821628
OBJ 892488 (sz=6, trace=1, class=java.util.Hashtable$Entry@81eea8)
	value		8222e8
	key		8223a8
OBJ 8924a8 (sz=6, trace=1, class=java.util.Hashtable$Entry@81eea8)
	value		821868
	key		821a28
OBJ 8924c8 (sz=6, trace=1, class=java.util.Hashtable$Entry@81eea8)
	value		822428
	key		8224e8
OBJ 8924e8 (sz=6, trace=1, class=java.util.Hashtable$Entry@81eea8)
	value		88c928
	key		88cae8
OBJ 892508 (sz=6, trace=1, class=java.util.Hashtable$Entry@81eea8)
	next		894bc8
	value		88b5e8
	key		88b668
OBJ 892528 (sz=6, trace=1, class=java.util.Hashtable$Entry@81eea8)
	next		894be8
	value		88a968
	key		88aa28
OBJ 892548 (sz=6, trace=1, class=java.util.Hashtable$Entry@81eea8)
	next		894c08
	value		88b728
	key		88b7a8
OBJ 892568 (sz=6, trace=1, class=java.util.Hashtable$Entry@81eea8)
	value		820a68
	key		820be8
OBJ 892588 (sz=6, trace=1, class=java.util.Hashtable$Entry@81eea8)
	value		820de8
	key		820f68
OBJ 8925a8 (sz=6, trace=1, class=java.util.Hashtable$Entry@81eea8)
	value		821fa8
	key		8220e8
OBJ 8925c8 (sz=6, trace=1, class=java.util.Hashtable$Entry@81eea8)
	value		822428
	key		822668
OBJ 8925e8 (sz=6, trace=1, class=java.util.Hashtable$Entry@81eea8)
	value		88c3e8
	key		88c4a8
OBJ 892608 (sz=6, trace=1, class=java.util.Hashtable$Entry@81eea8)
	value		8246e8
	key		8247a8
OBJ 892628 (sz=6, trace=1, class=java.util.Hashtable$Entry@81eea8)
	next		894c28
	value		88c3e8
	key		88c3a8
OBJ 892648 (sz=6, trace=1, class=java.util.Hashtable$Entry@81eea8)
	value		88b728
	key		88b6e8
OBJ 892668 (sz=6, trace=1, class=java.util.Hashtable$Entry@81eea8)
	value		8206e8
	key		820728
OBJ 892688 (sz=6, trace=1, class=java.util.Hashtable$Entry@81eea8)
	value		88bc28
	key		88bbe8
OBJ 8926a8 (sz=6, trace=1, class=java.util.Hashtable$Entry@81eea8)
	value		822768
	key		822728
OBJ 8926c8 (sz=6, trace=1, class=java.util.Hashtable$Entry@81eea8)
	value		8214a8
	key		8216e8
OBJ 8926e8 (sz=6, trace=1, class=java.util.Hashtable$Entry@81eea8)
	value		88cc68
	key		88cc28
OBJ 892708 (sz=6, trace=1, class=java.util.Hashtable$Entry@81eea8)
	value		8200c8
	key		8203e8
OBJ 892728 (sz=6, trace=1, class=java.util.Hashtable$Entry@81eea8)
	value		8206e8
	key		820768
OBJ 892748 (sz=6, trace=1, class=java.util.Hashtable$Entry@81eea8)
	value		820a68
	key		820ae8
OBJ 892768 (sz=6, trace=1, class=java.util.Hashtable$Entry@81eea8)
	value		8248a8
	key		8249a8
OBJ 892788 (sz=6, trace=1, class=java.util.Hashtable$Entry@81eea8)
	value		88c528
	key		88c568
OBJ 8927a8 (sz=6, trace=1, class=java.util.Hashtable$Entry@81eea8)
	value		88bce8
	key		88be68
OBJ 8927c8 (sz=6, trace=1, class=java.util.Hashtable$Entry@81eea8)
	value		820de8
	key		820e68
OBJ 8927e8 (sz=6, trace=1, class=java.util.Hashtable$Entry@81eea8)
	value		822aa8
	key		822a68
OBJ 892808 (sz=6, trace=1, class=java.util.Hashtable$Entry@81eea8)
	value		88bee8
	key		88bea8
OBJ 892828 (sz=6, trace=1, class=java.util.Hashtable$Entry@81eea8)
	value		8214a8
	key		8216a8
OBJ 892848 (sz=6, trace=1, class=java.util.Hashtable$Entry@81eea8)
	value		820228
	key		820328
OBJ 892868 (sz=6, trace=1, class=java.util.Hashtable$Entry@81eea8)
	next		894c48
	value		821868
	key		8218e8
OBJ 892888 (sz=6, trace=1, class=java.util.Hashtable$Entry@81eea8)
	value		8214a8
	key		821528
OBJ 8928a8 (sz=6, trace=1, class=java.util.Hashtable$Entry@81eea8)
	value		88b8e8
	key		88b928
OBJ 8928c8 (sz=6, trace=1, class=java.util.Hashtable$Entry@81eea8)
	value		8200c8
	key		8203a8
OBJ 8928e8 (sz=6, trace=1, class=java.util.Hashtable$Entry@81eea8)
	value		821c68
	key		821ce8
OBJ 892908 (sz=6, trace=1, class=java.util.Hashtable$Entry@81eea8)
	next		894c68
	value		88b8e8
	key		88b968
OBJ 892928 (sz=6, trace=1, class=java.util.Hashtable$Entry@81eea8)
	value		8200c8
	key		820668
OBJ 892948 (sz=6, trace=1, class=java.util.Hashtable$Entry@81eea8)
	next		894c88
	value		8206e8
	key		8209e8
OBJ 892968 (sz=6, trace=1, class=java.util.Hashtable$Entry@81eea8)
	value		820a68
	key		820d68
OBJ 892988 (sz=6, trace=1, class=java.util.Hashtable$Entry@81eea8)
	value		820de8
	key		8210e8
OBJ 8929a8 (sz=6, trace=1, class=java.util.Hashtable$Entry@81eea8)
	value		821fa8
	key		822268
OBJ 8929c8 (sz=6, trace=1, class=java.util.Hashtable$Entry@81eea8)
	next		894ca8
	value		8229a8
	key		822968
OBJ 8929e8 (sz=6, trace=1, class=java.util.Hashtable$Entry@81eea8)
	value		88bce8
	key		88bd28
OBJ 892a08 (sz=6, trace=1, class=java.util.Hashtable$Entry@81eea8)
	value		88c628
	key		88c5e8
OBJ 892a28 (sz=6, trace=1, class=java.util.Hashtable$Entry@81eea8)
	value		821168
	key		8211e8
OBJ 892a48 (sz=6, trace=1, class=java.util.Hashtable$Entry@81eea8)
	value		821fa8
	key		821fe8
OBJ 892a68 (sz=6, trace=1, class=java.util.Hashtable$Entry@81eea8)
	value		88c928
	key		88c968
OBJ 892a88 (sz=6, trace=1, class=java.util.Hashtable$Entry@81eea8)
	value		8237a8
	key		8238a8
OBJ 892aa8 (sz=6, trace=1, class=java.util.Hashtable$Entry@81eea8)
	value		8200c8
	key		8204a8
OBJ 892ac8 (sz=6, trace=1, class=java.util.Hashtable$Entry@81eea8)
	value		8206e8
	key		820828
OBJ 892ae8 (sz=6, trace=1, class=java.util.Hashtable$Entry@81eea8)
	value		820a68
	key		820ba8
OBJ 892b08 (sz=6, trace=1, class=java.util.Hashtable$Entry@81eea8)
	next		894cc8
	value		822b28
	key		822ba8
OBJ 892b28 (sz=6, trace=1, class=java.util.Hashtable$Entry@81eea8)
	value		821168
	key		8212a8
OBJ 892b48 (sz=6, trace=1, class=java.util.Hashtable$Entry@81eea8)
	value		8214a8
	key		8215e8
OBJ 892b68 (sz=6, trace=1, class=java.util.Hashtable$Entry@81eea8)
	value		821868
	key		8219a8
OBJ 892b88 (sz=6, trace=1, class=java.util.Hashtable$Entry@81eea8)
	value		821c68
	key		821da8
OBJ 892ba8 (sz=6, trace=1, class=java.util.Hashtable$Entry@81eea8)
	value		821fa8
	key		8220a8
OBJ 892bc8 (sz=6, trace=1, class=java.util.Hashtable$Entry@81eea8)
	value		822b28
	key		822ae8
OBJ 892be8 (sz=6, trace=1, class=java.util.Hashtable$Entry@81eea8)
	value		88c928
	key		88c9e8
OBJ 892c08 (sz=6, trace=1, class=java.util.Hashtable$Entry@81eea8)
	value		8200c8
	key		820528
OBJ 892c28 (sz=6, trace=1, class=java.util.Hashtable$Entry@81eea8)
	value		8206e8
	key		8208a8
OBJ 892c48 (sz=6, trace=1, class=java.util.Hashtable$Entry@81eea8)
	value		820a68
	key		820c28
OBJ 892c68 (sz=6, trace=1, class=java.util.Hashtable$Entry@81eea8)
	value		820de8
	key		820fa8
OBJ 892c88 (sz=6, trace=1, class=java.util.Hashtable$Entry@81eea8)
	value		821fa8
	key		822128
OBJ 892ca8 (sz=6, trace=1, class=java.util.Hashtable$Entry@81eea8)
	value		821868
	key		8218a8
OBJ 892cc8 (sz=6, trace=1, class=java.util.Hashtable$Entry@81eea8)
	value		88bce8
	key		88be28
OBJ 892ce8 (sz=6, trace=1, class=java.util.Hashtable$Entry@81eea8)
	value		88cce8
	key		88cca8
OBJ 892d08 (sz=6, trace=1, class=java.util.Hashtable$Entry@81eea8)
	value		88aaa8
	key		88ab68
OBJ 892d28 (sz=6, trace=1, class=java.util.Hashtable$Entry@81eea8)
	value		822828
	key		8228a8
OBJ 892d48 (sz=6, trace=1, class=java.util.Hashtable$Entry@81eea8)
	value		88c628
	key		88c728
OBJ 892d68 (sz=6, trace=1, class=java.util.Hashtable$Entry@81eea8)
	value		822b28
	key		822b68
OBJ 892d88 (sz=6, trace=1, class=java.util.Hashtable$Entry@81eea8)
	value		822828
	key		8229e8
OBJ 892da8 (sz=6, trace=1, class=java.util.Hashtable$Entry@81eea8)
	value		823928
	key		8239a8
OBJ 892dc8 (sz=6, trace=1, class=java.util.Hashtable$Entry@81eea8)
	value		821c68
	key		821e28
OBJ 892de8 (sz=6, trace=1, class=java.util.Hashtable$Entry@81eea8)
	value		823528
	key		8235a8
OBJ 892e08 (sz=6, trace=1, class=java.util.Hashtable$Entry@81eea8)
	value		823668
	key		8236e8
OBJ 892e28 (sz=6, trace=1, class=java.util.Hashtable$Entry@81eea8)
	next		894ce8
	value		88b8e8
	key		88b9e8
OBJ 892e48 (sz=6, trace=1, class=java.util.Hashtable$Entry@81eea8)
	value		88c528
	key		88c4e8
OBJ 892e68 (sz=6, trace=1, class=java.util.Hashtable$Entry@81eea8)
	value		88abe8
	key		88aca8
OBJ 892e88 (sz=6, trace=1, class=java.util.Hashtable$Entry@81eea8)
	next		894d08
	value		88ad28
	key		88ade8
OBJ 892ea8 (sz=6, trace=1, class=java.util.Hashtable$Entry@81eea8)
	value		88b0e8
	key		88b1a8
OBJ 892ec8 (sz=6, trace=1, class=java.util.Hashtable$Entry@81eea8)
	value		823528
	key		8234e8
OBJ 892ee8 (sz=6, trace=1, class=java.util.Hashtable$Entry@81eea8)
	value		823668
	key		823628
OBJ 892f08 (sz=6, trace=1, class=java.util.Hashtable$Entry@81eea8)
	value		8237a8
	key		823828
OBJ 892f28 (sz=6, trace=1, class=java.util.Hashtable$Entry@81eea8)
	value		822828
	key		8227e8
OBJ 892f48 (sz=6, trace=1, class=java.util.Hashtable$Entry@81eea8)
	value		88b228
	key		88b2e8
OBJ 892f68 (sz=6, trace=1, class=java.util.Hashtable$Entry@81eea8)
	next		894d28
	value		88b368
	key		88b428
OBJ 892f88 (sz=6, trace=1, class=java.util.Hashtable$Entry@81eea8)
	next		894d48
	value		88b4a8
	key		88b568
OBJ 892fa8 (sz=6, trace=1, class=java.util.Hashtable$Entry@81eea8)
	value		820a68
	key		820b68
OBJ 892fc8 (sz=6, trace=1, class=java.util.Hashtable$Entry@81eea8)
	value		820de8
	key		820ee8
OBJ 892fe8 (sz=6, trace=1, class=java.util.Hashtable$Entry@81eea8)
	next		894d68
	value		821168
	key		821268
OBJ 893008 (sz=6, trace=1, class=java.util.Hashtable$Entry@81eea8)
	value		8214a8
	key		8215a8
OBJ 893028 (sz=6, trace=1, class=java.util.Hashtable$Entry@81eea8)
	value		821868
	key		821968
OBJ 893048 (sz=6, trace=1, class=java.util.Hashtable$Entry@81eea8)
	value		821c68
	key		821d68
OBJ 893068 (sz=6, trace=1, class=java.util.Hashtable$Entry@81eea8)
	next		894d88
	value		821fa8
	key		822068
OBJ 893088 (sz=6, trace=1, class=java.util.Hashtable$Entry@81eea8)
	value		823928
	key		823968
OBJ 8930a8 (sz=6, trace=1, class=java.util.Hashtable$Entry@81eea8)
	value		8214a8
	key		8214e8
OBJ 8930c8 (sz=6, trace=1, class=java.util.Hashtable$Entry@81eea8)
	value		822c68
	key		822ce8
OBJ 8930e8 (sz=6, trace=1, class=java.util.Hashtable$Entry@81eea8)
	value		822b28
	key		822be8
OBJ 893108 (sz=6, trace=1, class=java.util.Hashtable$Entry@81eea8)
	value		822da8
	key		822e28
OBJ 893128 (sz=6, trace=1, class=java.util.Hashtable$Entry@81eea8)
	value		822ee8
	key		822f68
OBJ 893148 (sz=6, trace=1, class=java.util.Hashtable$Entry@81eea8)
	value		823528
	key		823568
OBJ 893168 (sz=6, trace=1, class=java.util.Hashtable$Entry@81eea8)
	value		823668
	key		8236a8
OBJ 893188 (sz=6, trace=1, class=java.util.Hashtable$Entry@81eea8)
	value		88bce8
	key		88bda8
OBJ 8931a8 (sz=6, trace=1, class=java.util.Hashtable$Entry@81eea8)
	value		823fa8
	key		8240a8
OBJ 8931c8 (sz=6, trace=1, class=java.util.Hashtable$Entry@81eea8)
	next		894da8
	value		88c928
	key		88c8e8
OBJ 8931e8 (sz=6, trace=1, class=java.util.Hashtable$Entry@81eea8)
	next		894dc8
	value		821168
	key		821328
OBJ 893208 (sz=6, trace=1, class=java.util.Hashtable$Entry@81eea8)
	value		822c68
	key		822c28
OBJ 893228 (sz=6, trace=1, class=java.util.Hashtable$Entry@81eea8)
	value		823168
	key		8231e8
OBJ 893248 (sz=6, trace=1, class=java.util.Hashtable$Entry@81eea8)
	value		8232a8
	key		823328
OBJ 893268 (sz=6, trace=1, class=java.util.Hashtable$Entry@81eea8)
	next		894de8
	value		822da8
	key		822d68
OBJ 893288 (sz=6, trace=1, class=java.util.Hashtable$Entry@81eea8)
	value		822ee8
	key		822ea8
OBJ 8932a8 (sz=6, trace=1, class=java.util.Hashtable$Entry@81eea8)
	next		894e08
	value		88ba68
	key		88bba8
OBJ 8932c8 (sz=6, trace=1, class=java.util.Hashtable$Entry@81eea8)
	value		8237a8
	key		8237e8
OBJ 8932e8 (sz=6, trace=1, class=java.util.Hashtable$Entry@81eea8)
	value		821868
	key		821ba8
OBJ 893308 (sz=6, trace=1, class=java.util.Hashtable$Entry@81eea8)
	value		88bce8
	key		88bde8
OBJ 893328 (sz=6, trace=1, class=java.util.Hashtable$Entry@81eea8)
	value		823028
	key		822fe8
OBJ 893348 (sz=6, trace=1, class=java.util.Hashtable$Entry@81eea8)
	value		8200c8
	key		8205e8
OBJ 893368 (sz=6, trace=1, class=java.util.Hashtable$Entry@81eea8)
	value		823168
	key		823128
OBJ 893388 (sz=6, trace=1, class=java.util.Hashtable$Entry@81eea8)
	next		894e28
	value		88c828
	key		88c868
OBJ 8933a8 (sz=6, trace=1, class=java.util.Hashtable$Entry@81eea8)
	value		8233e8
	key		823468
OBJ 8933c8 (sz=6, trace=1, class=java.util.Hashtable$Entry@81eea8)
	value		88aaa8
	key		88aae8
OBJ 8933e8 (sz=6, trace=1, class=java.util.Hashtable$Entry@81eea8)
	value		823a68
	key		823ae8
OBJ 893408 (sz=6, trace=1, class=java.util.Hashtable$Entry@81eea8)
	value		821868
	key		821b28
OBJ 893428 (sz=6, trace=1, class=java.util.Hashtable$Entry@81eea8)
	value		88c628
	key		88c668
OBJ 893448 (sz=6, trace=1, class=java.util.Hashtable$Entry@81eea8)
	value		8200c8
	key		820568
OBJ 893468 (sz=6, trace=1, class=java.util.Hashtable$Entry@81eea8)
	value		822c68
	key		822ca8
OBJ 893488 (sz=6, trace=1, class=java.util.Hashtable$Entry@81eea8)
	value		8206e8
	key		820968
OBJ 8934a8 (sz=6, trace=1, class=java.util.Hashtable$Entry@81eea8)
	value		820a68
	key		820ce8
OBJ 8934c8 (sz=6, trace=1, class=java.util.Hashtable$Entry@81eea8)
	next		894e48
	value		822da8
	key		822de8
OBJ 8934e8 (sz=6, trace=1, class=java.util.Hashtable$Entry@81eea8)
	next		894e68
	value		822ee8
	key		822f28
OBJ 893508 (sz=6, trace=1, class=java.util.Hashtable$Entry@81eea8)
	value		821c68
	key		821ee8
OBJ 893528 (sz=6, trace=1, class=java.util.Hashtable$Entry@81eea8)
	value		8257e8
	key		825868
OBJ 893548 (sz=6, trace=1, class=java.util.Hashtable$Entry@81eea8)
	value		823928
	key		8239e8
OBJ 893568 (sz=6, trace=1, class=java.util.Hashtable$Entry@81eea8)
	value		88b868
	key		88b828
OBJ 893588 (sz=6, trace=1, class=java.util.Hashtable$Entry@81eea8)
	value		88bce8
	key		88bd68
OBJ 8935a8 (sz=6, trace=1, class=java.util.Hashtable$Entry@81eea8)
	value		823a68
	key		823a28
OBJ 8935c8 (sz=6, trace=1, class=java.util.Hashtable$Entry@81eea8)
	value		88aaa8
	key		88ab28
OBJ 8935e8 (sz=6, trace=1, class=java.util.Hashtable$Entry@81eea8)
	value		823028
	key		823068
OBJ 893608 (sz=6, trace=1, class=java.util.Hashtable$Entry@81eea8)
	value		823ce8
	key		823d68
OBJ 893628 (sz=6, trace=1, class=java.util.Hashtable$Entry@81eea8)
	value		821fa8
	key		8221e8
OBJ 893648 (sz=6, trace=1, class=java.util.Hashtable$Entry@81eea8)
	next		894e88
	value		823168
	key		8231a8
OBJ 893668 (sz=6, trace=1, class=java.util.Hashtable$Entry@81eea8)
	next		894ea8
	value		8232a8
	key		8232e8
OBJ 893688 (sz=6, trace=1, class=java.util.Hashtable$Entry@81eea8)
	next		894ec8
	value		823528
	key		8235e8
OBJ 8936a8 (sz=6, trace=1, class=java.util.Hashtable$Entry@81eea8)
	value		821168
	key		821368
OBJ 8936c8 (sz=6, trace=1, class=java.util.Hashtable$Entry@81eea8)
	value		821c68
	key		821e68
OBJ 8936e8 (sz=6, trace=1, class=java.util.Hashtable$Entry@81eea8)
	next		894ee8
	value		823668
	key		823728
ARR 893708 (sz=14, trace=1, nelems=11, elem type=java.util.Hashtable$Entry@81eea8)
ARR 893728 (sz=14, trace=1, nelems=10, elem type=java.lang.Object@81a970)
OBJ 893748 (sz=12, trace=1, class=java.util.HashMap@88ec28)
	table		894f08
ARR 893768 (sz=14, trace=1, nelems=11, elem type=java.util.HashMap$Entry@88eda8)
ARR 893788 (sz=14, trace=1, nelems=10, elem type=java.lang.Object@81a970)
ARR 8937a8 (sz=14, trace=1, nelems=11, elem type=java.util.Hashtable$Entry@81eea8)
OBJ 8937c8 (sz=6, trace=1, class=java.util.ArrayList@88f0c8)
	elementData	894f28
OBJ 8937e8 (sz=6, trace=1, class=java.util.Stack@81fe68)
	elementData	894f48
OBJ 893808 (sz=6, trace=1, class=java.util.ArrayList@88f0c8)
	elementData	894f68
OBJ 893828 (sz=12, trace=1, class=java.util.HashMap@88ec28)
	table		894f88
OBJ 893848 (sz=2, trace=1, class=sun.net.www.protocol.jar.Handler@88f288)
OBJ 893868 (sz=4, trace=1, class=java.io.File@88e568)
	path		893b88
ARR 893888 (sz=14, trace=1, nelems=11, elem type=java.util.HashMap$Entry@88eda8)
ARR 8938a8 (sz=14, trace=1, nelems=10, elem type=java.lang.Object@81a970)
	[0]		894fa8
	[1]		894fc8
	[2]		894fe8
	[3]		895008
	[4]		895028
ARR 8938c8 (sz=14, trace=1, nelems=10, elem type=java.lang.Object@81a970)
ARR 8938e8 (sz=14, trace=1, nelems=10, elem type=java.lang.Object@81a970)
	[0]		8a313a8
	[1]		8a334f0
	[2]		8a5ac98
	[3]		8a6ead0
	[4]		8a7dd18
ARR 893908 (sz=14, trace=1, nelems=11, elem type=java.util.HashMap$Entry@88eda8)
	[1]		8a319c0
	[3]		8a7e548
	[7]		8a6ea30
	[8]		8a7dc78
ARR 893928 (sz=4, trace=1, nelems=2, elem type=char)
ARR 893948 (sz=4, trace=1, nelems=1, elem type=byte)
ARR 893968 (sz=4, trace=1, nelems=1, elem type=byte)
OBJ 893988 (sz=6, trace=1, class=java.lang.String@81a9d0)
	value		895048
OBJ 8939a8 (sz=6, trace=1, class=java.lang.String@81a9d0)
	value		895068
OBJ 8939c8 (sz=6, trace=1, class=java.lang.String@81a9d0)
	value		895088
OBJ 8939e8 (sz=6, trace=1, class=java.lang.String@81a9d0)
	value		8950a8
OBJ 893a08 (sz=6, trace=1, class=java.lang.String@81a9d0)
	value		8950c8
OBJ 893a28 (sz=6, trace=1, class=java.lang.String@81a9d0)
	value		8950e8
OBJ 893a48 (sz=6, trace=1, class=java.util.Hashtable$Entry@81eea8)
	value		895128
	key		895108
OBJ 893a68 (sz=6, trace=1, class=java.lang.String@81a9d0)
	value		895148
OBJ 893a88 (sz=6, trace=1, class=java.lang.String@81a9d0)
	value		895168
OBJ 893aa8 (sz=6, trace=1, class=java.lang.String@81a9d0)
	value		895188
OBJ 893ac8 (sz=6, trace=1, class=java.lang.String@81a9d0)
	value		8951a8
OBJ 893ae8 (sz=6, trace=1, class=java.lang.String@81a9d0)
	value		8951c8
OBJ 893b08 (sz=6, trace=1, class=java.lang.String@81a9d0)
	value		8951e8
OBJ 893b28 (sz=6, trace=1, class=java.lang.String@81a9d0)
	value		895208
OBJ 893b48 (sz=6, trace=1, class=java.lang.String@81a9d0)
	value		895228
OBJ 893b68 (sz=6, trace=1, class=java.lang.String@81a9d0)
	value		895248
OBJ 893b88 (sz=6, trace=1, class=java.lang.String@81a9d0)
	value		895268
OBJ 893ba8 (sz=6, trace=1, class=java.lang.String@81a9d0)
	value		895288
OBJ 893bc8 (sz=6, trace=1, class=java.lang.String@81a9d0)
	value		8952a8
OBJ 893be8 (sz=6, trace=1, class=java.lang.String@81a9d0)
	value		8952c8
OBJ 893c08 (sz=6, trace=1, class=java.lang.String@81a9d0)
	value		8952e8
OBJ 893c28 (sz=6, trace=1, class=java.lang.String@81a9d0)
	value		895308
OBJ 893c48 (sz=6, trace=1, class=java.lang.String@81a9d0)
	value		895328
OBJ 893c68 (sz=6, trace=1, class=java.lang.String@81a9d0)
	value		895348
OBJ 893c88 (sz=6, trace=1, class=java.util.Hashtable$Entry@81eea8)
	value		895388
	key		895368
OBJ 893ca8 (sz=6, trace=1, class=java.lang.String@81a9d0)
	value		8953a8
OBJ 893cc8 (sz=6, trace=1, class=java.lang.String@81a9d0)
	value		8953c8
OBJ 893ce8 (sz=6, trace=1, class=java.lang.String@81a9d0)
	value		8953e8
OBJ 893d08 (sz=6, trace=1, class=java.lang.String@81a9d0)
	value		895408
OBJ 893d28 (sz=6, trace=1, class=java.lang.String@81a9d0)
	value		895428
OBJ 893d48 (sz=6, trace=1, class=java.lang.String@81a9d0)
	value		895448
OBJ 893d68 (sz=6, trace=1, class=java.util.Hashtable$Entry@81eea8)
	value		895488
	key		895468
OBJ 893d88 (sz=6, trace=1, class=java.lang.String@81a9d0)
	value		8954a8
OBJ 893da8 (sz=6, trace=1, class=java.util.Hashtable$Entry@81eea8)
	value		8954e8
	key		8954c8
OBJ 893dc8 (sz=6, trace=1, class=java.lang.String@81a9d0)
	value		895508
OBJ 893de8 (sz=6, trace=1, class=java.lang.String@81a9d0)
	value		895528
OBJ 893e08 (sz=6, trace=1, class=java.lang.String@81a9d0)
	value		895548
OBJ 893e28 (sz=6, trace=1, class=java.lang.String@81a9d0)
	value		895568
OBJ 893e48 (sz=6, trace=1, class=java.lang.String@81a9d0)
	value		895588
OBJ 893e68 (sz=6, trace=1, class=java.lang.String@81a9d0)
	value		8955a8
OBJ 893e88 (sz=6, trace=1, class=java.lang.String@81a9d0)
	value		8955c8
OBJ 893ea8 (sz=6, trace=1, class=java.lang.String@81a9d0)
	value		8955e8
OBJ 893ec8 (sz=6, trace=1, class=java.lang.String@81a9d0)
	value		895608
OBJ 893ee8 (sz=6, trace=1, class=java.lang.String@81a9d0)
	value		895628
OBJ 893f08 (sz=6, trace=1, class=java.util.Hashtable$Entry@81eea8)
	value		895668
	key		895648
OBJ 893f28 (sz=6, trace=1, class=java.lang.String@81a9d0)
	value		895688
OBJ 893f48 (sz=6, trace=1, class=java.lang.String@81a9d0)
	value		8956a8
OBJ 893f68 (sz=6, trace=1, class=java.lang.String@81a9d0)
	value		8956c8
OBJ 893f88 (sz=6, trace=1, class=java.lang.String@81a9d0)
	value		8956e8
OBJ 893fa8 (sz=6, trace=1, class=java.lang.String@81a9d0)
	value		895708
OBJ 893fc8 (sz=6, trace=1, class=java.lang.String@81a9d0)
	value		895728
OBJ 893fe8 (sz=6, trace=1, class=java.lang.String@81a9d0)
	value		895748
OBJ 894008 (sz=6, trace=1, class=java.lang.String@81a9d0)
	value		895768
OBJ 894028 (sz=6, trace=1, class=java.lang.String@81a9d0)
	value		895788
OBJ 894048 (sz=6, trace=1, class=java.lang.String@81a9d0)
	value		8957a8
OBJ 894068 (sz=6, trace=1, class=java.util.Hashtable$Entry@81eea8)
	value		890768
	key		8957c8
OBJ 894088 (sz=6, trace=1, class=java.lang.String@81a9d0)
	value		8957e8
OBJ 8940a8 (sz=6, trace=1, class=java.lang.String@81a9d0)
	value		895808
OBJ 8940c8 (sz=6, trace=1, class=java.lang.String@81a9d0)
	value		895828
OBJ 8940e8 (sz=6, trace=1, class=java.lang.String@81a9d0)
	value		895848
OBJ 894108 (sz=6, trace=1, class=java.lang.String@81a9d0)
	value		895868
OBJ 894128 (sz=6, trace=1, class=java.lang.String@81a9d0)
	value		895888
OBJ 894148 (sz=6, trace=1, class=java.util.Hashtable$Entry@81eea8)
	value		8958c8
	key		8958a8
OBJ 894168 (sz=6, trace=1, class=java.lang.String@81a9d0)
	value		8958e8
OBJ 894188 (sz=6, trace=1, class=java.lang.String@81a9d0)
	value		895908
OBJ 8941a8 (sz=6, trace=1, class=java.util.Hashtable$Entry@81eea8)
	value		88fb28
	key		895928
OBJ 8941c8 (sz=6, trace=1, class=java.lang.String@81a9d0)
	value		895948
OBJ 8941e8 (sz=6, trace=1, class=java.lang.String@81a9d0)
	value		895968
OBJ 894208 (sz=6, trace=1, class=java.lang.String@81a9d0)
	value		895988
OBJ 894228 (sz=6, trace=1, class=java.lang.String@81a9d0)
	value		8959a8
OBJ 894248 (sz=6, trace=1, class=java.util.Hashtable$Entry@81eea8)
	value		8959e8
	key		8959c8
OBJ 894268 (sz=6, trace=1, class=java.lang.String@81a9d0)
	value		895a08
OBJ 894288 (sz=6, trace=1, class=java.lang.String@81a9d0)
	value		895a28
OBJ 8942a8 (sz=6, trace=1, class=java.util.Hashtable$Entry@81eea8)
	value		895a68
	key		895a48
OBJ 8942c8 (sz=6, trace=1, class=java.util.Hashtable$Entry@81eea8)
	value		821168
	key		8211a8
OBJ 8942e8 (sz=6, trace=1, class=java.util.Hashtable$Entry@81eea8)
	value		8200c8
	key		8205a8
OBJ 894308 (sz=6, trace=1, class=java.util.Hashtable$Entry@81eea8)
	value		821fa8
	key		822168
OBJ 894328 (sz=6, trace=1, class=java.util.Hashtable$Entry@81eea8)
	value		825ba8
	key		825c28
OBJ 894348 (sz=6, trace=1, class=java.util.Hashtable$Entry@81eea8)
	value		822428
	key		822528
OBJ 894368 (sz=6, trace=1, class=java.util.Hashtable$Entry@81eea8)
	value		8233e8
	key		823428
OBJ 894388 (sz=6, trace=1, class=java.util.Hashtable$Entry@81eea8)
	value		8237a8
	key		823868
OBJ 8943a8 (sz=6, trace=1, class=java.util.Hashtable$Entry@81eea8)
	value		820a68
	key		820b28
OBJ 8943c8 (sz=6, trace=1, class=java.util.Hashtable$Entry@81eea8)
	value		820de8
	key		820ea8
OBJ 8943e8 (sz=6, trace=1, class=java.util.Hashtable$Entry@81eea8)
	value		821168
	key		821228
OBJ 894408 (sz=6, trace=1, class=java.util.Hashtable$Entry@81eea8)
	value		823a68
	key		823aa8
OBJ 894428 (sz=6, trace=1, class=java.util.Hashtable$Entry@81eea8)
	value		821868
	key		821928
OBJ 894448 (sz=6, trace=1, class=java.util.Hashtable$Entry@81eea8)
	value		823fa8
	key		824028
OBJ 894468 (sz=6, trace=1, class=java.util.Hashtable$Entry@81eea8)
	value		825ba8
	key		825b68
OBJ 894488 (sz=6, trace=1, class=java.util.Hashtable$Entry@81eea8)
	next		895a88
	value		820de8
	key		821028
OBJ 8944a8 (sz=6, trace=1, class=java.util.Hashtable$Entry@81eea8)
	value		88a328
	key		88a3a8
OBJ 8944c8 (sz=6, trace=1, class=java.util.Hashtable$Entry@81eea8)
	value		821c68
	key		821ea8
OBJ 8944e8 (sz=6, trace=1, class=java.util.Hashtable$Entry@81eea8)
	value		8257e8
	key		825828
OBJ 894508 (sz=6, trace=1, class=java.util.Hashtable$Entry@81eea8)
	value		88a468
	key		88a4e8
OBJ 894528 (sz=6, trace=1, class=java.util.Hashtable$Entry@81eea8)
	next		895aa8
	value		88ba68
	key		88bae8
OBJ 894548 (sz=6, trace=1, class=java.util.Hashtable$Entry@81eea8)
	value		822c68
	key		822d28
OBJ 894568 (sz=6, trace=1, class=java.util.Hashtable$Entry@81eea8)
	next		895ac8
	value		822da8
	key		822e68
OBJ 894588 (sz=6, trace=1, class=java.util.Hashtable$Entry@81eea8)
	value		8248a8
	key		824928
OBJ 8945a8 (sz=6, trace=1, class=java.util.Hashtable$Entry@81eea8)
	value		824ba8
	key		824c28
OBJ 8945c8 (sz=6, trace=1, class=java.util.Hashtable$Entry@81eea8)
	value		824ce8
	key		824d68
OBJ 8945e8 (sz=6, trace=1, class=java.util.Hashtable$Entry@81eea8)
	next		895ae8
	value		823ce8
	key		823d28
OBJ 894608 (sz=6, trace=1, class=java.util.Hashtable$Entry@81eea8)
	value		821fa8
	key		8221a8
OBJ 894628 (sz=6, trace=1, class=java.util.Hashtable$Entry@81eea8)
	next		895b08
	value		88ad28
	key		88ace8
OBJ 894648 (sz=6, trace=1, class=java.util.Hashtable$Entry@81eea8)
	next		895b28
	value		88a6e8
	key		88a768
OBJ 894668 (sz=6, trace=1, class=java.util.Hashtable$Entry@81eea8)
	next		895b48
	value		88b4a8
	key		88b528
OBJ 894688 (sz=6, trace=1, class=java.util.Hashtable$Entry@81eea8)
	value		823ba8
	key		823b68
OBJ 8946a8 (sz=6, trace=1, class=java.util.Hashtable$Entry@81eea8)
	value		823168
	key		823228
OBJ 8946c8 (sz=6, trace=1, class=java.util.Hashtable$Entry@81eea8)
	value		8232a8
	key		823368
OBJ 8946e8 (sz=6, trace=1, class=java.util.Hashtable$Entry@81eea8)
	value		8246e8
	key		8246a8
OBJ 894708 (sz=6, trace=1, class=java.util.Hashtable$Entry@81eea8)
	value		8248a8
	key		824868
OBJ 894728 (sz=6, trace=1, class=java.util.Hashtable$Entry@81eea8)
	value		824ce8
	key		824ca8
OBJ 894748 (sz=6, trace=1, class=java.util.Hashtable$Entry@81eea8)
	next		895b68
	value		8256a8
	key		825728
OBJ 894768 (sz=6, trace=1, class=java.util.Hashtable$Entry@81eea8)
	next		895b88
	value		822428
	key		8224a8
OBJ 894788 (sz=6, trace=1, class=java.util.Hashtable$Entry@81eea8)
	value		88a6e8
	key		88a6a8
OBJ 8947a8 (sz=6, trace=1, class=java.util.Hashtable$Entry@81eea8)
	value		8222e8
	key		822368
OBJ 8947c8 (sz=6, trace=1, class=java.util.Hashtable$Entry@81eea8)
	value		8243e8
	key		8244e8
OBJ 8947e8 (sz=6, trace=1, class=java.util.Hashtable$Entry@81eea8)
	value		822428
	key		822468
OBJ 894808 (sz=6, trace=1, class=java.util.Hashtable$Entry@81eea8)
	value		88a828
	key		88a8a8
OBJ 894828 (sz=6, trace=1, class=java.util.Hashtable$Entry@81eea8)
	value		825f68
	key		825fa8
OBJ 894848 (sz=6, trace=1, class=java.util.Hashtable$Entry@81eea8)
	value		8200c8
	key		820628
OBJ 894868 (sz=6, trace=1, class=java.util.Hashtable$Entry@81eea8)
	value		823e28
	key		823e68
OBJ 894888 (sz=6, trace=1, class=java.util.Hashtable$Entry@81eea8)
	value		8252e8
	key		8252a8
OBJ 8948a8 (sz=6, trace=1, class=java.util.Hashtable$Entry@81eea8)
	next		895ba8
	value		825428
	key		8253e8
OBJ 8948c8 (sz=6, trace=1, class=java.util.Hashtable$Entry@81eea8)
	value		8233e8
	key		8234a8
OBJ 8948e8 (sz=6, trace=1, class=java.util.Hashtable$Entry@81eea8)
	value		824128
	key		824168
OBJ 894908 (sz=6, trace=1, class=java.util.Hashtable$Entry@81eea8)
	next		895bc8
	value		8256a8
	key		825668
OBJ 894928 (sz=6, trace=1, class=java.util.Hashtable$Entry@81eea8)
	next		895be8
	value		820228
	key		8202a8
OBJ 894948 (sz=6, trace=1, class=java.util.Hashtable$Entry@81eea8)
	next		895c08
	value		824ce8
	key		824de8
OBJ 894968 (sz=6, trace=1, class=java.util.Hashtable$Entry@81eea8)
	value		88a328
	key		88a368
OBJ 894988 (sz=6, trace=1, class=java.util.Hashtable$Entry@81eea8)
	value		88a468
	key		88a4a8
OBJ 8949a8 (sz=6, trace=1, class=java.util.Hashtable$Entry@81eea8)
	value		823ba8
	key		823be8
OBJ 8949c8 (sz=6, trace=1, class=java.util.Hashtable$Entry@81eea8)
	value		824568
	key		8245a8
OBJ 8949e8 (sz=6, trace=1, class=java.util.Hashtable$Entry@81eea8)
	value		8246e8
	key		824728
OBJ 894a08 (sz=6, trace=1, class=java.util.Hashtable$Entry@81eea8)
	value		8248a8
	key		8248e8
OBJ 894a28 (sz=6, trace=1, class=java.util.Hashtable$Entry@81eea8)
	value		824a28
	key		824a68
OBJ 894a48 (sz=6, trace=1, class=java.util.Hashtable$Entry@81eea8)
	value		824ce8
	key		824d28
OBJ 894a68 (sz=6, trace=1, class=java.util.Hashtable$Entry@81eea8)
	value		88a6e8
	key		88a728
OBJ 894a88 (sz=6, trace=1, class=java.util.Hashtable$Entry@81eea8)
	value		820228
	key		820368
OBJ 894aa8 (sz=6, trace=1, class=java.util.Hashtable$Entry@81eea8)
	value		8252e8
	key		825328
OBJ 894ac8 (sz=6, trace=1, class=java.util.Hashtable$Entry@81eea8)
	value		821868
	key		821828
OBJ 894ae8 (sz=6, trace=1, class=java.util.Hashtable$Entry@81eea8)
	next		895c28
	value		823e28
	key		823f28
OBJ 894b08 (sz=6, trace=1, class=java.util.Hashtable$Entry@81eea8)
	value		825e28
	key		825ee8
OBJ 894b28 (sz=6, trace=1, class=java.util.Hashtable$Entry@81eea8)
	value		88a1e8
	key		88a2a8
OBJ 894b48 (sz=6, trace=1, class=java.util.Hashtable$Entry@81eea8)
	value		88a5a8
	key		88a668
OBJ 894b68 (sz=6, trace=1, class=java.util.Hashtable$Entry@81eea8)
	value		825128
	key		8251e8
OBJ 894b88 (sz=6, trace=1, class=java.util.Hashtable$Entry@81eea8)
	value		88afa8
	key		88af68
OBJ 894ba8 (sz=6, trace=1, class=java.util.Hashtable$Entry@81eea8)
	value		825428
	key		8254e8
OBJ 894bc8 (sz=6, trace=1, class=java.util.Hashtable$Entry@81eea8)
	value		822428
	key		822628
OBJ 894be8 (sz=6, trace=1, class=java.util.Hashtable$Entry@81eea8)
	value		8200c8
	key		8204e8
OBJ 894c08 (sz=6, trace=1, class=java.util.Hashtable$Entry@81eea8)
	value		8206e8
	key		820868
OBJ 894c28 (sz=6, trace=1, class=java.util.Hashtable$Entry@81eea8)
	value		88b5e8
	key		88b5a8
OBJ 894c48 (sz=6, trace=1, class=java.util.Hashtable$Entry@81eea8)
	value		821868
	key		8219e8
OBJ 894c68 (sz=6, trace=1, class=java.util.Hashtable$Entry@81eea8)
	value		822428
	key		8226a8
OBJ 894c88 (sz=6, trace=1, class=java.util.Hashtable$Entry@81eea8)
	value		821c68
	key		821ca8
OBJ 894ca8 (sz=6, trace=1, class=java.util.Hashtable$Entry@81eea8)
	value		822428
	key		8226e8
OBJ 894cc8 (sz=6, trace=1, class=java.util.Hashtable$Entry@81eea8)
	value		820de8
	key		820f28
OBJ 894ce8 (sz=6, trace=1, class=java.util.Hashtable$Entry@81eea8)
	value		823928
	key		8238e8
OBJ 894d08 (sz=6, trace=1, class=java.util.Hashtable$Entry@81eea8)
	next		895c48
	value		821168
	key		8212e8
OBJ 894d28 (sz=6, trace=1, class=java.util.Hashtable$Entry@81eea8)
	value		8200c8
	key		820468
OBJ 894d48 (sz=6, trace=1, class=java.util.Hashtable$Entry@81eea8)
	next		895c68
	value		8206e8
	key		8207e8
OBJ 894d68 (sz=6, trace=1, class=java.util.Hashtable$Entry@81eea8)
	value		820228
	key		8201e8
OBJ 894d88 (sz=6, trace=1, class=java.util.Hashtable$Entry@81eea8)
	value		8237a8
	key		823768
OBJ 894da8 (sz=6, trace=1, class=java.util.Hashtable$Entry@81eea8)
	value		824128
	key		824228
OBJ 894dc8 (sz=6, trace=1, class=java.util.Hashtable$Entry@81eea8)
	value		823028
	key		8230a8
OBJ 894de8 (sz=6, trace=1, class=java.util.Hashtable$Entry@81eea8)
	value		8222e8
	key		8222a8
OBJ 894e08 (sz=6, trace=1, class=java.util.Hashtable$Entry@81eea8)
	value		822428
	key		8223e8
OBJ 894e28 (sz=6, trace=1, class=java.util.Hashtable$Entry@81eea8)
	value		8232a8
	key		823268
OBJ 894e48 (sz=6, trace=1, class=java.util.Hashtable$Entry@81eea8)
	value		820de8
	key		821068
OBJ 894e68 (sz=6, trace=1, class=java.util.Hashtable$Entry@81eea8)
	next		895c88
	value		821168
	key		8213e8
OBJ 894e88 (sz=6, trace=1, class=java.util.Hashtable$Entry@81eea8)
	next		895ca8
	value		825928
	key		8259a8
OBJ 894ea8 (sz=6, trace=1, class=java.util.Hashtable$Entry@81eea8)
	next		895cc8
	value		825a68
	key		825ae8
OBJ 894ec8 (sz=6, trace=1, class=java.util.Hashtable$Entry@81eea8)
	next		895ce8
	value		822428
	key		8225a8
OBJ 894ee8 (sz=6, trace=1, class=java.util.Hashtable$Entry@81eea8)
	value		8257e8
	key		8257a8
ARR 894f08 (sz=14, trace=1, nelems=11, elem type=java.util.HashMap$Entry@88eda8)
ARR 894f28 (sz=14, trace=1, nelems=10, elem type=java.lang.Object@81a970)
ARR 894f48 (sz=14, trace=1, nelems=10, elem type=java.lang.Object@81a970)
ARR 894f68 (sz=14, trace=1, nelems=10, elem type=java.lang.Object@81a970)
ARR 894f88 (sz=14, trace=1, nelems=11, elem type=java.util.HashMap$Entry@88eda8)
OBJ 894fa8 (sz=14, trace=1, class=java.net.URL@88e9c8)
	handler		88fee8
	path		895d08
	file		895d08
	host		81e148
	protocol	88f528
OBJ 894fc8 (sz=14, trace=1, class=java.net.URL@88e9c8)
	handler		88fee8
	path		895d28
	file		895d28
	host		81e148
	protocol	88f528
OBJ 894fe8 (sz=14, trace=1, class=java.net.URL@88e9c8)
	handler		88fee8
	path		895d48
	file		895d48
	host		81e148
	protocol	88f528
OBJ 895008 (sz=14, trace=1, class=java.net.URL@88e9c8)
	handler		88fee8
	path		895d68
	file		895d68
	host		81e148
	protocol	88f528
OBJ 895028 (sz=14, trace=1, class=java.net.URL@88e9c8)
	handler		88fee8
	path		895d88
	file		895d88
	host		81e148
	protocol	88f528
ARR 895048 (sz=12, trace=1, nelems=15, elem type=char)
ARR 895068 (sz=12, trace=1, nelems=17, elem type=char)
ARR 895088 (sz=10, trace=1, nelems=11, elem type=char)
ARR 8950a8 (sz=4, trace=1, nelems=2, elem type=char)
ARR 8950c8 (sz=16, trace=1, nelems=23, elem type=char)
ARR 8950e8 (sz=10, trace=1, nelems=13, elem type=char)
OBJ 895108 (sz=6, trace=1, class=java.lang.String@81a9d0)
	value		895da8
OBJ 895128 (sz=6, trace=1, class=java.lang.String@81a9d0)
	value		895dc8
ARR 895148 (sz=14, trace=1, nelems=19, elem type=char)
ARR 895168 (sz=24, trace=1, nelems=41, elem type=char)
ARR 895188 (sz=10, trace=1, nelems=14, elem type=char)
ARR 8951a8 (sz=4, trace=1, nelems=1, elem type=char)
ARR 8951c8 (sz=10, trace=1, nelems=11, elem type=char)
ARR 8951e8 (sz=14, trace=1, nelems=21, elem type=char)
ARR 895208 (sz=14, trace=1, nelems=19, elem type=char)
ARR 895228 (sz=58, trace=1, nelems=110, elem type=char)
ARR 895248 (sz=10, trace=1, nelems=13, elem type=char)
ARR 895268 (sz=14, trace=1, nelems=22, elem type=char)
ARR 895288 (sz=10, trace=1, nelems=12, elem type=char)
ARR 8952a8 (sz=10, trace=1, nelems=12, elem type=char)
ARR 8952c8 (sz=8, trace=1, nelems=10, elem type=char)
ARR 8952e8 (sz=10, trace=1, nelems=11, elem type=char)
ARR 895308 (sz=16, trace=1, nelems=24, elem type=char)
ARR 895328 (sz=10, trace=1, nelems=13, elem type=char)
ARR 895348 (sz=4, trace=1, nelems=2, elem type=char)
OBJ 895368 (sz=6, trace=1, class=java.lang.String@81a9d0)
	value		895de8
OBJ 895388 (sz=6, trace=1, class=java.lang.String@81a9d0)
	value		895e08
ARR 8953a8 (sz=8, trace=1, nelems=9, elem type=char)
ARR 8953c8 (sz=10, trace=1, nelems=14, elem type=char)
ARR 8953e8 (sz=18, trace=1, nelems=29, elem type=char)
ARR 895408 (sz=6, trace=1, nelems=3, elem type=char)
ARR 895428 (sz=12, trace=1, nelems=15, elem type=char)
ARR 895448 (sz=56, trace=1, nelems=103, elem type=char)
OBJ 895468 (sz=6, trace=1, class=java.lang.String@81a9d0)
	value		895e28
OBJ 895488 (sz=6, trace=1, class=java.lang.String@81a9d0)
	value		895e48
ARR 8954a8 (sz=10, trace=1, nelems=13, elem type=char)
OBJ 8954c8 (sz=6, trace=1, class=java.lang.String@81a9d0)
	value		895e68
OBJ 8954e8 (sz=6, trace=1, class=java.lang.String@81a9d0)
	value		895e88
ARR 895508 (sz=14, trace=1, nelems=19, elem type=char)
ARR 895528 (sz=18, trace=1, nelems=27, elem type=char)
ARR 895548 (sz=10, trace=1, nelems=13, elem type=char)
ARR 895568 (sz=4, trace=1, nelems=0, elem type=char)
ARR 895588 (sz=8, trace=1, nelems=9, elem type=char)
ARR 8955a8 (sz=20, trace=1, nelems=33, elem type=char)
ARR 8955c8 (sz=8, trace=1, nelems=10, elem type=char)
ARR 8955e8 (sz=6, trace=1, nelems=3, elem type=char)
ARR 895608 (sz=16, trace=1, nelems=23, elem type=char)
ARR 895628 (sz=20, trace=1, nelems=31, elem type=char)
OBJ 895648 (sz=6, trace=1, class=java.lang.String@81a9d0)
	value		895ea8
OBJ 895668 (sz=6, trace=1, class=java.lang.String@81a9d0)
	value		895ec8
ARR 895688 (sz=12, trace=1, nelems=17, elem type=char)
ARR 8956a8 (sz=96, trace=1, nelems=184, elem type=char)
ARR 8956c8 (sz=8, trace=1, nelems=7, elem type=char)
ARR 8956e8 (sz=10, trace=1, nelems=12, elem type=char)
ARR 895708 (sz=10, trace=1, nelems=14, elem type=char)
ARR 895728 (sz=4, trace=1, nelems=0, elem type=char)
ARR 895748 (sz=18, trace=1, nelems=28, elem type=char)
ARR 895768 (sz=14, trace=1, nelems=21, elem type=char)
ARR 895788 (sz=10, trace=1, nelems=14, elem type=char)
ARR 8957a8 (sz=20, trace=1, nelems=34, elem type=char)
OBJ 8957c8 (sz=6, trace=1, class=java.lang.String@81a9d0)
	value		895ee8
ARR 8957e8 (sz=8, trace=1, nelems=7, elem type=char)
ARR 895808 (sz=6, trace=1, nelems=3, elem type=char)
ARR 895828 (sz=14, trace=1, nelems=20, elem type=char)
ARR 895848 (sz=20, trace=1, nelems=32, elem type=char)
ARR 895868 (sz=16, trace=1, nelems=26, elem type=char)
ARR 895888 (sz=20, trace=1, nelems=34, elem type=char)
OBJ 8958a8 (sz=6, trace=1, class=java.lang.String@81a9d0)
	value		895f08
OBJ 8958c8 (sz=6, trace=1, class=java.lang.String@81a9d0)
	value		895f28
ARR 8958e8 (sz=10, trace=1, nelems=12, elem type=char)
ARR 895908 (sz=16, trace=1, nelems=26, elem type=char)
OBJ 895928 (sz=6, trace=1, class=java.lang.String@81a9d0)
	value		895f48
ARR 895948 (sz=10, trace=1, nelems=14, elem type=char)
ARR 895968 (sz=4, trace=1, nelems=1, elem type=char)
ARR 895988 (sz=10, trace=1, nelems=14, elem type=char)
ARR 8959a8 (sz=14, trace=1, nelems=21, elem type=char)
OBJ 8959c8 (sz=6, trace=1, class=java.lang.String@81a9d0)
	value		895f68
OBJ 8959e8 (sz=6, trace=1, class=java.lang.String@81a9d0)
	value		895f88
ARR 895a08 (sz=14, trace=1, nelems=21, elem type=char)
ARR 895a28 (sz=12, trace=1, nelems=18, elem type=char)
OBJ 895a48 (sz=6, trace=1, class=java.lang.String@81a9d0)
	value		895fa8
OBJ 895a68 (sz=6, trace=1, class=java.lang.String@81a9d0)
	value		895fc8
OBJ 895a88 (sz=6, trace=1, class=java.util.Hashtable$Entry@81eea8)
	value		88a1e8
	key		88a268
OBJ 895aa8 (sz=6, trace=1, class=java.util.Hashtable$Entry@81eea8)
	value		88a5a8
	key		88a628
OBJ 895ac8 (sz=6, trace=1, class=java.util.Hashtable$Entry@81eea8)
	next		895fe8
	value		822928
	key		822a28
OBJ 895ae8 (sz=6, trace=1, class=java.util.Hashtable$Entry@81eea8)
	value		824e68
	key		824ee8
OBJ 895b08 (sz=6, trace=1, class=java.util.Hashtable$Entry@81eea8)
	next		896008
	value		825928
	key		825968
OBJ 895b28 (sz=6, trace=1, class=java.util.Hashtable$Entry@81eea8)
	next		896028
	value		825a68
	key		825aa8
OBJ 895b48 (sz=6, trace=1, class=java.util.Hashtable$Entry@81eea8)
	next		896048
	value		88a1e8
	key		88a1a8
OBJ 895b68 (sz=6, trace=1, class=java.util.Hashtable$Entry@81eea8)
	next		896068
	value		824e68
	key		824e28
OBJ 895b88 (sz=6, trace=1, class=java.util.Hashtable$Entry@81eea8)
	value		825ba8
	key		825be8
OBJ 895ba8 (sz=6, trace=1, class=java.util.Hashtable$Entry@81eea8)
	next		896088
	value		820de8
	key		820e28
OBJ 895bc8 (sz=6, trace=1, class=java.util.Hashtable$Entry@81eea8)
	value		8242a8
	key		8242e8
OBJ 895be8 (sz=6, trace=1, class=java.util.Hashtable$Entry@81eea8)
	value		8243e8
	key		824428
OBJ 895c08 (sz=6, trace=1, class=java.util.Hashtable$Entry@81eea8)
	value		88a1e8
	key		88a228
OBJ 895c28 (sz=6, trace=1, class=java.util.Hashtable$Entry@81eea8)
	value		821fa8
	key		821f68
OBJ 895c48 (sz=6, trace=1, class=java.util.Hashtable$Entry@81eea8)
	value		822828
	key		822868
OBJ 895c68 (sz=6, trace=1, class=java.util.Hashtable$Entry@81eea8)
	value		821c68
	key		821de8
OBJ 895c88 (sz=6, trace=1, class=java.util.Hashtable$Entry@81eea8)
	value		8233e8
	key		8233a8
OBJ 895ca8 (sz=6, trace=1, class=java.util.Hashtable$Entry@81eea8)
	value		8206e8
	key		8208e8
OBJ 895cc8 (sz=6, trace=1, class=java.util.Hashtable$Entry@81eea8)
	value		820a68
	key		820c68
OBJ 895ce8 (sz=6, trace=1, class=java.util.Hashtable$Entry@81eea8)
	value		820de8
	key		820fe8
OBJ 895d08 (sz=6, trace=1, class=java.lang.String@81a9d0)
	value		8960a8
OBJ 895d28 (sz=6, trace=1, class=java.lang.String@81a9d0)
	value		8960c8
OBJ 895d48 (sz=6, trace=1, class=java.lang.String@81a9d0)
	value		8960e8
OBJ 895d68 (sz=6, trace=1, class=java.lang.String@81a9d0)
	value		896108
OBJ 895d88 (sz=6, trace=1, class=java.lang.String@81a9d0)
	value		896128
ARR 895da8 (sz=10, trace=1, nelems=14, elem type=char)
ARR 895dc8 (sz=6, trace=1, nelems=6, elem type=char)
ARR 895de8 (sz=16, trace=1, nelems=25, elem type=char)
ARR 895e08 (sz=14, trace=1, nelems=21, elem type=char)
ARR 895e28 (sz=8, trace=1, nelems=9, elem type=char)
ARR 895e48 (sz=8, trace=1, nelems=7, elem type=char)
ARR 895e68 (sz=16, trace=1, nelems=26, elem type=char)
ARR 895e88 (sz=6, trace=1, nelems=3, elem type=char)
ARR 895ea8 (sz=12, trace=1, nelems=18, elem type=char)
ARR 895ec8 (sz=6, trace=1, nelems=4, elem type=char)
ARR 895ee8 (sz=10, trace=1, nelems=14, elem type=char)
ARR 895f08 (sz=8, trace=1, nelems=8, elem type=char)
ARR 895f28 (sz=14, trace=1, nelems=20, elem type=char)
ARR 895f48 (sz=12, trace=1, nelems=17, elem type=char)
ARR 895f68 (sz=12, trace=1, nelems=15, elem type=char)
ARR 895f88 (sz=14, trace=1, nelems=20, elem type=char)
ARR 895fa8 (sz=12, trace=1, nelems=15, elem type=char)
ARR 895fc8 (sz=8, trace=1, nelems=7, elem type=char)
OBJ 895fe8 (sz=6, trace=1, class=java.util.Hashtable$Entry@81eea8)
	value		8246e8
	key		824768
OBJ 896008 (sz=6, trace=1, class=java.util.Hashtable$Entry@81eea8)
	value		824fe8
	key		825068
OBJ 896028 (sz=6, trace=1, class=java.util.Hashtable$Entry@81eea8)
	value		825128
	key		8251a8
OBJ 896048 (sz=6, trace=1, class=java.util.Hashtable$Entry@81eea8)
	value		822428
	key		822568
OBJ 896068 (sz=6, trace=1, class=java.util.Hashtable$Entry@81eea8)
	value		8222e8
	key		822328
OBJ 896088 (sz=6, trace=1, class=java.util.Hashtable$Entry@81eea8)
	value		823fa8
	key		823fe8
ARR 8960a8 (sz=20, trace=1, nelems=34, elem type=char)
ARR 8960c8 (sz=20, trace=1, nelems=34, elem type=char)
ARR 8960e8 (sz=20, trace=1, nelems=34, elem type=char)
ARR 896108 (sz=20, trace=1, nelems=34, elem type=char)
ARR 896128 (sz=20, trace=1, nelems=34, elem type=char)
ARR 896148 (sz=4, trace=1, nelems=0, elem type=java.lang.Class@81a9f0)
OBJ 896168 (sz=12, trace=1, class=java.lang.ThreadGroup@81bb50)
	threads		8962c8
	name		896208
	parent		896188
OBJ 896188 (sz=12, trace=1, class=java.lang.ThreadGroup@81bb50)
	groups		896308
	threads		8962e8
	name		81d288
OBJ 8961a8 (sz=16, trace=1, class=java.lang.ref.Finalizer$FinalizerThread@81e648)
	inheritableThreadLocals	88f9c8
	threadLocals	88f9c8
	inheritedAccessControlContext	896348
	group		896188
	name		896328
OBJ 8961c8 (sz=16, trace=1, class=java.lang.ref.Reference$ReferenceHandler@81e308)
	inheritableThreadLocals	88f9c8
	threadLocals	88f9c8
	inheritedAccessControlContext	896388
	group		896188
	name		896368
ARR 8961e8 (sz=6, trace=1, nelems=4, elem type=char)
OBJ 896208 (sz=6, trace=1, class=java.lang.String@81a9d0)
	value		8961e8
OBJ 896228 (sz=16, trace=1, class=java.lang.Thread@81b910)
	inheritableThreadLocals	88f9c8
	threadLocals	88f9c8
	inheritedAccessControlContext	8963c8
	contextClassLoader	88f6c8
	group		896168
	name		8963a8
ARR 896248 (sz=6, trace=1, nelems=4, elem type=char)
OBJ 896268 (sz=6, trace=1, class=java.lang.String@81a9d0)
	value		896248
ARR 896288 (sz=10, trace=1, nelems=12, elem type=char)
OBJ 8962a8 (sz=6, trace=1, class=java.lang.String@81a9d0)
	value		896288
ARR 8962c8 (sz=8, trace=1, nelems=4, elem type=java.lang.Thread@81b910)
	[0]		896228
ARR 8962e8 (sz=8, trace=1, nelems=4, elem type=java.lang.Thread@81b910)
	[0]		8961c8
	[1]		8961a8
ARR 896308 (sz=8, trace=1, nelems=4, elem type=java.lang.ThreadGroup@81bb50)
	[0]		896168
ARR 896328 (sz=8, trace=1, nelems=9, elem type=char)
OBJ 896348 (sz=6, trace=1, class=java.security.AccessControlContext@81b030)
ARR 896368 (sz=12, trace=1, nelems=17, elem type=char)
OBJ 896388 (sz=6, trace=1, class=java.security.AccessControlContext@81b030)
ARR 8963a8 (sz=6, trace=1, nelems=4, elem type=char)
OBJ 8963c8 (sz=6, trace=1, class=java.security.AccessControlContext@81b030)
OBJ 8a2ddc0 (sz=16, trace=1, class=java.lang.Thread@81b910)
	inheritableThreadLocals	88f9c8
	threadLocals	88f9c8
	inheritedAccessControlContext	8a2e078
	contextClassLoader	88f6c8
	name		8a2df60
ARR 8a2de08 (sz=12, trace=1, nelems=17, elem type=char)
OBJ 8a2de38 (sz=6, trace=1, class=java.lang.String@81a9d0)
	value		8a2de08
ARR 8a2df60 (sz=12, trace=2, nelems=17, elem type=char)
OBJ 8a2e078 (sz=6, trace=3, class=java.security.AccessControlContext@81b030)
ARR 8a2eba0 (sz=8, trace=1, nelems=9, elem type=char)
OBJ 8a2ebc0 (sz=6, trace=1, class=java.lang.String@81a9d0)
	value		8a2eba0
ARR 8a2ecd8 (sz=8, trace=4, nelems=9, elem type=char)
OBJ 8a2ed08 (sz=6, trace=4, class=java.lang.String@81a9d0)
	value		8a2ecd8
OBJ 8a2ed60 (sz=6, trace=4, class=java.lang.ClassNotFoundException@81b110)
	detailMessage	8a2ed08
	backtrace	8a2eea0
ARR 8a2eea0 (sz=6, trace=5, nelems=3, elem type=java.lang.Object@81a970)
	[0]		8a2eee8
	[1]		8a2ef18
ARR 8a2eee8 (sz=38, trace=5, nelems=35, elem type=java.lang.Object@81a970)
ARR 8a2ef18 (sz=22, trace=5, nelems=35, elem type=short)
OBJ 8a2f478 (sz=4, trace=6, class=java.net.URLClassLoader$1@8a2f1f8)
	this$0		890028
	val$name	8a2ebc0
ARR 8a2f540 (sz=30, trace=7, nelems=52, elem type=char)
OBJ 8a2f598 (sz=6, trace=7, class=java.lang.String@81a9d0)
	value		8a2f540
ARR 8a2f780 (sz=12, trace=9, nelems=15, elem type=char)
OBJ 8a2f848 (sz=6, trace=10, class=java.lang.String@81a9d0)
	value		8a2f780
OBJ 8a2fc20 (sz=4, trace=11, class=java.util.EmptyStackException@8a2fa80)
	backtrace	8a2fd38
ARR 8a2fd38 (sz=6, trace=12, nelems=3, elem type=java.lang.Object@81a970)
	[0]		8a2fd80
	[1]		8a2fdb0
ARR 8a2fd80 (sz=38, trace=12, nelems=35, elem type=java.lang.Object@81a970)
ARR 8a2fdb0 (sz=22, trace=12, nelems=35, elem type=short)
OBJ 8a2fe78 (sz=6, trace=13, class=java.lang.ClassNotFoundException@81b110)
	detailMessage	8a2ebc0
	backtrace	8a2fec0
ARR 8a2fec0 (sz=6, trace=5, nelems=3, elem type=java.lang.Object@81a970)
	[0]		8a2fee0
	[1]		8a2ff00
ARR 8a2fee0 (sz=38, trace=5, nelems=35, elem type=java.lang.Object@81a970)
ARR 8a2ff00 (sz=22, trace=5, nelems=35, elem type=short)
OBJ 8a30488 (sz=6, trace=7, class=java.security.PrivilegedActionException@8a30100)
	exception	8a2fe78
	backtrace	8a30550
ARR 8a30550 (sz=6, trace=14, nelems=3, elem type=java.lang.Object@81a970)
	[0]		8a30598
	[1]		8a305c8
ARR 8a30598 (sz=38, trace=14, nelems=35, elem type=java.lang.Object@81a970)
ARR 8a305c8 (sz=22, trace=14, nelems=35, elem type=short)
OBJ 8a30690 (sz=4, trace=15, class=java.net.URLClassLoader$1@8a2f1f8)
	this$0		88f6c8
	val$name	8a2ebc0
ARR 8a306d8 (sz=12, trace=9, nelems=15, elem type=char)
OBJ 8a306f8 (sz=6, trace=10, class=java.lang.String@81a9d0)
	value		8a306d8
OBJ 8a30b58 (sz=4, trace=16, class=sun.misc.URLClassPath$2@8a30918)
	this$0		890108
	val$url		894fa8
OBJ 8a313a8 (sz=4, trace=17, class=sun.misc.URLClassPath$FileLoader@8a31210)
	dir		8a31470
	base		894fa8
OBJ 8a31470 (sz=4, trace=18, class=java.io.File@88e568)
	path		8a318d0
ARR 8a31538 (sz=14, trace=19, nelems=22, elem type=char)
OBJ 8a31600 (sz=6, trace=20, class=java.lang.String@81a9d0)
	value		8a31538
OBJ 8a31718 (sz=6, trace=21, class=java.lang.StringBuffer@88d768)
	value		8a317e0
ARR 8a317e0 (sz=14, trace=22, nelems=22, elem type=char)
OBJ 8a318d0 (sz=6, trace=23, class=java.lang.String@81a9d0)
	value		8a317e0
OBJ 8a319c0 (sz=6, trace=24, class=java.util.HashMap$Entry@88eda8)
	value		8a313a8
	key		894fa8
OBJ 8a31ab0 (sz=14, trace=25, class=java.net.URL@88e9c8)
	handler		88fee8
	path		8a31f88
	file		8a31f88
	host		81e148
	protocol	88f528
OBJ 8a31d10 (sz=6, trace=27, class=java.lang.StringBuffer@88d768)
	value		8a31f10
ARR 8a31dd8 (sz=12, trace=28, nelems=16, elem type=char)
ARR 8a31ec8 (sz=20, trace=29, nelems=34, elem type=char)
ARR 8a31f10 (sz=38, trace=29, nelems=70, elem type=char)
OBJ 8a31f88 (sz=6, trace=30, class=java.lang.String@81a9d0)
	value		8a31f10
OBJ 8a324d0 (sz=4, trace=35, class=java.io.File@88e568)
	path		8a329c8
OBJ 8a325c0 (sz=6, trace=36, class=java.lang.StringBuffer@88d768)
	value		8a32950
ARR 8a32660 (sz=12, trace=37, nelems=16, elem type=char)
ARR 8a32700 (sz=20, trace=38, nelems=34, elem type=char)
OBJ 8a327c8 (sz=6, trace=39, class=java.lang.StringBuffer@88d768)
	value		8a32868
ARR 8a32868 (sz=12, trace=40, nelems=16, elem type=char)
OBJ 8a32908 (sz=6, trace=41, class=java.lang.String@81a9d0)
	value		8a32868
ARR 8a32950 (sz=38, trace=38, nelems=70, elem type=char)
OBJ 8a329c8 (sz=6, trace=42, class=java.lang.String@81a9d0)
	value		8a32950
OBJ 8a32a40 (sz=4, trace=16, class=sun.misc.URLClassPath$2@8a30918)
	this$0		890108
	val$url		894fc8
OBJ 8a334f0 (sz=8, trace=43, class=sun.misc.URLClassPath$JarLoader@8a32c78)
	lmap		8906a8
	handler		8906c8
	csu		894fc8
	jar		8a3a1e8
	base		8a335b8
OBJ 8a335b8 (sz=14, trace=44, class=java.net.URL@88e9c8)
	handler		8906c8
	path		8a33cd0
	file		8a33cd0
	host		81e148
	protocol	88f108
OBJ 8a33610 (sz=6, trace=44, class=java.lang.StringBuffer@88d768)
	value		8a33c30
ARR 8a336b0 (sz=12, trace=45, nelems=16, elem type=char)
OBJ 8a337f0 (sz=6, trace=46, class=java.lang.StringBuffer@88d768)
	value		8a33aa0
ARR 8a338b8 (sz=14, trace=47, nelems=20, elem type=char)
ARR 8a33aa0 (sz=24, trace=49, nelems=42, elem type=char)
OBJ 8a33b68 (sz=6, trace=50, class=java.lang.String@81a9d0)
	value		8a33aa0
ARR 8a33c30 (sz=20, trace=51, nelems=34, elem type=char)
OBJ 8a33cd0 (sz=6, trace=52, class=java.lang.String@81a9d0)
	value		8a33c30
ARR 8a33dc0 (sz=16, trace=53, nelems=24, elem type=char)
OBJ 8a33e60 (sz=6, trace=54, class=java.lang.String@81a9d0)
	value		8a33dc0
OBJ 8a33f28 (sz=4, trace=55, class=java.io.File@88e568)
	path		8a34030
OBJ 8a33fc8 (sz=6, trace=56, class=java.lang.StringBuffer@88d768)
	value		8a34010
ARR 8a34010 (sz=16, trace=22, nelems=24, elem type=char)
OBJ 8a34030 (sz=6, trace=23, class=java.lang.String@81a9d0)
	value		8a34010
OBJ 8a36d28 (sz=4, trace=58, class=sun.security.action.LoadLibraryAction@8a36b48)
	theLib		8a36dd8
OBJ 8a38208 (sz=2, trace=60, class=java.lang.Runtime@8a370f0)
ARR 8a38418 (sz=14, trace=62, nelems=10, elem type=java.lang.String@81a9d0)
	[0]		8a38508
	[1]		8a38550
	[2]		8a38570
	[3]		8a38590
	[4]		8a385b0
	[5]		8a385d0
	[6]		8a385f0
	[7]		8a38610
	[8]		8a38630
	[9]		8a386d0
OBJ 8a38508 (sz=6, trace=63, class=java.lang.String@81a9d0)
	value		8956a8
OBJ 8a38550 (sz=6, trace=63, class=java.lang.String@81a9d0)
	value		8956a8
OBJ 8a38570 (sz=6, trace=63, class=java.lang.String@81a9d0)
	value		8956a8
OBJ 8a38590 (sz=6, trace=63, class=java.lang.String@81a9d0)
	value		8956a8
OBJ 8a385b0 (sz=6, trace=63, class=java.lang.String@81a9d0)
	value		8956a8
OBJ 8a385d0 (sz=6, trace=63, class=java.lang.String@81a9d0)
	value		8956a8
OBJ 8a385f0 (sz=6, trace=63, class=java.lang.String@81a9d0)
	value		8956a8
OBJ 8a38610 (sz=6, trace=63, class=java.lang.String@81a9d0)
	value		8956a8
OBJ 8a38630 (sz=6, trace=63, class=java.lang.String@81a9d0)
	value		8956a8
OBJ 8a386d0 (sz=6, trace=64, class=java.lang.String@81a9d0)
	value		8956a8
ARR 8a38890 (sz=4, trace=66, nelems=1, elem type=java.lang.String@81a9d0)
	[0]		894288
OBJ 8a38958 (sz=4, trace=67, class=java.io.File@88e568)
	path		8a38e80
ARR 8a38a20 (sz=8, trace=68, nelems=7, elem type=char)
OBJ 8a38a78 (sz=6, trace=68, class=java.lang.String@81a9d0)
	value		8a38a20
OBJ 8a38b40 (sz=6, trace=69, class=java.lang.StringBuffer@88d768)
	value		8a38c80
ARR 8a38be0 (sz=12, trace=70, nelems=16, elem type=char)
ARR 8a38c80 (sz=20, trace=71, nelems=34, elem type=char)
OBJ 8a38d20 (sz=6, trace=72, class=java.lang.StringBuffer@88d768)
	value		8a38d68
ARR 8a38d68 (sz=12, trace=40, nelems=16, elem type=char)
OBJ 8a38de0 (sz=6, trace=73, class=java.lang.String@81a9d0)
	value		8a38d68
OBJ 8a38e80 (sz=6, trace=74, class=java.lang.String@81a9d0)
	value		8a38c80
OBJ 8a392a0 (sz=4, trace=75, class=java.lang.ClassLoader$4@8a390b8)
	val$file	8a38958
OBJ 8a39430 (sz=4, trace=76, class=java.lang.Boolean@81c288)
OBJ 8a394f8 (sz=4, trace=77, class=java.lang.Boolean@81c288)
OBJ 8a396b8 (sz=4, trace=79, class=java.lang.Boolean@81c288)
ARR 8a397f8 (sz=16, trace=80, nelems=26, elem type=char)
OBJ 8a39850 (sz=6, trace=80, class=java.lang.String@81a9d0)
	value		8a397f8
OBJ 8a39f48 (sz=8, trace=81, class=java.lang.ClassLoader$NativeLibrary@8a39a78)
	name		8a39850
	fromClass	8a36b48
OBJ 8a3a018 (sz=8, trace=82, class=java.lang.ref.Finalizer@81b7b0)
	prev		8a3a288
	next		88f788
	queue		88f768
	referent	8a39f48
ARR 8a3a108 (sz=22, trace=83, nelems=37, elem type=char)
OBJ 8a3a160 (sz=6, trace=83, class=java.lang.String@81a9d0)
	value		8a3a108
OBJ 8a3a1e8 (sz=14, trace=57, class=java.util.jar.JarFile@8a35f18)
	jv		8a59af0
	manEntry	8a3dc48
	man		8a4d588
	inflaters	8a3a520
	name		8a3a458
OBJ 8a3a288 (sz=8, trace=84, class=java.lang.ref.Finalizer@81b7b0)
	prev		8a41700
	next		8a3a018
	queue		88f768
	referent	8a3a1e8
OBJ 8a3a350 (sz=4, trace=85, class=java.io.File@88e568)
	path		8a3a458
OBJ 8a3a3f0 (sz=6, trace=86, class=java.lang.StringBuffer@88d768)
	value		8a3a438
ARR 8a3a438 (sz=16, trace=22, nelems=24, elem type=char)
OBJ 8a3a458 (sz=6, trace=23, class=java.lang.String@81a9d0)
	value		8a3a438
OBJ 8a3a520 (sz=6, trace=87, class=java.util.Vector@81fda8)
	elementData	8a3a638
ARR 8a3a638 (sz=14, trace=88, nelems=10, elem type=java.lang.Object@81a970)
	[0]		8a41660
ARR 8a3a728 (sz=22, trace=89, nelems=35, elem type=char)
OBJ 8a3a780 (sz=6, trace=89, class=java.lang.String@81a9d0)
	value		8a3a728
ARR 8a55b88 (sz=24, trace=90, nelems=39, elem type=char)
OBJ 8a55be0 (sz=6, trace=90, class=java.lang.String@81a9d0)
	value		8a55b88
ARR 8a3a950 (sz=24, trace=92, nelems=39, elem type=char)
OBJ 8a3a9a8 (sz=6, trace=92, class=java.lang.String@81a9d0)
	value		8a3a950
OBJ 8a3aa98 (sz=6, trace=93, class=java.lang.StringBuffer@88d768)
	value		8a3abd8
ARR 8a3ab38 (sz=12, trace=94, nelems=16, elem type=char)
ARR 8a3abd8 (sz=20, trace=95, nelems=34, elem type=char)
OBJ 8a3ac78 (sz=6, trace=96, class=java.lang.String@81a9d0)
	value		8a3abd8
OBJ 8a3cd50 (sz=4, trace=99, class=sun.security.action.LoadLibraryAction@8a36b48)
	theLib		8a36dd8
OBJ 8a3cd98 (sz=4, trace=67, class=java.io.File@88e568)
	path		8a3ceb8
ARR 8a3cdb8 (sz=8, trace=68, nelems=7, elem type=char)
OBJ 8a3cdd8 (sz=6, trace=68, class=java.lang.String@81a9d0)
	value		8a3cdb8
OBJ 8a3cdf8 (sz=6, trace=69, class=java.lang.StringBuffer@88d768)
	value		8a3ce38
ARR 8a3ce18 (sz=12, trace=70, nelems=16, elem type=char)
ARR 8a3ce38 (sz=20, trace=71, nelems=34, elem type=char)
OBJ 8a3ce58 (sz=6, trace=72, class=java.lang.StringBuffer@88d768)
	value		8a3ce78
ARR 8a3ce78 (sz=12, trace=40, nelems=16, elem type=char)
OBJ 8a3ce98 (sz=6, trace=73, class=java.lang.String@81a9d0)
	value		8a3ce78
OBJ 8a3ceb8 (sz=6, trace=74, class=java.lang.String@81a9d0)
	value		8a3ce38
OBJ 8a3ced8 (sz=4, trace=75, class=java.lang.ClassLoader$4@8a390b8)
	val$file	8a3cd98
OBJ 8a3cef8 (sz=4, trace=79, class=java.lang.Boolean@81c288)
ARR 8a3cf40 (sz=16, trace=80, nelems=26, elem type=char)
OBJ 8a3cf60 (sz=6, trace=80, class=java.lang.String@81a9d0)
	value		8a3cf40
ARR 8a3d028 (sz=22, trace=100, nelems=38, elem type=char)
OBJ 8a3d058 (sz=6, trace=100, class=java.lang.String@81a9d0)
	value		8a3d028
OBJ 8a3d0b0 (sz=18, trace=98, class=java.util.zip.ZipEntry@8a3bf08)
	name		8a35fc0
ARR 8a3d1a0 (sz=24, trace=101, nelems=42, elem type=char)
OBJ 8a3d1f8 (sz=6, trace=101, class=java.lang.String@81a9d0)
	value		8a3d1a0
ARR 8a3d2e8 (sz=24, trace=102, nelems=40, elem type=char)
OBJ 8a3d340 (sz=6, trace=102, class=java.lang.String@81a9d0)
	value		8a3d2e8
OBJ 8a3dc48 (sz=22, trace=103, class=java.util.jar.JarFile$JarFileEntry@8a3da08)
	this$0		8a3a1e8
	name		8a35fc0
ARR 8a3dd38 (sz=20, trace=104, nelems=68, elem type=byte)
OBJ 8a3eea8 (sz=4, trace=105, class=java.io.DataInputStream@8a3e7f0)
	in		8a40410
OBJ 8a3f4a0 (sz=10, trace=106, class=java.util.zip.ZipFile$ZipFileInputStream@8a3f0d0)
ARR 8a3f5b8 (sz=24, trace=107, nelems=39, elem type=char)
OBJ 8a3f610 (sz=6, trace=107, class=java.lang.String@81a9d0)
	value		8a3f5b8
ARR 8a3f758 (sz=22, trace=108, nelems=38, elem type=char)
OBJ 8a3f7b0 (sz=6, trace=108, class=java.lang.String@81a9d0)
	value		8a3f758
ARR 8a3f8a0 (sz=24, trace=109, nelems=40, elem type=char)
OBJ 8a3f8f8 (sz=6, trace=109, class=java.lang.String@81a9d0)
	value		8a3f8a0
OBJ 8a40410 (sz=12, trace=110, class=java.util.zip.ZipFile$1@8a40118)
	this$0		8a3a1e8
	buf		8a4c808
	inf		8a41660
	in		8a3f4a0
OBJ 8a41300 (sz=4, trace=112, class=sun.security.action.LoadLibraryAction@8a36b48)
	theLib		8a36dd8
OBJ 8a41348 (sz=4, trace=67, class=java.io.File@88e568)
	path		8a41468
ARR 8a41368 (sz=8, trace=68, nelems=7, elem type=char)
OBJ 8a41388 (sz=6, trace=68, class=java.lang.String@81a9d0)
	value		8a41368
OBJ 8a413a8 (sz=6, trace=69, class=java.lang.StringBuffer@88d768)
	value		8a413e8
ARR 8a413c8 (sz=12, trace=70, nelems=16, elem type=char)
ARR 8a413e8 (sz=20, trace=71, nelems=34, elem type=char)
OBJ 8a41408 (sz=6, trace=72, class=java.lang.StringBuffer@88d768)
	value		8a41428
ARR 8a41428 (sz=12, trace=40, nelems=16, elem type=char)
OBJ 8a41448 (sz=6, trace=73, class=java.lang.String@81a9d0)
	value		8a41428
OBJ 8a41468 (sz=6, trace=74, class=java.lang.String@81a9d0)
	value		8a413e8
OBJ 8a41488 (sz=4, trace=75, class=java.lang.ClassLoader$4@8a390b8)
	val$file	8a41348
OBJ 8a414a8 (sz=4, trace=79, class=java.lang.Boolean@81c288)
ARR 8a414f0 (sz=16, trace=80, nelems=26, elem type=char)
OBJ 8a41510 (sz=6, trace=80, class=java.lang.String@81a9d0)
	value		8a414f0
ARR 8a415d8 (sz=22, trace=113, nelems=38, elem type=char)
OBJ 8a41608 (sz=6, trace=113, class=java.lang.String@81a9d0)
	value		8a415d8
OBJ 8a41660 (sz=10, trace=111, class=java.util.zip.Inflater@8a40620)
	buf		8a4c808
OBJ 8a41700 (sz=8, trace=114, class=java.lang.ref.Finalizer@81b7b0)
	prev		8a5aeb8
	next		8a3a288
	queue		88f768
	referent	8a41660
ARR 8a417c8 (sz=4, trace=115, nelems=0, elem type=byte)
ARR 8a418d0 (sz=22, trace=116, nelems=36, elem type=char)
OBJ 8a41928 (sz=6, trace=116, class=java.lang.String@81a9d0)
	value		8a418d0
ARR 8a4c808 (sz=132, trace=117, nelems=512, elem type=byte)
ARR 8a4c998 (sz=26, trace=118, nelems=44, elem type=char)
OBJ 8a4c9f0 (sz=6, trace=118, class=java.lang.String@81a9d0)
	value		8a4c998
ARR 8a4cb88 (sz=22, trace=119, nelems=35, elem type=char)
OBJ 8a4cbe0 (sz=6, trace=119, class=java.lang.String@81a9d0)
	value		8a4cb88
OBJ 8a4d588 (sz=4, trace=120, class=java.util.jar.Manifest@8a4cde8)
	entries		8a4e910
	attr		8a4e668
OBJ 8a4da60 (sz=8, trace=120, class=java.io.ByteArrayInputStream@8a4d648)
	buf		8a3dd38
OBJ 8a4e668 (sz=4, trace=121, class=java.util.jar.Attributes@8a4dce8)
	map		8a4e758
OBJ 8a4e758 (sz=12, trace=122, class=java.util.HashMap@88ec28)
	table		8a4e848
ARR 8a4e848 (sz=14, trace=123, nelems=11, elem type=java.util.HashMap$Entry@88eda8)
	[1]		8a58c10
	[4]		8a58ea0
OBJ 8a4e910 (sz=12, trace=124, class=java.util.HashMap@88ec28)
	table		8a4e9d8
ARR 8a4e9d8 (sz=14, trace=125, nelems=11, elem type=java.util.HashMap$Entry@88eda8)
OBJ 8a56008 (sz=6, trace=126, class=java.util.jar.Manifest$FastInputStream@8a4ebf8)
	buf		8a560f8
	in		8a4da60
ARR 8a560f8 (sz=2052, trace=127, nelems=8192, elem type=byte)
ARR 8a561c0 (sz=132, trace=128, nelems=512, elem type=byte)
OBJ 8a562b0 (sz=6, trace=129, class=java.lang.String@81a9d0)
	value		8a56378
ARR 8a56378 (sz=12, trace=130, nelems=16, elem type=char)
OBJ 8a56440 (sz=6, trace=131, class=java.lang.String@81a9d0)
	value		8a564e0
ARR 8a564e0 (sz=6, trace=132, nelems=3, elem type=char)
OBJ 8a56fe8 (sz=4, trace=134, class=java.util.jar.Attributes$Name@8a566e8)
	name		8a57098
OBJ 8a57160 (sz=4, trace=135, class=java.util.jar.Attributes$Name@8a566e8)
	name		8a57210
OBJ 8a572d8 (sz=4, trace=136, class=java.util.jar.Attributes$Name@8a566e8)
	name		8a57388
OBJ 8a57450 (sz=4, trace=137, class=java.util.jar.Attributes$Name@8a566e8)
	name		8a57500
OBJ 8a575c8 (sz=4, trace=138, class=java.util.jar.Attributes$Name@8a566e8)
	name		8a57678
OBJ 8a57740 (sz=4, trace=139, class=java.util.jar.Attributes$Name@8a566e8)
	name		8a577f0
OBJ 8a578b8 (sz=4, trace=140, class=java.util.jar.Attributes$Name@8a566e8)
	name		8a57968
OBJ 8a57a30 (sz=4, trace=141, class=java.util.jar.Attributes$Name@8a566e8)
	name		8a57ae0
OBJ 8a57ba8 (sz=4, trace=142, class=java.util.jar.Attributes$Name@8a566e8)
	name		8a57c58
OBJ 8a57d20 (sz=4, trace=143, class=java.util.jar.Attributes$Name@8a566e8)
	name		8a57dd0
OBJ 8a57e98 (sz=4, trace=144, class=java.util.jar.Attributes$Name@8a566e8)
	name		8a57f48
OBJ 8a58018 (sz=4, trace=145, class=java.util.jar.Attributes$Name@8a566e8)
	name		8a580c8
OBJ 8a58190 (sz=4, trace=146, class=java.util.jar.Attributes$Name@8a566e8)
	name		8a58240
OBJ 8a58308 (sz=4, trace=147, class=java.util.jar.Attributes$Name@8a566e8)
	name		8a583b8
OBJ 8a58480 (sz=4, trace=148, class=java.util.jar.Attributes$Name@8a566e8)
	name		8a58530
OBJ 8a585f8 (sz=4, trace=149, class=java.util.jar.Attributes$Name@8a566e8)
	name		8a586a8
OBJ 8a58770 (sz=4, trace=150, class=java.util.jar.Attributes$Name@8a566e8)
	name		8a58820
OBJ 8a58878 (sz=4, trace=133, class=java.util.jar.Attributes$Name@8a566e8)
	name		8a57098
ARR 8a589b8 (sz=12, trace=151, nelems=16, elem type=char)
OBJ 8a58a80 (sz=6, trace=152, class=java.lang.String@81a9d0)
	value		8a58b48
ARR 8a58b48 (sz=12, trace=153, nelems=16, elem type=char)
OBJ 8a58c10 (sz=6, trace=154, class=java.util.HashMap$Entry@88eda8)
	value		8a56440
	key		8a58878
OBJ 8a58c58 (sz=6, trace=129, class=java.lang.String@81a9d0)
	value		8a58c78
ARR 8a58c78 (sz=8, trace=130, nelems=10, elem type=char)
OBJ 8a58c98 (sz=6, trace=131, class=java.lang.String@81a9d0)
	value		8a58cb8
ARR 8a58cb8 (sz=18, trace=132, nelems=29, elem type=char)
OBJ 8a58cd8 (sz=4, trace=133, class=java.util.jar.Attributes$Name@8a566e8)
	name		8a58df8
ARR 8a58e40 (sz=8, trace=151, nelems=10, elem type=char)
OBJ 8a58e60 (sz=6, trace=152, class=java.lang.String@81a9d0)
	value		8a58e80
ARR 8a58e80 (sz=8, trace=153, nelems=10, elem type=char)
OBJ 8a58ea0 (sz=6, trace=154, class=java.util.HashMap$Entry@88eda8)
	value		8a58c98
	key		8a58cd8
OBJ 8a59af0 (sz=14, trace=156, class=java.util.jar.JarVerifier@8a590e0)
	manifestRawBytes	8a3dd38
	baos		8a5a890
	manifest	8a4d588
	pendingBlocks	8a5a068
	sigFileData	8a59ed8
	sigFileCerts	8a59bb8
	verifiedCerts	8a59d70
OBJ 8a59bb8 (sz=10, trace=157, class=java.util.Hashtable@81bd50)
	table		8a59ca8
ARR 8a59ca8 (sz=14, trace=158, nelems=11, elem type=java.util.Hashtable$Entry@81eea8)
OBJ 8a59d70 (sz=10, trace=159, class=java.util.Hashtable@81bd50)
	table		8a59e10
ARR 8a59e10 (sz=14, trace=160, nelems=11, elem type=java.util.Hashtable$Entry@81eea8)
OBJ 8a59ed8 (sz=10, trace=161, class=java.util.Hashtable@81bd50)
	table		8a59fa0
ARR 8a59fa0 (sz=14, trace=162, nelems=11, elem type=java.util.Hashtable$Entry@81eea8)
OBJ 8a5a068 (sz=6, trace=163, class=java.util.ArrayList@88f0c8)
	elementData	8a5a158
ARR 8a5a158 (sz=14, trace=164, nelems=10, elem type=java.lang.Object@81a970)
OBJ 8a5a890 (sz=6, trace=165, class=java.io.ByteArrayOutputStream@8a5a348)
	buf		8a5a980
ARR 8a5a980 (sz=12, trace=166, nelems=32, elem type=byte)
ARR 8a5aa48 (sz=8, trace=167, nelems=10, elem type=char)
OBJ 8a5aae8 (sz=6, trace=168, class=java.lang.String@81a9d0)
	value		8a5ab30
ARR 8a5ab30 (sz=8, trace=153, nelems=10, elem type=char)
OBJ 8a5ab50 (sz=6, trace=24, class=java.util.HashMap$Entry@88eda8)
	value		8a334f0
	key		894fc8
OBJ 8a5abf0 (sz=6, trace=169, class=java.lang.StringBuffer@88d768)
	value		8a5ac38
ARR 8a5ac38 (sz=12, trace=94, nelems=16, elem type=char)
OBJ 8a5ac58 (sz=6, trace=96, class=java.lang.String@81a9d0)
	value		8a5ac38
OBJ 8a5ac78 (sz=4, trace=16, class=sun.misc.URLClassPath$2@8a30918)
	this$0		890108
	val$url		894fe8
OBJ 8a5ac98 (sz=8, trace=43, class=sun.misc.URLClassPath$JarLoader@8a32c78)
	lmap		8906a8
	handler		8906c8
	csu		894fe8
	jar		8a5ae98
	base		8a5acb8
OBJ 8a5acb8 (sz=14, trace=44, class=java.net.URL@88e9c8)
	handler		8906c8
	path		8a5adb8
	file		8a5adb8
	host		81e148
	protocol	88f108
OBJ 8a5acd8 (sz=6, trace=44, class=java.lang.StringBuffer@88d768)
	value		8a5ad98
ARR 8a5acf8 (sz=12, trace=45, nelems=16, elem type=char)
OBJ 8a5ad18 (sz=6, trace=46, class=java.lang.StringBuffer@88d768)
	value		8a5ad58
ARR 8a5ad38 (sz=14, trace=47, nelems=20, elem type=char)
ARR 8a5ad58 (sz=24, trace=49, nelems=42, elem type=char)
OBJ 8a5ad78 (sz=6, trace=50, class=java.lang.String@81a9d0)
	value		8a5ad58
ARR 8a5ad98 (sz=20, trace=51, nelems=34, elem type=char)
OBJ 8a5adb8 (sz=6, trace=52, class=java.lang.String@81a9d0)
	value		8a5ad98
ARR 8a5add8 (sz=18, trace=53, nelems=27, elem type=char)
OBJ 8a5adf8 (sz=6, trace=54, class=java.lang.String@81a9d0)
	value		8a5add8
OBJ 8a5ae18 (sz=4, trace=55, class=java.io.File@88e568)
	path		8a5ae78
OBJ 8a5ae38 (sz=6, trace=56, class=java.lang.StringBuffer@88d768)
	value		8a5ae58
ARR 8a5ae58 (sz=18, trace=22, nelems=27, elem type=char)
OBJ 8a5ae78 (sz=6, trace=23, class=java.lang.String@81a9d0)
	value		8a5ae58
OBJ 8a5ae98 (sz=14, trace=57, class=java.util.jar.JarFile@8a35f18)
	jv		8a6e8d0
	manEntry	8a5bad0
	man		8a5b590
	inflaters	8a5af58
	name		8a5af38
OBJ 8a5aeb8 (sz=8, trace=84, class=java.lang.ref.Finalizer@81b7b0)
	prev		8a5bb90
	next		8a41700
	queue		88f768
	referent	8a5ae98
OBJ 8a5aed8 (sz=4, trace=85, class=java.io.File@88e568)
	path		8a5af38
OBJ 8a5aef8 (sz=6, trace=86, class=java.lang.StringBuffer@88d768)
	value		8a5af18
ARR 8a5af18 (sz=18, trace=22, nelems=27, elem type=char)
OBJ 8a5af38 (sz=6, trace=23, class=java.lang.String@81a9d0)
	value		8a5af18
OBJ 8a5af58 (sz=6, trace=87, class=java.util.Vector@81fda8)
	elementData	8a5af78
ARR 8a5af78 (sz=14, trace=88, nelems=10, elem type=java.lang.Object@81a970)
	[0]		8a5bb70
OBJ 8a5b9e8 (sz=6, trace=93, class=java.lang.StringBuffer@88d768)
	value		8a5ba28
ARR 8a5ba08 (sz=12, trace=94, nelems=16, elem type=char)
ARR 8a5ba28 (sz=20, trace=95, nelems=34, elem type=char)
OBJ 8a5ba48 (sz=6, trace=96, class=java.lang.String@81a9d0)
	value		8a5ba28
OBJ 8a5bab0 (sz=18, trace=98, class=java.util.zip.ZipEntry@8a3bf08)
	name		8a35fc0
OBJ 8a5bad0 (sz=22, trace=103, class=java.util.jar.JarFile$JarFileEntry@8a3da08)
	this$0		8a5ae98
	name		8a35fc0
ARR 8a5baf0 (sz=864, trace=104, nelems=3441, elem type=byte)
OBJ 8a5bb10 (sz=4, trace=105, class=java.io.DataInputStream@8a3e7f0)
	in		8a5bb50
OBJ 8a5bb30 (sz=10, trace=106, class=java.util.zip.ZipFile$ZipFileInputStream@8a3f0d0)
OBJ 8a5bb50 (sz=12, trace=110, class=java.util.zip.ZipFile$1@8a40118)
	this$0		8a5ae98
	buf		8a5b050
	inf		8a5bb70
	in		8a5bb30
OBJ 8a5bb70 (sz=10, trace=111, class=java.util.zip.Inflater@8a40620)
	buf		8a5b050
OBJ 8a5bb90 (sz=8, trace=114, class=java.lang.ref.Finalizer@81b7b0)
	prev		8a6ecf0
	next		8a5aeb8
	queue		88f768
	referent	8a5bb70
ARR 8a5bbb0 (sz=4, trace=115, nelems=0, elem type=byte)
ARR 8a5b050 (sz=132, trace=117, nelems=512, elem type=byte)
OBJ 8a5b590 (sz=4, trace=120, class=java.util.jar.Manifest@8a4cde8)
	entries		8a5b630
	attr		8a5b5d0
OBJ 8a5b5b0 (sz=8, trace=120, class=java.io.ByteArrayInputStream@8a4d648)
	buf		8a5baf0
OBJ 8a5b5d0 (sz=4, trace=121, class=java.util.jar.Attributes@8a4dce8)
	map		8a5b5f0
OBJ 8a5b5f0 (sz=12, trace=122, class=java.util.HashMap@88ec28)
	table		8a5b610
ARR 8a5b610 (sz=14, trace=123, nelems=11, elem type=java.util.HashMap$Entry@88eda8)
	[1]		8a5b110
OBJ 8a5b630 (sz=12, trace=124, class=java.util.HashMap@88ec28)
	table		8a6cfd0
ARR 8a5b650 (sz=14, trace=125, nelems=11, elem type=java.util.HashMap$Entry@88eda8)
	[1]		8a690b0
	[2]		8a694f0
	[3]		8a66970
	[4]		8a68c70
	[8]		8a69930
	[10]		8a68830
OBJ 8a5b670 (sz=6, trace=126, class=java.util.jar.Manifest$FastInputStream@8a4ebf8)
	buf		8a5b690
	in		8a5b5b0
ARR 8a5b690 (sz=2052, trace=127, nelems=8192, elem type=byte)
ARR 8a5b6b0 (sz=132, trace=128, nelems=512, elem type=byte)
OBJ 8a5b6d0 (sz=6, trace=129, class=java.lang.String@81a9d0)
	value		8a5b6f0
ARR 8a5b6f0 (sz=12, trace=130, nelems=16, elem type=char)
OBJ 8a5b710 (sz=6, trace=131, class=java.lang.String@81a9d0)
	value		8a5b070
ARR 8a5b070 (sz=6, trace=132, nelems=3, elem type=char)
OBJ 8a5b090 (sz=4, trace=133, class=java.util.jar.Attributes$Name@8a566e8)
	name		8a57098
ARR 8a5b0b0 (sz=12, trace=151, nelems=16, elem type=char)
OBJ 8a5b0d0 (sz=6, trace=152, class=java.lang.String@81a9d0)
	value		8a5b0f0
ARR 8a5b0f0 (sz=12, trace=153, nelems=16, elem type=char)
OBJ 8a5b110 (sz=6, trace=154, class=java.util.HashMap$Entry@88eda8)
	value		8a5b710
	key		8a5b090
OBJ 8a5b1c8 (sz=6, trace=170, class=java.lang.String@81a9d0)
	value		8a5b268
ARR 8a5b268 (sz=18, trace=171, nelems=28, elem type=char)
OBJ 8a5b330 (sz=4, trace=172, class=java.util.jar.Attributes@8a4dce8)
	map		8a5b3d0
OBJ 8a5b3d0 (sz=12, trace=173, class=java.util.HashMap@88ec28)
	table		8a66fa8
ARR 8a5b470 (sz=6, trace=174, nelems=2, elem type=java.util.HashMap$Entry@88eda8)
	[1]		8a66da0
OBJ 8a66970 (sz=6, trace=175, class=java.util.HashMap$Entry@88eda8)
	value		8a5b330
	key		8a5b1c8
OBJ 8a66a38 (sz=6, trace=176, class=java.lang.String@81a9d0)
	value		8a66ad8
ARR 8a66ad8 (sz=12, trace=177, nelems=17, elem type=char)
OBJ 8a66b78 (sz=6, trace=178, class=java.lang.String@81a9d0)
	value		8a66c18
ARR 8a66c18 (sz=8, trace=179, nelems=8, elem type=char)
OBJ 8a66cb8 (sz=4, trace=180, class=java.util.jar.Attributes$Name@8a566e8)
	name		8a66d20
ARR 8a66d40 (sz=12, trace=151, nelems=17, elem type=char)
OBJ 8a66d60 (sz=6, trace=152, class=java.lang.String@81a9d0)
	value		8a66d80
ARR 8a66d80 (sz=12, trace=153, nelems=17, elem type=char)
OBJ 8a66da0 (sz=6, trace=154, class=java.util.HashMap$Entry@88eda8)
	value		8a66b78
	key		8a66cb8
OBJ 8a66dc0 (sz=6, trace=176, class=java.lang.String@81a9d0)
	value		8a66de0
ARR 8a66de0 (sz=8, trace=177, nelems=10, elem type=char)
OBJ 8a66e00 (sz=6, trace=178, class=java.lang.String@81a9d0)
	value		8a66e20
ARR 8a66e20 (sz=18, trace=179, nelems=28, elem type=char)
OBJ 8a66e40 (sz=4, trace=180, class=java.util.jar.Attributes$Name@8a566e8)
	name		8a66e80
ARR 8a66ea0 (sz=8, trace=151, nelems=10, elem type=char)
OBJ 8a66ec0 (sz=6, trace=152, class=java.lang.String@81a9d0)
	value		8a66ee0
ARR 8a66ee0 (sz=8, trace=153, nelems=10, elem type=char)
ARR 8a66fa8 (sz=8, trace=181, nelems=5, elem type=java.util.HashMap$Entry@88eda8)
	[1]		8a67150
	[3]		8a66ff0
OBJ 8a66ff0 (sz=6, trace=154, class=java.util.HashMap$Entry@88eda8)
	next		8a66da0
	value		8a66e00
	key		8a66e40
OBJ 8a67010 (sz=6, trace=176, class=java.lang.String@81a9d0)
	value		8a67030
ARR 8a67030 (sz=8, trace=177, nelems=10, elem type=char)
OBJ 8a67050 (sz=6, trace=178, class=java.lang.String@81a9d0)
	value		8a67070
ARR 8a67070 (sz=16, trace=179, nelems=24, elem type=char)
OBJ 8a67090 (sz=4, trace=180, class=java.util.jar.Attributes$Name@8a566e8)
	name		8a670d0
ARR 8a670f0 (sz=8, trace=151, nelems=10, elem type=char)
OBJ 8a67110 (sz=6, trace=152, class=java.lang.String@81a9d0)
	value		8a67130
ARR 8a67130 (sz=8, trace=153, nelems=10, elem type=char)
OBJ 8a67150 (sz=6, trace=154, class=java.util.HashMap$Entry@88eda8)
	value		8a67050
	key		8a67090
OBJ 8a67f10 (sz=6, trace=170, class=java.lang.String@81a9d0)
	value		8a67f30
ARR 8a67f30 (sz=22, trace=171, nelems=37, elem type=char)
OBJ 8a67f50 (sz=4, trace=172, class=java.util.jar.Attributes@8a4dce8)
	map		8a67f70
OBJ 8a67f70 (sz=12, trace=173, class=java.util.HashMap@88ec28)
	table		8a68310
ARR 8a67f90 (sz=6, trace=174, nelems=3, elem type=java.util.HashMap$Entry@88eda8)
	[0]		8a681f0
	[2]		8a680d0
OBJ 8a67fb0 (sz=6, trace=175, class=java.util.HashMap$Entry@88eda8)
	value		8a67f50
	key		8a67f10
OBJ 8a67fd0 (sz=6, trace=176, class=java.lang.String@81a9d0)
	value		8a67ff0
ARR 8a67ff0 (sz=12, trace=177, nelems=17, elem type=char)
OBJ 8a68010 (sz=6, trace=178, class=java.lang.String@81a9d0)
	value		8a68030
ARR 8a68030 (sz=8, trace=179, nelems=8, elem type=char)
OBJ 8a68050 (sz=4, trace=180, class=java.util.jar.Attributes$Name@8a566e8)
	name		8a66d20
ARR 8a68070 (sz=12, trace=151, nelems=17, elem type=char)
OBJ 8a68090 (sz=6, trace=152, class=java.lang.String@81a9d0)
	value		8a680b0
ARR 8a680b0 (sz=12, trace=153, nelems=17, elem type=char)
OBJ 8a680d0 (sz=6, trace=154, class=java.util.HashMap$Entry@88eda8)
	value		8a68010
	key		8a68050
OBJ 8a680f0 (sz=6, trace=176, class=java.lang.String@81a9d0)
	value		8a68110
ARR 8a68110 (sz=8, trace=177, nelems=10, elem type=char)
OBJ 8a68130 (sz=6, trace=178, class=java.lang.String@81a9d0)
	value		8a68150
ARR 8a68150 (sz=18, trace=179, nelems=28, elem type=char)
OBJ 8a68170 (sz=4, trace=180, class=java.util.jar.Attributes$Name@8a566e8)
	name		8a66e80
ARR 8a68190 (sz=8, trace=151, nelems=10, elem type=char)
OBJ 8a681b0 (sz=6, trace=152, class=java.lang.String@81a9d0)
	value		8a681d0
ARR 8a681d0 (sz=8, trace=153, nelems=10, elem type=char)
OBJ 8a681f0 (sz=6, trace=154, class=java.util.HashMap$Entry@88eda8)
	next		8a680d0
	value		8a68130
	key		8a68170
OBJ 8a68210 (sz=6, trace=176, class=java.lang.String@81a9d0)
	value		8a68230
ARR 8a68230 (sz=8, trace=177, nelems=10, elem type=char)
OBJ 8a68250 (sz=6, trace=178, class=java.lang.String@81a9d0)
	value		8a68270
ARR 8a68270 (sz=16, trace=179, nelems=24, elem type=char)
OBJ 8a68290 (sz=4, trace=180, class=java.util.jar.Attributes$Name@8a566e8)
	name		8a670d0
ARR 8a682b0 (sz=8, trace=151, nelems=10, elem type=char)
OBJ 8a682d0 (sz=6, trace=152, class=java.lang.String@81a9d0)
	value		8a682f0
ARR 8a682f0 (sz=8, trace=153, nelems=10, elem type=char)
ARR 8a68310 (sz=10, trace=181, nelems=7, elem type=java.util.HashMap$Entry@88eda8)
	[5]		8a68330
OBJ 8a68330 (sz=6, trace=154, class=java.util.HashMap$Entry@88eda8)
	next		8a681f0
	value		8a68250
	key		8a68290
OBJ 8a68350 (sz=6, trace=170, class=java.lang.String@81a9d0)
	value		8a68370
ARR 8a68370 (sz=24, trace=171, nelems=39, elem type=char)
OBJ 8a68390 (sz=4, trace=172, class=java.util.jar.Attributes@8a4dce8)
	map		8a683b0
OBJ 8a683b0 (sz=12, trace=173, class=java.util.HashMap@88ec28)
	table		8a68750
ARR 8a683d0 (sz=6, trace=174, nelems=3, elem type=java.util.HashMap$Entry@88eda8)
	[0]		8a68630
	[2]		8a68510
OBJ 8a683f0 (sz=6, trace=175, class=java.util.HashMap$Entry@88eda8)
	value		8a68390
	key		8a68350
OBJ 8a68410 (sz=6, trace=176, class=java.lang.String@81a9d0)
	value		8a68430
ARR 8a68430 (sz=12, trace=177, nelems=17, elem type=char)
OBJ 8a68450 (sz=6, trace=178, class=java.lang.String@81a9d0)
	value		8a68470
ARR 8a68470 (sz=8, trace=179, nelems=8, elem type=char)
OBJ 8a68490 (sz=4, trace=180, class=java.util.jar.Attributes$Name@8a566e8)
	name		8a66d20
ARR 8a684b0 (sz=12, trace=151, nelems=17, elem type=char)
OBJ 8a684d0 (sz=6, trace=152, class=java.lang.String@81a9d0)
	value		8a684f0
ARR 8a684f0 (sz=12, trace=153, nelems=17, elem type=char)
OBJ 8a68510 (sz=6, trace=154, class=java.util.HashMap$Entry@88eda8)
	value		8a68450
	key		8a68490
OBJ 8a68530 (sz=6, trace=176, class=java.lang.String@81a9d0)
	value		8a68550
ARR 8a68550 (sz=8, trace=177, nelems=10, elem type=char)
OBJ 8a68570 (sz=6, trace=178, class=java.lang.String@81a9d0)
	value		8a68590
ARR 8a68590 (sz=18, trace=179, nelems=28, elem type=char)
OBJ 8a685b0 (sz=4, trace=180, class=java.util.jar.Attributes$Name@8a566e8)
	name		8a66e80
ARR 8a685d0 (sz=8, trace=151, nelems=10, elem type=char)
OBJ 8a685f0 (sz=6, trace=152, class=java.lang.String@81a9d0)
	value		8a68610
ARR 8a68610 (sz=8, trace=153, nelems=10, elem type=char)
OBJ 8a68630 (sz=6, trace=154, class=java.util.HashMap$Entry@88eda8)
	next		8a68510
	value		8a68570
	key		8a685b0
OBJ 8a68650 (sz=6, trace=176, class=java.lang.String@81a9d0)
	value		8a68670
ARR 8a68670 (sz=8, trace=177, nelems=10, elem type=char)
OBJ 8a68690 (sz=6, trace=178, class=java.lang.String@81a9d0)
	value		8a686b0
ARR 8a686b0 (sz=16, trace=179, nelems=24, elem type=char)
OBJ 8a686d0 (sz=4, trace=180, class=java.util.jar.Attributes$Name@8a566e8)
	name		8a670d0
ARR 8a686f0 (sz=8, trace=151, nelems=10, elem type=char)
OBJ 8a68710 (sz=6, trace=152, class=java.lang.String@81a9d0)
	value		8a68730
ARR 8a68730 (sz=8, trace=153, nelems=10, elem type=char)
ARR 8a68750 (sz=10, trace=181, nelems=7, elem type=java.util.HashMap$Entry@88eda8)
	[5]		8a68770
OBJ 8a68770 (sz=6, trace=154, class=java.util.HashMap$Entry@88eda8)
	next		8a68630
	value		8a68690
	key		8a686d0
OBJ 8a68790 (sz=6, trace=170, class=java.lang.String@81a9d0)
	value		8a687b0
ARR 8a687b0 (sz=20, trace=171, nelems=34, elem type=char)
OBJ 8a687d0 (sz=4, trace=172, class=java.util.jar.Attributes@8a4dce8)
	map		8a687f0
OBJ 8a687f0 (sz=12, trace=173, class=java.util.HashMap@88ec28)
	table		8a68b90
ARR 8a68810 (sz=6, trace=174, nelems=3, elem type=java.util.HashMap$Entry@88eda8)
	[0]		8a68a70
	[2]		8a68950
OBJ 8a68830 (sz=6, trace=175, class=java.util.HashMap$Entry@88eda8)
	next		8a6cb90
	value		8a687d0
	key		8a68790
OBJ 8a68850 (sz=6, trace=176, class=java.lang.String@81a9d0)
	value		8a68870
ARR 8a68870 (sz=12, trace=177, nelems=17, elem type=char)
OBJ 8a68890 (sz=6, trace=178, class=java.lang.String@81a9d0)
	value		8a688b0
ARR 8a688b0 (sz=8, trace=179, nelems=8, elem type=char)
OBJ 8a688d0 (sz=4, trace=180, class=java.util.jar.Attributes$Name@8a566e8)
	name		8a66d20
ARR 8a688f0 (sz=12, trace=151, nelems=17, elem type=char)
OBJ 8a68910 (sz=6, trace=152, class=java.lang.String@81a9d0)
	value		8a68930
ARR 8a68930 (sz=12, trace=153, nelems=17, elem type=char)
OBJ 8a68950 (sz=6, trace=154, class=java.util.HashMap$Entry@88eda8)
	value		8a68890
	key		8a688d0
OBJ 8a68970 (sz=6, trace=176, class=java.lang.String@81a9d0)
	value		8a68990
ARR 8a68990 (sz=8, trace=177, nelems=10, elem type=char)
OBJ 8a689b0 (sz=6, trace=178, class=java.lang.String@81a9d0)
	value		8a689d0
ARR 8a689d0 (sz=18, trace=179, nelems=28, elem type=char)
OBJ 8a689f0 (sz=4, trace=180, class=java.util.jar.Attributes$Name@8a566e8)
	name		8a66e80
ARR 8a68a10 (sz=8, trace=151, nelems=10, elem type=char)
OBJ 8a68a30 (sz=6, trace=152, class=java.lang.String@81a9d0)
	value		8a68a50
ARR 8a68a50 (sz=8, trace=153, nelems=10, elem type=char)
OBJ 8a68a70 (sz=6, trace=154, class=java.util.HashMap$Entry@88eda8)
	next		8a68950
	value		8a689b0
	key		8a689f0
OBJ 8a68a90 (sz=6, trace=176, class=java.lang.String@81a9d0)
	value		8a68ab0
ARR 8a68ab0 (sz=8, trace=177, nelems=10, elem type=char)
OBJ 8a68ad0 (sz=6, trace=178, class=java.lang.String@81a9d0)
	value		8a68af0
ARR 8a68af0 (sz=16, trace=179, nelems=24, elem type=char)
OBJ 8a68b10 (sz=4, trace=180, class=java.util.jar.Attributes$Name@8a566e8)
	name		8a670d0
ARR 8a68b30 (sz=8, trace=151, nelems=10, elem type=char)
OBJ 8a68b50 (sz=6, trace=152, class=java.lang.String@81a9d0)
	value		8a68b70
ARR 8a68b70 (sz=8, trace=153, nelems=10, elem type=char)
ARR 8a68b90 (sz=10, trace=181, nelems=7, elem type=java.util.HashMap$Entry@88eda8)
	[5]		8a68bb0
OBJ 8a68bb0 (sz=6, trace=154, class=java.util.HashMap$Entry@88eda8)
	next		8a68a70
	value		8a68ad0
	key		8a68b10
OBJ 8a68bd0 (sz=6, trace=170, class=java.lang.String@81a9d0)
	value		8a68bf0
ARR 8a68bf0 (sz=24, trace=171, nelems=40, elem type=char)
OBJ 8a68c10 (sz=4, trace=172, class=java.util.jar.Attributes@8a4dce8)
	map		8a68c30
OBJ 8a68c30 (sz=12, trace=173, class=java.util.HashMap@88ec28)
	table		8a68fd0
ARR 8a68c50 (sz=6, trace=174, nelems=3, elem type=java.util.HashMap$Entry@88eda8)
	[0]		8a68eb0
	[2]		8a68d90
OBJ 8a68c70 (sz=6, trace=175, class=java.util.HashMap$Entry@88eda8)
	value		8a68c10
	key		8a68bd0
OBJ 8a68c90 (sz=6, trace=176, class=java.lang.String@81a9d0)
	value		8a68cb0
ARR 8a68cb0 (sz=12, trace=177, nelems=17, elem type=char)
OBJ 8a68cd0 (sz=6, trace=178, class=java.lang.String@81a9d0)
	value		8a68cf0
ARR 8a68cf0 (sz=8, trace=179, nelems=8, elem type=char)
OBJ 8a68d10 (sz=4, trace=180, class=java.util.jar.Attributes$Name@8a566e8)
	name		8a66d20
ARR 8a68d30 (sz=12, trace=151, nelems=17, elem type=char)
OBJ 8a68d50 (sz=6, trace=152, class=java.lang.String@81a9d0)
	value		8a68d70
ARR 8a68d70 (sz=12, trace=153, nelems=17, elem type=char)
OBJ 8a68d90 (sz=6, trace=154, class=java.util.HashMap$Entry@88eda8)
	value		8a68cd0
	key		8a68d10
OBJ 8a68db0 (sz=6, trace=176, class=java.lang.String@81a9d0)
	value		8a68dd0
ARR 8a68dd0 (sz=8, trace=177, nelems=10, elem type=char)
OBJ 8a68df0 (sz=6, trace=178, class=java.lang.String@81a9d0)
	value		8a68e10
ARR 8a68e10 (sz=18, trace=179, nelems=28, elem type=char)
OBJ 8a68e30 (sz=4, trace=180, class=java.util.jar.Attributes$Name@8a566e8)
	name		8a66e80
ARR 8a68e50 (sz=8, trace=151, nelems=10, elem type=char)
OBJ 8a68e70 (sz=6, trace=152, class=java.lang.String@81a9d0)
	value		8a68e90
ARR 8a68e90 (sz=8, trace=153, nelems=10, elem type=char)
OBJ 8a68eb0 (sz=6, trace=154, class=java.util.HashMap$Entry@88eda8)
	next		8a68d90
	value		8a68df0
	key		8a68e30
OBJ 8a68ed0 (sz=6, trace=176, class=java.lang.String@81a9d0)
	value		8a68ef0
ARR 8a68ef0 (sz=8, trace=177, nelems=10, elem type=char)
OBJ 8a68f10 (sz=6, trace=178, class=java.lang.String@81a9d0)
	value		8a68f30
ARR 8a68f30 (sz=16, trace=179, nelems=24, elem type=char)
OBJ 8a68f50 (sz=4, trace=180, class=java.util.jar.Attributes$Name@8a566e8)
	name		8a670d0
ARR 8a68f70 (sz=8, trace=151, nelems=10, elem type=char)
OBJ 8a68f90 (sz=6, trace=152, class=java.lang.String@81a9d0)
	value		8a68fb0
ARR 8a68fb0 (sz=8, trace=153, nelems=10, elem type=char)
ARR 8a68fd0 (sz=10, trace=181, nelems=7, elem type=java.util.HashMap$Entry@88eda8)
	[5]		8a68ff0
OBJ 8a68ff0 (sz=6, trace=154, class=java.util.HashMap$Entry@88eda8)
	next		8a68eb0
	value		8a68f10
	key		8a68f50
OBJ 8a69010 (sz=6, trace=170, class=java.lang.String@81a9d0)
	value		8a69030
ARR 8a69030 (sz=16, trace=171, nelems=25, elem type=char)
OBJ 8a69050 (sz=4, trace=172, class=java.util.jar.Attributes@8a4dce8)
	map		8a69070
OBJ 8a69070 (sz=12, trace=173, class=java.util.HashMap@88ec28)
	table		8a69410
ARR 8a69090 (sz=6, trace=174, nelems=3, elem type=java.util.HashMap$Entry@88eda8)
	[0]		8a692f0
	[2]		8a691d0
OBJ 8a690b0 (sz=6, trace=175, class=java.util.HashMap$Entry@88eda8)
	value		8a69050
	key		8a69010
OBJ 8a690d0 (sz=6, trace=176, class=java.lang.String@81a9d0)
	value		8a690f0
ARR 8a690f0 (sz=12, trace=177, nelems=17, elem type=char)
OBJ 8a69110 (sz=6, trace=178, class=java.lang.String@81a9d0)
	value		8a69130
ARR 8a69130 (sz=8, trace=179, nelems=8, elem type=char)
OBJ 8a69150 (sz=4, trace=180, class=java.util.jar.Attributes$Name@8a566e8)
	name		8a66d20
ARR 8a69170 (sz=12, trace=151, nelems=17, elem type=char)
OBJ 8a69190 (sz=6, trace=152, class=java.lang.String@81a9d0)
	value		8a691b0
ARR 8a691b0 (sz=12, trace=153, nelems=17, elem type=char)
OBJ 8a691d0 (sz=6, trace=154, class=java.util.HashMap$Entry@88eda8)
	value		8a69110
	key		8a69150
OBJ 8a691f0 (sz=6, trace=176, class=java.lang.String@81a9d0)
	value		8a69210
ARR 8a69210 (sz=8, trace=177, nelems=10, elem type=char)
OBJ 8a69230 (sz=6, trace=178, class=java.lang.String@81a9d0)
	value		8a69250
ARR 8a69250 (sz=18, trace=179, nelems=28, elem type=char)
OBJ 8a69270 (sz=4, trace=180, class=java.util.jar.Attributes$Name@8a566e8)
	name		8a66e80
ARR 8a69290 (sz=8, trace=151, nelems=10, elem type=char)
OBJ 8a692b0 (sz=6, trace=152, class=java.lang.String@81a9d0)
	value		8a692d0
ARR 8a692d0 (sz=8, trace=153, nelems=10, elem type=char)
OBJ 8a692f0 (sz=6, trace=154, class=java.util.HashMap$Entry@88eda8)
	next		8a691d0
	value		8a69230
	key		8a69270
OBJ 8a69310 (sz=6, trace=176, class=java.lang.String@81a9d0)
	value		8a69330
ARR 8a69330 (sz=8, trace=177, nelems=10, elem type=char)
OBJ 8a69350 (sz=6, trace=178, class=java.lang.String@81a9d0)
	value		8a69370
ARR 8a69370 (sz=16, trace=179, nelems=24, elem type=char)
OBJ 8a69390 (sz=4, trace=180, class=java.util.jar.Attributes$Name@8a566e8)
	name		8a670d0
ARR 8a693b0 (sz=8, trace=151, nelems=10, elem type=char)
OBJ 8a693d0 (sz=6, trace=152, class=java.lang.String@81a9d0)
	value		8a693f0
ARR 8a693f0 (sz=8, trace=153, nelems=10, elem type=char)
ARR 8a69410 (sz=10, trace=181, nelems=7, elem type=java.util.HashMap$Entry@88eda8)
	[5]		8a69430
OBJ 8a69430 (sz=6, trace=154, class=java.util.HashMap$Entry@88eda8)
	next		8a692f0
	value		8a69350
	key		8a69390
OBJ 8a69450 (sz=6, trace=170, class=java.lang.String@81a9d0)
	value		8a69470
ARR 8a69470 (sz=16, trace=171, nelems=24, elem type=char)
OBJ 8a69490 (sz=4, trace=172, class=java.util.jar.Attributes@8a4dce8)
	map		8a694b0
OBJ 8a694b0 (sz=12, trace=173, class=java.util.HashMap@88ec28)
	table		8a69850
ARR 8a694d0 (sz=6, trace=174, nelems=3, elem type=java.util.HashMap$Entry@88eda8)
	[0]		8a69730
	[2]		8a69610
OBJ 8a694f0 (sz=6, trace=175, class=java.util.HashMap$Entry@88eda8)
	value		8a69490
	key		8a69450
OBJ 8a69510 (sz=6, trace=176, class=java.lang.String@81a9d0)
	value		8a69530
ARR 8a69530 (sz=12, trace=177, nelems=17, elem type=char)
OBJ 8a69550 (sz=6, trace=178, class=java.lang.String@81a9d0)
	value		8a69570
ARR 8a69570 (sz=8, trace=179, nelems=8, elem type=char)
OBJ 8a69590 (sz=4, trace=180, class=java.util.jar.Attributes$Name@8a566e8)
	name		8a66d20
ARR 8a695b0 (sz=12, trace=151, nelems=17, elem type=char)
OBJ 8a695d0 (sz=6, trace=152, class=java.lang.String@81a9d0)
	value		8a695f0
ARR 8a695f0 (sz=12, trace=153, nelems=17, elem type=char)
OBJ 8a69610 (sz=6, trace=154, class=java.util.HashMap$Entry@88eda8)
	value		8a69550
	key		8a69590
OBJ 8a69630 (sz=6, trace=176, class=java.lang.String@81a9d0)
	value		8a69650
ARR 8a69650 (sz=8, trace=177, nelems=10, elem type=char)
OBJ 8a69670 (sz=6, trace=178, class=java.lang.String@81a9d0)
	value		8a69690
ARR 8a69690 (sz=18, trace=179, nelems=28, elem type=char)
OBJ 8a696b0 (sz=4, trace=180, class=java.util.jar.Attributes$Name@8a566e8)
	name		8a66e80
ARR 8a696d0 (sz=8, trace=151, nelems=10, elem type=char)
OBJ 8a696f0 (sz=6, trace=152, class=java.lang.String@81a9d0)
	value		8a69710
ARR 8a69710 (sz=8, trace=153, nelems=10, elem type=char)
OBJ 8a69730 (sz=6, trace=154, class=java.util.HashMap$Entry@88eda8)
	next		8a69610
	value		8a69670
	key		8a696b0
OBJ 8a69750 (sz=6, trace=176, class=java.lang.String@81a9d0)
	value		8a69770
ARR 8a69770 (sz=8, trace=177, nelems=10, elem type=char)
OBJ 8a69790 (sz=6, trace=178, class=java.lang.String@81a9d0)
	value		8a697b0
ARR 8a697b0 (sz=16, trace=179, nelems=24, elem type=char)
OBJ 8a697d0 (sz=4, trace=180, class=java.util.jar.Attributes$Name@8a566e8)
	name		8a670d0
ARR 8a697f0 (sz=8, trace=151, nelems=10, elem type=char)
OBJ 8a69810 (sz=6, trace=152, class=java.lang.String@81a9d0)
	value		8a69830
ARR 8a69830 (sz=8, trace=153, nelems=10, elem type=char)
ARR 8a69850 (sz=10, trace=181, nelems=7, elem type=java.util.HashMap$Entry@88eda8)
	[5]		8a69870
OBJ 8a69870 (sz=6, trace=154, class=java.util.HashMap$Entry@88eda8)
	next		8a69730
	value		8a69790
	key		8a697d0
OBJ 8a69890 (sz=6, trace=170, class=java.lang.String@81a9d0)
	value		8a698b0
ARR 8a698b0 (sz=14, trace=171, nelems=19, elem type=char)
OBJ 8a698d0 (sz=4, trace=172, class=java.util.jar.Attributes@8a4dce8)
	map		8a698f0
OBJ 8a698f0 (sz=12, trace=173, class=java.util.HashMap@88ec28)
	table		8a69c90
ARR 8a69910 (sz=6, trace=174, nelems=3, elem type=java.util.HashMap$Entry@88eda8)
	[0]		8a69b70
	[2]		8a69a50
OBJ 8a69930 (sz=6, trace=175, class=java.util.HashMap$Entry@88eda8)
	next		8a6ba90
	value		8a698d0
	key		8a69890
OBJ 8a69950 (sz=6, trace=176, class=java.lang.String@81a9d0)
	value		8a69970
ARR 8a69970 (sz=12, trace=177, nelems=17, elem type=char)
OBJ 8a69990 (sz=6, trace=178, class=java.lang.String@81a9d0)
	value		8a699b0
ARR 8a699b0 (sz=8, trace=179, nelems=8, elem type=char)
OBJ 8a699d0 (sz=4, trace=180, class=java.util.jar.Attributes$Name@8a566e8)
	name		8a66d20
ARR 8a699f0 (sz=12, trace=151, nelems=17, elem type=char)
OBJ 8a69a10 (sz=6, trace=152, class=java.lang.String@81a9d0)
	value		8a69a30
ARR 8a69a30 (sz=12, trace=153, nelems=17, elem type=char)
OBJ 8a69a50 (sz=6, trace=154, class=java.util.HashMap$Entry@88eda8)
	value		8a69990
	key		8a699d0
OBJ 8a69a70 (sz=6, trace=176, class=java.lang.String@81a9d0)
	value		8a69a90
ARR 8a69a90 (sz=8, trace=177, nelems=10, elem type=char)
OBJ 8a69ab0 (sz=6, trace=178, class=java.lang.String@81a9d0)
	value		8a69ad0
ARR 8a69ad0 (sz=18, trace=179, nelems=28, elem type=char)
OBJ 8a69af0 (sz=4, trace=180, class=java.util.jar.Attributes$Name@8a566e8)
	name		8a66e80
ARR 8a69b10 (sz=8, trace=151, nelems=10, elem type=char)
OBJ 8a69b30 (sz=6, trace=152, class=java.lang.String@81a9d0)
	value		8a69b50
ARR 8a69b50 (sz=8, trace=153, nelems=10, elem type=char)
OBJ 8a69b70 (sz=6, trace=154, class=java.util.HashMap$Entry@88eda8)
	next		8a69a50
	value		8a69ab0
	key		8a69af0
OBJ 8a69b90 (sz=6, trace=176, class=java.lang.String@81a9d0)
	value		8a69bb0
ARR 8a69bb0 (sz=8, trace=177, nelems=10, elem type=char)
OBJ 8a69bd0 (sz=6, trace=178, class=java.lang.String@81a9d0)
	value		8a69bf0
ARR 8a69bf0 (sz=16, trace=179, nelems=24, elem type=char)
OBJ 8a69c10 (sz=4, trace=180, class=java.util.jar.Attributes$Name@8a566e8)
	name		8a670d0
ARR 8a69c30 (sz=8, trace=151, nelems=10, elem type=char)
OBJ 8a69c50 (sz=6, trace=152, class=java.lang.String@81a9d0)
	value		8a69c70
ARR 8a69c70 (sz=8, trace=153, nelems=10, elem type=char)
ARR 8a69c90 (sz=10, trace=181, nelems=7, elem type=java.util.HashMap$Entry@88eda8)
	[5]		8a69cb0
OBJ 8a69cb0 (sz=6, trace=154, class=java.util.HashMap$Entry@88eda8)
	next		8a69b70
	value		8a69bd0
	key		8a69c10
OBJ 8a69cd0 (sz=6, trace=170, class=java.lang.String@81a9d0)
	value		8a69cf0
ARR 8a69cf0 (sz=18, trace=171, nelems=28, elem type=char)
OBJ 8a69d10 (sz=4, trace=172, class=java.util.jar.Attributes@8a4dce8)
	map		8a69d30
OBJ 8a69d30 (sz=12, trace=173, class=java.util.HashMap@88ec28)
	table		8a6a168
ARR 8a69d50 (sz=6, trace=174, nelems=3, elem type=java.util.HashMap$Entry@88eda8)
	[0]		8a6a048
	[2]		8a69f20
ARR 8a69db8 (sz=26, trace=184, nelems=23, elem type=java.util.HashMap$Entry@88eda8)
	[0]		8a66970
	[1]		8a69930
	[2]		8a6b650
	[3]		8a6ba90
	[4]		8a6c310
	[8]		8a68c70
	[11]		8a6cb90
	[13]		8a69e00
	[14]		8a694f0
	[15]		8a67fb0
	[20]		8a690b0
	[21]		8a6c750
	[22]		8a6aab0
OBJ 8a69e00 (sz=6, trace=175, class=java.util.HashMap$Entry@88eda8)
	value		8a69d10
	key		8a69cd0
OBJ 8a69e20 (sz=6, trace=176, class=java.lang.String@81a9d0)
	value		8a69e40
ARR 8a69e40 (sz=12, trace=177, nelems=17, elem type=char)
OBJ 8a69e60 (sz=6, trace=178, class=java.lang.String@81a9d0)
	value		8a69e80
ARR 8a69e80 (sz=8, trace=179, nelems=8, elem type=char)
OBJ 8a69ea0 (sz=4, trace=180, class=java.util.jar.Attributes$Name@8a566e8)
	name		8a66d20
ARR 8a69ec0 (sz=12, trace=151, nelems=17, elem type=char)
OBJ 8a69ee0 (sz=6, trace=152, class=java.lang.String@81a9d0)
	value		8a69f00
ARR 8a69f00 (sz=12, trace=153, nelems=17, elem type=char)
OBJ 8a69f20 (sz=6, trace=154, class=java.util.HashMap$Entry@88eda8)
	value		8a69e60
	key		8a69ea0
OBJ 8a69f40 (sz=6, trace=176, class=java.lang.String@81a9d0)
	value		8a69f60
ARR 8a69f60 (sz=8, trace=177, nelems=10, elem type=char)
OBJ 8a69f80 (sz=6, trace=178, class=java.lang.String@81a9d0)
	value		8a69fa0
ARR 8a69fa0 (sz=18, trace=179, nelems=28, elem type=char)
OBJ 8a69fc0 (sz=4, trace=180, class=java.util.jar.Attributes$Name@8a566e8)
	name		8a66e80
ARR 8a69fe0 (sz=8, trace=151, nelems=10, elem type=char)
OBJ 8a6a008 (sz=6, trace=152, class=java.lang.String@81a9d0)
	value		8a6a028
ARR 8a6a028 (sz=8, trace=153, nelems=10, elem type=char)
OBJ 8a6a048 (sz=6, trace=154, class=java.util.HashMap$Entry@88eda8)
	next		8a69f20
	value		8a69f80
	key		8a69fc0
OBJ 8a6a068 (sz=6, trace=176, class=java.lang.String@81a9d0)
	value		8a6a088
ARR 8a6a088 (sz=8, trace=177, nelems=10, elem type=char)
OBJ 8a6a0a8 (sz=6, trace=178, class=java.lang.String@81a9d0)
	value		8a6a0c8
ARR 8a6a0c8 (sz=16, trace=179, nelems=24, elem type=char)
OBJ 8a6a0e8 (sz=4, trace=180, class=java.util.jar.Attributes$Name@8a566e8)
	name		8a670d0
ARR 8a6a108 (sz=8, trace=151, nelems=10, elem type=char)
OBJ 8a6a128 (sz=6, trace=152, class=java.lang.String@81a9d0)
	value		8a6a148
ARR 8a6a148 (sz=8, trace=153, nelems=10, elem type=char)
ARR 8a6a168 (sz=10, trace=181, nelems=7, elem type=java.util.HashMap$Entry@88eda8)
	[5]		8a6a188
OBJ 8a6a188 (sz=6, trace=154, class=java.util.HashMap$Entry@88eda8)
	next		8a6a048
	value		8a6a0a8
	key		8a6a0e8
OBJ 8a6a1a8 (sz=6, trace=170, class=java.lang.String@81a9d0)
	value		8a6a1c8
ARR 8a6a1c8 (sz=22, trace=171, nelems=36, elem type=char)
OBJ 8a6a1e8 (sz=4, trace=172, class=java.util.jar.Attributes@8a4dce8)
	map		8a6a208
OBJ 8a6a208 (sz=12, trace=173, class=java.util.HashMap@88ec28)
	table		8a6a9d0
ARR 8a6a228 (sz=6, trace=174, nelems=3, elem type=java.util.HashMap$Entry@88eda8)
	[0]		8a6a8b0
	[2]		8a6a790
OBJ 8a6a248 (sz=6, trace=175, class=java.util.HashMap$Entry@88eda8)
	value		8a6a1e8
	key		8a6a1a8
OBJ 8a6a690 (sz=6, trace=176, class=java.lang.String@81a9d0)
	value		8a6a6b0
ARR 8a6a6b0 (sz=12, trace=177, nelems=17, elem type=char)
OBJ 8a6a6d0 (sz=6, trace=178, class=java.lang.String@81a9d0)
	value		8a6a6f0
ARR 8a6a6f0 (sz=8, trace=179, nelems=8, elem type=char)
OBJ 8a6a710 (sz=4, trace=180, class=java.util.jar.Attributes$Name@8a566e8)
	name		8a66d20
ARR 8a6a730 (sz=12, trace=151, nelems=17, elem type=char)
OBJ 8a6a750 (sz=6, trace=152, class=java.lang.String@81a9d0)
	value		8a6a770
ARR 8a6a770 (sz=12, trace=153, nelems=17, elem type=char)
OBJ 8a6a790 (sz=6, trace=154, class=java.util.HashMap$Entry@88eda8)
	value		8a6a6d0
	key		8a6a710
OBJ 8a6a7b0 (sz=6, trace=176, class=java.lang.String@81a9d0)
	value		8a6a7d0
ARR 8a6a7d0 (sz=8, trace=177, nelems=10, elem type=char)
OBJ 8a6a7f0 (sz=6, trace=178, class=java.lang.String@81a9d0)
	value		8a6a810
ARR 8a6a810 (sz=18, trace=179, nelems=28, elem type=char)
OBJ 8a6a830 (sz=4, trace=180, class=java.util.jar.Attributes$Name@8a566e8)
	name		8a66e80
ARR 8a6a850 (sz=8, trace=151, nelems=10, elem type=char)
OBJ 8a6a870 (sz=6, trace=152, class=java.lang.String@81a9d0)
	value		8a6a890
ARR 8a6a890 (sz=8, trace=153, nelems=10, elem type=char)
OBJ 8a6a8b0 (sz=6, trace=154, class=java.util.HashMap$Entry@88eda8)
	next		8a6a790
	value		8a6a7f0
	key		8a6a830
OBJ 8a6a8d0 (sz=6, trace=176, class=java.lang.String@81a9d0)
	value		8a6a8f0
ARR 8a6a8f0 (sz=8, trace=177, nelems=10, elem type=char)
OBJ 8a6a910 (sz=6, trace=178, class=java.lang.String@81a9d0)
	value		8a6a930
ARR 8a6a930 (sz=16, trace=179, nelems=24, elem type=char)
OBJ 8a6a950 (sz=4, trace=180, class=java.util.jar.Attributes$Name@8a566e8)
	name		8a670d0
ARR 8a6a970 (sz=8, trace=151, nelems=10, elem type=char)
OBJ 8a6a990 (sz=6, trace=152, class=java.lang.String@81a9d0)
	value		8a6a9b0
ARR 8a6a9b0 (sz=8, trace=153, nelems=10, elem type=char)
ARR 8a6a9d0 (sz=10, trace=181, nelems=7, elem type=java.util.HashMap$Entry@88eda8)
	[5]		8a6a9f0
OBJ 8a6a9f0 (sz=6, trace=154, class=java.util.HashMap$Entry@88eda8)
	next		8a6a8b0
	value		8a6a910
	key		8a6a950
OBJ 8a6aa10 (sz=6, trace=170, class=java.lang.String@81a9d0)
	value		8a6aa30
ARR 8a6aa30 (sz=16, trace=171, nelems=24, elem type=char)
OBJ 8a6aa50 (sz=4, trace=172, class=java.util.jar.Attributes@8a4dce8)
	map		8a6aa70
OBJ 8a6aa70 (sz=12, trace=173, class=java.util.HashMap@88ec28)
	table		8a6b570
ARR 8a6aa90 (sz=6, trace=174, nelems=3, elem type=java.util.HashMap$Entry@88eda8)
	[0]		8a6acf0
	[2]		8a6abd0
OBJ 8a6aab0 (sz=6, trace=175, class=java.util.HashMap$Entry@88eda8)
	value		8a6aa50
	key		8a6aa10
OBJ 8a6aad0 (sz=6, trace=176, class=java.lang.String@81a9d0)
	value		8a6aaf0
ARR 8a6aaf0 (sz=12, trace=177, nelems=17, elem type=char)
OBJ 8a6ab10 (sz=6, trace=178, class=java.lang.String@81a9d0)
	value		8a6ab30
ARR 8a6ab30 (sz=8, trace=179, nelems=8, elem type=char)
OBJ 8a6ab50 (sz=4, trace=180, class=java.util.jar.Attributes$Name@8a566e8)
	name		8a66d20
ARR 8a6ab70 (sz=12, trace=151, nelems=17, elem type=char)
OBJ 8a6ab90 (sz=6, trace=152, class=java.lang.String@81a9d0)
	value		8a6abb0
ARR 8a6abb0 (sz=12, trace=153, nelems=17, elem type=char)
OBJ 8a6abd0 (sz=6, trace=154, class=java.util.HashMap$Entry@88eda8)
	value		8a6ab10
	key		8a6ab50
OBJ 8a6abf0 (sz=6, trace=176, class=java.lang.String@81a9d0)
	value		8a6ac10
ARR 8a6ac10 (sz=8, trace=177, nelems=10, elem type=char)
OBJ 8a6ac30 (sz=6, trace=178, class=java.lang.String@81a9d0)
	value		8a6ac50
ARR 8a6ac50 (sz=18, trace=179, nelems=28, elem type=char)
OBJ 8a6ac70 (sz=4, trace=180, class=java.util.jar.Attributes$Name@8a566e8)
	name		8a66e80
ARR 8a6ac90 (sz=8, trace=151, nelems=10, elem type=char)
OBJ 8a6acb0 (sz=6, trace=152, class=java.lang.String@81a9d0)
	value		8a6acd0
ARR 8a6acd0 (sz=8, trace=153, nelems=10, elem type=char)
OBJ 8a6acf0 (sz=6, trace=154, class=java.util.HashMap$Entry@88eda8)
	next		8a6abd0
	value		8a6ac30
	key		8a6ac70
OBJ 8a6ad10 (sz=6, trace=176, class=java.lang.String@81a9d0)
	value		8a6b490
ARR 8a6b490 (sz=8, trace=177, nelems=10, elem type=char)
OBJ 8a6b4b0 (sz=6, trace=178, class=java.lang.String@81a9d0)
	value		8a6b4d0
ARR 8a6b4d0 (sz=16, trace=179, nelems=24, elem type=char)
OBJ 8a6b4f0 (sz=4, trace=180, class=java.util.jar.Attributes$Name@8a566e8)
	name		8a670d0
ARR 8a6b510 (sz=8, trace=151, nelems=10, elem type=char)
OBJ 8a6b530 (sz=6, trace=152, class=java.lang.String@81a9d0)
	value		8a6b550
ARR 8a6b550 (sz=8, trace=153, nelems=10, elem type=char)
ARR 8a6b570 (sz=10, trace=181, nelems=7, elem type=java.util.HashMap$Entry@88eda8)
	[5]		8a6b590
OBJ 8a6b590 (sz=6, trace=154, class=java.util.HashMap$Entry@88eda8)
	next		8a6acf0
	value		8a6b4b0
	key		8a6b4f0
OBJ 8a6b5b0 (sz=6, trace=170, class=java.lang.String@81a9d0)
	value		8a6b5d0
ARR 8a6b5d0 (sz=22, trace=171, nelems=35, elem type=char)
OBJ 8a6b5f0 (sz=4, trace=172, class=java.util.jar.Attributes@8a4dce8)
	map		8a6b610
OBJ 8a6b610 (sz=12, trace=173, class=java.util.HashMap@88ec28)
	table		8a6b9b0
ARR 8a6b630 (sz=6, trace=174, nelems=3, elem type=java.util.HashMap$Entry@88eda8)
	[0]		8a6b890
	[2]		8a6b770
OBJ 8a6b650 (sz=6, trace=175, class=java.util.HashMap$Entry@88eda8)
	next		8a690b0
	value		8a6b5f0
	key		8a6b5b0
OBJ 8a6b670 (sz=6, trace=176, class=java.lang.String@81a9d0)
	value		8a6b690
ARR 8a6b690 (sz=12, trace=177, nelems=17, elem type=char)
OBJ 8a6b6b0 (sz=6, trace=178, class=java.lang.String@81a9d0)
	value		8a6b6d0
ARR 8a6b6d0 (sz=8, trace=179, nelems=8, elem type=char)
OBJ 8a6b6f0 (sz=4, trace=180, class=java.util.jar.Attributes$Name@8a566e8)
	name		8a66d20
ARR 8a6b710 (sz=12, trace=151, nelems=17, elem type=char)
OBJ 8a6b730 (sz=6, trace=152, class=java.lang.String@81a9d0)
	value		8a6b750
ARR 8a6b750 (sz=12, trace=153, nelems=17, elem type=char)
OBJ 8a6b770 (sz=6, trace=154, class=java.util.HashMap$Entry@88eda8)
	value		8a6b6b0
	key		8a6b6f0
OBJ 8a6b790 (sz=6, trace=176, class=java.lang.String@81a9d0)
	value		8a6b7b0
ARR 8a6b7b0 (sz=8, trace=177, nelems=10, elem type=char)
OBJ 8a6b7d0 (sz=6, trace=178, class=java.lang.String@81a9d0)
	value		8a6b7f0
ARR 8a6b7f0 (sz=18, trace=179, nelems=28, elem type=char)
OBJ 8a6b810 (sz=4, trace=180, class=java.util.jar.Attributes$Name@8a566e8)
	name		8a66e80
ARR 8a6b830 (sz=8, trace=151, nelems=10, elem type=char)
OBJ 8a6b850 (sz=6, trace=152, class=java.lang.String@81a9d0)
	value		8a6b870
ARR 8a6b870 (sz=8, trace=153, nelems=10, elem type=char)
OBJ 8a6b890 (sz=6, trace=154, class=java.util.HashMap$Entry@88eda8)
	next		8a6b770
	value		8a6b7d0
	key		8a6b810
OBJ 8a6b8b0 (sz=6, trace=176, class=java.lang.String@81a9d0)
	value		8a6b8d0
ARR 8a6b8d0 (sz=8, trace=177, nelems=10, elem type=char)
OBJ 8a6b8f0 (sz=6, trace=178, class=java.lang.String@81a9d0)
	value		8a6b910
ARR 8a6b910 (sz=16, trace=179, nelems=24, elem type=char)
OBJ 8a6b930 (sz=4, trace=180, class=java.util.jar.Attributes$Name@8a566e8)
	name		8a670d0
ARR 8a6b950 (sz=8, trace=151, nelems=10, elem type=char)
OBJ 8a6b970 (sz=6, trace=152, class=java.lang.String@81a9d0)
	value		8a6b990
ARR 8a6b990 (sz=8, trace=153, nelems=10, elem type=char)
ARR 8a6b9b0 (sz=10, trace=181, nelems=7, elem type=java.util.HashMap$Entry@88eda8)
	[5]		8a6b9d0
OBJ 8a6b9d0 (sz=6, trace=154, class=java.util.HashMap$Entry@88eda8)
	next		8a6b890
	value		8a6b8f0
	key		8a6b930
OBJ 8a6b9f0 (sz=6, trace=170, class=java.lang.String@81a9d0)
	value		8a6ba10
ARR 8a6ba10 (sz=16, trace=171, nelems=25, elem type=char)
OBJ 8a6ba30 (sz=4, trace=172, class=java.util.jar.Attributes@8a4dce8)
	map		8a6ba50
OBJ 8a6ba50 (sz=12, trace=173, class=java.util.HashMap@88ec28)
	table		8a6bdf0
ARR 8a6ba70 (sz=6, trace=174, nelems=3, elem type=java.util.HashMap$Entry@88eda8)
	[0]		8a6bcd0
	[2]		8a6bbb0
OBJ 8a6ba90 (sz=6, trace=175, class=java.util.HashMap$Entry@88eda8)
	value		8a6ba30
	key		8a6b9f0
OBJ 8a6bab0 (sz=6, trace=176, class=java.lang.String@81a9d0)
	value		8a6bad0
ARR 8a6bad0 (sz=12, trace=177, nelems=17, elem type=char)
OBJ 8a6baf0 (sz=6, trace=178, class=java.lang.String@81a9d0)
	value		8a6bb10
ARR 8a6bb10 (sz=8, trace=179, nelems=8, elem type=char)
OBJ 8a6bb30 (sz=4, trace=180, class=java.util.jar.Attributes$Name@8a566e8)
	name		8a66d20
ARR 8a6bb50 (sz=12, trace=151, nelems=17, elem type=char)
OBJ 8a6bb70 (sz=6, trace=152, class=java.lang.String@81a9d0)
	value		8a6bb90
ARR 8a6bb90 (sz=12, trace=153, nelems=17, elem type=char)
OBJ 8a6bbb0 (sz=6, trace=154, class=java.util.HashMap$Entry@88eda8)
	value		8a6baf0
	key		8a6bb30
OBJ 8a6bbd0 (sz=6, trace=176, class=java.lang.String@81a9d0)
	value		8a6bbf0
ARR 8a6bbf0 (sz=8, trace=177, nelems=10, elem type=char)
OBJ 8a6bc10 (sz=6, trace=178, class=java.lang.String@81a9d0)
	value		8a6bc30
ARR 8a6bc30 (sz=18, trace=179, nelems=28, elem type=char)
OBJ 8a6bc50 (sz=4, trace=180, class=java.util.jar.Attributes$Name@8a566e8)
	name		8a66e80
ARR 8a6bc70 (sz=8, trace=151, nelems=10, elem type=char)
OBJ 8a6bc90 (sz=6, trace=152, class=java.lang.String@81a9d0)
	value		8a6bcb0
ARR 8a6bcb0 (sz=8, trace=153, nelems=10, elem type=char)
OBJ 8a6bcd0 (sz=6, trace=154, class=java.util.HashMap$Entry@88eda8)
	next		8a6bbb0
	value		8a6bc10
	key		8a6bc50
OBJ 8a6bcf0 (sz=6, trace=176, class=java.lang.String@81a9d0)
	value		8a6bd10
ARR 8a6bd10 (sz=8, trace=177, nelems=10, elem type=char)
OBJ 8a6bd30 (sz=6, trace=178, class=java.lang.String@81a9d0)
	value		8a6bd50
ARR 8a6bd50 (sz=16, trace=179, nelems=24, elem type=char)
OBJ 8a6bd70 (sz=4, trace=180, class=java.util.jar.Attributes$Name@8a566e8)
	name		8a670d0
ARR 8a6bd90 (sz=8, trace=151, nelems=10, elem type=char)
OBJ 8a6bdb0 (sz=6, trace=152, class=java.lang.String@81a9d0)
	value		8a6bdd0
ARR 8a6bdd0 (sz=8, trace=153, nelems=10, elem type=char)
ARR 8a6bdf0 (sz=10, trace=181, nelems=7, elem type=java.util.HashMap$Entry@88eda8)
	[5]		8a6be10
OBJ 8a6be10 (sz=6, trace=154, class=java.util.HashMap$Entry@88eda8)
	next		8a6bcd0
	value		8a6bd30
	key		8a6bd70
OBJ 8a6be30 (sz=6, trace=170, class=java.lang.String@81a9d0)
	value		8a6be50
ARR 8a6be50 (sz=16, trace=171, nelems=24, elem type=char)
OBJ 8a6be70 (sz=4, trace=172, class=java.util.jar.Attributes@8a4dce8)
	map		8a6be90
OBJ 8a6be90 (sz=12, trace=173, class=java.util.HashMap@88ec28)
	table		8a6c230
ARR 8a6beb0 (sz=6, trace=174, nelems=3, elem type=java.util.HashMap$Entry@88eda8)
	[0]		8a6c110
	[2]		8a6bff0
OBJ 8a6bed0 (sz=6, trace=175, class=java.util.HashMap$Entry@88eda8)
	value		8a6be70
	key		8a6be30
OBJ 8a6bef0 (sz=6, trace=176, class=java.lang.String@81a9d0)
	value		8a6bf10
ARR 8a6bf10 (sz=12, trace=177, nelems=17, elem type=char)
OBJ 8a6bf30 (sz=6, trace=178, class=java.lang.String@81a9d0)
	value		8a6bf50
ARR 8a6bf50 (sz=8, trace=179, nelems=8, elem type=char)
OBJ 8a6bf70 (sz=4, trace=180, class=java.util.jar.Attributes$Name@8a566e8)
	name		8a66d20
ARR 8a6bf90 (sz=12, trace=151, nelems=17, elem type=char)
OBJ 8a6bfb0 (sz=6, trace=152, class=java.lang.String@81a9d0)
	value		8a6bfd0
ARR 8a6bfd0 (sz=12, trace=153, nelems=17, elem type=char)
OBJ 8a6bff0 (sz=6, trace=154, class=java.util.HashMap$Entry@88eda8)
	value		8a6bf30
	key		8a6bf70
OBJ 8a6c010 (sz=6, trace=176, class=java.lang.String@81a9d0)
	value		8a6c030
ARR 8a6c030 (sz=8, trace=177, nelems=10, elem type=char)
OBJ 8a6c050 (sz=6, trace=178, class=java.lang.String@81a9d0)
	value		8a6c070
ARR 8a6c070 (sz=18, trace=179, nelems=28, elem type=char)
OBJ 8a6c090 (sz=4, trace=180, class=java.util.jar.Attributes$Name@8a566e8)
	name		8a66e80
ARR 8a6c0b0 (sz=8, trace=151, nelems=10, elem type=char)
OBJ 8a6c0d0 (sz=6, trace=152, class=java.lang.String@81a9d0)
	value		8a6c0f0
ARR 8a6c0f0 (sz=8, trace=153, nelems=10, elem type=char)
OBJ 8a6c110 (sz=6, trace=154, class=java.util.HashMap$Entry@88eda8)
	next		8a6bff0
	value		8a6c050
	key		8a6c090
OBJ 8a6c130 (sz=6, trace=176, class=java.lang.String@81a9d0)
	value		8a6c150
ARR 8a6c150 (sz=8, trace=177, nelems=10, elem type=char)
OBJ 8a6c170 (sz=6, trace=178, class=java.lang.String@81a9d0)
	value		8a6c190
ARR 8a6c190 (sz=16, trace=179, nelems=24, elem type=char)
OBJ 8a6c1b0 (sz=4, trace=180, class=java.util.jar.Attributes$Name@8a566e8)
	name		8a670d0
ARR 8a6c1d0 (sz=8, trace=151, nelems=10, elem type=char)
OBJ 8a6c1f0 (sz=6, trace=152, class=java.lang.String@81a9d0)
	value		8a6c210
ARR 8a6c210 (sz=8, trace=153, nelems=10, elem type=char)
ARR 8a6c230 (sz=10, trace=181, nelems=7, elem type=java.util.HashMap$Entry@88eda8)
	[5]		8a6c250
OBJ 8a6c250 (sz=6, trace=154, class=java.util.HashMap$Entry@88eda8)
	next		8a6c110
	value		8a6c170
	key		8a6c1b0
OBJ 8a6c270 (sz=6, trace=170, class=java.lang.String@81a9d0)
	value		8a6c290
ARR 8a6c290 (sz=18, trace=171, nelems=27, elem type=char)
OBJ 8a6c2b0 (sz=4, trace=172, class=java.util.jar.Attributes@8a4dce8)
	map		8a6c2d0
OBJ 8a6c2d0 (sz=12, trace=173, class=java.util.HashMap@88ec28)
	table		8a6c670
ARR 8a6c2f0 (sz=6, trace=174, nelems=3, elem type=java.util.HashMap$Entry@88eda8)
	[0]		8a6c550
	[2]		8a6c430
OBJ 8a6c310 (sz=6, trace=175, class=java.util.HashMap$Entry@88eda8)
	next		8a67fb0
	value		8a6c2b0
	key		8a6c270
OBJ 8a6c330 (sz=6, trace=176, class=java.lang.String@81a9d0)
	value		8a6c350
ARR 8a6c350 (sz=12, trace=177, nelems=17, elem type=char)
OBJ 8a6c370 (sz=6, trace=178, class=java.lang.String@81a9d0)
	value		8a6c390
ARR 8a6c390 (sz=8, trace=179, nelems=8, elem type=char)
OBJ 8a6c3b0 (sz=4, trace=180, class=java.util.jar.Attributes$Name@8a566e8)
	name		8a66d20
ARR 8a6c3d0 (sz=12, trace=151, nelems=17, elem type=char)
OBJ 8a6c3f0 (sz=6, trace=152, class=java.lang.String@81a9d0)
	value		8a6c410
ARR 8a6c410 (sz=12, trace=153, nelems=17, elem type=char)
OBJ 8a6c430 (sz=6, trace=154, class=java.util.HashMap$Entry@88eda8)
	value		8a6c370
	key		8a6c3b0
OBJ 8a6c450 (sz=6, trace=176, class=java.lang.String@81a9d0)
	value		8a6c470
ARR 8a6c470 (sz=8, trace=177, nelems=10, elem type=char)
OBJ 8a6c490 (sz=6, trace=178, class=java.lang.String@81a9d0)
	value		8a6c4b0
ARR 8a6c4b0 (sz=18, trace=179, nelems=28, elem type=char)
OBJ 8a6c4d0 (sz=4, trace=180, class=java.util.jar.Attributes$Name@8a566e8)
	name		8a66e80
ARR 8a6c4f0 (sz=8, trace=151, nelems=10, elem type=char)
OBJ 8a6c510 (sz=6, trace=152, class=java.lang.String@81a9d0)
	value		8a6c530
ARR 8a6c530 (sz=8, trace=153, nelems=10, elem type=char)
OBJ 8a6c550 (sz=6, trace=154, class=java.util.HashMap$Entry@88eda8)
	next		8a6c430
	value		8a6c490
	key		8a6c4d0
OBJ 8a6c570 (sz=6, trace=176, class=java.lang.String@81a9d0)
	value		8a6c590
ARR 8a6c590 (sz=8, trace=177, nelems=10, elem type=char)
OBJ 8a6c5b0 (sz=6, trace=178, class=java.lang.String@81a9d0)
	value		8a6c5d0
ARR 8a6c5d0 (sz=16, trace=179, nelems=24, elem type=char)
OBJ 8a6c5f0 (sz=4, trace=180, class=java.util.jar.Attributes$Name@8a566e8)
	name		8a670d0
ARR 8a6c610 (sz=8, trace=151, nelems=10, elem type=char)
OBJ 8a6c630 (sz=6, trace=152, class=java.lang.String@81a9d0)
	value		8a6c650
ARR 8a6c650 (sz=8, trace=153, nelems=10, elem type=char)
ARR 8a6c670 (sz=10, trace=181, nelems=7, elem type=java.util.HashMap$Entry@88eda8)
	[5]		8a6c690
OBJ 8a6c690 (sz=6, trace=154, class=java.util.HashMap$Entry@88eda8)
	next		8a6c550
	value		8a6c5b0
	key		8a6c5f0
OBJ 8a6c6b0 (sz=6, trace=170, class=java.lang.String@81a9d0)
	value		8a6c6d0
ARR 8a6c6d0 (sz=20, trace=171, nelems=31, elem type=char)
OBJ 8a6c6f0 (sz=4, trace=172, class=java.util.jar.Attributes@8a4dce8)
	map		8a6c710
OBJ 8a6c710 (sz=12, trace=173, class=java.util.HashMap@88ec28)
	table		8a6cab0
ARR 8a6c730 (sz=6, trace=174, nelems=3, elem type=java.util.HashMap$Entry@88eda8)
	[0]		8a6c990
	[2]		8a6c870
OBJ 8a6c750 (sz=6, trace=175, class=java.util.HashMap$Entry@88eda8)
	value		8a6c6f0
	key		8a6c6b0
OBJ 8a6c770 (sz=6, trace=176, class=java.lang.String@81a9d0)
	value		8a6c790
ARR 8a6c790 (sz=12, trace=177, nelems=17, elem type=char)
OBJ 8a6c7b0 (sz=6, trace=178, class=java.lang.String@81a9d0)
	value		8a6c7d0
ARR 8a6c7d0 (sz=8, trace=179, nelems=8, elem type=char)
OBJ 8a6c7f0 (sz=4, trace=180, class=java.util.jar.Attributes$Name@8a566e8)
	name		8a66d20
ARR 8a6c810 (sz=12, trace=151, nelems=17, elem type=char)
OBJ 8a6c830 (sz=6, trace=152, class=java.lang.String@81a9d0)
	value		8a6c850
ARR 8a6c850 (sz=12, trace=153, nelems=17, elem type=char)
OBJ 8a6c870 (sz=6, trace=154, class=java.util.HashMap$Entry@88eda8)
	value		8a6c7b0
	key		8a6c7f0
OBJ 8a6c890 (sz=6, trace=176, class=java.lang.String@81a9d0)
	value		8a6c8b0
ARR 8a6c8b0 (sz=8, trace=177, nelems=10, elem type=char)
OBJ 8a6c8d0 (sz=6, trace=178, class=java.lang.String@81a9d0)
	value		8a6c8f0
ARR 8a6c8f0 (sz=18, trace=179, nelems=28, elem type=char)
OBJ 8a6c910 (sz=4, trace=180, class=java.util.jar.Attributes$Name@8a566e8)
	name		8a66e80
ARR 8a6c930 (sz=8, trace=151, nelems=10, elem type=char)
OBJ 8a6c950 (sz=6, trace=152, class=java.lang.String@81a9d0)
	value		8a6c970
ARR 8a6c970 (sz=8, trace=153, nelems=10, elem type=char)
OBJ 8a6c990 (sz=6, trace=154, class=java.util.HashMap$Entry@88eda8)
	next		8a6c870
	value		8a6c8d0
	key		8a6c910
OBJ 8a6c9b0 (sz=6, trace=176, class=java.lang.String@81a9d0)
	value		8a6c9d0
ARR 8a6c9d0 (sz=8, trace=177, nelems=10, elem type=char)
OBJ 8a6c9f0 (sz=6, trace=178, class=java.lang.String@81a9d0)
	value		8a6ca10
ARR 8a6ca10 (sz=16, trace=179, nelems=24, elem type=char)
OBJ 8a6ca30 (sz=4, trace=180, class=java.util.jar.Attributes$Name@8a566e8)
	name		8a670d0
ARR 8a6ca50 (sz=8, trace=151, nelems=10, elem type=char)
OBJ 8a6ca70 (sz=6, trace=152, class=java.lang.String@81a9d0)
	value		8a6ca90
ARR 8a6ca90 (sz=8, trace=153, nelems=10, elem type=char)
ARR 8a6cab0 (sz=10, trace=181, nelems=7, elem type=java.util.HashMap$Entry@88eda8)
	[5]		8a6cad0
OBJ 8a6cad0 (sz=6, trace=154, class=java.util.HashMap$Entry@88eda8)
	next		8a6c990
	value		8a6c9f0
	key		8a6ca30
OBJ 8a6caf0 (sz=6, trace=170, class=java.lang.String@81a9d0)
	value		8a6cb10
ARR 8a6cb10 (sz=18, trace=171, nelems=28, elem type=char)
OBJ 8a6cb30 (sz=4, trace=172, class=java.util.jar.Attributes@8a4dce8)
	map		8a6cb50
OBJ 8a6cb50 (sz=12, trace=173, class=java.util.HashMap@88ec28)
	table		8a6cef0
ARR 8a6cb70 (sz=6, trace=174, nelems=3, elem type=java.util.HashMap$Entry@88eda8)
	[0]		8a6cdd0
	[2]		8a6ccb0
OBJ 8a6cb90 (sz=6, trace=175, class=java.util.HashMap$Entry@88eda8)
	value		8a6cb30
	key		8a6caf0
OBJ 8a6cbb0 (sz=6, trace=176, class=java.lang.String@81a9d0)
	value		8a6cbd0
ARR 8a6cbd0 (sz=12, trace=177, nelems=17, elem type=char)
OBJ 8a6cbf0 (sz=6, trace=178, class=java.lang.String@81a9d0)
	value		8a6cc10
ARR 8a6cc10 (sz=8, trace=179, nelems=8, elem type=char)
OBJ 8a6cc30 (sz=4, trace=180, class=java.util.jar.Attributes$Name@8a566e8)
	name		8a66d20
ARR 8a6cc50 (sz=12, trace=151, nelems=17, elem type=char)
OBJ 8a6cc70 (sz=6, trace=152, class=java.lang.String@81a9d0)
	value		8a6cc90
ARR 8a6cc90 (sz=12, trace=153, nelems=17, elem type=char)
OBJ 8a6ccb0 (sz=6, trace=154, class=java.util.HashMap$Entry@88eda8)
	value		8a6cbf0
	key		8a6cc30
OBJ 8a6ccd0 (sz=6, trace=176, class=java.lang.String@81a9d0)
	value		8a6ccf0
ARR 8a6ccf0 (sz=8, trace=177, nelems=10, elem type=char)
OBJ 8a6cd10 (sz=6, trace=178, class=java.lang.String@81a9d0)
	value		8a6cd30
ARR 8a6cd30 (sz=18, trace=179, nelems=28, elem type=char)
OBJ 8a6cd50 (sz=4, trace=180, class=java.util.jar.Attributes$Name@8a566e8)
	name		8a66e80
ARR 8a6cd70 (sz=8, trace=151, nelems=10, elem type=char)
OBJ 8a6cd90 (sz=6, trace=152, class=java.lang.String@81a9d0)
	value		8a6cdb0
ARR 8a6cdb0 (sz=8, trace=153, nelems=10, elem type=char)
OBJ 8a6cdd0 (sz=6, trace=154, class=java.util.HashMap$Entry@88eda8)
	next		8a6ccb0
	value		8a6cd10
	key		8a6cd50
OBJ 8a6cdf0 (sz=6, trace=176, class=java.lang.String@81a9d0)
	value		8a6ce10
ARR 8a6ce10 (sz=8, trace=177, nelems=10, elem type=char)
OBJ 8a6ce30 (sz=6, trace=178, class=java.lang.String@81a9d0)
	value		8a6ce50
ARR 8a6ce50 (sz=16, trace=179, nelems=24, elem type=char)
OBJ 8a6ce70 (sz=4, trace=180, class=java.util.jar.Attributes$Name@8a566e8)
	name		8a670d0
ARR 8a6ce90 (sz=8, trace=151, nelems=10, elem type=char)
OBJ 8a6ceb0 (sz=6, trace=152, class=java.lang.String@81a9d0)
	value		8a6ced0
ARR 8a6ced0 (sz=8, trace=153, nelems=10, elem type=char)
ARR 8a6cef0 (sz=10, trace=181, nelems=7, elem type=java.util.HashMap$Entry@88eda8)
	[5]		8a6cf10
OBJ 8a6cf10 (sz=6, trace=154, class=java.util.HashMap$Entry@88eda8)
	next		8a6cdd0
	value		8a6ce30
	key		8a6ce70
OBJ 8a6cf30 (sz=6, trace=170, class=java.lang.String@81a9d0)
	value		8a6cf50
ARR 8a6cf50 (sz=18, trace=171, nelems=27, elem type=char)
OBJ 8a6cf70 (sz=4, trace=172, class=java.util.jar.Attributes@8a4dce8)
	map		8a6cf90
OBJ 8a6cf90 (sz=12, trace=173, class=java.util.HashMap@88ec28)
	table		8a6d350
ARR 8a6cfb0 (sz=6, trace=174, nelems=3, elem type=java.util.HashMap$Entry@88eda8)
	[0]		8a6d230
	[2]		8a6d110
ARR 8a6cfd0 (sz=50, trace=184, nelems=47, elem type=java.util.HashMap$Entry@88eda8)
	[0]		8a6c310
	[6]		8a6e530
	[7]		8a6e0f0
	[8]		8a6d870
	[13]		8a66970
	[14]		8a69e00
	[16]		8a69930
	[17]		8a6aab0
	[20]		8a6b650
	[21]		8a6d430
	[25]		8a683f0
	[27]		8a6c750
	[28]		8a6bed0
	[33]		8a6a248
	[34]		8a6cff0
	[35]		8a694f0
	[39]		8a6dcb0
	[44]		8a68c70
OBJ 8a6cff0 (sz=6, trace=175, class=java.util.HashMap$Entry@88eda8)
	value		8a6cf70
	key		8a6cf30
OBJ 8a6d010 (sz=6, trace=176, class=java.lang.String@81a9d0)
	value		8a6d030
ARR 8a6d030 (sz=12, trace=177, nelems=17, elem type=char)
OBJ 8a6d050 (sz=6, trace=178, class=java.lang.String@81a9d0)
	value		8a6d070
ARR 8a6d070 (sz=8, trace=179, nelems=8, elem type=char)
OBJ 8a6d090 (sz=4, trace=180, class=java.util.jar.Attributes$Name@8a566e8)
	name		8a66d20
ARR 8a6d0b0 (sz=12, trace=151, nelems=17, elem type=char)
OBJ 8a6d0d0 (sz=6, trace=152, class=java.lang.String@81a9d0)
	value		8a6d0f0
ARR 8a6d0f0 (sz=12, trace=153, nelems=17, elem type=char)
OBJ 8a6d110 (sz=6, trace=154, class=java.util.HashMap$Entry@88eda8)
	value		8a6d050
	key		8a6d090
OBJ 8a6d130 (sz=6, trace=176, class=java.lang.String@81a9d0)
	value		8a6d150
ARR 8a6d150 (sz=8, trace=177, nelems=10, elem type=char)
OBJ 8a6d170 (sz=6, trace=178, class=java.lang.String@81a9d0)
	value		8a6d190
ARR 8a6d190 (sz=18, trace=179, nelems=28, elem type=char)
OBJ 8a6d1b0 (sz=4, trace=180, class=java.util.jar.Attributes$Name@8a566e8)
	name		8a66e80
ARR 8a6d1d0 (sz=8, trace=151, nelems=10, elem type=char)
OBJ 8a6d1f0 (sz=6, trace=152, class=java.lang.String@81a9d0)
	value		8a6d210
ARR 8a6d210 (sz=8, trace=153, nelems=10, elem type=char)
OBJ 8a6d230 (sz=6, trace=154, class=java.util.HashMap$Entry@88eda8)
	next		8a6d110
	value		8a6d170
	key		8a6d1b0
OBJ 8a6d250 (sz=6, trace=176, class=java.lang.String@81a9d0)
	value		8a6d270
ARR 8a6d270 (sz=8, trace=177, nelems=10, elem type=char)
OBJ 8a6d290 (sz=6, trace=178, class=java.lang.String@81a9d0)
	value		8a6d2b0
ARR 8a6d2b0 (sz=16, trace=179, nelems=24, elem type=char)
OBJ 8a6d2d0 (sz=4, trace=180, class=java.util.jar.Attributes$Name@8a566e8)
	name		8a670d0
ARR 8a6d2f0 (sz=8, trace=151, nelems=10, elem type=char)
OBJ 8a6d310 (sz=6, trace=152, class=java.lang.String@81a9d0)
	value		8a6d330
ARR 8a6d330 (sz=8, trace=153, nelems=10, elem type=char)
ARR 8a6d350 (sz=10, trace=181, nelems=7, elem type=java.util.HashMap$Entry@88eda8)
	[5]		8a6d370
OBJ 8a6d370 (sz=6, trace=154, class=java.util.HashMap$Entry@88eda8)
	next		8a6d230
	value		8a6d290
	key		8a6d2d0
OBJ 8a6d390 (sz=6, trace=170, class=java.lang.String@81a9d0)
	value		8a6d3b0
ARR 8a6d3b0 (sz=18, trace=171, nelems=29, elem type=char)
OBJ 8a6d3d0 (sz=4, trace=172, class=java.util.jar.Attributes@8a4dce8)
	map		8a6d3f0
OBJ 8a6d3f0 (sz=12, trace=173, class=java.util.HashMap@88ec28)
	table		8a6d790
ARR 8a6d410 (sz=6, trace=174, nelems=3, elem type=java.util.HashMap$Entry@88eda8)
	[0]		8a6d670
	[2]		8a6d550
OBJ 8a6d430 (sz=6, trace=175, class=java.util.HashMap$Entry@88eda8)
	value		8a6d3d0
	key		8a6d390
OBJ 8a6d450 (sz=6, trace=176, class=java.lang.String@81a9d0)
	value		8a6d470
ARR 8a6d470 (sz=12, trace=177, nelems=17, elem type=char)
OBJ 8a6d490 (sz=6, trace=178, class=java.lang.String@81a9d0)
	value		8a6d4b0
ARR 8a6d4b0 (sz=8, trace=179, nelems=8, elem type=char)
OBJ 8a6d4d0 (sz=4, trace=180, class=java.util.jar.Attributes$Name@8a566e8)
	name		8a66d20
ARR 8a6d4f0 (sz=12, trace=151, nelems=17, elem type=char)
OBJ 8a6d510 (sz=6, trace=152, class=java.lang.String@81a9d0)
	value		8a6d530
ARR 8a6d530 (sz=12, trace=153, nelems=17, elem type=char)
OBJ 8a6d550 (sz=6, trace=154, class=java.util.HashMap$Entry@88eda8)
	value		8a6d490
	key		8a6d4d0
OBJ 8a6d570 (sz=6, trace=176, class=java.lang.String@81a9d0)
	value		8a6d590
ARR 8a6d590 (sz=8, trace=177, nelems=10, elem type=char)
OBJ 8a6d5b0 (sz=6, trace=178, class=java.lang.String@81a9d0)
	value		8a6d5d0
ARR 8a6d5d0 (sz=18, trace=179, nelems=28, elem type=char)
OBJ 8a6d5f0 (sz=4, trace=180, class=java.util.jar.Attributes$Name@8a566e8)
	name		8a66e80
ARR 8a6d610 (sz=8, trace=151, nelems=10, elem type=char)
OBJ 8a6d630 (sz=6, trace=152, class=java.lang.String@81a9d0)
	value		8a6d650
ARR 8a6d650 (sz=8, trace=153, nelems=10, elem type=char)
OBJ 8a6d670 (sz=6, trace=154, class=java.util.HashMap$Entry@88eda8)
	next		8a6d550
	value		8a6d5b0
	key		8a6d5f0
OBJ 8a6d690 (sz=6, trace=176, class=java.lang.String@81a9d0)
	value		8a6d6b0
ARR 8a6d6b0 (sz=8, trace=177, nelems=10, elem type=char)
OBJ 8a6d6d0 (sz=6, trace=178, class=java.lang.String@81a9d0)
	value		8a6d6f0
ARR 8a6d6f0 (sz=16, trace=179, nelems=24, elem type=char)
OBJ 8a6d710 (sz=4, trace=180, class=java.util.jar.Attributes$Name@8a566e8)
	name		8a670d0
ARR 8a6d730 (sz=8, trace=151, nelems=10, elem type=char)
OBJ 8a6d750 (sz=6, trace=152, class=java.lang.String@81a9d0)
	value		8a6d770
ARR 8a6d770 (sz=8, trace=153, nelems=10, elem type=char)
ARR 8a6d790 (sz=10, trace=181, nelems=7, elem type=java.util.HashMap$Entry@88eda8)
	[5]		8a6d7b0
OBJ 8a6d7b0 (sz=6, trace=154, class=java.util.HashMap$Entry@88eda8)
	next		8a6d670
	value		8a6d6d0
	key		8a6d710
OBJ 8a6d7d0 (sz=6, trace=170, class=java.lang.String@81a9d0)
	value		8a6d7f0
ARR 8a6d7f0 (sz=18, trace=171, nelems=29, elem type=char)
OBJ 8a6d810 (sz=4, trace=172, class=java.util.jar.Attributes@8a4dce8)
	map		8a6d830
OBJ 8a6d830 (sz=12, trace=173, class=java.util.HashMap@88ec28)
	table		8a6dbd0
ARR 8a6d850 (sz=6, trace=174, nelems=3, elem type=java.util.HashMap$Entry@88eda8)
	[0]		8a6dab0
	[2]		8a6d990
OBJ 8a6d870 (sz=6, trace=175, class=java.util.HashMap$Entry@88eda8)
	next		8a68830
	value		8a6d810
	key		8a6d7d0
OBJ 8a6d890 (sz=6, trace=176, class=java.lang.String@81a9d0)
	value		8a6d8b0
ARR 8a6d8b0 (sz=12, trace=177, nelems=17, elem type=char)
OBJ 8a6d8d0 (sz=6, trace=178, class=java.lang.String@81a9d0)
	value		8a6d8f0
ARR 8a6d8f0 (sz=8, trace=179, nelems=8, elem type=char)
OBJ 8a6d910 (sz=4, trace=180, class=java.util.jar.Attributes$Name@8a566e8)
	name		8a66d20
ARR 8a6d930 (sz=12, trace=151, nelems=17, elem type=char)
OBJ 8a6d950 (sz=6, trace=152, class=java.lang.String@81a9d0)
	value		8a6d970
ARR 8a6d970 (sz=12, trace=153, nelems=17, elem type=char)
OBJ 8a6d990 (sz=6, trace=154, class=java.util.HashMap$Entry@88eda8)
	value		8a6d8d0
	key		8a6d910
OBJ 8a6d9b0 (sz=6, trace=176, class=java.lang.String@81a9d0)
	value		8a6d9d0
ARR 8a6d9d0 (sz=8, trace=177, nelems=10, elem type=char)
OBJ 8a6d9f0 (sz=6, trace=178, class=java.lang.String@81a9d0)
	value		8a6da10
ARR 8a6da10 (sz=18, trace=179, nelems=28, elem type=char)
OBJ 8a6da30 (sz=4, trace=180, class=java.util.jar.Attributes$Name@8a566e8)
	name		8a66e80
ARR 8a6da50 (sz=8, trace=151, nelems=10, elem type=char)
OBJ 8a6da70 (sz=6, trace=152, class=java.lang.String@81a9d0)
	value		8a6da90
ARR 8a6da90 (sz=8, trace=153, nelems=10, elem type=char)
OBJ 8a6dab0 (sz=6, trace=154, class=java.util.HashMap$Entry@88eda8)
	next		8a6d990
	value		8a6d9f0
	key		8a6da30
OBJ 8a6dad0 (sz=6, trace=176, class=java.lang.String@81a9d0)
	value		8a6daf0
ARR 8a6daf0 (sz=8, trace=177, nelems=10, elem type=char)
OBJ 8a6db10 (sz=6, trace=178, class=java.lang.String@81a9d0)
	value		8a6db30
ARR 8a6db30 (sz=16, trace=179, nelems=24, elem type=char)
OBJ 8a6db50 (sz=4, trace=180, class=java.util.jar.Attributes$Name@8a566e8)
	name		8a670d0
ARR 8a6db70 (sz=8, trace=151, nelems=10, elem type=char)
OBJ 8a6db90 (sz=6, trace=152, class=java.lang.String@81a9d0)
	value		8a6dbb0
ARR 8a6dbb0 (sz=8, trace=153, nelems=10, elem type=char)
ARR 8a6dbd0 (sz=10, trace=181, nelems=7, elem type=java.util.HashMap$Entry@88eda8)
	[5]		8a6dbf0
OBJ 8a6dbf0 (sz=6, trace=154, class=java.util.HashMap$Entry@88eda8)
	next		8a6dab0
	value		8a6db10
	key		8a6db50
OBJ 8a6dc10 (sz=6, trace=170, class=java.lang.String@81a9d0)
	value		8a6dc30
ARR 8a6dc30 (sz=18, trace=171, nelems=29, elem type=char)
OBJ 8a6dc50 (sz=4, trace=172, class=java.util.jar.Attributes@8a4dce8)
	map		8a6dc70
OBJ 8a6dc70 (sz=12, trace=173, class=java.util.HashMap@88ec28)
	table		8a6e010
ARR 8a6dc90 (sz=6, trace=174, nelems=3, elem type=java.util.HashMap$Entry@88eda8)
	[0]		8a6def0
	[2]		8a6ddd0
OBJ 8a6dcb0 (sz=6, trace=175, class=java.util.HashMap$Entry@88eda8)
	value		8a6dc50
	key		8a6dc10
OBJ 8a6dcd0 (sz=6, trace=176, class=java.lang.String@81a9d0)
	value		8a6dcf0
ARR 8a6dcf0 (sz=12, trace=177, nelems=17, elem type=char)
OBJ 8a6dd10 (sz=6, trace=178, class=java.lang.String@81a9d0)
	value		8a6dd30
ARR 8a6dd30 (sz=8, trace=179, nelems=8, elem type=char)
OBJ 8a6dd50 (sz=4, trace=180, class=java.util.jar.Attributes$Name@8a566e8)
	name		8a66d20
ARR 8a6dd70 (sz=12, trace=151, nelems=17, elem type=char)
OBJ 8a6dd90 (sz=6, trace=152, class=java.lang.String@81a9d0)
	value		8a6ddb0
ARR 8a6ddb0 (sz=12, trace=153, nelems=17, elem type=char)
OBJ 8a6ddd0 (sz=6, trace=154, class=java.util.HashMap$Entry@88eda8)
	value		8a6dd10
	key		8a6dd50
OBJ 8a6ddf0 (sz=6, trace=176, class=java.lang.String@81a9d0)
	value		8a6de10
ARR 8a6de10 (sz=8, trace=177, nelems=10, elem type=char)
OBJ 8a6de30 (sz=6, trace=178, class=java.lang.String@81a9d0)
	value		8a6de50
ARR 8a6de50 (sz=18, trace=179, nelems=28, elem type=char)
OBJ 8a6de70 (sz=4, trace=180, class=java.util.jar.Attributes$Name@8a566e8)
	name		8a66e80
ARR 8a6de90 (sz=8, trace=151, nelems=10, elem type=char)
OBJ 8a6deb0 (sz=6, trace=152, class=java.lang.String@81a9d0)
	value		8a6ded0
ARR 8a6ded0 (sz=8, trace=153, nelems=10, elem type=char)
OBJ 8a6def0 (sz=6, trace=154, class=java.util.HashMap$Entry@88eda8)
	next		8a6ddd0
	value		8a6de30
	key		8a6de70
OBJ 8a6df10 (sz=6, trace=176, class=java.lang.String@81a9d0)
	value		8a6df30
ARR 8a6df30 (sz=8, trace=177, nelems=10, elem type=char)
OBJ 8a6df50 (sz=6, trace=178, class=java.lang.String@81a9d0)
	value		8a6df70
ARR 8a6df70 (sz=16, trace=179, nelems=24, elem type=char)
OBJ 8a6df90 (sz=4, trace=180, class=java.util.jar.Attributes$Name@8a566e8)
	name		8a670d0
ARR 8a6dfb0 (sz=8, trace=151, nelems=10, elem type=char)
OBJ 8a6dfd0 (sz=6, trace=152, class=java.lang.String@81a9d0)
	value		8a6dff0
ARR 8a6dff0 (sz=8, trace=153, nelems=10, elem type=char)
ARR 8a6e010 (sz=10, trace=181, nelems=7, elem type=java.util.HashMap$Entry@88eda8)
	[5]		8a6e030
OBJ 8a6e030 (sz=6, trace=154, class=java.util.HashMap$Entry@88eda8)
	next		8a6def0
	value		8a6df50
	key		8a6df90
OBJ 8a6e050 (sz=6, trace=170, class=java.lang.String@81a9d0)
	value		8a6e070
ARR 8a6e070 (sz=20, trace=171, nelems=32, elem type=char)
OBJ 8a6e090 (sz=4, trace=172, class=java.util.jar.Attributes@8a4dce8)
	map		8a6e0b0
OBJ 8a6e0b0 (sz=12, trace=173, class=java.util.HashMap@88ec28)
	table		8a6e450
ARR 8a6e0d0 (sz=6, trace=174, nelems=3, elem type=java.util.HashMap$Entry@88eda8)
	[0]		8a6e330
	[2]		8a6e210
OBJ 8a6e0f0 (sz=6, trace=175, class=java.util.HashMap$Entry@88eda8)
	value		8a6e090
	key		8a6e050
OBJ 8a6e110 (sz=6, trace=176, class=java.lang.String@81a9d0)
	value		8a6e130
ARR 8a6e130 (sz=12, trace=177, nelems=17, elem type=char)
OBJ 8a6e150 (sz=6, trace=178, class=java.lang.String@81a9d0)
	value		8a6e170
ARR 8a6e170 (sz=8, trace=179, nelems=8, elem type=char)
OBJ 8a6e190 (sz=4, trace=180, class=java.util.jar.Attributes$Name@8a566e8)
	name		8a66d20
ARR 8a6e1b0 (sz=12, trace=151, nelems=17, elem type=char)
OBJ 8a6e1d0 (sz=6, trace=152, class=java.lang.String@81a9d0)
	value		8a6e1f0
ARR 8a6e1f0 (sz=12, trace=153, nelems=17, elem type=char)
OBJ 8a6e210 (sz=6, trace=154, class=java.util.HashMap$Entry@88eda8)
	value		8a6e150
	key		8a6e190
OBJ 8a6e230 (sz=6, trace=176, class=java.lang.String@81a9d0)
	value		8a6e250
ARR 8a6e250 (sz=8, trace=177, nelems=10, elem type=char)
OBJ 8a6e270 (sz=6, trace=178, class=java.lang.String@81a9d0)
	value		8a6e290
ARR 8a6e290 (sz=18, trace=179, nelems=28, elem type=char)
OBJ 8a6e2b0 (sz=4, trace=180, class=java.util.jar.Attributes$Name@8a566e8)
	name		8a66e80
ARR 8a6e2d0 (sz=8, trace=151, nelems=10, elem type=char)
OBJ 8a6e2f0 (sz=6, trace=152, class=java.lang.String@81a9d0)
	value		8a6e310
ARR 8a6e310 (sz=8, trace=153, nelems=10, elem type=char)
OBJ 8a6e330 (sz=6, trace=154, class=java.util.HashMap$Entry@88eda8)
	next		8a6e210
	value		8a6e270
	key		8a6e2b0
OBJ 8a6e350 (sz=6, trace=176, class=java.lang.String@81a9d0)
	value		8a6e370
ARR 8a6e370 (sz=8, trace=177, nelems=10, elem type=char)
OBJ 8a6e390 (sz=6, trace=178, class=java.lang.String@81a9d0)
	value		8a6e3b0
ARR 8a6e3b0 (sz=16, trace=179, nelems=24, elem type=char)
OBJ 8a6e3d0 (sz=4, trace=180, class=java.util.jar.Attributes$Name@8a566e8)
	name		8a670d0
ARR 8a6e3f0 (sz=8, trace=151, nelems=10, elem type=char)
OBJ 8a6e410 (sz=6, trace=152, class=java.lang.String@81a9d0)
	value		8a6e430
ARR 8a6e430 (sz=8, trace=153, nelems=10, elem type=char)
ARR 8a6e450 (sz=10, trace=181, nelems=7, elem type=java.util.HashMap$Entry@88eda8)
	[5]		8a6e470
OBJ 8a6e470 (sz=6, trace=154, class=java.util.HashMap$Entry@88eda8)
	next		8a6e330
	value		8a6e390
	key		8a6e3d0
OBJ 8a6e490 (sz=6, trace=170, class=java.lang.String@81a9d0)
	value		8a6e4b0
ARR 8a6e4b0 (sz=18, trace=171, nelems=29, elem type=char)
OBJ 8a6e4d0 (sz=4, trace=172, class=java.util.jar.Attributes@8a4dce8)
	map		8a6e4f0
OBJ 8a6e4f0 (sz=12, trace=173, class=java.util.HashMap@88ec28)
	table		8a6e890
ARR 8a6e510 (sz=6, trace=174, nelems=3, elem type=java.util.HashMap$Entry@88eda8)
	[0]		8a6e770
	[2]		8a6e650
OBJ 8a6e530 (sz=6, trace=175, class=java.util.HashMap$Entry@88eda8)
	value		8a6e4d0
	key		8a6e490
OBJ 8a6e550 (sz=6, trace=176, class=java.lang.String@81a9d0)
	value		8a6e570
ARR 8a6e570 (sz=12, trace=177, nelems=17, elem type=char)
OBJ 8a6e590 (sz=6, trace=178, class=java.lang.String@81a9d0)
	value		8a6e5b0
ARR 8a6e5b0 (sz=8, trace=179, nelems=8, elem type=char)
OBJ 8a6e5d0 (sz=4, trace=180, class=java.util.jar.Attributes$Name@8a566e8)
	name		8a66d20
ARR 8a6e5f0 (sz=12, trace=151, nelems=17, elem type=char)
OBJ 8a6e610 (sz=6, trace=152, class=java.lang.String@81a9d0)
	value		8a6e630
ARR 8a6e630 (sz=12, trace=153, nelems=17, elem type=char)
OBJ 8a6e650 (sz=6, trace=154, class=java.util.HashMap$Entry@88eda8)
	value		8a6e590
	key		8a6e5d0
OBJ 8a6e670 (sz=6, trace=176, class=java.lang.String@81a9d0)
	value		8a6e690
ARR 8a6e690 (sz=8, trace=177, nelems=10, elem type=char)
OBJ 8a6e6b0 (sz=6, trace=178, class=java.lang.String@81a9d0)
	value		8a6e6d0
ARR 8a6e6d0 (sz=18, trace=179, nelems=28, elem type=char)
OBJ 8a6e6f0 (sz=4, trace=180, class=java.util.jar.Attributes$Name@8a566e8)
	name		8a66e80
ARR 8a6e710 (sz=8, trace=151, nelems=10, elem type=char)
OBJ 8a6e730 (sz=6, trace=152, class=java.lang.String@81a9d0)
	value		8a6e750
ARR 8a6e750 (sz=8, trace=153, nelems=10, elem type=char)
OBJ 8a6e770 (sz=6, trace=154, class=java.util.HashMap$Entry@88eda8)
	next		8a6e650
	value		8a6e6b0
	key		8a6e6f0
OBJ 8a6e790 (sz=6, trace=176, class=java.lang.String@81a9d0)
	value		8a6e7b0
ARR 8a6e7b0 (sz=8, trace=177, nelems=10, elem type=char)
OBJ 8a6e7d0 (sz=6, trace=178, class=java.lang.String@81a9d0)
	value		8a6e7f0
ARR 8a6e7f0 (sz=16, trace=179, nelems=24, elem type=char)
OBJ 8a6e810 (sz=4, trace=180, class=java.util.jar.Attributes$Name@8a566e8)
	name		8a670d0
ARR 8a6e830 (sz=8, trace=151, nelems=10, elem type=char)
OBJ 8a6e850 (sz=6, trace=152, class=java.lang.String@81a9d0)
	value		8a6e870
ARR 8a6e870 (sz=8, trace=153, nelems=10, elem type=char)
ARR 8a6e890 (sz=10, trace=181, nelems=7, elem type=java.util.HashMap$Entry@88eda8)
	[5]		8a6e8b0
OBJ 8a6e8b0 (sz=6, trace=154, class=java.util.HashMap$Entry@88eda8)
	next		8a6e770
	value		8a6e7d0
	key		8a6e810
OBJ 8a6e8d0 (sz=14, trace=156, class=java.util.jar.JarVerifier@8a590e0)
	manifestRawBytes	8a5baf0
	baos		8a6e9f0
	manifest	8a5b590
	pendingBlocks	8a6e9b0
	sigFileData	8a6e970
	sigFileCerts	8a6e8f0
	verifiedCerts	8a6e930
OBJ 8a6e8f0 (sz=10, trace=157, class=java.util.Hashtable@81bd50)
	table		8a6e910
ARR 8a6e910 (sz=14, trace=158, nelems=11, elem type=java.util.Hashtable$Entry@81eea8)
OBJ 8a6e930 (sz=10, trace=159, class=java.util.Hashtable@81bd50)
	table		8a6e950
ARR 8a6e950 (sz=14, trace=160, nelems=11, elem type=java.util.Hashtable$Entry@81eea8)
OBJ 8a6e970 (sz=10, trace=161, class=java.util.Hashtable@81bd50)
	table		8a6e990
ARR 8a6e990 (sz=14, trace=162, nelems=11, elem type=java.util.Hashtable$Entry@81eea8)
OBJ 8a6e9b0 (sz=6, trace=163, class=java.util.ArrayList@88f0c8)
	elementData	8a6e9d0
ARR 8a6e9d0 (sz=14, trace=164, nelems=10, elem type=java.lang.Object@81a970)
OBJ 8a6e9f0 (sz=6, trace=165, class=java.io.ByteArrayOutputStream@8a5a348)
	buf		8a6ea10
ARR 8a6ea10 (sz=12, trace=166, nelems=32, elem type=byte)
OBJ 8a6ea30 (sz=6, trace=24, class=java.util.HashMap$Entry@88eda8)
	value		8a5ac98
	key		894fe8
OBJ 8a6ea50 (sz=6, trace=169, class=java.lang.StringBuffer@88d768)
	value		8a6ea70
ARR 8a6ea70 (sz=12, trace=94, nelems=16, elem type=char)
OBJ 8a6ea90 (sz=6, trace=96, class=java.lang.String@81a9d0)
	value		8a6ea70
OBJ 8a6eab0 (sz=4, trace=16, class=sun.misc.URLClassPath$2@8a30918)
	this$0		890108
	val$url		895008
OBJ 8a6ead0 (sz=8, trace=43, class=sun.misc.URLClassPath$JarLoader@8a32c78)
	lmap		8906a8
	handler		8906c8
	csu		895008
	jar		8a6ecd0
	base		8a6eaf0
OBJ 8a6eaf0 (sz=14, trace=44, class=java.net.URL@88e9c8)
	handler		8906c8
	path		8a6ebf0
	file		8a6ebf0
	host		81e148
	protocol	88f108
OBJ 8a6eb10 (sz=6, trace=44, class=java.lang.StringBuffer@88d768)
	value		8a6ebd0
ARR 8a6eb30 (sz=12, trace=45, nelems=16, elem type=char)
OBJ 8a6eb50 (sz=6, trace=46, class=java.lang.StringBuffer@88d768)
	value		8a6eb90
ARR 8a6eb70 (sz=14, trace=47, nelems=20, elem type=char)
ARR 8a6eb90 (sz=24, trace=49, nelems=42, elem type=char)
OBJ 8a6ebb0 (sz=6, trace=50, class=java.lang.String@81a9d0)
	value		8a6eb90
ARR 8a6ebd0 (sz=20, trace=51, nelems=34, elem type=char)
OBJ 8a6ebf0 (sz=6, trace=52, class=java.lang.String@81a9d0)
	value		8a6ebd0
ARR 8a6ec10 (sz=16, trace=53, nelems=26, elem type=char)
OBJ 8a6ec30 (sz=6, trace=54, class=java.lang.String@81a9d0)
	value		8a6ec10
OBJ 8a6ec50 (sz=4, trace=55, class=java.io.File@88e568)
	path		8a6ecb0
OBJ 8a6ec70 (sz=6, trace=56, class=java.lang.StringBuffer@88d768)
	value		8a6ec90
ARR 8a6ec90 (sz=16, trace=22, nelems=26, elem type=char)
OBJ 8a6ecb0 (sz=6, trace=23, class=java.lang.String@81a9d0)
	value		8a6ec90
OBJ 8a6ecd0 (sz=14, trace=57, class=java.util.jar.JarFile@8a35f18)
	jv		8a7db18
	manEntry	8a67188
	man		8a6ef18
	inflaters	8a6ed90
	name		8a6ed70
OBJ 8a6ecf0 (sz=8, trace=84, class=java.lang.ref.Finalizer@81b7b0)
	prev		8a7df38
	next		8a5bb90
	queue		88f768
	referent	8a6ecd0
OBJ 8a6ed10 (sz=4, trace=85, class=java.io.File@88e568)
	path		8a6ed70
OBJ 8a6ed30 (sz=6, trace=86, class=java.lang.StringBuffer@88d768)
	value		8a6ed50
ARR 8a6ed50 (sz=16, trace=22, nelems=26, elem type=char)
OBJ 8a6ed70 (sz=6, trace=23, class=java.lang.String@81a9d0)
	value		8a6ed50
OBJ 8a6ed90 (sz=6, trace=87, class=java.util.Vector@81fda8)
	elementData	8a6edb0
ARR 8a6edb0 (sz=14, trace=88, nelems=10, elem type=java.lang.Object@81a970)
OBJ 8a6edd0 (sz=6, trace=93, class=java.lang.StringBuffer@88d768)
	value		8a6ee10
ARR 8a6edf0 (sz=12, trace=94, nelems=16, elem type=char)
ARR 8a6ee10 (sz=20, trace=95, nelems=34, elem type=char)
OBJ 8a6ee30 (sz=6, trace=96, class=java.lang.String@81a9d0)
	value		8a6ee10
OBJ 8a6ee98 (sz=18, trace=98, class=java.util.zip.ZipEntry@8a3bf08)
	name		8a35fc0
OBJ 8a67188 (sz=22, trace=103, class=java.util.jar.JarFile$JarFileEntry@8a3da08)
	this$0		8a6ecd0
	name		8a35fc0
ARR 8a6eeb8 (sz=560, trace=104, nelems=2227, elem type=byte)
OBJ 8a6eed8 (sz=4, trace=105, class=java.io.DataInputStream@8a3e7f0)
	in		8a6eef8
OBJ 8a6eef8 (sz=10, trace=106, class=java.util.zip.ZipFile$ZipFileInputStream@8a3f0d0)
OBJ 8a6ef18 (sz=4, trace=120, class=java.util.jar.Manifest@8a4cde8)
	entries		8a6efb8
	attr		8a6ef58
OBJ 8a6ef38 (sz=8, trace=120, class=java.io.ByteArrayInputStream@8a4d648)
	buf		8a6eeb8
OBJ 8a6ef58 (sz=4, trace=121, class=java.util.jar.Attributes@8a4dce8)
	map		8a6ef78
OBJ 8a6ef78 (sz=12, trace=122, class=java.util.HashMap@88ec28)
	table		8a6ef98
ARR 8a6ef98 (sz=14, trace=123, nelems=11, elem type=java.util.HashMap$Entry@88eda8)
	[0]		8a6f938
	[1]		8a6f6f8
	[3]		8a6f5d8
	[4]		8a6f4b8
	[7]		8a6f398
	[8]		8a6f278
OBJ 8a6efb8 (sz=12, trace=124, class=java.util.HashMap@88ec28)
	table		8a71b68
ARR 8a6efd8 (sz=14, trace=125, nelems=11, elem type=java.util.HashMap$Entry@88eda8)
	[0]		8a701b8
	[1]		8a70398
	[2]		8a6fc18
	[3]		8a70758
	[8]		8a6ffd8
	[10]		8a70578
OBJ 8a6eff8 (sz=6, trace=126, class=java.util.jar.Manifest$FastInputStream@8a4ebf8)
	buf		8a6f018
	in		8a6ef38
ARR 8a6f018 (sz=2052, trace=127, nelems=8192, elem type=byte)
ARR 8a6f038 (sz=132, trace=128, nelems=512, elem type=byte)
OBJ 8a6f058 (sz=6, trace=129, class=java.lang.String@81a9d0)
	value		8a6f078
ARR 8a6f078 (sz=12, trace=130, nelems=16, elem type=char)
OBJ 8a6f098 (sz=6, trace=131, class=java.lang.String@81a9d0)
	value		8a6f0b8
ARR 8a6f0b8 (sz=6, trace=132, nelems=3, elem type=char)
OBJ 8a6f0d8 (sz=4, trace=133, class=java.util.jar.Attributes$Name@8a566e8)
	name		8a57098
ARR 8a6f0f8 (sz=12, trace=151, nelems=16, elem type=char)
OBJ 8a6f118 (sz=6, trace=152, class=java.lang.String@81a9d0)
	value		8a6f138
ARR 8a6f138 (sz=12, trace=153, nelems=16, elem type=char)
OBJ 8a6f158 (sz=6, trace=154, class=java.util.HashMap$Entry@88eda8)
	value		8a6f098
	key		8a6f0d8
OBJ 8a6f178 (sz=6, trace=129, class=java.lang.String@81a9d0)
	value		8a6f198
ARR 8a6f198 (sz=14, trace=130, nelems=19, elem type=char)
OBJ 8a6f1b8 (sz=6, trace=131, class=java.lang.String@81a9d0)
	value		8a6f1d8
ARR 8a6f1d8 (sz=20, trace=132, nelems=31, elem type=char)
OBJ 8a6f1f8 (sz=4, trace=133, class=java.util.jar.Attributes$Name@8a566e8)
	name		8a58530
ARR 8a6f218 (sz=14, trace=151, nelems=19, elem type=char)
OBJ 8a6f238 (sz=6, trace=152, class=java.lang.String@81a9d0)
	value		8a6f258
ARR 8a6f258 (sz=14, trace=153, nelems=19, elem type=char)
OBJ 8a6f278 (sz=6, trace=154, class=java.util.HashMap$Entry@88eda8)
	value		8a6f1b8
	key		8a6f1f8
OBJ 8a6f298 (sz=6, trace=129, class=java.lang.String@81a9d0)
	value		8a6f2b8
ARR 8a6f2b8 (sz=14, trace=130, nelems=20, elem type=char)
OBJ 8a6f2d8 (sz=6, trace=131, class=java.lang.String@81a9d0)
	value		8a6f2f8
ARR 8a6f2f8 (sz=14, trace=132, nelems=22, elem type=char)
OBJ 8a6f318 (sz=4, trace=133, class=java.util.jar.Attributes$Name@8a566e8)
	name		8a58820
ARR 8a6f338 (sz=14, trace=151, nelems=20, elem type=char)
OBJ 8a6f358 (sz=6, trace=152, class=java.lang.String@81a9d0)
	value		8a6f378
ARR 8a6f378 (sz=14, trace=153, nelems=20, elem type=char)
OBJ 8a6f398 (sz=6, trace=154, class=java.util.HashMap$Entry@88eda8)
	value		8a6f2d8
	key		8a6f318
OBJ 8a6f3b8 (sz=6, trace=129, class=java.lang.String@81a9d0)
	value		8a6f3d8
ARR 8a6f3d8 (sz=8, trace=130, nelems=10, elem type=char)
OBJ 8a6f3f8 (sz=6, trace=131, class=java.lang.String@81a9d0)
	value		8a6f418
ARR 8a6f418 (sz=18, trace=132, nelems=29, elem type=char)
OBJ 8a6f438 (sz=4, trace=133, class=java.util.jar.Attributes$Name@8a566e8)
	name		8a58df8
ARR 8a6f458 (sz=8, trace=151, nelems=10, elem type=char)
OBJ 8a6f478 (sz=6, trace=152, class=java.lang.String@81a9d0)
	value		8a6f498
ARR 8a6f498 (sz=8, trace=153, nelems=10, elem type=char)
OBJ 8a6f4b8 (sz=6, trace=154, class=java.util.HashMap$Entry@88eda8)
	value		8a6f3f8
	key		8a6f438
OBJ 8a6f4d8 (sz=6, trace=129, class=java.lang.String@81a9d0)
	value		8a6f4f8
ARR 8a6f4f8 (sz=14, trace=130, nelems=21, elem type=char)
OBJ 8a6f518 (sz=6, trace=131, class=java.lang.String@81a9d0)
	value		8a6f538
ARR 8a6f538 (sz=14, trace=132, nelems=22, elem type=char)
OBJ 8a6f558 (sz=4, trace=133, class=java.util.jar.Attributes$Name@8a566e8)
	name		8a580c8
ARR 8a6f578 (sz=14, trace=151, nelems=21, elem type=char)
OBJ 8a6f598 (sz=6, trace=152, class=java.lang.String@81a9d0)
	value		8a6f5b8
ARR 8a6f5b8 (sz=14, trace=153, nelems=21, elem type=char)
OBJ 8a6f5d8 (sz=6, trace=154, class=java.util.HashMap$Entry@88eda8)
	value		8a6f518
	key		8a6f558
OBJ 8a6f5f8 (sz=6, trace=129, class=java.lang.String@81a9d0)
	value		8a6f618
ARR 8a6f618 (sz=14, trace=130, nelems=21, elem type=char)
OBJ 8a6f638 (sz=6, trace=131, class=java.lang.String@81a9d0)
	value		8a6f658
ARR 8a6f658 (sz=6, trace=132, nelems=3, elem type=char)
OBJ 8a6f678 (sz=4, trace=133, class=java.util.jar.Attributes$Name@8a566e8)
	name		8a586a8
ARR 8a6f698 (sz=14, trace=151, nelems=21, elem type=char)
OBJ 8a6f6b8 (sz=6, trace=152, class=java.lang.String@81a9d0)
	value		8a6f6d8
ARR 8a6f6d8 (sz=14, trace=153, nelems=21, elem type=char)
OBJ 8a6f6f8 (sz=6, trace=154, class=java.util.HashMap$Entry@88eda8)
	next		8a6f158
	value		8a6f638
	key		8a6f678
OBJ 8a6f718 (sz=6, trace=129, class=java.lang.String@81a9d0)
	value		8a6f738
ARR 8a6f738 (sz=14, trace=130, nelems=22, elem type=char)
OBJ 8a6f758 (sz=6, trace=131, class=java.lang.String@81a9d0)
	value		8a6f778
ARR 8a6f778 (sz=6, trace=132, nelems=3, elem type=char)
OBJ 8a6f798 (sz=4, trace=133, class=java.util.jar.Attributes$Name@8a566e8)
	name		8a57f48
ARR 8a6f7b8 (sz=14, trace=151, nelems=22, elem type=char)
OBJ 8a6f7d8 (sz=6, trace=152, class=java.lang.String@81a9d0)
	value		8a6f7f8
ARR 8a6f7f8 (sz=14, trace=153, nelems=22, elem type=char)
OBJ 8a6f818 (sz=6, trace=154, class=java.util.HashMap$Entry@88eda8)
	value		8a6f758
	key		8a6f798
OBJ 8a6f838 (sz=6, trace=129, class=java.lang.String@81a9d0)
	value		8a6f858
ARR 8a6f858 (sz=14, trace=130, nelems=20, elem type=char)
OBJ 8a6f878 (sz=6, trace=131, class=java.lang.String@81a9d0)
	value		8a6f898
ARR 8a6f898 (sz=16, trace=132, nelems=24, elem type=char)
OBJ 8a6f8b8 (sz=4, trace=133, class=java.util.jar.Attributes$Name@8a566e8)
	name		8a57dd0
ARR 8a6f8d8 (sz=14, trace=151, nelems=20, elem type=char)
OBJ 8a6f8f8 (sz=6, trace=152, class=java.lang.String@81a9d0)
	value		8a6f918
ARR 8a6f918 (sz=14, trace=153, nelems=20, elem type=char)
OBJ 8a6f938 (sz=6, trace=154, class=java.util.HashMap$Entry@88eda8)
	next		8a6f818
	value		8a6f878
	key		8a6f8b8
OBJ 8a6f958 (sz=6, trace=170, class=java.lang.String@81a9d0)
	value		8a6f978
ARR 8a6f978 (sz=18, trace=171, nelems=27, elem type=char)
OBJ 8a6f998 (sz=4, trace=172, class=java.util.jar.Attributes@8a4dce8)
	map		8a6f9b8
OBJ 8a6f9b8 (sz=12, trace=173, class=java.util.HashMap@88ec28)
	table		8a6f9d8
ARR 8a6f9d8 (sz=6, trace=174, nelems=2, elem type=java.util.HashMap$Entry@88eda8)
	[1]		8a6fb58
OBJ 8a6f9f8 (sz=6, trace=175, class=java.util.HashMap$Entry@88eda8)
	value		8a6f998
	key		8a6f958
OBJ 8a6fa18 (sz=6, trace=176, class=java.lang.String@81a9d0)
	value		8a6fa38
ARR 8a6fa38 (sz=8, trace=177, nelems=9, elem type=char)
OBJ 8a6fa58 (sz=6, trace=178, class=java.lang.String@81a9d0)
	value		8a6fa78
ARR 8a6fa78 (sz=6, trace=179, nelems=4, elem type=char)
OBJ 8a6fa98 (sz=4, trace=180, class=java.util.jar.Attributes$Name@8a566e8)
	name		8a6fad8
ARR 8a6faf8 (sz=8, trace=151, nelems=9, elem type=char)
OBJ 8a6fb18 (sz=6, trace=152, class=java.lang.String@81a9d0)
	value		8a6fb38
ARR 8a6fb38 (sz=8, trace=153, nelems=9, elem type=char)
OBJ 8a6fb58 (sz=6, trace=154, class=java.util.HashMap$Entry@88eda8)
	value		8a6fa58
	key		8a6fa98
OBJ 8a6fb78 (sz=6, trace=170, class=java.lang.String@81a9d0)
	value		8a6fb98
ARR 8a6fb98 (sz=20, trace=171, nelems=32, elem type=char)
OBJ 8a6fbb8 (sz=4, trace=172, class=java.util.jar.Attributes@8a4dce8)
	map		8a6fbd8
OBJ 8a6fbd8 (sz=12, trace=173, class=java.util.HashMap@88ec28)
	table		8a6fbf8
ARR 8a6fbf8 (sz=6, trace=174, nelems=2, elem type=java.util.HashMap$Entry@88eda8)
	[1]		8a6fd38
OBJ 8a6fc18 (sz=6, trace=175, class=java.util.HashMap$Entry@88eda8)
	value		8a6fbb8
	key		8a6fb78
OBJ 8a6fc38 (sz=6, trace=176, class=java.lang.String@81a9d0)
	value		8a6fc58
ARR 8a6fc58 (sz=8, trace=177, nelems=9, elem type=char)
OBJ 8a6fc78 (sz=6, trace=178, class=java.lang.String@81a9d0)
	value		8a6fc98
ARR 8a6fc98 (sz=6, trace=179, nelems=4, elem type=char)
OBJ 8a6fcb8 (sz=4, trace=180, class=java.util.jar.Attributes$Name@8a566e8)
	name		8a6fad8
ARR 8a6fcd8 (sz=8, trace=151, nelems=9, elem type=char)
OBJ 8a6fcf8 (sz=6, trace=152, class=java.lang.String@81a9d0)
	value		8a6fd18
ARR 8a6fd18 (sz=8, trace=153, nelems=9, elem type=char)
OBJ 8a6fd38 (sz=6, trace=154, class=java.util.HashMap$Entry@88eda8)
	value		8a6fc78
	key		8a6fcb8
OBJ 8a6fd58 (sz=6, trace=170, class=java.lang.String@81a9d0)
	value		8a6fd78
ARR 8a6fd78 (sz=18, trace=171, nelems=27, elem type=char)
OBJ 8a6fd98 (sz=4, trace=172, class=java.util.jar.Attributes@8a4dce8)
	map		8a6fdb8
OBJ 8a6fdb8 (sz=12, trace=173, class=java.util.HashMap@88ec28)
	table		8a6fdd8
ARR 8a6fdd8 (sz=6, trace=174, nelems=2, elem type=java.util.HashMap$Entry@88eda8)
	[1]		8a6ff18
OBJ 8a6fdf8 (sz=6, trace=175, class=java.util.HashMap$Entry@88eda8)
	value		8a6fd98
	key		8a6fd58
OBJ 8a6fe18 (sz=6, trace=176, class=java.lang.String@81a9d0)
	value		8a6fe38
ARR 8a6fe38 (sz=8, trace=177, nelems=9, elem type=char)
OBJ 8a6fe58 (sz=6, trace=178, class=java.lang.String@81a9d0)
	value		8a6fe78
ARR 8a6fe78 (sz=6, trace=179, nelems=4, elem type=char)
OBJ 8a6fe98 (sz=4, trace=180, class=java.util.jar.Attributes$Name@8a566e8)
	name		8a6fad8
ARR 8a6feb8 (sz=8, trace=151, nelems=9, elem type=char)
OBJ 8a6fed8 (sz=6, trace=152, class=java.lang.String@81a9d0)
	value		8a6fef8
ARR 8a6fef8 (sz=8, trace=153, nelems=9, elem type=char)
OBJ 8a6ff18 (sz=6, trace=154, class=java.util.HashMap$Entry@88eda8)
	value		8a6fe58
	key		8a6fe98
OBJ 8a6ff38 (sz=6, trace=170, class=java.lang.String@81a9d0)
	value		8a6ff58
ARR 8a6ff58 (sz=18, trace=171, nelems=27, elem type=char)
OBJ 8a6ff78 (sz=4, trace=172, class=java.util.jar.Attributes@8a4dce8)
	map		8a6ff98
OBJ 8a6ff98 (sz=12, trace=173, class=java.util.HashMap@88ec28)
	table		8a6ffb8
ARR 8a6ffb8 (sz=6, trace=174, nelems=2, elem type=java.util.HashMap$Entry@88eda8)
	[1]		8a700f8
OBJ 8a6ffd8 (sz=6, trace=175, class=java.util.HashMap$Entry@88eda8)
	next		8a6fdf8
	value		8a6ff78
	key		8a6ff38
OBJ 8a6fff8 (sz=6, trace=176, class=java.lang.String@81a9d0)
	value		8a70018
ARR 8a70018 (sz=8, trace=177, nelems=9, elem type=char)
OBJ 8a70038 (sz=6, trace=178, class=java.lang.String@81a9d0)
	value		8a70058
ARR 8a70058 (sz=6, trace=179, nelems=4, elem type=char)
OBJ 8a70078 (sz=4, trace=180, class=java.util.jar.Attributes$Name@8a566e8)
	name		8a6fad8
ARR 8a70098 (sz=8, trace=151, nelems=9, elem type=char)
OBJ 8a700b8 (sz=6, trace=152, class=java.lang.String@81a9d0)
	value		8a700d8
ARR 8a700d8 (sz=8, trace=153, nelems=9, elem type=char)
OBJ 8a700f8 (sz=6, trace=154, class=java.util.HashMap$Entry@88eda8)
	value		8a70038
	key		8a70078
OBJ 8a70118 (sz=6, trace=170, class=java.lang.String@81a9d0)
	value		8a70138
ARR 8a70138 (sz=18, trace=171, nelems=29, elem type=char)
OBJ 8a70158 (sz=4, trace=172, class=java.util.jar.Attributes@8a4dce8)
	map		8a70178
OBJ 8a70178 (sz=12, trace=173, class=java.util.HashMap@88ec28)
	table		8a70198
ARR 8a70198 (sz=6, trace=174, nelems=2, elem type=java.util.HashMap$Entry@88eda8)
	[1]		8a702d8
OBJ 8a701b8 (sz=6, trace=175, class=java.util.HashMap$Entry@88eda8)
	value		8a70158
	key		8a70118
OBJ 8a701d8 (sz=6, trace=176, class=java.lang.String@81a9d0)
	value		8a701f8
ARR 8a701f8 (sz=8, trace=177, nelems=9, elem type=char)
OBJ 8a70218 (sz=6, trace=178, class=java.lang.String@81a9d0)
	value		8a70238
ARR 8a70238 (sz=6, trace=179, nelems=4, elem type=char)
OBJ 8a70258 (sz=4, trace=180, class=java.util.jar.Attributes$Name@8a566e8)
	name		8a6fad8
ARR 8a70278 (sz=8, trace=151, nelems=9, elem type=char)
OBJ 8a70298 (sz=6, trace=152, class=java.lang.String@81a9d0)
	value		8a702b8
ARR 8a702b8 (sz=8, trace=153, nelems=9, elem type=char)
OBJ 8a702d8 (sz=6, trace=154, class=java.util.HashMap$Entry@88eda8)
	value		8a70218
	key		8a70258
OBJ 8a702f8 (sz=6, trace=170, class=java.lang.String@81a9d0)
	value		8a70318
ARR 8a70318 (sz=22, trace=171, nelems=38, elem type=char)
OBJ 8a70338 (sz=4, trace=172, class=java.util.jar.Attributes@8a4dce8)
	map		8a70358
OBJ 8a70358 (sz=12, trace=173, class=java.util.HashMap@88ec28)
	table		8a70378
ARR 8a70378 (sz=6, trace=174, nelems=2, elem type=java.util.HashMap$Entry@88eda8)
	[1]		8a704b8
OBJ 8a70398 (sz=6, trace=175, class=java.util.HashMap$Entry@88eda8)
	value		8a70338
	key		8a702f8
OBJ 8a703b8 (sz=6, trace=176, class=java.lang.String@81a9d0)
	value		8a703d8
ARR 8a703d8 (sz=8, trace=177, nelems=9, elem type=char)
OBJ 8a703f8 (sz=6, trace=178, class=java.lang.String@81a9d0)
	value		8a70418
ARR 8a70418 (sz=6, trace=179, nelems=4, elem type=char)
OBJ 8a70438 (sz=4, trace=180, class=java.util.jar.Attributes$Name@8a566e8)
	name		8a6fad8
ARR 8a70458 (sz=8, trace=151, nelems=9, elem type=char)
OBJ 8a70478 (sz=6, trace=152, class=java.lang.String@81a9d0)
	value		8a70498
ARR 8a70498 (sz=8, trace=153, nelems=9, elem type=char)
OBJ 8a704b8 (sz=6, trace=154, class=java.util.HashMap$Entry@88eda8)
	value		8a703f8
	key		8a70438
OBJ 8a704d8 (sz=6, trace=170, class=java.lang.String@81a9d0)
	value		8a704f8
ARR 8a704f8 (sz=18, trace=171, nelems=28, elem type=char)
OBJ 8a70518 (sz=4, trace=172, class=java.util.jar.Attributes@8a4dce8)
	map		8a70538
OBJ 8a70538 (sz=12, trace=173, class=java.util.HashMap@88ec28)
	table		8a70558
ARR 8a70558 (sz=6, trace=174, nelems=2, elem type=java.util.HashMap$Entry@88eda8)
	[1]		8a70698
OBJ 8a70578 (sz=6, trace=175, class=java.util.HashMap$Entry@88eda8)
	next		8a70758
	value		8a70518
	key		8a704d8
OBJ 8a70598 (sz=6, trace=176, class=java.lang.String@81a9d0)
	value		8a705b8
ARR 8a705b8 (sz=8, trace=177, nelems=9, elem type=char)
OBJ 8a705d8 (sz=6, trace=178, class=java.lang.String@81a9d0)
	value		8a705f8
ARR 8a705f8 (sz=6, trace=179, nelems=4, elem type=char)
OBJ 8a70618 (sz=4, trace=180, class=java.util.jar.Attributes$Name@8a566e8)
	name		8a6fad8
ARR 8a70638 (sz=8, trace=151, nelems=9, elem type=char)
OBJ 8a70658 (sz=6, trace=152, class=java.lang.String@81a9d0)
	value		8a70678
ARR 8a70678 (sz=8, trace=153, nelems=9, elem type=char)
OBJ 8a70698 (sz=6, trace=154, class=java.util.HashMap$Entry@88eda8)
	value		8a705d8
	key		8a70618
OBJ 8a706b8 (sz=6, trace=170, class=java.lang.String@81a9d0)
	value		8a706d8
ARR 8a706d8 (sz=16, trace=171, nelems=23, elem type=char)
OBJ 8a706f8 (sz=4, trace=172, class=java.util.jar.Attributes@8a4dce8)
	map		8a70718
OBJ 8a70718 (sz=12, trace=173, class=java.util.HashMap@88ec28)
	table		8a70738
ARR 8a70738 (sz=6, trace=174, nelems=2, elem type=java.util.HashMap$Entry@88eda8)
	[1]		8a70878
OBJ 8a70758 (sz=6, trace=175, class=java.util.HashMap$Entry@88eda8)
	value		8a706f8
	key		8a706b8
OBJ 8a70778 (sz=6, trace=176, class=java.lang.String@81a9d0)
	value		8a70798
ARR 8a70798 (sz=8, trace=177, nelems=9, elem type=char)
OBJ 8a707b8 (sz=6, trace=178, class=java.lang.String@81a9d0)
	value		8a707d8
ARR 8a707d8 (sz=6, trace=179, nelems=4, elem type=char)
OBJ 8a707f8 (sz=4, trace=180, class=java.util.jar.Attributes$Name@8a566e8)
	name		8a6fad8
ARR 8a70818 (sz=8, trace=151, nelems=9, elem type=char)
OBJ 8a70838 (sz=6, trace=152, class=java.lang.String@81a9d0)
	value		8a70858
ARR 8a70858 (sz=8, trace=153, nelems=9, elem type=char)
OBJ 8a70878 (sz=6, trace=154, class=java.util.HashMap$Entry@88eda8)
	value		8a707b8
	key		8a707f8
OBJ 8a70898 (sz=6, trace=170, class=java.lang.String@81a9d0)
	value		8a708b8
ARR 8a708b8 (sz=22, trace=171, nelems=35, elem type=char)
OBJ 8a708d8 (sz=4, trace=172, class=java.util.jar.Attributes@8a4dce8)
	map		8a708f8
OBJ 8a708f8 (sz=12, trace=173, class=java.util.HashMap@88ec28)
	table		8a70918
ARR 8a70918 (sz=6, trace=174, nelems=2, elem type=java.util.HashMap$Entry@88eda8)
	[1]		8a70ba8
ARR 8a70938 (sz=26, trace=184, nelems=23, elem type=java.util.HashMap$Entry@88eda8)
	[0]		8a717a8
	[3]		8a6ffd8
	[4]		8a71988
	[9]		8a6fc18
	[10]		8a71028
	[11]		8a701b8
	[13]		8a713e8
	[15]		8a70c68
	[16]		8a715c8
	[17]		8a71208
	[18]		8a6f9f8
	[19]		8a70578
	[21]		8a70398
	[22]		8a70758
OBJ 8a70958 (sz=6, trace=175, class=java.util.HashMap$Entry@88eda8)
	next		8a70c68
	value		8a708d8
	key		8a70898
OBJ 8a70978 (sz=6, trace=176, class=java.lang.String@81a9d0)
	value		8a70998
ARR 8a70998 (sz=8, trace=177, nelems=9, elem type=char)
OBJ 8a709b8 (sz=6, trace=178, class=java.lang.String@81a9d0)
	value		8a709d8
ARR 8a709d8 (sz=6, trace=179, nelems=4, elem type=char)
OBJ 8a709f8 (sz=4, trace=180, class=java.util.jar.Attributes$Name@8a566e8)
	name		8a6fad8
ARR 8a70b48 (sz=8, trace=151, nelems=9, elem type=char)
OBJ 8a70b68 (sz=6, trace=152, class=java.lang.String@81a9d0)
	value		8a70b88
ARR 8a70b88 (sz=8, trace=153, nelems=9, elem type=char)
OBJ 8a70ba8 (sz=6, trace=154, class=java.util.HashMap$Entry@88eda8)
	value		8a709b8
	key		8a709f8
OBJ 8a70bc8 (sz=6, trace=170, class=java.lang.String@81a9d0)
	value		8a70be8
ARR 8a70be8 (sz=16, trace=171, nelems=24, elem type=char)
OBJ 8a70c08 (sz=4, trace=172, class=java.util.jar.Attributes@8a4dce8)
	map		8a70c28
OBJ 8a70c28 (sz=12, trace=173, class=java.util.HashMap@88ec28)
	table		8a70c48
ARR 8a70c48 (sz=6, trace=174, nelems=2, elem type=java.util.HashMap$Entry@88eda8)
	[1]		8a70d88
OBJ 8a70c68 (sz=6, trace=175, class=java.util.HashMap$Entry@88eda8)
	value		8a70c08
	key		8a70bc8
OBJ 8a70c88 (sz=6, trace=176, class=java.lang.String@81a9d0)
	value		8a70ca8
ARR 8a70ca8 (sz=8, trace=177, nelems=9, elem type=char)
OBJ 8a70cc8 (sz=6, trace=178, class=java.lang.String@81a9d0)
	value		8a70ce8
ARR 8a70ce8 (sz=6, trace=179, nelems=4, elem type=char)
OBJ 8a70d08 (sz=4, trace=180, class=java.util.jar.Attributes$Name@8a566e8)
	name		8a6fad8
ARR 8a70d28 (sz=8, trace=151, nelems=9, elem type=char)
OBJ 8a70d48 (sz=6, trace=152, class=java.lang.String@81a9d0)
	value		8a70d68
ARR 8a70d68 (sz=8, trace=153, nelems=9, elem type=char)
OBJ 8a70d88 (sz=6, trace=154, class=java.util.HashMap$Entry@88eda8)
	value		8a70cc8
	key		8a70d08
OBJ 8a70da8 (sz=6, trace=170, class=java.lang.String@81a9d0)
	value		8a70dc8
ARR 8a70dc8 (sz=18, trace=171, nelems=29, elem type=char)
OBJ 8a70de8 (sz=4, trace=172, class=java.util.jar.Attributes@8a4dce8)
	map		8a70e08
OBJ 8a70e08 (sz=12, trace=173, class=java.util.HashMap@88ec28)
	table		8a70e28
ARR 8a70e28 (sz=6, trace=174, nelems=2, elem type=java.util.HashMap$Entry@88eda8)
	[1]		8a70f68
OBJ 8a70e48 (sz=6, trace=175, class=java.util.HashMap$Entry@88eda8)
	value		8a70de8
	key		8a70da8
OBJ 8a70e68 (sz=6, trace=176, class=java.lang.String@81a9d0)
	value		8a70e88
ARR 8a70e88 (sz=8, trace=177, nelems=9, elem type=char)
OBJ 8a70ea8 (sz=6, trace=178, class=java.lang.String@81a9d0)
	value		8a70ec8
ARR 8a70ec8 (sz=6, trace=179, nelems=4, elem type=char)
OBJ 8a70ee8 (sz=4, trace=180, class=java.util.jar.Attributes$Name@8a566e8)
	name		8a6fad8
ARR 8a70f08 (sz=8, trace=151, nelems=9, elem type=char)
OBJ 8a70f28 (sz=6, trace=152, class=java.lang.String@81a9d0)
	value		8a70f48
ARR 8a70f48 (sz=8, trace=153, nelems=9, elem type=char)
OBJ 8a70f68 (sz=6, trace=154, class=java.util.HashMap$Entry@88eda8)
	value		8a70ea8
	key		8a70ee8
OBJ 8a70f88 (sz=6, trace=170, class=java.lang.String@81a9d0)
	value		8a70fa8
ARR 8a70fa8 (sz=18, trace=171, nelems=28, elem type=char)
OBJ 8a70fc8 (sz=4, trace=172, class=java.util.jar.Attributes@8a4dce8)
	map		8a70fe8
OBJ 8a70fe8 (sz=12, trace=173, class=java.util.HashMap@88ec28)
	table		8a71008
ARR 8a71008 (sz=6, trace=174, nelems=2, elem type=java.util.HashMap$Entry@88eda8)
	[1]		8a71148
OBJ 8a71028 (sz=6, trace=175, class=java.util.HashMap$Entry@88eda8)
	next		8a71208
	value		8a70fc8
	key		8a70f88
OBJ 8a71048 (sz=6, trace=176, class=java.lang.String@81a9d0)
	value		8a71068
ARR 8a71068 (sz=8, trace=177, nelems=9, elem type=char)
OBJ 8a71088 (sz=6, trace=178, class=java.lang.String@81a9d0)
	value		8a710a8
ARR 8a710a8 (sz=6, trace=179, nelems=4, elem type=char)
OBJ 8a710c8 (sz=4, trace=180, class=java.util.jar.Attributes$Name@8a566e8)
	name		8a6fad8
ARR 8a710e8 (sz=8, trace=151, nelems=9, elem type=char)
OBJ 8a71108 (sz=6, trace=152, class=java.lang.String@81a9d0)
	value		8a71128
ARR 8a71128 (sz=8, trace=153, nelems=9, elem type=char)
OBJ 8a71148 (sz=6, trace=154, class=java.util.HashMap$Entry@88eda8)
	value		8a71088
	key		8a710c8
OBJ 8a71168 (sz=6, trace=170, class=java.lang.String@81a9d0)
	value		8a71188
ARR 8a71188 (sz=18, trace=171, nelems=30, elem type=char)
OBJ 8a711a8 (sz=4, trace=172, class=java.util.jar.Attributes@8a4dce8)
	map		8a711c8
OBJ 8a711c8 (sz=12, trace=173, class=java.util.HashMap@88ec28)
	table		8a711e8
ARR 8a711e8 (sz=6, trace=174, nelems=2, elem type=java.util.HashMap$Entry@88eda8)
	[1]		8a71328
OBJ 8a71208 (sz=6, trace=175, class=java.util.HashMap$Entry@88eda8)
	value		8a711a8
	key		8a71168
OBJ 8a71228 (sz=6, trace=176, class=java.lang.String@81a9d0)
	value		8a71248
ARR 8a71248 (sz=8, trace=177, nelems=9, elem type=char)
OBJ 8a71268 (sz=6, trace=178, class=java.lang.String@81a9d0)
	value		8a71288
ARR 8a71288 (sz=6, trace=179, nelems=4, elem type=char)
OBJ 8a712a8 (sz=4, trace=180, class=java.util.jar.Attributes$Name@8a566e8)
	name		8a6fad8
ARR 8a712c8 (sz=8, trace=151, nelems=9, elem type=char)
OBJ 8a712e8 (sz=6, trace=152, class=java.lang.String@81a9d0)
	value		8a71308
ARR 8a71308 (sz=8, trace=153, nelems=9, elem type=char)
OBJ 8a71328 (sz=6, trace=154, class=java.util.HashMap$Entry@88eda8)
	value		8a71268
	key		8a712a8
OBJ 8a71348 (sz=6, trace=170, class=java.lang.String@81a9d0)
	value		8a71368
ARR 8a71368 (sz=18, trace=171, nelems=28, elem type=char)
OBJ 8a71388 (sz=4, trace=172, class=java.util.jar.Attributes@8a4dce8)
	map		8a713a8
OBJ 8a713a8 (sz=12, trace=173, class=java.util.HashMap@88ec28)
	table		8a713c8
ARR 8a713c8 (sz=6, trace=174, nelems=2, elem type=java.util.HashMap$Entry@88eda8)
	[1]		8a71508
OBJ 8a713e8 (sz=6, trace=175, class=java.util.HashMap$Entry@88eda8)
	next		8a715c8
	value		8a71388
	key		8a71348
OBJ 8a71408 (sz=6, trace=176, class=java.lang.String@81a9d0)
	value		8a71428
ARR 8a71428 (sz=8, trace=177, nelems=9, elem type=char)
OBJ 8a71448 (sz=6, trace=178, class=java.lang.String@81a9d0)
	value		8a71468
ARR 8a71468 (sz=6, trace=179, nelems=4, elem type=char)
OBJ 8a71488 (sz=4, trace=180, class=java.util.jar.Attributes$Name@8a566e8)
	name		8a6fad8
ARR 8a714a8 (sz=8, trace=151, nelems=9, elem type=char)
OBJ 8a714c8 (sz=6, trace=152, class=java.lang.String@81a9d0)
	value		8a714e8
ARR 8a714e8 (sz=8, trace=153, nelems=9, elem type=char)
OBJ 8a71508 (sz=6, trace=154, class=java.util.HashMap$Entry@88eda8)
	value		8a71448
	key		8a71488
OBJ 8a71528 (sz=6, trace=170, class=java.lang.String@81a9d0)
	value		8a71548
ARR 8a71548 (sz=18, trace=171, nelems=30, elem type=char)
OBJ 8a71568 (sz=4, trace=172, class=java.util.jar.Attributes@8a4dce8)
	map		8a71588
OBJ 8a71588 (sz=12, trace=173, class=java.util.HashMap@88ec28)
	table		8a715a8
ARR 8a715a8 (sz=6, trace=174, nelems=2, elem type=java.util.HashMap$Entry@88eda8)
	[1]		8a716e8
OBJ 8a715c8 (sz=6, trace=175, class=java.util.HashMap$Entry@88eda8)
	value		8a71568
	key		8a71528
OBJ 8a715e8 (sz=6, trace=176, class=java.lang.String@81a9d0)
	value		8a71608
ARR 8a71608 (sz=8, trace=177, nelems=9, elem type=char)
OBJ 8a71628 (sz=6, trace=178, class=java.lang.String@81a9d0)
	value		8a71648
ARR 8a71648 (sz=6, trace=179, nelems=4, elem type=char)
OBJ 8a71668 (sz=4, trace=180, class=java.util.jar.Attributes$Name@8a566e8)
	name		8a6fad8
ARR 8a71688 (sz=8, trace=151, nelems=9, elem type=char)
OBJ 8a716a8 (sz=6, trace=152, class=java.lang.String@81a9d0)
	value		8a716c8
ARR 8a716c8 (sz=8, trace=153, nelems=9, elem type=char)
OBJ 8a716e8 (sz=6, trace=154, class=java.util.HashMap$Entry@88eda8)
	value		8a71628
	key		8a71668
OBJ 8a71708 (sz=6, trace=170, class=java.lang.String@81a9d0)
	value		8a71728
ARR 8a71728 (sz=16, trace=171, nelems=25, elem type=char)
OBJ 8a71748 (sz=4, trace=172, class=java.util.jar.Attributes@8a4dce8)
	map		8a71768
OBJ 8a71768 (sz=12, trace=173, class=java.util.HashMap@88ec28)
	table		8a71788
ARR 8a71788 (sz=6, trace=174, nelems=2, elem type=java.util.HashMap$Entry@88eda8)
	[1]		8a718c8
OBJ 8a717a8 (sz=6, trace=175, class=java.util.HashMap$Entry@88eda8)
	next		8a71988
	value		8a71748
	key		8a71708
OBJ 8a717c8 (sz=6, trace=176, class=java.lang.String@81a9d0)
	value		8a717e8
ARR 8a717e8 (sz=8, trace=177, nelems=9, elem type=char)
OBJ 8a71808 (sz=6, trace=178, class=java.lang.String@81a9d0)
	value		8a71828
ARR 8a71828 (sz=6, trace=179, nelems=4, elem type=char)
OBJ 8a71848 (sz=4, trace=180, class=java.util.jar.Attributes$Name@8a566e8)
	name		8a6fad8
ARR 8a71868 (sz=8, trace=151, nelems=9, elem type=char)
OBJ 8a71888 (sz=6, trace=152, class=java.lang.String@81a9d0)
	value		8a718a8
ARR 8a718a8 (sz=8, trace=153, nelems=9, elem type=char)
OBJ 8a718c8 (sz=6, trace=154, class=java.util.HashMap$Entry@88eda8)
	value		8a71808
	key		8a71848
OBJ 8a718e8 (sz=6, trace=170, class=java.lang.String@81a9d0)
	value		8a71908
ARR 8a71908 (sz=18, trace=171, nelems=29, elem type=char)
OBJ 8a71928 (sz=4, trace=172, class=java.util.jar.Attributes@8a4dce8)
	map		8a71948
OBJ 8a71948 (sz=12, trace=173, class=java.util.HashMap@88ec28)
	table		8a71968
ARR 8a71968 (sz=6, trace=174, nelems=2, elem type=java.util.HashMap$Entry@88eda8)
	[1]		8a71aa8
OBJ 8a71988 (sz=6, trace=175, class=java.util.HashMap$Entry@88eda8)
	next		8a713e8
	value		8a71928
	key		8a718e8
OBJ 8a719a8 (sz=6, trace=176, class=java.lang.String@81a9d0)
	value		8a719c8
ARR 8a719c8 (sz=8, trace=177, nelems=9, elem type=char)
OBJ 8a719e8 (sz=6, trace=178, class=java.lang.String@81a9d0)
	value		8a71a08
ARR 8a71a08 (sz=6, trace=179, nelems=4, elem type=char)
OBJ 8a71a28 (sz=4, trace=180, class=java.util.jar.Attributes$Name@8a566e8)
	name		8a6fad8
ARR 8a71a48 (sz=8, trace=151, nelems=9, elem type=char)
OBJ 8a71a68 (sz=6, trace=152, class=java.lang.String@81a9d0)
	value		8a71a88
ARR 8a71a88 (sz=8, trace=153, nelems=9, elem type=char)
OBJ 8a71aa8 (sz=6, trace=154, class=java.util.HashMap$Entry@88eda8)
	value		8a719e8
	key		8a71a28
OBJ 8a71ac8 (sz=6, trace=170, class=java.lang.String@81a9d0)
	value		8a71ae8
ARR 8a71ae8 (sz=18, trace=171, nelems=27, elem type=char)
OBJ 8a71b08 (sz=4, trace=172, class=java.util.jar.Attributes@8a4dce8)
	map		8a71b28
OBJ 8a71b28 (sz=12, trace=173, class=java.util.HashMap@88ec28)
	table		8a71b48
ARR 8a71b48 (sz=6, trace=174, nelems=2, elem type=java.util.HashMap$Entry@88eda8)
	[1]		8a71ca8
ARR 8a71b68 (sz=50, trace=184, nelems=47, elem type=java.util.HashMap$Entry@88eda8)
	[2]		8a7d9d8
	[3]		8a7d618
	[4]		8a7d028
	[7]		8a7ce48
	[10]		8a736b0
	[11]		8a734d0
	[12]		8a72b60
	[13]		8a72980
	[15]		8a72200
	[17]		8a71f48
	[19]		8a71b88
	[21]		8a71028
	[23]		8a70e48
	[29]		8a70958
	[32]		8a70578
	[33]		8a70398
	[34]		8a701b8
	[38]		8a6ffd8
	[41]		8a6fc18
	[44]		8a6f9f8
OBJ 8a71b88 (sz=6, trace=175, class=java.util.HashMap$Entry@88eda8)
	next		8a717a8
	value		8a71b08
	key		8a71ac8
OBJ 8a71ba8 (sz=6, trace=176, class=java.lang.String@81a9d0)
	value		8a71bc8
ARR 8a71bc8 (sz=8, trace=177, nelems=9, elem type=char)
OBJ 8a71be8 (sz=6, trace=178, class=java.lang.String@81a9d0)
	value		8a71c08
ARR 8a71c08 (sz=6, trace=179, nelems=4, elem type=char)
OBJ 8a71c28 (sz=4, trace=180, class=java.util.jar.Attributes$Name@8a566e8)
	name		8a6fad8
ARR 8a71c48 (sz=8, trace=151, nelems=9, elem type=char)
OBJ 8a71c68 (sz=6, trace=152, class=java.lang.String@81a9d0)
	value		8a71c88
ARR 8a71c88 (sz=8, trace=153, nelems=9, elem type=char)
OBJ 8a71ca8 (sz=6, trace=154, class=java.util.HashMap$Entry@88eda8)
	value		8a71be8
	key		8a71c28
OBJ 8a71cc8 (sz=6, trace=170, class=java.lang.String@81a9d0)
	value		8a71ce8
ARR 8a71ce8 (sz=18, trace=171, nelems=28, elem type=char)
OBJ 8a71d08 (sz=4, trace=172, class=java.util.jar.Attributes@8a4dce8)
	map		8a71d28
OBJ 8a71d28 (sz=12, trace=173, class=java.util.HashMap@88ec28)
	table		8a71d48
ARR 8a71d48 (sz=6, trace=174, nelems=2, elem type=java.util.HashMap$Entry@88eda8)
	[1]		8a71e88
OBJ 8a71d68 (sz=6, trace=175, class=java.util.HashMap$Entry@88eda8)
	value		8a71d08
	key		8a71cc8
OBJ 8a71d88 (sz=6, trace=176, class=java.lang.String@81a9d0)
	value		8a71da8
ARR 8a71da8 (sz=8, trace=177, nelems=9, elem type=char)
OBJ 8a71dc8 (sz=6, trace=178, class=java.lang.String@81a9d0)
	value		8a71de8
ARR 8a71de8 (sz=6, trace=179, nelems=4, elem type=char)
OBJ 8a71e08 (sz=4, trace=180, class=java.util.jar.Attributes$Name@8a566e8)
	name		8a6fad8
ARR 8a71e28 (sz=8, trace=151, nelems=9, elem type=char)
OBJ 8a71e48 (sz=6, trace=152, class=java.lang.String@81a9d0)
	value		8a71e68
ARR 8a71e68 (sz=8, trace=153, nelems=9, elem type=char)
OBJ 8a71e88 (sz=6, trace=154, class=java.util.HashMap$Entry@88eda8)
	value		8a71dc8
	key		8a71e08
OBJ 8a71ea8 (sz=6, trace=170, class=java.lang.String@81a9d0)
	value		8a71ec8
ARR 8a71ec8 (sz=16, trace=171, nelems=25, elem type=char)
OBJ 8a71ee8 (sz=4, trace=172, class=java.util.jar.Attributes@8a4dce8)
	map		8a71f08
OBJ 8a71f08 (sz=12, trace=173, class=java.util.HashMap@88ec28)
	table		8a71f28
ARR 8a71f28 (sz=6, trace=174, nelems=2, elem type=java.util.HashMap$Entry@88eda8)
	[1]		8a72140
OBJ 8a71f48 (sz=6, trace=175, class=java.util.HashMap$Entry@88eda8)
	next		8a71d68
	value		8a71ee8
	key		8a71ea8
OBJ 8a71f68 (sz=6, trace=176, class=java.lang.String@81a9d0)
	value		8a71f88
ARR 8a71f88 (sz=8, trace=177, nelems=9, elem type=char)
OBJ 8a71fa8 (sz=6, trace=178, class=java.lang.String@81a9d0)
	value		8a71fc8
ARR 8a71fc8 (sz=6, trace=179, nelems=4, elem type=char)
OBJ 8a71fe8 (sz=4, trace=180, class=java.util.jar.Attributes$Name@8a566e8)
	name		8a6fad8
ARR 8a720f0 (sz=8, trace=151, nelems=9, elem type=char)
OBJ 8a720d0 (sz=6, trace=152, class=java.lang.String@81a9d0)
	value		8a72120
ARR 8a72120 (sz=8, trace=153, nelems=9, elem type=char)
OBJ 8a72140 (sz=6, trace=154, class=java.util.HashMap$Entry@88eda8)
	value		8a71fa8
	key		8a71fe8
OBJ 8a72160 (sz=6, trace=170, class=java.lang.String@81a9d0)
	value		8a72180
ARR 8a72180 (sz=16, trace=171, nelems=26, elem type=char)
OBJ 8a721a0 (sz=4, trace=172, class=java.util.jar.Attributes@8a4dce8)
	map		8a721c0
OBJ 8a721c0 (sz=12, trace=173, class=java.util.HashMap@88ec28)
	table		8a721e0
ARR 8a721e0 (sz=6, trace=174, nelems=2, elem type=java.util.HashMap$Entry@88eda8)
	[1]		8a72320
OBJ 8a72200 (sz=6, trace=175, class=java.util.HashMap$Entry@88eda8)
	value		8a721a0
	key		8a72160
OBJ 8a72220 (sz=6, trace=176, class=java.lang.String@81a9d0)
	value		8a72240
ARR 8a72240 (sz=8, trace=177, nelems=9, elem type=char)
OBJ 8a72260 (sz=6, trace=178, class=java.lang.String@81a9d0)
	value		8a72280
ARR 8a72280 (sz=6, trace=179, nelems=4, elem type=char)
OBJ 8a722a0 (sz=4, trace=180, class=java.util.jar.Attributes$Name@8a566e8)
	name		8a6fad8
ARR 8a722c0 (sz=8, trace=151, nelems=9, elem type=char)
OBJ 8a722e0 (sz=6, trace=152, class=java.lang.String@81a9d0)
	value		8a72300
ARR 8a72300 (sz=8, trace=153, nelems=9, elem type=char)
OBJ 8a72320 (sz=6, trace=154, class=java.util.HashMap$Entry@88eda8)
	value		8a72260
	key		8a722a0
OBJ 8a72340 (sz=6, trace=170, class=java.lang.String@81a9d0)
	value		8a72360
ARR 8a72360 (sz=16, trace=171, nelems=25, elem type=char)
OBJ 8a72380 (sz=4, trace=172, class=java.util.jar.Attributes@8a4dce8)
	map		8a723a0
OBJ 8a723a0 (sz=12, trace=173, class=java.util.HashMap@88ec28)
	table		8a723c0
ARR 8a723c0 (sz=6, trace=174, nelems=2, elem type=java.util.HashMap$Entry@88eda8)
	[1]		8a72500
OBJ 8a723e0 (sz=6, trace=175, class=java.util.HashMap$Entry@88eda8)
	value		8a72380
	key		8a72340
OBJ 8a72400 (sz=6, trace=176, class=java.lang.String@81a9d0)
	value		8a72420
ARR 8a72420 (sz=8, trace=177, nelems=9, elem type=char)
OBJ 8a72440 (sz=6, trace=178, class=java.lang.String@81a9d0)
	value		8a72460
ARR 8a72460 (sz=6, trace=179, nelems=4, elem type=char)
OBJ 8a72480 (sz=4, trace=180, class=java.util.jar.Attributes$Name@8a566e8)
	name		8a6fad8
ARR 8a724a0 (sz=8, trace=151, nelems=9, elem type=char)
OBJ 8a724c0 (sz=6, trace=152, class=java.lang.String@81a9d0)
	value		8a724e0
ARR 8a724e0 (sz=8, trace=153, nelems=9, elem type=char)
OBJ 8a72500 (sz=6, trace=154, class=java.util.HashMap$Entry@88eda8)
	value		8a72440
	key		8a72480
OBJ 8a72520 (sz=6, trace=170, class=java.lang.String@81a9d0)
	value		8a72540
ARR 8a72540 (sz=16, trace=171, nelems=24, elem type=char)
OBJ 8a72560 (sz=4, trace=172, class=java.util.jar.Attributes@8a4dce8)
	map		8a72580
OBJ 8a72580 (sz=12, trace=173, class=java.util.HashMap@88ec28)
	table		8a725a0
ARR 8a725a0 (sz=6, trace=174, nelems=2, elem type=java.util.HashMap$Entry@88eda8)
	[1]		8a726e0
OBJ 8a725c0 (sz=6, trace=175, class=java.util.HashMap$Entry@88eda8)
	next		8a723e0
	value		8a72560
	key		8a72520
OBJ 8a725e0 (sz=6, trace=176, class=java.lang.String@81a9d0)
	value		8a72600
ARR 8a72600 (sz=8, trace=177, nelems=9, elem type=char)
OBJ 8a72620 (sz=6, trace=178, class=java.lang.String@81a9d0)
	value		8a72640
ARR 8a72640 (sz=6, trace=179, nelems=4, elem type=char)
OBJ 8a72660 (sz=4, trace=180, class=java.util.jar.Attributes$Name@8a566e8)
	name		8a6fad8
ARR 8a72680 (sz=8, trace=151, nelems=9, elem type=char)
OBJ 8a726a0 (sz=6, trace=152, class=java.lang.String@81a9d0)
	value		8a726c0
ARR 8a726c0 (sz=8, trace=153, nelems=9, elem type=char)
OBJ 8a726e0 (sz=6, trace=154, class=java.util.HashMap$Entry@88eda8)
	value		8a72620
	key		8a72660
OBJ 8a72700 (sz=6, trace=170, class=java.lang.String@81a9d0)
	value		8a72720
ARR 8a72720 (sz=16, trace=171, nelems=25, elem type=char)
OBJ 8a72740 (sz=4, trace=172, class=java.util.jar.Attributes@8a4dce8)
	map		8a72760
OBJ 8a72760 (sz=12, trace=173, class=java.util.HashMap@88ec28)
	table		8a72780
ARR 8a72780 (sz=6, trace=174, nelems=2, elem type=java.util.HashMap$Entry@88eda8)
	[1]		8a728c0
OBJ 8a727a0 (sz=6, trace=175, class=java.util.HashMap$Entry@88eda8)
	next		8a725c0
	value		8a72740
	key		8a72700
OBJ 8a727c0 (sz=6, trace=176, class=java.lang.String@81a9d0)
	value		8a727e0
ARR 8a727e0 (sz=8, trace=177, nelems=9, elem type=char)
OBJ 8a72800 (sz=6, trace=178, class=java.lang.String@81a9d0)
	value		8a72820
ARR 8a72820 (sz=6, trace=179, nelems=4, elem type=char)
OBJ 8a72840 (sz=4, trace=180, class=java.util.jar.Attributes$Name@8a566e8)
	name		8a6fad8
ARR 8a72860 (sz=8, trace=151, nelems=9, elem type=char)
OBJ 8a72880 (sz=6, trace=152, class=java.lang.String@81a9d0)
	value		8a728a0
ARR 8a728a0 (sz=8, trace=153, nelems=9, elem type=char)
OBJ 8a728c0 (sz=6, trace=154, class=java.util.HashMap$Entry@88eda8)
	value		8a72800
	key		8a72840
OBJ 8a728e0 (sz=6, trace=170, class=java.lang.String@81a9d0)
	value		8a72900
ARR 8a72900 (sz=16, trace=171, nelems=23, elem type=char)
OBJ 8a72920 (sz=4, trace=172, class=java.util.jar.Attributes@8a4dce8)
	map		8a72940
OBJ 8a72940 (sz=12, trace=173, class=java.util.HashMap@88ec28)
	table		8a72960
ARR 8a72960 (sz=6, trace=174, nelems=2, elem type=java.util.HashMap$Entry@88eda8)
	[1]		8a72aa0
OBJ 8a72980 (sz=6, trace=175, class=java.util.HashMap$Entry@88eda8)
	next		8a727a0
	value		8a72920
	key		8a728e0
OBJ 8a729a0 (sz=6, trace=176, class=java.lang.String@81a9d0)
	value		8a729c0
ARR 8a729c0 (sz=8, trace=177, nelems=9, elem type=char)
OBJ 8a729e0 (sz=6, trace=178, class=java.lang.String@81a9d0)
	value		8a72a00
ARR 8a72a00 (sz=6, trace=179, nelems=4, elem type=char)
OBJ 8a72a20 (sz=4, trace=180, class=java.util.jar.Attributes$Name@8a566e8)
	name		8a6fad8
ARR 8a72a40 (sz=8, trace=151, nelems=9, elem type=char)
OBJ 8a72a60 (sz=6, trace=152, class=java.lang.String@81a9d0)
	value		8a72a80
ARR 8a72a80 (sz=8, trace=153, nelems=9, elem type=char)
OBJ 8a72aa0 (sz=6, trace=154, class=java.util.HashMap$Entry@88eda8)
	value		8a729e0
	key		8a72a20
OBJ 8a72ac0 (sz=6, trace=170, class=java.lang.String@81a9d0)
	value		8a72ae0
ARR 8a72ae0 (sz=18, trace=171, nelems=28, elem type=char)
OBJ 8a72b00 (sz=4, trace=172, class=java.util.jar.Attributes@8a4dce8)
	map		8a72b20
OBJ 8a72b20 (sz=12, trace=173, class=java.util.HashMap@88ec28)
	table		8a72b40
ARR 8a72b40 (sz=6, trace=174, nelems=2, elem type=java.util.HashMap$Entry@88eda8)
	[1]		8a73410
OBJ 8a72b60 (sz=6, trace=175, class=java.util.HashMap$Entry@88eda8)
	value		8a72b00
	key		8a72ac0
OBJ 8a72b80 (sz=6, trace=176, class=java.lang.String@81a9d0)
	value		8a72ba0
ARR 8a72ba0 (sz=8, trace=177, nelems=9, elem type=char)
OBJ 8a72bc0 (sz=6, trace=178, class=java.lang.String@81a9d0)
	value		8a72be0
ARR 8a72be0 (sz=6, trace=179, nelems=4, elem type=char)
OBJ 8a72c00 (sz=4, trace=180, class=java.util.jar.Attributes$Name@8a566e8)
	name		8a6fad8
ARR 8a733b0 (sz=8, trace=151, nelems=9, elem type=char)
OBJ 8a733d0 (sz=6, trace=152, class=java.lang.String@81a9d0)
	value		8a733f0
ARR 8a733f0 (sz=8, trace=153, nelems=9, elem type=char)
OBJ 8a73410 (sz=6, trace=154, class=java.util.HashMap$Entry@88eda8)
	value		8a72bc0
	key		8a72c00
OBJ 8a73430 (sz=6, trace=170, class=java.lang.String@81a9d0)
	value		8a73450
ARR 8a73450 (sz=16, trace=171, nelems=24, elem type=char)
OBJ 8a73470 (sz=4, trace=172, class=java.util.jar.Attributes@8a4dce8)
	map		8a73490
OBJ 8a73490 (sz=12, trace=173, class=java.util.HashMap@88ec28)
	table		8a734b0
ARR 8a734b0 (sz=6, trace=174, nelems=2, elem type=java.util.HashMap$Entry@88eda8)
	[1]		8a735f0
OBJ 8a734d0 (sz=6, trace=175, class=java.util.HashMap$Entry@88eda8)
	value		8a73470
	key		8a73430
OBJ 8a734f0 (sz=6, trace=176, class=java.lang.String@81a9d0)
	value		8a73510
ARR 8a73510 (sz=8, trace=177, nelems=9, elem type=char)
OBJ 8a73530 (sz=6, trace=178, class=java.lang.String@81a9d0)
	value		8a73550
ARR 8a73550 (sz=6, trace=179, nelems=4, elem type=char)
OBJ 8a73570 (sz=4, trace=180, class=java.util.jar.Attributes$Name@8a566e8)
	name		8a6fad8
ARR 8a73590 (sz=8, trace=151, nelems=9, elem type=char)
OBJ 8a735b0 (sz=6, trace=152, class=java.lang.String@81a9d0)
	value		8a735d0
ARR 8a735d0 (sz=8, trace=153, nelems=9, elem type=char)
OBJ 8a735f0 (sz=6, trace=154, class=java.util.HashMap$Entry@88eda8)
	value		8a73530
	key		8a73570
OBJ 8a73610 (sz=6, trace=170, class=java.lang.String@81a9d0)
	value		8a73630
ARR 8a73630 (sz=16, trace=171, nelems=26, elem type=char)
OBJ 8a73650 (sz=4, trace=172, class=java.util.jar.Attributes@8a4dce8)
	map		8a73670
OBJ 8a73670 (sz=12, trace=173, class=java.util.HashMap@88ec28)
	table		8a73690
ARR 8a73690 (sz=6, trace=174, nelems=2, elem type=java.util.HashMap$Entry@88eda8)
	[1]		8a737d0
OBJ 8a736b0 (sz=6, trace=175, class=java.util.HashMap$Entry@88eda8)
	value		8a73650
	key		8a73610
OBJ 8a736d0 (sz=6, trace=176, class=java.lang.String@81a9d0)
	value		8a736f0
ARR 8a736f0 (sz=8, trace=177, nelems=9, elem type=char)
OBJ 8a73710 (sz=6, trace=178, class=java.lang.String@81a9d0)
	value		8a73730
ARR 8a73730 (sz=6, trace=179, nelems=4, elem type=char)
OBJ 8a73750 (sz=4, trace=180, class=java.util.jar.Attributes$Name@8a566e8)
	name		8a6fad8
ARR 8a73770 (sz=8, trace=151, nelems=9, elem type=char)
OBJ 8a73790 (sz=6, trace=152, class=java.lang.String@81a9d0)
	value		8a737b0
ARR 8a737b0 (sz=8, trace=153, nelems=9, elem type=char)
OBJ 8a737d0 (sz=6, trace=154, class=java.util.HashMap$Entry@88eda8)
	value		8a73710
	key		8a73750
OBJ 8a737f0 (sz=6, trace=170, class=java.lang.String@81a9d0)
	value		8a73810
ARR 8a73810 (sz=16, trace=171, nelems=23, elem type=char)
OBJ 8a73830 (sz=4, trace=172, class=java.util.jar.Attributes@8a4dce8)
	map		8a73850
OBJ 8a73850 (sz=12, trace=173, class=java.util.HashMap@88ec28)
	table		8a73870
ARR 8a73870 (sz=6, trace=174, nelems=2, elem type=java.util.HashMap$Entry@88eda8)
	[1]		8a7cd88
OBJ 8a73890 (sz=6, trace=175, class=java.util.HashMap$Entry@88eda8)
	value		8a73830
	key		8a737f0
OBJ 8a7cc88 (sz=6, trace=176, class=java.lang.String@81a9d0)
	value		8a7cca8
ARR 8a7cca8 (sz=8, trace=177, nelems=9, elem type=char)
OBJ 8a7ccc8 (sz=6, trace=178, class=java.lang.String@81a9d0)
	value		8a7cce8
ARR 8a7cce8 (sz=6, trace=179, nelems=4, elem type=char)
OBJ 8a7cd08 (sz=4, trace=180, class=java.util.jar.Attributes$Name@8a566e8)
	name		8a6fad8
ARR 8a7cd28 (sz=8, trace=151, nelems=9, elem type=char)
OBJ 8a7cd48 (sz=6, trace=152, class=java.lang.String@81a9d0)
	value		8a7cd68
ARR 8a7cd68 (sz=8, trace=153, nelems=9, elem type=char)
OBJ 8a7cd88 (sz=6, trace=154, class=java.util.HashMap$Entry@88eda8)
	value		8a7ccc8
	key		8a7cd08
OBJ 8a7cda8 (sz=6, trace=170, class=java.lang.String@81a9d0)
	value		8a7cdc8
ARR 8a7cdc8 (sz=16, trace=171, nelems=24, elem type=char)
OBJ 8a7cde8 (sz=4, trace=172, class=java.util.jar.Attributes@8a4dce8)
	map		8a7ce08
OBJ 8a7ce08 (sz=12, trace=173, class=java.util.HashMap@88ec28)
	table		8a7ce28
ARR 8a7ce28 (sz=6, trace=174, nelems=2, elem type=java.util.HashMap$Entry@88eda8)
	[1]		8a7cf68
OBJ 8a7ce48 (sz=6, trace=175, class=java.util.HashMap$Entry@88eda8)
	next		8a73890
	value		8a7cde8
	key		8a7cda8
OBJ 8a7ce68 (sz=6, trace=176, class=java.lang.String@81a9d0)
	value		8a7ce88
ARR 8a7ce88 (sz=8, trace=177, nelems=9, elem type=char)
OBJ 8a7cea8 (sz=6, trace=178, class=java.lang.String@81a9d0)
	value		8a7cec8
ARR 8a7cec8 (sz=6, trace=179, nelems=4, elem type=char)
OBJ 8a7cee8 (sz=4, trace=180, class=java.util.jar.Attributes$Name@8a566e8)
	name		8a6fad8
ARR 8a7cf08 (sz=8, trace=151, nelems=9, elem type=char)
OBJ 8a7cf28 (sz=6, trace=152, class=java.lang.String@81a9d0)
	value		8a7cf48
ARR 8a7cf48 (sz=8, trace=153, nelems=9, elem type=char)
OBJ 8a7cf68 (sz=6, trace=154, class=java.util.HashMap$Entry@88eda8)
	value		8a7cea8
	key		8a7cee8
OBJ 8a7cf88 (sz=6, trace=170, class=java.lang.String@81a9d0)
	value		8a7cfa8
ARR 8a7cfa8 (sz=16, trace=171, nelems=25, elem type=char)
OBJ 8a7cfc8 (sz=4, trace=172, class=java.util.jar.Attributes@8a4dce8)
	map		8a7cfe8
OBJ 8a7cfe8 (sz=12, trace=173, class=java.util.HashMap@88ec28)
	table		8a7d008
ARR 8a7d008 (sz=6, trace=174, nelems=2, elem type=java.util.HashMap$Entry@88eda8)
	[1]		8a7d148
OBJ 8a7d028 (sz=6, trace=175, class=java.util.HashMap$Entry@88eda8)
	value		8a7cfc8
	key		8a7cf88
OBJ 8a7d048 (sz=6, trace=176, class=java.lang.String@81a9d0)
	value		8a7d068
ARR 8a7d068 (sz=8, trace=177, nelems=9, elem type=char)
OBJ 8a7d088 (sz=6, trace=178, class=java.lang.String@81a9d0)
	value		8a7d0a8
ARR 8a7d0a8 (sz=6, trace=179, nelems=4, elem type=char)
OBJ 8a7d0c8 (sz=4, trace=180, class=java.util.jar.Attributes$Name@8a566e8)
	name		8a6fad8
ARR 8a7d0e8 (sz=8, trace=151, nelems=9, elem type=char)
OBJ 8a7d108 (sz=6, trace=152, class=java.lang.String@81a9d0)
	value		8a7d128
ARR 8a7d128 (sz=8, trace=153, nelems=9, elem type=char)
OBJ 8a7d148 (sz=6, trace=154, class=java.util.HashMap$Entry@88eda8)
	value		8a7d088
	key		8a7d0c8
OBJ 8a7d168 (sz=6, trace=170, class=java.lang.String@81a9d0)
	value		8a7d188
ARR 8a7d188 (sz=18, trace=171, nelems=27, elem type=char)
OBJ 8a7d1a8 (sz=4, trace=172, class=java.util.jar.Attributes@8a4dce8)
	map		8a7d1c8
OBJ 8a7d1c8 (sz=12, trace=173, class=java.util.HashMap@88ec28)
	table		8a7d1e8
ARR 8a7d1e8 (sz=6, trace=174, nelems=2, elem type=java.util.HashMap$Entry@88eda8)
	[1]		8a7d558
OBJ 8a7d208 (sz=6, trace=175, class=java.util.HashMap$Entry@88eda8)
	value		8a7d1a8
	key		8a7d168
OBJ 8a7d228 (sz=6, trace=176, class=java.lang.String@81a9d0)
	value		8a7d248
ARR 8a7d248 (sz=8, trace=177, nelems=9, elem type=char)
OBJ 8a7d268 (sz=6, trace=178, class=java.lang.String@81a9d0)
	value		8a7d288
ARR 8a7d288 (sz=6, trace=179, nelems=4, elem type=char)
OBJ 8a7d2a8 (sz=4, trace=180, class=java.util.jar.Attributes$Name@8a566e8)
	name		8a6fad8
ARR 8a7d2c8 (sz=8, trace=151, nelems=9, elem type=char)
OBJ 8a7d518 (sz=6, trace=152, class=java.lang.String@81a9d0)
	value		8a7d538
ARR 8a7d538 (sz=8, trace=153, nelems=9, elem type=char)
OBJ 8a7d558 (sz=6, trace=154, class=java.util.HashMap$Entry@88eda8)
	value		8a7d268
	key		8a7d2a8
OBJ 8a7d578 (sz=6, trace=170, class=java.lang.String@81a9d0)
	value		8a7d598
ARR 8a7d598 (sz=18, trace=171, nelems=29, elem type=char)
OBJ 8a7d5b8 (sz=4, trace=172, class=java.util.jar.Attributes@8a4dce8)
	map		8a7d5d8
OBJ 8a7d5d8 (sz=12, trace=173, class=java.util.HashMap@88ec28)
	table		8a7d5f8
ARR 8a7d5f8 (sz=6, trace=174, nelems=2, elem type=java.util.HashMap$Entry@88eda8)
	[1]		8a7d738
OBJ 8a7d618 (sz=6, trace=175, class=java.util.HashMap$Entry@88eda8)
	next		8a7d208
	value		8a7d5b8
	key		8a7d578
OBJ 8a7d638 (sz=6, trace=176, class=java.lang.String@81a9d0)
	value		8a7d658
ARR 8a7d658 (sz=8, trace=177, nelems=9, elem type=char)
OBJ 8a7d678 (sz=6, trace=178, class=java.lang.String@81a9d0)
	value		8a7d698
ARR 8a7d698 (sz=6, trace=179, nelems=4, elem type=char)
OBJ 8a7d6b8 (sz=4, trace=180, class=java.util.jar.Attributes$Name@8a566e8)
	name		8a6fad8
ARR 8a7d6d8 (sz=8, trace=151, nelems=9, elem type=char)
OBJ 8a7d6f8 (sz=6, trace=152, class=java.lang.String@81a9d0)
	value		8a7d718
ARR 8a7d718 (sz=8, trace=153, nelems=9, elem type=char)
OBJ 8a7d738 (sz=6, trace=154, class=java.util.HashMap$Entry@88eda8)
	value		8a7d678
	key		8a7d6b8
OBJ 8a7d758 (sz=6, trace=170, class=java.lang.String@81a9d0)
	value		8a7d778
ARR 8a7d778 (sz=20, trace=171, nelems=31, elem type=char)
OBJ 8a7d798 (sz=4, trace=172, class=java.util.jar.Attributes@8a4dce8)
	map		8a7d7b8
OBJ 8a7d7b8 (sz=12, trace=173, class=java.util.HashMap@88ec28)
	table		8a7d7d8
ARR 8a7d7d8 (sz=6, trace=174, nelems=2, elem type=java.util.HashMap$Entry@88eda8)
	[1]		8a7d918
OBJ 8a7d7f8 (sz=6, trace=175, class=java.util.HashMap$Entry@88eda8)
	value		8a7d798
	key		8a7d758
OBJ 8a7d818 (sz=6, trace=176, class=java.lang.String@81a9d0)
	value		8a7d838
ARR 8a7d838 (sz=8, trace=177, nelems=9, elem type=char)
OBJ 8a7d858 (sz=6, trace=178, class=java.lang.String@81a9d0)
	value		8a7d878
ARR 8a7d878 (sz=6, trace=179, nelems=5, elem type=char)
OBJ 8a7d898 (sz=4, trace=180, class=java.util.jar.Attributes$Name@8a566e8)
	name		8a6fad8
ARR 8a7d8b8 (sz=8, trace=151, nelems=9, elem type=char)
OBJ 8a7d8d8 (sz=6, trace=152, class=java.lang.String@81a9d0)
	value		8a7d8f8
ARR 8a7d8f8 (sz=8, trace=153, nelems=9, elem type=char)
OBJ 8a7d918 (sz=6, trace=154, class=java.util.HashMap$Entry@88eda8)
	value		8a7d858
	key		8a7d898
OBJ 8a7d938 (sz=6, trace=170, class=java.lang.String@81a9d0)
	value		8a7d958
ARR 8a7d958 (sz=20, trace=171, nelems=32, elem type=char)
OBJ 8a7d978 (sz=4, trace=172, class=java.util.jar.Attributes@8a4dce8)
	map		8a7d998
OBJ 8a7d998 (sz=12, trace=173, class=java.util.HashMap@88ec28)
	table		8a7d9b8
ARR 8a7d9b8 (sz=6, trace=174, nelems=2, elem type=java.util.HashMap$Entry@88eda8)
	[1]		8a7daf8
OBJ 8a7d9d8 (sz=6, trace=175, class=java.util.HashMap$Entry@88eda8)
	next		8a7d7f8
	value		8a7d978
	key		8a7d938
OBJ 8a7d9f8 (sz=6, trace=176, class=java.lang.String@81a9d0)
	value		8a7da18
ARR 8a7da18 (sz=8, trace=177, nelems=9, elem type=char)
OBJ 8a7da38 (sz=6, trace=178, class=java.lang.String@81a9d0)
	value		8a7da58
ARR 8a7da58 (sz=6, trace=179, nelems=4, elem type=char)
OBJ 8a7da78 (sz=4, trace=180, class=java.util.jar.Attributes$Name@8a566e8)
	name		8a6fad8
ARR 8a7da98 (sz=8, trace=151, nelems=9, elem type=char)
OBJ 8a7dab8 (sz=6, trace=152, class=java.lang.String@81a9d0)
	value		8a7dad8
ARR 8a7dad8 (sz=8, trace=153, nelems=9, elem type=char)
OBJ 8a7daf8 (sz=6, trace=154, class=java.util.HashMap$Entry@88eda8)
	value		8a7da38
	key		8a7da78
OBJ 8a7db18 (sz=14, trace=156, class=java.util.jar.JarVerifier@8a590e0)
	manifestRawBytes	8a6eeb8
	baos		8a7dc38
	manifest	8a6ef18
	pendingBlocks	8a7dbf8
	sigFileData	8a7dbb8
	sigFileCerts	8a7db38
	verifiedCerts	8a7db78
OBJ 8a7db38 (sz=10, trace=157, class=java.util.Hashtable@81bd50)
	table		8a7db58
ARR 8a7db58 (sz=14, trace=158, nelems=11, elem type=java.util.Hashtable$Entry@81eea8)
OBJ 8a7db78 (sz=10, trace=159, class=java.util.Hashtable@81bd50)
	table		8a7db98
ARR 8a7db98 (sz=14, trace=160, nelems=11, elem type=java.util.Hashtable$Entry@81eea8)
OBJ 8a7dbb8 (sz=10, trace=161, class=java.util.Hashtable@81bd50)
	table		8a7dbd8
ARR 8a7dbd8 (sz=14, trace=162, nelems=11, elem type=java.util.Hashtable$Entry@81eea8)
OBJ 8a7dbf8 (sz=6, trace=163, class=java.util.ArrayList@88f0c8)
	elementData	8a7dc18
ARR 8a7dc18 (sz=14, trace=164, nelems=10, elem type=java.lang.Object@81a970)
OBJ 8a7dc38 (sz=6, trace=165, class=java.io.ByteArrayOutputStream@8a5a348)
	buf		8a7dc58
ARR 8a7dc58 (sz=12, trace=166, nelems=32, elem type=byte)
OBJ 8a7dc78 (sz=6, trace=24, class=java.util.HashMap$Entry@88eda8)
	next		8a5ab50
	value		8a6ead0
	key		895008
OBJ 8a7dc98 (sz=6, trace=169, class=java.lang.StringBuffer@88d768)
	value		8a7dcb8
ARR 8a7dcb8 (sz=12, trace=94, nelems=16, elem type=char)
OBJ 8a7dcd8 (sz=6, trace=96, class=java.lang.String@81a9d0)
	value		8a7dcb8
OBJ 8a7dcf8 (sz=4, trace=16, class=sun.misc.URLClassPath$2@8a30918)
	this$0		890108
	val$url		895028
OBJ 8a7dd18 (sz=8, trace=43, class=sun.misc.URLClassPath$JarLoader@8a32c78)
	lmap		8906a8
	handler		8906c8
	csu		895028
	jar		8a7df18
	base		8a7dd38
OBJ 8a7dd38 (sz=14, trace=44, class=java.net.URL@88e9c8)
	handler		8906c8
	path		8a7de38
	file		8a7de38
	host		81e148
	protocol	88f108
OBJ 8a7dd58 (sz=6, trace=44, class=java.lang.StringBuffer@88d768)
	value		8a7de18
ARR 8a7dd78 (sz=12, trace=45, nelems=16, elem type=char)
OBJ 8a7dd98 (sz=6, trace=46, class=java.lang.StringBuffer@88d768)
	value		8a7ddd8
ARR 8a7ddb8 (sz=14, trace=47, nelems=20, elem type=char)
ARR 8a7ddd8 (sz=24, trace=49, nelems=42, elem type=char)
OBJ 8a7ddf8 (sz=6, trace=50, class=java.lang.String@81a9d0)
	value		8a7ddd8
ARR 8a7de18 (sz=20, trace=51, nelems=34, elem type=char)
OBJ 8a7de38 (sz=6, trace=52, class=java.lang.String@81a9d0)
	value		8a7de18
ARR 8a7de58 (sz=16, trace=53, nelems=25, elem type=char)
OBJ 8a7de78 (sz=6, trace=54, class=java.lang.String@81a9d0)
	value		8a7de58
OBJ 8a7de98 (sz=4, trace=55, class=java.io.File@88e568)
	path		8a7def8
OBJ 8a7deb8 (sz=6, trace=56, class=java.lang.StringBuffer@88d768)
	value		8a7ded8
ARR 8a7ded8 (sz=16, trace=22, nelems=25, elem type=char)
OBJ 8a7def8 (sz=6, trace=23, class=java.lang.String@81a9d0)
	value		8a7ded8
OBJ 8a7df18 (sz=14, trace=57, class=java.util.jar.JarFile@8a35f18)
	jv		8a7e3e8
	manEntry	8a9b0f0
	man		8a9b170
	inflaters	8a7dfd8
	name		8a7dfb8
OBJ 8a7df38 (sz=8, trace=84, class=java.lang.ref.Finalizer@81b7b0)
	next		8a6ecf0
	queue		88f768
	referent	8a7df18
OBJ 8a7df58 (sz=4, trace=85, class=java.io.File@88e568)
	path		8a7dfb8
OBJ 8a7df78 (sz=6, trace=86, class=java.lang.StringBuffer@88d768)
	value		8a7df98
ARR 8a7df98 (sz=16, trace=22, nelems=25, elem type=char)
OBJ 8a7dfb8 (sz=6, trace=23, class=java.lang.String@81a9d0)
	value		8a7df98
OBJ 8a7dfd8 (sz=6, trace=87, class=java.util.Vector@81fda8)
	elementData	8a7dff8
ARR 8a7dff8 (sz=14, trace=88, nelems=10, elem type=java.lang.Object@81a970)
OBJ 8a9b008 (sz=6, trace=93, class=java.lang.StringBuffer@88d768)
	value		8a9b048
ARR 8a9b028 (sz=12, trace=94, nelems=16, elem type=char)
ARR 8a9b048 (sz=20, trace=95, nelems=34, elem type=char)
OBJ 8a9b068 (sz=6, trace=96, class=java.lang.String@81a9d0)
	value		8a9b048
OBJ 8a9b0d0 (sz=18, trace=98, class=java.util.zip.ZipEntry@8a3bf08)
	name		8a35fc0
OBJ 8a9b0f0 (sz=22, trace=103, class=java.util.jar.JarFile$JarFileEntry@8a3da08)
	this$0		8a7df18
	name		8a35fc0
ARR 8a9b110 (sz=20, trace=104, nelems=68, elem type=byte)
OBJ 8a9b130 (sz=4, trace=105, class=java.io.DataInputStream@8a3e7f0)
	in		8a9b150
OBJ 8a9b150 (sz=10, trace=106, class=java.util.zip.ZipFile$ZipFileInputStream@8a3f0d0)
OBJ 8a9b170 (sz=4, trace=120, class=java.util.jar.Manifest@8a4cde8)
	entries		8a7e108
	attr		8a7e0a8
OBJ 8a9b190 (sz=8, trace=120, class=java.io.ByteArrayInputStream@8a4d648)
	buf		8a9b110
OBJ 8a7e0a8 (sz=4, trace=121, class=java.util.jar.Attributes@8a4dce8)
	map		8a7e0c8
OBJ 8a7e0c8 (sz=12, trace=122, class=java.util.HashMap@88ec28)
	table		8a7e0e8
ARR 8a7e0e8 (sz=14, trace=123, nelems=11, elem type=java.util.HashMap$Entry@88eda8)
	[1]		8a7e2a8
	[4]		8a7e3c8
OBJ 8a7e108 (sz=12, trace=124, class=java.util.HashMap@88ec28)
	table		8a7e128
ARR 8a7e128 (sz=14, trace=125, nelems=11, elem type=java.util.HashMap$Entry@88eda8)
OBJ 8a7e148 (sz=6, trace=126, class=java.util.jar.Manifest$FastInputStream@8a4ebf8)
	buf		8a7e168
	in		8a9b190
ARR 8a7e168 (sz=2052, trace=127, nelems=8192, elem type=byte)
ARR 8a7e188 (sz=132, trace=128, nelems=512, elem type=byte)
OBJ 8a7e1a8 (sz=6, trace=129, class=java.lang.String@81a9d0)
	value		8a7e1c8
ARR 8a7e1c8 (sz=12, trace=130, nelems=16, elem type=char)
OBJ 8a7e1e8 (sz=6, trace=131, class=java.lang.String@81a9d0)
	value		8a7e208
ARR 8a7e208 (sz=6, trace=132, nelems=3, elem type=char)
OBJ 8a7e228 (sz=4, trace=133, class=java.util.jar.Attributes$Name@8a566e8)
	name		8a57098
ARR 8a7e248 (sz=12, trace=151, nelems=16, elem type=char)
OBJ 8a7e268 (sz=6, trace=152, class=java.lang.String@81a9d0)
	value		8a7e288
ARR 8a7e288 (sz=12, trace=153, nelems=16, elem type=char)
OBJ 8a7e2a8 (sz=6, trace=154, class=java.util.HashMap$Entry@88eda8)
	value		8a7e1e8
	key		8a7e228
OBJ 8a7e2c8 (sz=6, trace=129, class=java.lang.String@81a9d0)
	value		8a7e2e8
ARR 8a7e2e8 (sz=8, trace=130, nelems=10, elem type=char)
OBJ 8a7e308 (sz=6, trace=131, class=java.lang.String@81a9d0)
	value		8a7e328
ARR 8a7e328 (sz=18, trace=132, nelems=29, elem type=char)
OBJ 8a7e348 (sz=4, trace=133, class=java.util.jar.Attributes$Name@8a566e8)
	name		8a58df8
ARR 8a7e368 (sz=8, trace=151, nelems=10, elem type=char)
OBJ 8a7e388 (sz=6, trace=152, class=java.lang.String@81a9d0)
	value		8a7e3a8
ARR 8a7e3a8 (sz=8, trace=153, nelems=10, elem type=char)
OBJ 8a7e3c8 (sz=6, trace=154, class=java.util.HashMap$Entry@88eda8)
	value		8a7e308
	key		8a7e348
OBJ 8a7e3e8 (sz=14, trace=156, class=java.util.jar.JarVerifier@8a590e0)
	manifestRawBytes	8a9b110
	baos		8a7e508
	manifest	8a9b170
	pendingBlocks	8a7e4c8
	sigFileData	8a7e488
	sigFileCerts	8a7e408
	verifiedCerts	8a7e448
OBJ 8a7e408 (sz=10, trace=157, class=java.util.Hashtable@81bd50)
	table		8a7e428
ARR 8a7e428 (sz=14, trace=158, nelems=11, elem type=java.util.Hashtable$Entry@81eea8)
OBJ 8a7e448 (sz=10, trace=159, class=java.util.Hashtable@81bd50)
	table		8a7e468
ARR 8a7e468 (sz=14, trace=160, nelems=11, elem type=java.util.Hashtable$Entry@81eea8)
OBJ 8a7e488 (sz=10, trace=161, class=java.util.Hashtable@81bd50)
	table		8a7e4a8
ARR 8a7e4a8 (sz=14, trace=162, nelems=11, elem type=java.util.Hashtable$Entry@81eea8)
OBJ 8a7e4c8 (sz=6, trace=163, class=java.util.ArrayList@88f0c8)
	elementData	8a7e4e8
ARR 8a7e4e8 (sz=14, trace=164, nelems=10, elem type=java.lang.Object@81a970)
OBJ 8a7e508 (sz=6, trace=165, class=java.io.ByteArrayOutputStream@8a5a348)
	buf		8a7e528
ARR 8a7e528 (sz=12, trace=166, nelems=32, elem type=byte)
OBJ 8a7e548 (sz=6, trace=24, class=java.util.HashMap$Entry@88eda8)
	value		8a7dd18
	key		895028
OBJ 8a7e568 (sz=6, trace=169, class=java.lang.StringBuffer@88d768)
	value		8a7e588
ARR 8a7e588 (sz=12, trace=94, nelems=16, elem type=char)
OBJ 8a7e5a8 (sz=6, trace=96, class=java.lang.String@81a9d0)
	value		8a7e588
OBJ 8a7e5c8 (sz=4, trace=11, class=java.util.EmptyStackException@8a2fa80)
	backtrace	8a7e5e8
ARR 8a7e5e8 (sz=6, trace=12, nelems=3, elem type=java.lang.Object@81a970)
	[0]		8a7e608
	[1]		8a7e628
ARR 8a7e608 (sz=38, trace=12, nelems=35, elem type=java.lang.Object@81a970)
ARR 8a7e628 (sz=22, trace=12, nelems=35, elem type=short)
OBJ 8a7e648 (sz=6, trace=13, class=java.lang.ClassNotFoundException@81b110)
	detailMessage	8a2ebc0
	backtrace	8a7e668
ARR 8a7e668 (sz=6, trace=5, nelems=3, elem type=java.lang.Object@81a970)
	[0]		8a7e688
	[1]		8a7e6a8
ARR 8a7e688 (sz=38, trace=5, nelems=35, elem type=java.lang.Object@81a970)
ARR 8a7e6a8 (sz=22, trace=5, nelems=35, elem type=short)
OBJ 8a7e720 (sz=6, trace=186, class=java.security.PrivilegedActionException@8a30100)
	exception	8a7e648
	backtrace	8a7e768
ARR 8a7e768 (sz=6, trace=14, nelems=3, elem type=java.lang.Object@81a970)
	[0]		8a7e788
	[1]		8a7e7a8
ARR 8a7e788 (sz=38, trace=14, nelems=35, elem type=java.lang.Object@81a970)
ARR 8a7e7a8 (sz=22, trace=14, nelems=35, elem type=short)
ARR 8a7e7f0 (sz=8, trace=1, nelems=9, elem type=char)
OBJ 8a7e810 (sz=6, trace=1, class=java.lang.String@81a9d0)
	value		8a7e7f0
OBJ 8a7e840 (sz=4, trace=1, class=java.lang.NoClassDefFoundError@81b210)
	detailMessage	8a7e810
	backtrace	8a7e8f0
ARR 8a7e8f0 (sz=6, trace=187, nelems=3, elem type=java.lang.Object@81a970)
	[0]		8a7e938
	[1]		8a7e968
ARR 8a7e938 (sz=38, trace=187, nelems=35, elem type=java.lang.Object@81a970)
ARR 8a7e968 (sz=22, trace=187, nelems=35, elem type=short)
OBJ 8a7ebd0 (sz=6, trace=189, class=java.lang.StringBuffer@88d768)
	value		8a7ee08
ARR 8a7ec70 (sz=12, trace=190, nelems=16, elem type=char)
ARR 8a7ed10 (sz=20, trace=191, nelems=34, elem type=char)
ARR 8a7ee08 (sz=38, trace=191, nelems=70, elem type=char)
OBJ 8a7ee80 (sz=6, trace=192, class=java.lang.String@81a9d0)
	value		8a7ee08
ARR 8a7efc0 (sz=4, trace=193, nelems=1, elem type=byte)
ARR 8aa44a0 (sz=4, trace=193, nelems=1, elem type=byte)
OBJ 8aa4718 (sz=2, trace=194, class=java.lang.Shutdown$Lock@8a2eae8)
ARR 8a08c50 (sz=4, trace=1, nelems=0, elem type=short)
ARR 8a08ca8 (sz=4, trace=1, nelems=0, elem type=int)
ARR 8a08df0 (sz=22, trace=1, nelems=76, elem type=byte)
ARR 8a08e38 (sz=4, trace=1, nelems=0, elem type=short)
ARR 8a08e78 (sz=92, trace=1, nelems=356, elem type=byte)
ARR 8a08eb8 (sz=6, trace=1, nelems=7, elem type=byte)
ARR 8a08ed8 (sz=4, trace=1, nelems=0, elem type=short)
ARR 8a08ef8 (sz=6, trace=1, nelems=9, elem type=byte)
ARR 8a08f18 (sz=4, trace=1, nelems=0, elem type=short)
ARR 8a08f58 (sz=26, trace=1, nelems=45, elem type=short)
ARR 8a08f98 (sz=8, trace=1, nelems=4, elem type=int)
ARR 8a08fb8 (sz=8, trace=1, nelems=4, elem type=int)
ARR 8a08fd8 (sz=8, trace=1, nelems=4, elem type=int)
ARR 81a628 (sz=8, trace=1, nelems=8, elem type=short)
ARR 81a648 (sz=76, trace=1, nelems=290, elem type=byte)
ARR 81a688 (sz=14, trace=1, nelems=20, elem type=short)
ARR 81a6c8 (sz=6, trace=1, nelems=4, elem type=short)
CLS 81a970 (name=java.lang.Object, trace=1)
CLS 81a990 (name=java.io.Serializable, trace=1)
	super		81a970
CLS 81a9b0 (name=java.lang.Comparable, trace=1)
	super		81a970
CLS 81a9d0 (name=java.lang.String, trace=1)
	super		81a970
	static CASE_INSENSITIVE_ORDER	88f688
	static serialPersistentFields	88f668
CLS 81a9f0 (name=java.lang.Class, trace=1)
	super		81a970
	static serialPersistentFields	88f6a8
ARR 81aa10 (sz=6, trace=1, nelems=7, elem type=byte)
ARR 81aa30 (sz=4, trace=1, nelems=0, elem type=short)
CLS 81aa50 (name=java.lang.Cloneable, trace=1)
	super		81a970
ARR 81aa70 (sz=152, trace=1, nelems=595, elem type=byte)
ARR 81aa90 (sz=54, trace=1, nelems=100, elem type=short)
ARR 81aad0 (sz=8, trace=1, nelems=4, elem type=int)
ARR 81aaf0 (sz=8, trace=1, nelems=4, elem type=int)
ARR 81ab10 (sz=8, trace=1, nelems=4, elem type=int)
ARR 81ab30 (sz=8, trace=1, nelems=4, elem type=int)
ARR 81ab50 (sz=8, trace=1, nelems=4, elem type=int)
ARR 81ab70 (sz=8, trace=1, nelems=4, elem type=int)
ARR 81ab90 (sz=8, trace=1, nelems=4, elem type=int)
ARR 81abb0 (sz=20, trace=1, nelems=16, elem type=int)
ARR 81abd0 (sz=8, trace=1, nelems=4, elem type=int)
ARR 81abf0 (sz=8, trace=1, nelems=4, elem type=int)
CLS 81ac10 (name=java.lang.ClassLoader, trace=1)
	super		81a970
	static sys_paths	8a38890
	static usr_paths	8a38418
	static nativeLibraryContext	88f728
	static systemNativeLibraries	88f708
	static loadedLibraryNames	88f6e8
	static scl	88f6c8
ARR 81ac30 (sz=14, trace=1, nelems=20, elem type=short)
ARR 81ac50 (sz=24, trace=1, nelems=80, elem type=byte)
ARR 81ac90 (sz=12, trace=1, nelems=15, elem type=short)
ARR 81acd0 (sz=8, trace=1, nelems=4, elem type=int)
ARR 81acf0 (sz=8, trace=1, nelems=4, elem type=int)
ARR 81ad10 (sz=8, trace=1, nelems=4, elem type=int)
CLS 81ad30 (name=java.lang.Throwable, trace=1)
	super		81a970
ARR 81ad50 (sz=8, trace=1, nelems=16, elem type=byte)
ARR 81ad70 (sz=4, trace=1, nelems=0, elem type=short)
CLS 81adb0 (name=java.lang.Error, trace=1)
	super		81ad30
ARR 81add0 (sz=8, trace=1, nelems=13, elem type=byte)
ARR 81adf0 (sz=4, trace=1, nelems=0, elem type=short)
CLS 81ae30 (name=java.lang.ThreadDeath, trace=1)
	super		81adb0
ARR 81ae50 (sz=8, trace=1, nelems=16, elem type=byte)
ARR 81ae70 (sz=4, trace=1, nelems=0, elem type=short)
CLS 81aeb0 (name=java.lang.Exception, trace=1)
	super		81ad30
ARR 81aed0 (sz=8, trace=1, nelems=16, elem type=byte)
ARR 81aef0 (sz=4, trace=1, nelems=0, elem type=short)
CLS 81af30 (name=java.lang.RuntimeException, trace=1)
	super		81aeb0
ARR 81af50 (sz=18, trace=1, nelems=53, elem type=byte)
ARR 81af70 (sz=8, trace=1, nelems=10, elem type=short)
CLS 81afb0 (name=java.security.ProtectionDomain, trace=1)
	super		81a970
ARR 81afd0 (sz=62, trace=1, nelems=230, elem type=byte)
ARR 81aff0 (sz=18, trace=1, nelems=30, elem type=short)
CLS 81b030 (name=java.security.AccessControlContext, trace=1)
	super		81a970
ARR 81b050 (sz=6, trace=1, nelems=4, elem type=short)
ARR 81b070 (sz=18, trace=1, nelems=54, elem type=byte)
ARR 81b090 (sz=8, trace=1, nelems=10, elem type=short)
ARR 81b0d0 (sz=8, trace=1, nelems=4, elem type=int)
ARR 81b0f0 (sz=8, trace=1, nelems=4, elem type=int)
CLS 81b110 (name=java.lang.ClassNotFoundException, trace=1)
	super		81aeb0
ARR 81b130 (sz=8, trace=1, nelems=16, elem type=byte)
ARR 81b150 (sz=8, trace=1, nelems=16, elem type=byte)
ARR 81b170 (sz=4, trace=1, nelems=0, elem type=short)
CLS 81b1b0 (name=java.lang.LinkageError, trace=1)
	super		81adb0
ARR 81b1d0 (sz=4, trace=1, nelems=0, elem type=short)
CLS 81b210 (name=java.lang.NoClassDefFoundError, trace=1)
	super		81b1b0
ARR 81b230 (sz=8, trace=1, nelems=16, elem type=byte)
ARR 81b250 (sz=4, trace=1, nelems=0, elem type=short)
CLS 81b290 (name=java.lang.ClassCastException, trace=1)
	super		81af30
ARR 81b2b0 (sz=8, trace=1, nelems=16, elem type=byte)
ARR 81b2d0 (sz=4, trace=1, nelems=0, elem type=short)
CLS 81b310 (name=java.lang.ArrayStoreException, trace=1)
	super		81af30
ARR 81b330 (sz=8, trace=1, nelems=16, elem type=byte)
ARR 81b350 (sz=8, trace=1, nelems=16, elem type=byte)
ARR 81b370 (sz=4, trace=1, nelems=0, elem type=short)
CLS 81b3b0 (name=java.lang.VirtualMachineError, trace=1)
	super		81adb0
ARR 81b3d0 (sz=4, trace=1, nelems=0, elem type=short)
CLS 81b410 (name=java.lang.StackOverflowError, trace=1)
	super		81b3b0
ARR 81b430 (sz=30, trace=1, nelems=102, elem type=byte)
ARR 81b450 (sz=16, trace=1, nelems=25, elem type=short)
ARR 81b490 (sz=8, trace=1, nelems=4, elem type=int)
CLS 81b4b0 (name=java.lang.ref.Reference, trace=1)
	super		81a970
	static lock	88f748
ARR 81b4d0 (sz=10, trace=1, nelems=12, elem type=short)
ARR 81b4f0 (sz=10, trace=1, nelems=27, elem type=byte)
ARR 81b510 (sz=8, trace=1, nelems=10, elem type=short)
CLS 81b550 (name=java.lang.ref.SoftReference, trace=1)
	super		81b4b0
ARR 81b570 (sz=8, trace=1, nelems=16, elem type=byte)
ARR 81b590 (sz=4, trace=1, nelems=0, elem type=short)
CLS 81b5d0 (name=java.lang.ref.WeakReference, trace=1)
	super		81b4b0
ARR 81b5f0 (sz=8, trace=1, nelems=13, elem type=byte)
ARR 81b610 (sz=4, trace=1, nelems=0, elem type=short)
CLS 81b650 (name=java.lang.ref.FinalReference, trace=1)
	super		81b4b0
ARR 81b670 (sz=8, trace=1, nelems=15, elem type=byte)
ARR 81b690 (sz=4, trace=1, nelems=0, elem type=short)
CLS 81b6d0 (name=java.lang.ref.PhantomReference, trace=1)
	super		81b4b0
ARR 81b6f0 (sz=38, trace=1, nelems=139, elem type=byte)
ARR 81b710 (sz=16, trace=1, nelems=25, elem type=short)
ARR 81b750 (sz=8, trace=1, nelems=4, elem type=int)
ARR 81b770 (sz=8, trace=1, nelems=4, elem type=int)
ARR 81b790 (sz=12, trace=1, nelems=8, elem type=int)
CLS 81b7b0 (name=java.lang.ref.Finalizer, trace=1)
	super		81b650
	static lock	88f7a8
	static unfinalized	8a7df38
	static queue	88f768
ARR 81b7d0 (sz=12, trace=1, nelems=16, elem type=short)
ARR 81b7f0 (sz=82, trace=1, nelems=316, elem type=byte)
ARR 81b830 (sz=6, trace=1, nelems=9, elem type=byte)
ARR 81b850 (sz=4, trace=1, nelems=0, elem type=short)
CLS 81b890 (name=java.lang.Runnable, trace=1)
	super		81a970
ARR 81b8b0 (sz=48, trace=1, nelems=90, elem type=short)
ARR 81b8f0 (sz=8, trace=1, nelems=4, elem type=int)
CLS 81b910 (name=java.lang.Thread, trace=1)
	super		81a970
ARR 81b930 (sz=60, trace=1, nelems=225, elem type=byte)
ARR 81b950 (sz=28, trace=1, nelems=50, elem type=short)
ARR 81b990 (sz=8, trace=1, nelems=4, elem type=int)
ARR 81b9b0 (sz=8, trace=1, nelems=4, elem type=int)
ARR 81b9d0 (sz=8, trace=1, nelems=4, elem type=int)
ARR 81b9f0 (sz=8, trace=1, nelems=4, elem type=int)
ARR 81ba10 (sz=8, trace=1, nelems=4, elem type=int)
ARR 81ba30 (sz=8, trace=1, nelems=4, elem type=int)
ARR 81ba50 (sz=8, trace=1, nelems=4, elem type=int)
ARR 81ba70 (sz=8, trace=1, nelems=4, elem type=int)
ARR 81ba90 (sz=8, trace=1, nelems=4, elem type=int)
ARR 81bab0 (sz=8, trace=1, nelems=4, elem type=int)
ARR 81bad0 (sz=8, trace=1, nelems=4, elem type=int)
ARR 81baf0 (sz=8, trace=1, nelems=4, elem type=int)
ARR 81bb10 (sz=8, trace=1, nelems=4, elem type=int)
ARR 81bb30 (sz=8, trace=1, nelems=4, elem type=int)
CLS 81bb50 (name=java.lang.ThreadGroup, trace=1)
	super		81a970
ARR 81bb70 (sz=56, trace=1, nelems=209, elem type=byte)
ARR 81bb90 (sz=82, trace=1, nelems=315, elem type=byte)
ARR 81bbb0 (sz=10, trace=1, nelems=25, elem type=byte)
ARR 81bbd0 (sz=4, trace=1, nelems=0, elem type=short)
CLS 81bc10 (name=java.util.Dictionary, trace=1)
	super		81a970
ARR 81bc50 (sz=12, trace=1, nelems=34, elem type=byte)
ARR 81bc70 (sz=4, trace=1, nelems=0, elem type=short)
CLS 81bcb0 (name=java.util.Map, trace=1)
	super		81a970
ARR 81bcd0 (sz=6, trace=1, nelems=4, elem type=short)
ARR 81bcf0 (sz=38, trace=1, nelems=70, elem type=short)
ARR 81bd30 (sz=8, trace=1, nelems=4, elem type=int)
CLS 81bd50 (name=java.util.Hashtable, trace=1)
	super		81bc10
	static emptyIterator	88f7e8
	static emptyEnumerator	88f7c8
ARR 81bd70 (sz=22, trace=1, nelems=36, elem type=short)
ARR 81bd90 (sz=22, trace=1, nelems=35, elem type=short)
ARR 81bdd0 (sz=8, trace=1, nelems=4, elem type=int)
CLS 81bdf0 (name=java.util.Properties, trace=1)
	super		81bd50
	static hexDigit	88f808
	static whiteSpaceChars	81bf28
	static specialSaveChars	81bee8
	static strictKeyValueSeparators	81bea8
	static keyValueSeparators	81be68
ARR 81be20 (sz=8, trace=1, nelems=7, elem type=char)
OBJ 81be68 (sz=6, trace=1, class=java.lang.String@81a9d0)
	value		81be20
ARR 81be88 (sz=4, trace=1, nelems=2, elem type=char)
OBJ 81bea8 (sz=6, trace=1, class=java.lang.String@81a9d0)
	value		81be88
ARR 81bec8 (sz=8, trace=1, nelems=9, elem type=char)
OBJ 81bee8 (sz=6, trace=1, class=java.lang.String@81a9d0)
	value		81bec8
ARR 81bf08 (sz=6, trace=1, nelems=5, elem type=char)
OBJ 81bf28 (sz=6, trace=1, class=java.lang.String@81a9d0)
	value		81bf08
ARR 81bf48 (sz=34, trace=1, nelems=123, elem type=byte)
ARR 81bf68 (sz=26, trace=1, nelems=89, elem type=byte)
ARR 81bf88 (sz=12, trace=1, nelems=15, elem type=short)
ARR 81bfc8 (sz=8, trace=1, nelems=4, elem type=int)
CLS 81bfe8 (name=java.lang.reflect.AccessibleObject, trace=1)
	super		81a970
	static ACCESS_PERMISSION	88f828
ARR 81c028 (sz=8, trace=1, nelems=19, elem type=byte)
ARR 81c048 (sz=8, trace=1, nelems=10, elem type=short)
CLS 81c088 (name=java.lang.reflect.Member, trace=1)
	super		81a970
ARR 81c0a8 (sz=22, trace=1, nelems=35, elem type=short)
ARR 81c0e8 (sz=8, trace=1, nelems=4, elem type=int)
CLS 81c108 (name=java.lang.reflect.Method, trace=1)
	super		81bfe8
ARR 81c128 (sz=32, trace=1, nelems=112, elem type=byte)
ARR 81c168 (sz=16, trace=1, nelems=25, elem type=short)
ARR 81c1a8 (sz=8, trace=1, nelems=4, elem type=int)
CLS 81c1c8 (name=java.lang.reflect.Constructor, trace=1)
	super		81bfe8
ARR 81c1e8 (sz=24, trace=1, nelems=84, elem type=byte)
ARR 81c228 (sz=16, trace=1, nelems=25, elem type=short)
ARR 81c268 (sz=12, trace=1, nelems=8, elem type=int)
CLS 81c288 (name=java.lang.Boolean, trace=1)
	super		81a970
	static TYPE	81ca88
	static FALSE	8a394f8
	static TRUE	8a39430
ARR 81c2a8 (sz=56, trace=1, nelems=206, elem type=byte)
ARR 81c2e8 (sz=106, trace=1, nelems=205, elem type=short)
CLS 81c328 (name=java.lang.Character, trace=1)
	super		81a970
	static A_DATA	81c408
	static A	88f888
	static Y_DATA	81c3c8
	static Y	88f868
	static X_DATA	81c388
	static X	88f848
	static TYPE	81caa8
ARR 81c348 (sz=8, trace=1, nelems=8, elem type=short)
ARR 81c368 (sz=260, trace=1, nelems=512, elem type=char)
OBJ 81c388 (sz=6, trace=1, class=java.lang.String@81a9d0)
	value		81c368
ARR 81c3a8 (sz=2020, trace=1, nelems=4032, elem type=char)
OBJ 81c3c8 (sz=6, trace=1, class=java.lang.String@81a9d0)
	value		81c3a8
ARR 81c3e8 (sz=636, trace=1, nelems=1264, elem type=char)
OBJ 81c408 (sz=6, trace=1, class=java.lang.String@81a9d0)
	value		81c3e8
ARR 81c428 (sz=32, trace=1, nelems=116, elem type=byte)
ARR 81c448 (sz=12, trace=1, nelems=34, elem type=byte)
ARR 81c488 (sz=6, trace=1, nelems=5, elem type=short)
CLS 81c4c8 (name=java.lang.Number, trace=1)
	super		81a970
ARR 81c528 (sz=24, trace=1, nelems=40, elem type=short)
CLS 81c568 (name=java.lang.Float, trace=1)
	super		81c4c8
	static TYPE	81ca28
ARR 81c588 (sz=34, trace=1, nelems=122, elem type=byte)
ARR 81c5e8 (sz=24, trace=1, nelems=40, elem type=short)
CLS 81c628 (name=java.lang.Double, trace=1)
	super		81c4c8
	static TYPE	81ca48
ARR 81c648 (sz=38, trace=1, nelems=138, elem type=byte)
ARR 81c6a8 (sz=16, trace=1, nelems=25, elem type=short)
ARR 81c6e8 (sz=8, trace=1, nelems=4, elem type=int)
CLS 81c708 (name=java.lang.Byte, trace=1)
	super		81c4c8
ARR 81c728 (sz=38, trace=1, nelems=138, elem type=byte)
ARR 81c788 (sz=16, trace=1, nelems=25, elem type=short)
ARR 81c7c8 (sz=8, trace=1, nelems=4, elem type=int)
CLS 81c7e8 (name=java.lang.Short, trace=1)
	super		81c4c8
ARR 81c808 (sz=50, trace=1, nelems=187, elem type=byte)
ARR 81c868 (sz=24, trace=1, nelems=40, elem type=short)
ARR 81c8a8 (sz=16, trace=1, nelems=12, elem type=int)
ARR 81c8c8 (sz=8, trace=1, nelems=4, elem type=int)
CLS 81c8e8 (name=java.lang.Integer, trace=1)
	super		81c4c8
ARR 81c908 (sz=50, trace=1, nelems=185, elem type=byte)
ARR 81c968 (sz=16, trace=1, nelems=25, elem type=short)
ARR 81c9a8 (sz=8, trace=1, nelems=4, elem type=int)
ARR 81c9c8 (sz=16, trace=1, nelems=12, elem type=int)
CLS 81c9e8 (name=java.lang.Long, trace=1)
	super		81c4c8
OBJ 81ca08 (sz=4, trace=1, class=java.lang.Class@81a9f0)
OBJ 81ca28 (sz=4, trace=1, class=java.lang.Class@81a9f0)
OBJ 81ca48 (sz=4, trace=1, class=java.lang.Class@81a9f0)
OBJ 81ca68 (sz=4, trace=1, class=java.lang.Class@81a9f0)
OBJ 81ca88 (sz=4, trace=1, class=java.lang.Class@81a9f0)
OBJ 81caa8 (sz=4, trace=1, class=java.lang.Class@81a9f0)
OBJ 81cac8 (sz=4, trace=1, class=java.lang.Class@81a9f0)
OBJ 81cae8 (sz=4, trace=1, class=java.lang.Class@81a9f0)
OBJ 81cb08 (sz=4, trace=1, class=java.lang.Class@81a9f0)
OBJ 81cb28 (sz=2, trace=1, class=java.lang.Object@81a970)
OBJ 81cb48 (sz=2, trace=1, class=java.lang.Object@81a970)
ARR 81cb88 (sz=8, trace=1, nelems=16, elem type=byte)
ARR 81cba8 (sz=4, trace=1, nelems=0, elem type=short)
CLS 81cbe8 (name=java.lang.OutOfMemoryError, trace=1)
	super		81b3b0
OBJ 81cc08 (sz=4, trace=1, class=java.lang.OutOfMemoryError@81cbe8)
ARR 81cc28 (sz=8, trace=1, nelems=16, elem type=byte)
ARR 81cc48 (sz=4, trace=1, nelems=0, elem type=short)
CLS 81cc88 (name=java.lang.NullPointerException, trace=1)
	super		81af30
OBJ 81cca8 (sz=4, trace=1, class=java.lang.NullPointerException@81cc88)
ARR 81ccc8 (sz=8, trace=1, nelems=16, elem type=byte)
ARR 81cce8 (sz=4, trace=1, nelems=0, elem type=short)
CLS 81cd28 (name=java.lang.ArithmeticException, trace=1)
	super		81af30
OBJ 81cd48 (sz=4, trace=1, class=java.lang.ArithmeticException@81cd28)
	detailMessage	88f8a8
ARR 81cd68 (sz=46, trace=1, nelems=171, elem type=byte)
ARR 81cd88 (sz=24, trace=1, nelems=40, elem type=short)
ARR 81cdc8 (sz=8, trace=1, nelems=4, elem type=int)
ARR 81cde8 (sz=8, trace=1, nelems=4, elem type=int)
ARR 81ce08 (sz=8, trace=1, nelems=4, elem type=int)
ARR 81ce28 (sz=8, trace=1, nelems=4, elem type=int)
ARR 81ce48 (sz=12, trace=1, nelems=8, elem type=int)
ARR 81ce68 (sz=12, trace=1, nelems=8, elem type=int)
ARR 81ce88 (sz=12, trace=1, nelems=8, elem type=int)
ARR 81cea8 (sz=8, trace=1, nelems=4, elem type=int)
CLS 81cec8 (name=java.lang.Shutdown, trace=1)
	super		81a970
	static class$java$lang$Shutdown	81cec8
	static lock	8aa4718
ARR 81cee8 (sz=10, trace=1, nelems=12, elem type=short)
ARR 81cf08 (sz=28, trace=1, nelems=95, elem type=byte)
ARR 81cf28 (sz=16, trace=1, nelems=25, elem type=short)
CLS 81cf68 (name=java.lang.StrictMath, trace=1)
	super		81a970
ARR 81cf88 (sz=48, trace=1, nelems=176, elem type=byte)
ARR 81cfc8 (sz=24, trace=1, nelems=40, elem type=short)
ARR 81d008 (sz=8, trace=1, nelems=4, elem type=int)
CLS 81d028 (name=java.io.ObjectStreamField, trace=1)
	super		81a970
	static OBJECT_TYPESTRING	88f8c8
ARR 81d068 (sz=16, trace=1, nelems=51, elem type=byte)
ARR 81d0a8 (sz=6, trace=1, nelems=11, elem type=byte)
ARR 81d0c8 (sz=4, trace=1, nelems=0, elem type=short)
CLS 81d108 (name=java.util.Comparator, trace=1)
	super		81a970
ARR 81d128 (sz=6, trace=1, nelems=5, elem type=short)
CLS 81d168 (name=java.lang.String$CaseInsensitiveComparator, trace=1)
	super		81a970
ARR 81d188 (sz=8, trace=1, nelems=8, elem type=short)
ARR 81d1a8 (sz=70, trace=1, nelems=266, elem type=byte)
ARR 81d1c8 (sz=16, trace=1, nelems=25, elem type=short)
ARR 81d208 (sz=8, trace=1, nelems=4, elem type=int)
CLS 81d228 (name=java.lang.System, trace=1)
	super		81a970
	static props	88f948
	static err	88f928
	static out	88f908
	static in	88f8e8
ARR 81d248 (sz=6, trace=1, nelems=4, elem type=short)
ARR 81d268 (sz=6, trace=1, nelems=6, elem type=char)
OBJ 81d288 (sz=6, trace=1, class=java.lang.String@81a9d0)
	value		81d268
ARR 81d2c8 (sz=26, trace=1, nelems=86, elem type=byte)
ARR 81d2e8 (sz=4, trace=1, nelems=0, elem type=short)
CLS 81d328 (name=java.security.AccessController, trace=1)
	super		81a970
ARR 81d348 (sz=82, trace=1, nelems=314, elem type=byte)
ARR 81d368 (sz=16, trace=1, nelems=25, elem type=short)
ARR 81d3a8 (sz=8, trace=1, nelems=4, elem type=int)
CLS 81d3c8 (name=java.util.Collections, trace=1)
	super		81a970
	static REVERSE_ORDER	88f9e8
	static EMPTY_MAP	88f9c8
	static EMPTY_LIST	88f9a8
	static EMPTY_SET	88f988
	static r	88f968
ARR 81d3e8 (sz=48, trace=1, nelems=88, elem type=short)
ARR 81d408 (sz=28, trace=1, nelems=98, elem type=byte)
ARR 81d448 (sz=26, trace=1, nelems=45, elem type=short)
CLS 81d488 (name=java.util.Random, trace=1)
	super		81a970
ARR 81d4a8 (sz=14, trace=1, nelems=41, elem type=byte)
ARR 81d4c8 (sz=18, trace=1, nelems=57, elem type=byte)
ARR 81d4e8 (sz=30, trace=1, nelems=101, elem type=byte)
ARR 81d528 (sz=12, trace=1, nelems=29, elem type=byte)
ARR 81d548 (sz=4, trace=1, nelems=0, elem type=short)
CLS 81d588 (name=java.util.Collection, trace=1)
	super		81a970
ARR 81d5a8 (sz=4, trace=1, nelems=0, elem type=short)
CLS 81d5e8 (name=java.util.AbstractCollection, trace=1)
	super		81a970
ARR 81d628 (sz=12, trace=1, nelems=31, elem type=byte)
ARR 81d668 (sz=4, trace=1, nelems=0, elem type=short)
CLS 81d6a8 (name=java.util.Set, trace=1)
	super		81a970
ARR 81d708 (sz=4, trace=1, nelems=0, elem type=short)
CLS 81d748 (name=java.util.AbstractSet, trace=1)
	super		81d5e8
ARR 81d7a8 (sz=6, trace=1, nelems=5, elem type=short)
CLS 81d7e8 (name=java.util.Collections$EmptySet, trace=1)
	super		81d748
ARR 81d808 (sz=10, trace=1, nelems=12, elem type=short)
ARR 81d828 (sz=18, trace=1, nelems=57, elem type=byte)
ARR 81d848 (sz=40, trace=1, nelems=141, elem type=byte)
ARR 81d888 (sz=16, trace=1, nelems=45, elem type=byte)
ARR 81d8c8 (sz=4, trace=1, nelems=0, elem type=short)
CLS 81d908 (name=java.util.List, trace=1)
	super		81a970
ARR 81d968 (sz=6, trace=1, nelems=5, elem type=short)
CLS 81d9a8 (name=java.util.AbstractList, trace=1)
	super		81d5e8
ARR 81d9c8 (sz=10, trace=1, nelems=12, elem type=short)
ARR 81da28 (sz=6, trace=1, nelems=5, elem type=short)
CLS 81da68 (name=java.util.Collections$EmptyList, trace=1)
	super		81d9a8
ARR 81da88 (sz=8, trace=1, nelems=8, elem type=short)
ARR 81daa8 (sz=16, trace=1, nelems=49, elem type=byte)
ARR 81dac8 (sz=34, trace=1, nelems=123, elem type=byte)
ARR 81db08 (sz=8, trace=1, nelems=10, elem type=short)
CLS 81db48 (name=java.util.AbstractMap, trace=1)
	super		81a970
ARR 81db68 (sz=10, trace=1, nelems=12, elem type=short)
ARR 81dbc8 (sz=4, trace=1, nelems=0, elem type=short)
CLS 81dc08 (name=java.util.Collections$EmptyMap, trace=1)
	super		81db48
ARR 81dc28 (sz=8, trace=1, nelems=8, elem type=short)
ARR 81dc48 (sz=14, trace=1, nelems=40, elem type=byte)
ARR 81dc88 (sz=6, trace=1, nelems=5, elem type=short)
CLS 81dcc8 (name=java.util.Collections$ReverseComparator, trace=1)
	super		81a970
ARR 81dce8 (sz=8, trace=1, nelems=8, elem type=short)
ARR 81dd08 (sz=30, trace=1, nelems=102, elem type=byte)
ARR 81dd28 (sz=20, trace=1, nelems=68, elem type=byte)
ARR 81dd48 (sz=8, trace=1, nelems=10, elem type=short)
CLS 81dd88 (name=java.lang.ThreadLocal, trace=1)
	super		81a970
ARR 81dda8 (sz=6, trace=1, nelems=4, elem type=short)
ARR 81ddc8 (sz=6, trace=1, nelems=5, elem type=short)
CLS 81de08 (name=java.lang.InheritableThreadLocal, trace=1)
	super		81dd88
ARR 81de28 (sz=8, trace=1, nelems=8, elem type=short)
ARR 81de68 (sz=8, trace=1, nelems=16, elem type=byte)
ARR 81de88 (sz=28, trace=1, nelems=99, elem type=byte)
ARR 81dea8 (sz=24, trace=1, nelems=81, elem type=byte)
ARR 81dee8 (sz=6, trace=1, nelems=12, elem type=byte)
ARR 81df08 (sz=4, trace=1, nelems=0, elem type=short)
CLS 81df48 (name=java.security.Guard, trace=1)
	super		81a970
ARR 81df68 (sz=6, trace=1, nelems=5, elem type=short)
CLS 81dfa8 (name=java.security.Permission, trace=1)
	super		81a970
ARR 81e028 (sz=8, trace=1, nelems=10, elem type=short)
CLS 81e068 (name=java.security.BasicPermission, trace=1)
	super		81dfa8
ARR 81e088 (sz=4, trace=1, nelems=0, elem type=short)
CLS 81e0c8 (name=java.lang.reflect.ReflectPermission, trace=1)
	super		81e068
ARR 81e0e8 (sz=14, trace=1, nelems=20, elem type=char)
OBJ 81e108 (sz=6, trace=1, class=java.lang.String@81a9d0)
	value		81e0e8
ARR 81e128 (sz=4, trace=1, nelems=0, elem type=char)
OBJ 81e148 (sz=6, trace=1, class=java.lang.String@81a9d0)
	value		81e128
ARR 81e168 (sz=4, trace=1, nelems=2, elem type=char)
OBJ 81e188 (sz=6, trace=1, class=java.lang.String@81a9d0)
	value		81e168
ARR 81e1a8 (sz=4, trace=1, nelems=1, elem type=char)
OBJ 81e1c8 (sz=6, trace=1, class=java.lang.String@81a9d0)
	value		81e1a8
ARR 81e1e8 (sz=10, trace=1, nelems=23, elem type=byte)
ARR 81e208 (sz=4, trace=1, nelems=0, elem type=short)
CLS 81e248 (name=java.lang.ref.Reference$Lock, trace=1)
	super		81a970
ARR 81e268 (sz=8, trace=1, nelems=8, elem type=short)
ARR 81e288 (sz=18, trace=1, nelems=58, elem type=byte)
ARR 81e2a8 (sz=4, trace=1, nelems=0, elem type=short)
ARR 81e2e8 (sz=12, trace=1, nelems=8, elem type=int)
CLS 81e308 (name=java.lang.ref.Reference$ReferenceHandler, trace=1)
	super		81b910
ARR 81e328 (sz=8, trace=1, nelems=8, elem type=short)
ARR 81e348 (sz=12, trace=1, nelems=17, elem type=char)
OBJ 81e368 (sz=6, trace=1, class=java.lang.String@81a9d0)
	value		81e348
ARR 81e388 (sz=24, trace=1, nelems=79, elem type=byte)
ARR 81e3a8 (sz=14, trace=1, nelems=20, elem type=short)
ARR 81e3e8 (sz=12, trace=1, nelems=8, elem type=int)
ARR 81e408 (sz=8, trace=1, nelems=4, elem type=int)
ARR 81e428 (sz=8, trace=1, nelems=4, elem type=int)
CLS 81e448 (name=java.lang.ref.ReferenceQueue, trace=1)
	super		81a970
	static ENQUEUED	88fa28
	static NULL	88fa08
ARR 81e468 (sz=10, trace=1, nelems=12, elem type=short)
ARR 81e488 (sz=10, trace=1, nelems=23, elem type=byte)
ARR 81e4a8 (sz=4, trace=1, nelems=0, elem type=short)
CLS 81e4e8 (name=java.lang.ref.ReferenceQueue$Null, trace=1)
	super		81e448
ARR 81e508 (sz=8, trace=1, nelems=8, elem type=short)
ARR 81e528 (sz=10, trace=1, nelems=23, elem type=byte)
ARR 81e548 (sz=4, trace=1, nelems=0, elem type=short)
CLS 81e588 (name=java.lang.ref.ReferenceQueue$Lock, trace=1)
	super		81a970
ARR 81e5a8 (sz=8, trace=1, nelems=8, elem type=short)
ARR 81e5c8 (sz=14, trace=1, nelems=38, elem type=byte)
ARR 81e5e8 (sz=4, trace=1, nelems=0, elem type=short)
ARR 81e628 (sz=8, trace=1, nelems=4, elem type=int)
CLS 81e648 (name=java.lang.ref.Finalizer$FinalizerThread, trace=1)
	super		81b910
ARR 81e668 (sz=6, trace=1, nelems=4, elem type=short)
ARR 81e688 (sz=8, trace=1, nelems=9, elem type=char)
OBJ 81e6a8 (sz=6, trace=1, class=java.lang.String@81a9d0)
	value		81e688
ARR 81e6c8 (sz=12, trace=1, nelems=30, elem type=byte)
ARR 81e708 (sz=6, trace=1, nelems=11, elem type=byte)
ARR 81e728 (sz=4, trace=1, nelems=0, elem type=short)
CLS 81e768 (name=java.util.Enumeration, trace=1)
	super		81a970
ARR 81e788 (sz=4, trace=1, nelems=0, elem type=short)
CLS 81e7c8 (name=java.util.Hashtable$EmptyEnumerator, trace=1)
	super		81a970
ARR 81e7e8 (sz=6, trace=1, nelems=4, elem type=short)
ARR 81e808 (sz=12, trace=1, nelems=34, elem type=byte)
ARR 81e848 (sz=8, trace=1, nelems=13, elem type=byte)
ARR 81e868 (sz=4, trace=1, nelems=0, elem type=short)
CLS 81e8a8 (name=java.util.Iterator, trace=1)
	super		81a970
ARR 81e8c8 (sz=4, trace=1, nelems=0, elem type=short)
CLS 81e908 (name=java.util.Hashtable$EmptyIterator, trace=1)
	super		81a970
ARR 81e928 (sz=6, trace=1, nelems=4, elem type=short)
ARR 81e948 (sz=6, trace=1, nelems=5, elem type=char)
OBJ 81e968 (sz=6, trace=1, class=java.lang.String@81a9d0)
	value		81e948
ARR 81e988 (sz=194, trace=1, nelems=760, elem type=byte)
ARR 81e9c8 (sz=98, trace=1, nelems=190, elem type=short)
ARR 81ea08 (sz=8, trace=1, nelems=4, elem type=int)
ARR 81ea28 (sz=8, trace=1, nelems=4, elem type=int)
ARR 81ea48 (sz=8, trace=1, nelems=4, elem type=int)
ARR 81ea68 (sz=12, trace=1, nelems=8, elem type=int)
ARR 81ea88 (sz=8, trace=1, nelems=4, elem type=int)
ARR 81eaa8 (sz=12, trace=1, nelems=8, elem type=int)
ARR 81eac8 (sz=8, trace=1, nelems=4, elem type=int)
ARR 81eae8 (sz=8, trace=1, nelems=4, elem type=int)
CLS 81eb08 (name=java.io.ObjectStreamClass, trace=1)
	super		81a970
	static NULL_ARGS	88faa8
	static compareMemberByName	88fa88
	static compareClassByName	88fa68
	static serialPersistentFields	88f6a8
	static NO_FIELDS	88f6a8
	static descriptorFor	88fa48
ARR 81eb28 (sz=16, trace=1, nelems=24, elem type=short)
ARR 81eb48 (sz=8, trace=1, nelems=20, elem type=byte)
ARR 81eb68 (sz=6, trace=1, nelems=5, elem type=short)
CLS 81eba8 (name=java.io.ObjectStreamClass$ObjectStreamClassEntry, trace=1)
	super		81b550
ARR 81ebc8 (sz=6, trace=1, nelems=4, elem type=short)
ARR 81ec08 (sz=14, trace=1, nelems=39, elem type=byte)
ARR 81ec48 (sz=4, trace=1, nelems=0, elem type=short)
CLS 81ec88 (name=java.io.ObjectStreamClass$CompareClassByName, trace=1)
	super		81a970
ARR 81eca8 (sz=8, trace=1, nelems=8, elem type=short)
ARR 81ecc8 (sz=18, trace=1, nelems=60, elem type=byte)
ARR 81ed08 (sz=4, trace=1, nelems=0, elem type=short)
CLS 81ed48 (name=java.io.ObjectStreamClass$CompareMemberByName, trace=1)
	super		81a970
ARR 81ed68 (sz=8, trace=1, nelems=8, elem type=short)
ARR 81ed88 (sz=22, trace=1, nelems=76, elem type=byte)
ARR 81edc8 (sz=8, trace=1, nelems=20, elem type=byte)
ARR 81ede8 (sz=4, trace=1, nelems=0, elem type=short)
CLS 81ee28 (name=java.util.Map$Entry, trace=1)
	super		81a970
ARR 81ee48 (sz=6, trace=1, nelems=4, elem type=short)
ARR 81ee68 (sz=14, trace=1, nelems=20, elem type=short)
CLS 81eea8 (name=java.util.Hashtable$Entry, trace=1)
	super		81a970
ARR 81eec8 (sz=8, trace=1, nelems=8, elem type=short)
ARR 81ef08 (sz=26, trace=1, nelems=85, elem type=byte)
ARR 81ef28 (sz=12, trace=1, nelems=15, elem type=short)
CLS 81ef68 (name=sun.misc.Version, trace=1)
	super		81a970
	static java_runtime_version	81f028
	static java_runtime_name	81efe8
	static java_version	81efa8
ARR 81ef88 (sz=6, trace=1, nelems=5, elem type=char)
OBJ 81efa8 (sz=6, trace=1, class=java.lang.String@81a9d0)
	value		81ef88
ARR 81efc8 (sz=28, trace=1, nelems=48, elem type=char)
OBJ 81efe8 (sz=6, trace=1, class=java.lang.String@81a9d0)
	value		81efc8
ARR 81f008 (sz=8, trace=1, nelems=7, elem type=char)
OBJ 81f028 (sz=6, trace=1, class=java.lang.String@81a9d0)
	value		81f008
ARR 81f048 (sz=10, trace=1, nelems=12, elem type=char)
OBJ 81f068 (sz=6, trace=1, class=java.lang.String@81a9d0)
	value		81f048
ARR 81f088 (sz=14, trace=1, nelems=20, elem type=char)
OBJ 81f0a8 (sz=6, trace=1, class=java.lang.String@81a9d0)
	value		81f088
ARR 81f0c8 (sz=12, trace=1, nelems=17, elem type=char)
OBJ 81f0e8 (sz=6, trace=1, class=java.lang.String@81a9d0)
	value		81f0c8
ARR 81f108 (sz=24, trace=1, nelems=79, elem type=byte)
ARR 81f128 (sz=18, trace=1, nelems=60, elem type=byte)
ARR 81f148 (sz=8, trace=1, nelems=10, elem type=short)
ARR 81f188 (sz=8, trace=1, nelems=4, elem type=int)
CLS 81f1a8 (name=java.io.InputStream, trace=1)
	super		81a970
ARR 81f1c8 (sz=6, trace=1, nelems=5, elem type=short)
CLS 81f208 (name=java.io.FileInputStream, trace=1)
	super		81f1a8
ARR 81f228 (sz=14, trace=1, nelems=40, elem type=byte)
ARR 81f248 (sz=14, trace=1, nelems=20, elem type=short)
CLS 81f288 (name=java.io.FileDescriptor, trace=1)
	super		81a970
	static err	88fb08
	static out	88fae8
	static in	88fac8
ARR 81f2a8 (sz=26, trace=1, nelems=88, elem type=byte)
ARR 81f2c8 (sz=12, trace=1, nelems=32, elem type=byte)
ARR 81f2e8 (sz=4, trace=1, nelems=0, elem type=short)
CLS 81f328 (name=java.io.OutputStream, trace=1)
	super		81a970
ARR 81f348 (sz=6, trace=1, nelems=5, elem type=short)
CLS 81f388 (name=java.io.FileOutputStream, trace=1)
	super		81f328
ARR 81f3a8 (sz=28, trace=1, nelems=98, elem type=byte)
ARR 81f3c8 (sz=16, trace=1, nelems=51, elem type=byte)
ARR 81f3e8 (sz=6, trace=1, nelems=5, elem type=short)
CLS 81f428 (name=java.io.FilterInputStream, trace=1)
	super		81f1a8
ARR 81f448 (sz=18, trace=1, nelems=30, elem type=short)
CLS 81f488 (name=java.io.BufferedInputStream, trace=1)
	super		81f428
ARR 81f4a8 (sz=46, trace=1, nelems=168, elem type=byte)
ARR 81f4c8 (sz=14, trace=1, nelems=40, elem type=byte)
ARR 81f4e8 (sz=6, trace=1, nelems=5, elem type=short)
ARR 81f528 (sz=8, trace=1, nelems=4, elem type=int)
CLS 81f548 (name=java.io.FilterOutputStream, trace=1)
	super		81f328
ARR 81f568 (sz=16, trace=1, nelems=25, elem type=short)
ARR 81f5a8 (sz=12, trace=1, nelems=8, elem type=int)
ARR 81f5c8 (sz=12, trace=1, nelems=8, elem type=int)
ARR 81f5e8 (sz=16, trace=1, nelems=12, elem type=int)
ARR 81f608 (sz=16, trace=1, nelems=12, elem type=int)
ARR 81f628 (sz=16, trace=1, nelems=12, elem type=int)
ARR 81f648 (sz=16, trace=1, nelems=12, elem type=int)
ARR 81f668 (sz=16, trace=1, nelems=12, elem type=int)
ARR 81f688 (sz=8, trace=1, nelems=4, elem type=int)
ARR 81f6a8 (sz=8, trace=1, nelems=4, elem type=int)
ARR 81f6c8 (sz=8, trace=1, nelems=4, elem type=int)
ARR 81f6e8 (sz=8, trace=1, nelems=4, elem type=int)
ARR 81f708 (sz=8, trace=1, nelems=4, elem type=int)
ARR 81f728 (sz=8, trace=1, nelems=4, elem type=int)
ARR 81f748 (sz=8, trace=1, nelems=4, elem type=int)
ARR 81f768 (sz=8, trace=1, nelems=4, elem type=int)
ARR 81f788 (sz=8, trace=1, nelems=4, elem type=int)
CLS 81f7a8 (name=java.io.PrintStream, trace=1)
	super		81f548
ARR 81f7c8 (sz=18, trace=1, nelems=58, elem type=byte)
ARR 81f7e8 (sz=8, trace=1, nelems=10, elem type=short)
CLS 81f828 (name=java.io.BufferedOutputStream, trace=1)
	super		81f548
ARR 81f848 (sz=36, trace=1, nelems=131, elem type=byte)
ARR 81f868 (sz=18, trace=1, nelems=56, elem type=byte)
ARR 81f888 (sz=12, trace=1, nelems=15, elem type=short)
ARR 81f8c8 (sz=8, trace=1, nelems=4, elem type=int)
ARR 81f8e8 (sz=8, trace=1, nelems=4, elem type=int)
CLS 81f908 (name=java.io.Writer, trace=1)
	super		81a970
ARR 81f928 (sz=18, trace=1, nelems=30, elem type=short)
ARR 81f968 (sz=8, trace=1, nelems=4, elem type=int)
ARR 81f988 (sz=12, trace=1, nelems=8, elem type=int)
ARR 81f9a8 (sz=12, trace=1, nelems=8, elem type=int)
ARR 81f9c8 (sz=8, trace=1, nelems=4, elem type=int)
ARR 81f9e8 (sz=8, trace=1, nelems=4, elem type=int)
CLS 81fa08 (name=java.io.OutputStreamWriter, trace=1)
	super		81f908
ARR 81fa28 (sz=36, trace=1, nelems=129, elem type=byte)
ARR 81fa48 (sz=16, trace=1, nelems=25, elem type=short)
ARR 81fa88 (sz=12, trace=1, nelems=8, elem type=int)
ARR 81faa8 (sz=16, trace=1, nelems=12, elem type=int)
ARR 81fac8 (sz=8, trace=1, nelems=4, elem type=int)
ARR 81fae8 (sz=8, trace=1, nelems=4, elem type=int)
CLS 81fb08 (name=sun.io.CharToByteConverter, trace=1)
	super		81a970
ARR 81fb28 (sz=46, trace=1, nelems=167, elem type=byte)
ARR 81fb48 (sz=24, trace=1, nelems=40, elem type=short)
ARR 81fb88 (sz=8, trace=1, nelems=4, elem type=int)
ARR 81fba8 (sz=12, trace=1, nelems=8, elem type=int)
ARR 81fbc8 (sz=8, trace=1, nelems=4, elem type=int)
ARR 81fbe8 (sz=12, trace=1, nelems=8, elem type=int)
ARR 81fc08 (sz=12, trace=1, nelems=8, elem type=int)
ARR 81fc28 (sz=8, trace=1, nelems=4, elem type=int)
CLS 81fc48 (name=sun.io.Converters, trace=1)
	super		81a970
	static class$sun$io$Converters	81fc48
	static classCache	88fb88
	static converterPrefix	88fb68
	static defaultEncoding	88fb48
	static converterPackageName	88fb28
	static lock	81fc48
ARR 81fc68 (sz=12, trace=1, nelems=17, elem type=char)
OBJ 81fc88 (sz=6, trace=1, class=java.lang.String@81a9d0)
	value		81fc68
ARR 81fca8 (sz=60, trace=1, nelems=227, elem type=byte)
ARR 81fd28 (sz=14, trace=1, nelems=20, elem type=short)
ARR 81fd68 (sz=8, trace=1, nelems=4, elem type=int)
ARR 81fd88 (sz=8, trace=1, nelems=4, elem type=int)
CLS 81fda8 (name=java.util.Vector, trace=1)
	super		81d9a8
ARR 81fdc8 (sz=6, trace=1, nelems=4, elem type=short)
ARR 81fe08 (sz=16, trace=1, nelems=51, elem type=byte)
ARR 81fe28 (sz=6, trace=1, nelems=5, elem type=short)
CLS 81fe68 (name=java.util.Stack, trace=1)
	super		81fda8
ARR 81fea8 (sz=8, trace=1, nelems=10, elem type=char)
OBJ 81fec8 (sz=6, trace=1, class=java.lang.String@81a9d0)
	value		81fea8
ARR 81fee8 (sz=8, trace=1, nelems=10, elem type=char)
OBJ 81ff08 (sz=6, trace=1, class=java.lang.String@81a9d0)
	value		81fee8
ARR 81ff48 (sz=12, trace=1, nelems=32, elem type=byte)
ARR 81ff88 (sz=6, trace=1, nelems=9, elem type=byte)
ARR 81ffa8 (sz=4, trace=1, nelems=0, elem type=short)
CLS 81ffe8 (name=java.security.PrivilegedAction, trace=1)
	super		81a970
ARR 820008 (sz=8, trace=1, nelems=10, elem type=short)
CLS 820048 (name=sun.security.action.GetPropertyAction, trace=1)
	super		81a970
ARR 820068 (sz=10, trace=1, nelems=13, elem type=char)
OBJ 820088 (sz=6, trace=1, class=java.lang.String@81a9d0)
	value		820068
ARR 8200a8 (sz=8, trace=1, nelems=9, elem type=char)
OBJ 8200c8 (sz=6, trace=1, class=java.lang.String@81a9d0)
	value		8200a8
ARR 8200e8 (sz=6, trace=1, nelems=6, elem type=char)
OBJ 820108 (sz=6, trace=1, class=java.lang.String@81a9d0)
	value		8200e8
ARR 820128 (sz=302, trace=1, nelems=1194, elem type=byte)
ARR 820148 (sz=6, trace=1, nelems=5, elem type=short)
CLS 820188 (name=sun.io.CharacterEncoding, trace=1)
	super		81a970
	static aliasTable	88fba8
ARR 8201a8 (sz=6, trace=1, nelems=4, elem type=short)
ARR 8201c8 (sz=8, trace=1, nelems=8, elem type=char)
OBJ 8201e8 (sz=6, trace=1, class=java.lang.String@81a9d0)
	value		8201c8
ARR 820208 (sz=6, trace=1, nelems=5, elem type=char)
OBJ 820228 (sz=6, trace=1, class=java.lang.String@81a9d0)
	value		820208
ARR 820248 (sz=6, trace=1, nelems=5, elem type=char)
OBJ 820268 (sz=6, trace=1, class=java.lang.String@81a9d0)
	value		820248
ARR 820288 (sz=6, trace=1, nelems=3, elem type=char)
OBJ 8202a8 (sz=6, trace=1, class=java.lang.String@81a9d0)
	value		820288
ARR 8202c8 (sz=8, trace=1, nelems=9, elem type=char)
OBJ 8202e8 (sz=6, trace=1, class=java.lang.String@81a9d0)
	value		8202c8
ARR 820308 (sz=8, trace=1, nelems=7, elem type=char)
OBJ 820328 (sz=6, trace=1, class=java.lang.String@81a9d0)
	value		820308
ARR 820348 (sz=6, trace=1, nelems=6, elem type=char)
OBJ 820368 (sz=6, trace=1, class=java.lang.String@81a9d0)
	value		820348
ARR 820388 (sz=12, trace=1, nelems=15, elem type=char)
OBJ 8203a8 (sz=6, trace=1, class=java.lang.String@81a9d0)
	value		820388
ARR 8203c8 (sz=8, trace=1, nelems=10, elem type=char)
OBJ 8203e8 (sz=6, trace=1, class=java.lang.String@81a9d0)
	value		8203c8
ARR 820408 (sz=8, trace=1, nelems=10, elem type=char)
OBJ 820428 (sz=6, trace=1, class=java.lang.String@81a9d0)
	value		820408
ARR 820448 (sz=8, trace=1, nelems=10, elem type=char)
OBJ 820468 (sz=6, trace=1, class=java.lang.String@81a9d0)
	value		820448
ARR 820488 (sz=8, trace=1, nelems=9, elem type=char)
OBJ 8204a8 (sz=6, trace=1, class=java.lang.String@81a9d0)
	value		820488
ARR 8204c8 (sz=6, trace=1, nelems=6, elem type=char)
OBJ 8204e8 (sz=6, trace=1, class=java.lang.String@81a9d0)
	value		8204c8
ARR 820508 (sz=4, trace=1, nelems=2, elem type=char)
OBJ 820528 (sz=6, trace=1, class=java.lang.String@81a9d0)
	value		820508
ARR 820548 (sz=6, trace=1, nelems=6, elem type=char)
OBJ 820568 (sz=6, trace=1, class=java.lang.String@81a9d0)
	value		820548
ARR 820588 (sz=8, trace=1, nelems=7, elem type=char)
OBJ 8205a8 (sz=6, trace=1, class=java.lang.String@81a9d0)
	value		820588
ARR 8205c8 (sz=6, trace=1, nelems=5, elem type=char)
OBJ 8205e8 (sz=6, trace=1, class=java.lang.String@81a9d0)
	value		8205c8
ARR 820608 (sz=6, trace=1, nelems=3, elem type=char)
OBJ 820628 (sz=6, trace=1, class=java.lang.String@81a9d0)
	value		820608
ARR 820648 (sz=10, trace=1, nelems=11, elem type=char)
OBJ 820668 (sz=6, trace=1, class=java.lang.String@81a9d0)
	value		820648
ARR 820688 (sz=6, trace=1, nelems=6, elem type=char)
OBJ 8206a8 (sz=6, trace=1, class=java.lang.String@81a9d0)
	value		820688
ARR 8206c8 (sz=8, trace=1, nelems=9, elem type=char)
OBJ 8206e8 (sz=6, trace=1, class=java.lang.String@81a9d0)
	value		8206c8
ARR 820708 (sz=12, trace=1, nelems=15, elem type=char)
OBJ 820728 (sz=6, trace=1, class=java.lang.String@81a9d0)
	value		820708
ARR 820748 (sz=8, trace=1, nelems=10, elem type=char)
OBJ 820768 (sz=6, trace=1, class=java.lang.String@81a9d0)
	value		820748
ARR 820788 (sz=8, trace=1, nelems=10, elem type=char)
OBJ 8207a8 (sz=6, trace=1, class=java.lang.String@81a9d0)
	value		820788
ARR 8207c8 (sz=8, trace=1, nelems=10, elem type=char)
OBJ 8207e8 (sz=6, trace=1, class=java.lang.String@81a9d0)
	value		8207c8
ARR 820808 (sz=8, trace=1, nelems=9, elem type=char)
OBJ 820828 (sz=6, trace=1, class=java.lang.String@81a9d0)
	value		820808
ARR 820848 (sz=6, trace=1, nelems=6, elem type=char)
OBJ 820868 (sz=6, trace=1, class=java.lang.String@81a9d0)
	value		820848
ARR 820888 (sz=4, trace=1, nelems=2, elem type=char)
OBJ 8208a8 (sz=6, trace=1, class=java.lang.String@81a9d0)
	value		820888
ARR 8208c8 (sz=6, trace=1, nelems=6, elem type=char)
OBJ 8208e8 (sz=6, trace=1, class=java.lang.String@81a9d0)
	value		8208c8
ARR 820908 (sz=8, trace=1, nelems=7, elem type=char)
OBJ 820928 (sz=6, trace=1, class=java.lang.String@81a9d0)
	value		820908
ARR 820948 (sz=6, trace=1, nelems=5, elem type=char)
OBJ 820968 (sz=6, trace=1, class=java.lang.String@81a9d0)
	value		820948
ARR 820988 (sz=6, trace=1, nelems=3, elem type=char)
OBJ 8209a8 (sz=6, trace=1, class=java.lang.String@81a9d0)
	value		820988
ARR 8209c8 (sz=10, trace=1, nelems=11, elem type=char)
OBJ 8209e8 (sz=6, trace=1, class=java.lang.String@81a9d0)
	value		8209c8
ARR 820a08 (sz=6, trace=1, nelems=6, elem type=char)
OBJ 820a28 (sz=6, trace=1, class=java.lang.String@81a9d0)
	value		820a08
ARR 820a48 (sz=8, trace=1, nelems=9, elem type=char)
OBJ 820a68 (sz=6, trace=1, class=java.lang.String@81a9d0)
	value		820a48
ARR 820a88 (sz=12, trace=1, nelems=15, elem type=char)
OBJ 820aa8 (sz=6, trace=1, class=java.lang.String@81a9d0)
	value		820a88
ARR 820ac8 (sz=8, trace=1, nelems=10, elem type=char)
OBJ 820ae8 (sz=6, trace=1, class=java.lang.String@81a9d0)
	value		820ac8
ARR 820b08 (sz=8, trace=1, nelems=10, elem type=char)
OBJ 820b28 (sz=6, trace=1, class=java.lang.String@81a9d0)
	value		820b08
ARR 820b48 (sz=8, trace=1, nelems=10, elem type=char)
OBJ 820b68 (sz=6, trace=1, class=java.lang.String@81a9d0)
	value		820b48
ARR 820b88 (sz=8, trace=1, nelems=9, elem type=char)
OBJ 820ba8 (sz=6, trace=1, class=java.lang.String@81a9d0)
	value		820b88
ARR 820bc8 (sz=6, trace=1, nelems=6, elem type=char)
OBJ 820be8 (sz=6, trace=1, class=java.lang.String@81a9d0)
	value		820bc8
ARR 820c08 (sz=4, trace=1, nelems=2, elem type=char)
OBJ 820c28 (sz=6, trace=1, class=java.lang.String@81a9d0)
	value		820c08
ARR 820c48 (sz=6, trace=1, nelems=6, elem type=char)
OBJ 820c68 (sz=6, trace=1, class=java.lang.String@81a9d0)
	value		820c48
ARR 820c88 (sz=8, trace=1, nelems=7, elem type=char)
OBJ 820ca8 (sz=6, trace=1, class=java.lang.String@81a9d0)
	value		820c88
ARR 820cc8 (sz=6, trace=1, nelems=5, elem type=char)
OBJ 820ce8 (sz=6, trace=1, class=java.lang.String@81a9d0)
	value		820cc8
ARR 820d08 (sz=6, trace=1, nelems=3, elem type=char)
OBJ 820d28 (sz=6, trace=1, class=java.lang.String@81a9d0)
	value		820d08
ARR 820d48 (sz=10, trace=1, nelems=11, elem type=char)
OBJ 820d68 (sz=6, trace=1, class=java.lang.String@81a9d0)
	value		820d48
ARR 820d88 (sz=6, trace=1, nelems=6, elem type=char)
OBJ 820da8 (sz=6, trace=1, class=java.lang.String@81a9d0)
	value		820d88
ARR 820dc8 (sz=8, trace=1, nelems=9, elem type=char)
OBJ 820de8 (sz=6, trace=1, class=java.lang.String@81a9d0)
	value		820dc8
ARR 820e08 (sz=12, trace=1, nelems=15, elem type=char)
OBJ 820e28 (sz=6, trace=1, class=java.lang.String@81a9d0)
	value		820e08
ARR 820e48 (sz=8, trace=1, nelems=10, elem type=char)
OBJ 820e68 (sz=6, trace=1, class=java.lang.String@81a9d0)
	value		820e48
ARR 820e88 (sz=8, trace=1, nelems=10, elem type=char)
OBJ 820ea8 (sz=6, trace=1, class=java.lang.String@81a9d0)
	value		820e88
ARR 820ec8 (sz=8, trace=1, nelems=10, elem type=char)
OBJ 820ee8 (sz=6, trace=1, class=java.lang.String@81a9d0)
	value		820ec8
ARR 820f08 (sz=8, trace=1, nelems=9, elem type=char)
OBJ 820f28 (sz=6, trace=1, class=java.lang.String@81a9d0)
	value		820f08
ARR 820f48 (sz=6, trace=1, nelems=6, elem type=char)
OBJ 820f68 (sz=6, trace=1, class=java.lang.String@81a9d0)
	value		820f48
ARR 820f88 (sz=4, trace=1, nelems=2, elem type=char)
OBJ 820fa8 (sz=6, trace=1, class=java.lang.String@81a9d0)
	value		820f88
ARR 820fc8 (sz=6, trace=1, nelems=6, elem type=char)
OBJ 820fe8 (sz=6, trace=1, class=java.lang.String@81a9d0)
	value		820fc8
ARR 821008 (sz=8, trace=1, nelems=7, elem type=char)
OBJ 821028 (sz=6, trace=1, class=java.lang.String@81a9d0)
	value		821008
ARR 821048 (sz=6, trace=1, nelems=5, elem type=char)
OBJ 821068 (sz=6, trace=1, class=java.lang.String@81a9d0)
	value		821048
ARR 821088 (sz=6, trace=1, nelems=3, elem type=char)
OBJ 8210a8 (sz=6, trace=1, class=java.lang.String@81a9d0)
	value		821088
ARR 8210c8 (sz=10, trace=1, nelems=11, elem type=char)
OBJ 8210e8 (sz=6, trace=1, class=java.lang.String@81a9d0)
	value		8210c8
ARR 821108 (sz=6, trace=1, nelems=6, elem type=char)
OBJ 821128 (sz=6, trace=1, class=java.lang.String@81a9d0)
	value		821108
ARR 821148 (sz=8, trace=1, nelems=9, elem type=char)
OBJ 821168 (sz=6, trace=1, class=java.lang.String@81a9d0)
	value		821148
ARR 821188 (sz=12, trace=1, nelems=15, elem type=char)
OBJ 8211a8 (sz=6, trace=1, class=java.lang.String@81a9d0)
	value		821188
ARR 8211c8 (sz=8, trace=1, nelems=10, elem type=char)
OBJ 8211e8 (sz=6, trace=1, class=java.lang.String@81a9d0)
	value		8211c8
ARR 821208 (sz=8, trace=1, nelems=10, elem type=char)
OBJ 821228 (sz=6, trace=1, class=java.lang.String@81a9d0)
	value		821208
ARR 821248 (sz=8, trace=1, nelems=10, elem type=char)
OBJ 821268 (sz=6, trace=1, class=java.lang.String@81a9d0)
	value		821248
ARR 821288 (sz=8, trace=1, nelems=9, elem type=char)
OBJ 8212a8 (sz=6, trace=1, class=java.lang.String@81a9d0)
	value		821288
ARR 8212c8 (sz=8, trace=1, nelems=8, elem type=char)
OBJ 8212e8 (sz=6, trace=1, class=java.lang.String@81a9d0)
	value		8212c8
ARR 821308 (sz=12, trace=1, nelems=18, elem type=char)
OBJ 821328 (sz=6, trace=1, class=java.lang.String@81a9d0)
	value		821308
ARR 821348 (sz=6, trace=1, nelems=6, elem type=char)
OBJ 821368 (sz=6, trace=1, class=java.lang.String@81a9d0)
	value		821348
ARR 821388 (sz=8, trace=1, nelems=7, elem type=char)
OBJ 8213a8 (sz=6, trace=1, class=java.lang.String@81a9d0)
	value		821388
ARR 8213c8 (sz=6, trace=1, nelems=5, elem type=char)
OBJ 8213e8 (sz=6, trace=1, class=java.lang.String@81a9d0)
	value		8213c8
ARR 821408 (sz=6, trace=1, nelems=3, elem type=char)
OBJ 821428 (sz=6, trace=1, class=java.lang.String@81a9d0)
	value		821408
ARR 821448 (sz=6, trace=1, nelems=6, elem type=char)
OBJ 821468 (sz=6, trace=1, class=java.lang.String@81a9d0)
	value		821448
ARR 821488 (sz=8, trace=1, nelems=9, elem type=char)
OBJ 8214a8 (sz=6, trace=1, class=java.lang.String@81a9d0)
	value		821488
ARR 8214c8 (sz=12, trace=1, nelems=15, elem type=char)
OBJ 8214e8 (sz=6, trace=1, class=java.lang.String@81a9d0)
	value		8214c8
ARR 821508 (sz=8, trace=1, nelems=10, elem type=char)
OBJ 821528 (sz=6, trace=1, class=java.lang.String@81a9d0)
	value		821508
ARR 821548 (sz=8, trace=1, nelems=10, elem type=char)
OBJ 821568 (sz=6, trace=1, class=java.lang.String@81a9d0)
	value		821548
ARR 821588 (sz=8, trace=1, nelems=10, elem type=char)
OBJ 8215a8 (sz=6, trace=1, class=java.lang.String@81a9d0)
	value		821588
ARR 8215c8 (sz=8, trace=1, nelems=9, elem type=char)
OBJ 8215e8 (sz=6, trace=1, class=java.lang.String@81a9d0)
	value		8215c8
ARR 821608 (sz=8, trace=1, nelems=8, elem type=char)
OBJ 821628 (sz=6, trace=1, class=java.lang.String@81a9d0)
	value		821608
ARR 821648 (sz=8, trace=1, nelems=8, elem type=char)
OBJ 821668 (sz=6, trace=1, class=java.lang.String@81a9d0)
	value		821648
ARR 821688 (sz=6, trace=1, nelems=6, elem type=char)
OBJ 8216a8 (sz=6, trace=1, class=java.lang.String@81a9d0)
	value		821688
ARR 8216c8 (sz=12, trace=1, nelems=16, elem type=char)
OBJ 8216e8 (sz=6, trace=1, class=java.lang.String@81a9d0)
	value		8216c8
ARR 821708 (sz=8, trace=1, nelems=7, elem type=char)
OBJ 821728 (sz=6, trace=1, class=java.lang.String@81a9d0)
	value		821708
ARR 821748 (sz=8, trace=1, nelems=8, elem type=char)
OBJ 821768 (sz=6, trace=1, class=java.lang.String@81a9d0)
	value		821748
ARR 821788 (sz=6, trace=1, nelems=6, elem type=char)
OBJ 8217a8 (sz=6, trace=1, class=java.lang.String@81a9d0)
	value		821788
ARR 8217c8 (sz=6, trace=1, nelems=4, elem type=char)
OBJ 8217e8 (sz=6, trace=1, class=java.lang.String@81a9d0)
	value		8217c8
ARR 821808 (sz=6, trace=1, nelems=6, elem type=char)
OBJ 821828 (sz=6, trace=1, class=java.lang.String@81a9d0)
	value		821808
ARR 821848 (sz=8, trace=1, nelems=9, elem type=char)
OBJ 821868 (sz=6, trace=1, class=java.lang.String@81a9d0)
	value		821848
ARR 821888 (sz=12, trace=1, nelems=15, elem type=char)
OBJ 8218a8 (sz=6, trace=1, class=java.lang.String@81a9d0)
	value		821888
ARR 8218c8 (sz=8, trace=1, nelems=10, elem type=char)
OBJ 8218e8 (sz=6, trace=1, class=java.lang.String@81a9d0)
	value		8218c8
ARR 821908 (sz=8, trace=1, nelems=10, elem type=char)
OBJ 821928 (sz=6, trace=1, class=java.lang.String@81a9d0)
	value		821908
ARR 821948 (sz=8, trace=1, nelems=10, elem type=char)
OBJ 821968 (sz=6, trace=1, class=java.lang.String@81a9d0)
	value		821948
ARR 821988 (sz=8, trace=1, nelems=9, elem type=char)
OBJ 8219a8 (sz=6, trace=1, class=java.lang.String@81a9d0)
	value		821988
ARR 8219c8 (sz=8, trace=1, nelems=8, elem type=char)
OBJ 8219e8 (sz=6, trace=1, class=java.lang.String@81a9d0)
	value		8219c8
ARR 821a08 (sz=8, trace=1, nelems=8, elem type=char)
OBJ 821a28 (sz=6, trace=1, class=java.lang.String@81a9d0)
	value		821a08
ARR 821a48 (sz=6, trace=1, nelems=5, elem type=char)
OBJ 821a68 (sz=6, trace=1, class=java.lang.String@81a9d0)
	value		821a48
ARR 821a88 (sz=6, trace=1, nelems=6, elem type=char)
OBJ 821aa8 (sz=6, trace=1, class=java.lang.String@81a9d0)
	value		821a88
ARR 821ac8 (sz=12, trace=1, nelems=15, elem type=char)
OBJ 821ae8 (sz=6, trace=1, class=java.lang.String@81a9d0)
	value		821ac8
ARR 821b08 (sz=6, trace=1, nelems=6, elem type=char)
OBJ 821b28 (sz=6, trace=1, class=java.lang.String@81a9d0)
	value		821b08
ARR 821b48 (sz=8, trace=1, nelems=7, elem type=char)
OBJ 821b68 (sz=6, trace=1, class=java.lang.String@81a9d0)
	value		821b48
ARR 821b88 (sz=6, trace=1, nelems=5, elem type=char)
OBJ 821ba8 (sz=6, trace=1, class=java.lang.String@81a9d0)
	value		821b88
ARR 821bc8 (sz=6, trace=1, nelems=3, elem type=char)
OBJ 821be8 (sz=6, trace=1, class=java.lang.String@81a9d0)
	value		821bc8
ARR 821c08 (sz=6, trace=1, nelems=6, elem type=char)
OBJ 821c28 (sz=6, trace=1, class=java.lang.String@81a9d0)
	value		821c08
ARR 821c48 (sz=8, trace=1, nelems=9, elem type=char)
OBJ 821c68 (sz=6, trace=1, class=java.lang.String@81a9d0)
	value		821c48
ARR 821c88 (sz=12, trace=1, nelems=15, elem type=char)
OBJ 821ca8 (sz=6, trace=1, class=java.lang.String@81a9d0)
	value		821c88
ARR 821cc8 (sz=8, trace=1, nelems=10, elem type=char)
OBJ 821ce8 (sz=6, trace=1, class=java.lang.String@81a9d0)
	value		821cc8
ARR 821d08 (sz=8, trace=1, nelems=10, elem type=char)
OBJ 821d28 (sz=6, trace=1, class=java.lang.String@81a9d0)
	value		821d08
ARR 821d48 (sz=8, trace=1, nelems=10, elem type=char)
OBJ 821d68 (sz=6, trace=1, class=java.lang.String@81a9d0)
	value		821d48
ARR 821d88 (sz=8, trace=1, nelems=9, elem type=char)
OBJ 821da8 (sz=6, trace=1, class=java.lang.String@81a9d0)
	value		821d88
ARR 821dc8 (sz=6, trace=1, nelems=6, elem type=char)
OBJ 821de8 (sz=6, trace=1, class=java.lang.String@81a9d0)
	value		821dc8
ARR 821e08 (sz=12, trace=1, nelems=16, elem type=char)
OBJ 821e28 (sz=6, trace=1, class=java.lang.String@81a9d0)
	value		821e08
ARR 821e48 (sz=6, trace=1, nelems=6, elem type=char)
OBJ 821e68 (sz=6, trace=1, class=java.lang.String@81a9d0)
	value		821e48
ARR 821e88 (sz=8, trace=1, nelems=7, elem type=char)
OBJ 821ea8 (sz=6, trace=1, class=java.lang.String@81a9d0)
	value		821e88
ARR 821ec8 (sz=6, trace=1, nelems=5, elem type=char)
OBJ 821ee8 (sz=6, trace=1, class=java.lang.String@81a9d0)
	value		821ec8
ARR 821f08 (sz=6, trace=1, nelems=3, elem type=char)
OBJ 821f28 (sz=6, trace=1, class=java.lang.String@81a9d0)
	value		821f08
ARR 821f48 (sz=6, trace=1, nelems=6, elem type=char)
OBJ 821f68 (sz=6, trace=1, class=java.lang.String@81a9d0)
	value		821f48
ARR 821f88 (sz=8, trace=1, nelems=9, elem type=char)
OBJ 821fa8 (sz=6, trace=1, class=java.lang.String@81a9d0)
	value		821f88
ARR 821fc8 (sz=8, trace=1, nelems=10, elem type=char)
OBJ 821fe8 (sz=6, trace=1, class=java.lang.String@81a9d0)
	value		821fc8
ARR 822008 (sz=8, trace=1, nelems=10, elem type=char)
OBJ 822028 (sz=6, trace=1, class=java.lang.String@81a9d0)
	value		822008
ARR 822048 (sz=8, trace=1, nelems=10, elem type=char)
OBJ 822068 (sz=6, trace=1, class=java.lang.String@81a9d0)
	value		822048
ARR 822088 (sz=8, trace=1, nelems=9, elem type=char)
OBJ 8220a8 (sz=6, trace=1, class=java.lang.String@81a9d0)
	value		822088
ARR 8220c8 (sz=6, trace=1, nelems=6, elem type=char)
OBJ 8220e8 (sz=6, trace=1, class=java.lang.String@81a9d0)
	value		8220c8
ARR 822108 (sz=4, trace=1, nelems=2, elem type=char)
OBJ 822128 (sz=6, trace=1, class=java.lang.String@81a9d0)
	value		822108
ARR 822148 (sz=6, trace=1, nelems=6, elem type=char)
OBJ 822168 (sz=6, trace=1, class=java.lang.String@81a9d0)
	value		822148
ARR 822188 (sz=8, trace=1, nelems=7, elem type=char)
OBJ 8221a8 (sz=6, trace=1, class=java.lang.String@81a9d0)
	value		822188
ARR 8221c8 (sz=6, trace=1, nelems=5, elem type=char)
OBJ 8221e8 (sz=6, trace=1, class=java.lang.String@81a9d0)
	value		8221c8
ARR 822208 (sz=6, trace=1, nelems=3, elem type=char)
OBJ 822228 (sz=6, trace=1, class=java.lang.String@81a9d0)
	value		822208
ARR 822248 (sz=10, trace=1, nelems=11, elem type=char)
OBJ 822268 (sz=6, trace=1, class=java.lang.String@81a9d0)
	value		822248
ARR 822288 (sz=8, trace=1, nelems=7, elem type=char)
OBJ 8222a8 (sz=6, trace=1, class=java.lang.String@81a9d0)
	value		822288
ARR 8222c8 (sz=8, trace=1, nelems=10, elem type=char)
OBJ 8222e8 (sz=6, trace=1, class=java.lang.String@81a9d0)
	value		8222c8
ARR 822308 (sz=10, trace=1, nelems=11, elem type=char)
OBJ 822328 (sz=6, trace=1, class=java.lang.String@81a9d0)
	value		822308
ARR 822348 (sz=10, trace=1, nelems=11, elem type=char)
OBJ 822368 (sz=6, trace=1, class=java.lang.String@81a9d0)
	value		822348
ARR 822388 (sz=8, trace=1, nelems=10, elem type=char)
OBJ 8223a8 (sz=6, trace=1, class=java.lang.String@81a9d0)
	value		822388
ARR 8223c8 (sz=8, trace=1, nelems=7, elem type=char)
OBJ 8223e8 (sz=6, trace=1, class=java.lang.String@81a9d0)
	value		8223c8
ARR 822408 (sz=12, trace=1, nelems=15, elem type=char)
OBJ 822428 (sz=6, trace=1, class=java.lang.String@81a9d0)
	value		822408
ARR 822448 (sz=10, trace=1, nelems=11, elem type=char)
OBJ 822468 (sz=6, trace=1, class=java.lang.String@81a9d0)
	value		822448
ARR 822488 (sz=10, trace=1, nelems=11, elem type=char)
OBJ 8224a8 (sz=6, trace=1, class=java.lang.String@81a9d0)
	value		822488
ARR 8224c8 (sz=8, trace=1, nelems=10, elem type=char)
OBJ 8224e8 (sz=6, trace=1, class=java.lang.String@81a9d0)
	value		8224c8
ARR 822508 (sz=6, trace=1, nelems=6, elem type=char)
OBJ 822528 (sz=6, trace=1, class=java.lang.String@81a9d0)
	value		822508
ARR 822548 (sz=8, trace=1, nelems=7, elem type=char)
OBJ 822568 (sz=6, trace=1, class=java.lang.String@81a9d0)
	value		822548
ARR 822588 (sz=6, trace=1, nelems=5, elem type=char)
OBJ 8225a8 (sz=6, trace=1, class=java.lang.String@81a9d0)
	value		822588
ARR 8225c8 (sz=6, trace=1, nelems=3, elem type=char)
OBJ 8225e8 (sz=6, trace=1, class=java.lang.String@81a9d0)
	value		8225c8
ARR 822608 (sz=6, trace=1, nelems=6, elem type=char)
OBJ 822628 (sz=6, trace=1, class=java.lang.String@81a9d0)
	value		822608
ARR 822648 (sz=6, trace=1, nelems=6, elem type=char)
OBJ 822668 (sz=6, trace=1, class=java.lang.String@81a9d0)
	value		822648
ARR 822688 (sz=10, trace=1, nelems=11, elem type=char)
OBJ 8226a8 (sz=6, trace=1, class=java.lang.String@81a9d0)
	value		822688
ARR 8226c8 (sz=10, trace=1, nelems=11, elem type=char)
OBJ 8226e8 (sz=6, trace=1, class=java.lang.String@81a9d0)
	value		8226c8
ARR 822708 (sz=6, trace=1, nelems=5, elem type=char)
OBJ 822728 (sz=6, trace=1, class=java.lang.String@81a9d0)
	value		822708
ARR 822748 (sz=6, trace=1, nelems=4, elem type=char)
OBJ 822768 (sz=6, trace=1, class=java.lang.String@81a9d0)
	value		822748
ARR 822788 (sz=12, trace=1, nelems=17, elem type=char)
OBJ 8227a8 (sz=6, trace=1, class=java.lang.String@81a9d0)
	value		822788
ARR 8227c8 (sz=10, trace=1, nelems=11, elem type=char)
OBJ 8227e8 (sz=6, trace=1, class=java.lang.String@81a9d0)
	value		8227c8
ARR 822808 (sz=12, trace=1, nelems=18, elem type=char)
OBJ 822828 (sz=6, trace=1, class=java.lang.String@81a9d0)
	value		822808
ARR 822848 (sz=12, trace=1, nelems=15, elem type=char)
OBJ 822868 (sz=6, trace=1, class=java.lang.String@81a9d0)
	value		822848
ARR 822888 (sz=8, trace=1, nelems=8, elem type=char)
OBJ 8228a8 (sz=6, trace=1, class=java.lang.String@81a9d0)
	value		822888
ARR 8228c8 (sz=8, trace=1, nelems=8, elem type=char)
OBJ 8228e8 (sz=6, trace=1, class=java.lang.String@81a9d0)
	value		8228c8
ARR 822908 (sz=14, trace=1, nelems=21, elem type=char)
OBJ 822928 (sz=6, trace=1, class=java.lang.String@81a9d0)
	value		822908
ARR 822948 (sz=6, trace=1, nelems=6, elem type=char)
OBJ 822968 (sz=6, trace=1, class=java.lang.String@81a9d0)
	value		822948
ARR 822988 (sz=6, trace=1, nelems=5, elem type=char)
OBJ 8229a8 (sz=6, trace=1, class=java.lang.String@81a9d0)
	value		822988
ARR 8229c8 (sz=8, trace=1, nelems=10, elem type=char)
OBJ 8229e8 (sz=6, trace=1, class=java.lang.String@81a9d0)
	value		8229c8
ARR 822a08 (sz=8, trace=1, nelems=10, elem type=char)
OBJ 822a28 (sz=6, trace=1, class=java.lang.String@81a9d0)
	value		822a08
ARR 822a48 (sz=8, trace=1, nelems=7, elem type=char)
OBJ 822a68 (sz=6, trace=1, class=java.lang.String@81a9d0)
	value		822a48
ARR 822a88 (sz=8, trace=1, nelems=7, elem type=char)
OBJ 822aa8 (sz=6, trace=1, class=java.lang.String@81a9d0)
	value		822a88
ARR 822ac8 (sz=6, trace=1, nelems=6, elem type=char)
OBJ 822ae8 (sz=6, trace=1, class=java.lang.String@81a9d0)
	value		822ac8
ARR 822b08 (sz=6, trace=1, nelems=5, elem type=char)
OBJ 822b28 (sz=6, trace=1, class=java.lang.String@81a9d0)
	value		822b08
ARR 822b48 (sz=8, trace=1, nelems=7, elem type=char)
OBJ 822b68 (sz=6, trace=1, class=java.lang.String@81a9d0)
	value		822b48
ARR 822b88 (sz=6, trace=1, nelems=5, elem type=char)
OBJ 822ba8 (sz=6, trace=1, class=java.lang.String@81a9d0)
	value		822b88
ARR 822bc8 (sz=6, trace=1, nelems=3, elem type=char)
OBJ 822be8 (sz=6, trace=1, class=java.lang.String@81a9d0)
	value		822bc8
ARR 822c08 (sz=6, trace=1, nelems=6, elem type=char)
OBJ 822c28 (sz=6, trace=1, class=java.lang.String@81a9d0)
	value		822c08
ARR 822c48 (sz=6, trace=1, nelems=5, elem type=char)
OBJ 822c68 (sz=6, trace=1, class=java.lang.String@81a9d0)
	value		822c48
ARR 822c88 (sz=8, trace=1, nelems=7, elem type=char)
OBJ 822ca8 (sz=6, trace=1, class=java.lang.String@81a9d0)
	value		822c88
ARR 822cc8 (sz=6, trace=1, nelems=5, elem type=char)
OBJ 822ce8 (sz=6, trace=1, class=java.lang.String@81a9d0)
	value		822cc8
ARR 822d08 (sz=6, trace=1, nelems=3, elem type=char)
OBJ 822d28 (sz=6, trace=1, class=java.lang.String@81a9d0)
	value		822d08
ARR 822d48 (sz=6, trace=1, nelems=6, elem type=char)
OBJ 822d68 (sz=6, trace=1, class=java.lang.String@81a9d0)
	value		822d48
ARR 822d88 (sz=6, trace=1, nelems=5, elem type=char)
OBJ 822da8 (sz=6, trace=1, class=java.lang.String@81a9d0)
	value		822d88
ARR 822dc8 (sz=8, trace=1, nelems=7, elem type=char)
OBJ 822de8 (sz=6, trace=1, class=java.lang.String@81a9d0)
	value		822dc8
ARR 822e08 (sz=6, trace=1, nelems=5, elem type=char)
OBJ 822e28 (sz=6, trace=1, class=java.lang.String@81a9d0)
	value		822e08
ARR 822e48 (sz=6, trace=1, nelems=3, elem type=char)
OBJ 822e68 (sz=6, trace=1, class=java.lang.String@81a9d0)
	value		822e48
ARR 822e88 (sz=6, trace=1, nelems=6, elem type=char)
OBJ 822ea8 (sz=6, trace=1, class=java.lang.String@81a9d0)
	value		822e88
ARR 822ec8 (sz=6, trace=1, nelems=5, elem type=char)
OBJ 822ee8 (sz=6, trace=1, class=java.lang.String@81a9d0)
	value		822ec8
ARR 822f08 (sz=8, trace=1, nelems=7, elem type=char)
OBJ 822f28 (sz=6, trace=1, class=java.lang.String@81a9d0)
	value		822f08
ARR 822f48 (sz=6, trace=1, nelems=5, elem type=char)
OBJ 822f68 (sz=6, trace=1, class=java.lang.String@81a9d0)
	value		822f48
ARR 822f88 (sz=6, trace=1, nelems=3, elem type=char)
OBJ 822fa8 (sz=6, trace=1, class=java.lang.String@81a9d0)
	value		822f88
ARR 822fc8 (sz=6, trace=1, nelems=6, elem type=char)
OBJ 822fe8 (sz=6, trace=1, class=java.lang.String@81a9d0)
	value		822fc8
ARR 823008 (sz=6, trace=1, nelems=5, elem type=char)
OBJ 823028 (sz=6, trace=1, class=java.lang.String@81a9d0)
	value		823008
ARR 823048 (sz=8, trace=1, nelems=7, elem type=char)
OBJ 823068 (sz=6, trace=1, class=java.lang.String@81a9d0)
	value		823048
ARR 823088 (sz=6, trace=1, nelems=5, elem type=char)
OBJ 8230a8 (sz=6, trace=1, class=java.lang.String@81a9d0)
	value		823088
ARR 8230c8 (sz=6, trace=1, nelems=3, elem type=char)
OBJ 8230e8 (sz=6, trace=1, class=java.lang.String@81a9d0)
	value		8230c8
ARR 823108 (sz=6, trace=1, nelems=6, elem type=char)
OBJ 823128 (sz=6, trace=1, class=java.lang.String@81a9d0)
	value		823108
ARR 823148 (sz=6, trace=1, nelems=5, elem type=char)
OBJ 823168 (sz=6, trace=1, class=java.lang.String@81a9d0)
	value		823148
ARR 823188 (sz=8, trace=1, nelems=7, elem type=char)
OBJ 8231a8 (sz=6, trace=1, class=java.lang.String@81a9d0)
	value		823188
ARR 8231c8 (sz=6, trace=1, nelems=5, elem type=char)
OBJ 8231e8 (sz=6, trace=1, class=java.lang.String@81a9d0)
	value		8231c8
ARR 823208 (sz=6, trace=1, nelems=3, elem type=char)
OBJ 823228 (sz=6, trace=1, class=java.lang.String@81a9d0)
	value		823208
ARR 823248 (sz=6, trace=1, nelems=6, elem type=char)
OBJ 823268 (sz=6, trace=1, class=java.lang.String@81a9d0)
	value		823248
ARR 823288 (sz=6, trace=1, nelems=5, elem type=char)
OBJ 8232a8 (sz=6, trace=1, class=java.lang.String@81a9d0)
	value		823288
ARR 8232c8 (sz=8, trace=1, nelems=7, elem type=char)
OBJ 8232e8 (sz=6, trace=1, class=java.lang.String@81a9d0)
	value		8232c8
ARR 823308 (sz=6, trace=1, nelems=5, elem type=char)
OBJ 823328 (sz=6, trace=1, class=java.lang.String@81a9d0)
	value		823308
ARR 823348 (sz=6, trace=1, nelems=3, elem type=char)
OBJ 823368 (sz=6, trace=1, class=java.lang.String@81a9d0)
	value		823348
ARR 823388 (sz=6, trace=1, nelems=6, elem type=char)
OBJ 8233a8 (sz=6, trace=1, class=java.lang.String@81a9d0)
	value		823388
ARR 8233c8 (sz=6, trace=1, nelems=5, elem type=char)
OBJ 8233e8 (sz=6, trace=1, class=java.lang.String@81a9d0)
	value		8233c8
ARR 823408 (sz=8, trace=1, nelems=7, elem type=char)
OBJ 823428 (sz=6, trace=1, class=java.lang.String@81a9d0)
	value		823408
ARR 823448 (sz=6, trace=1, nelems=5, elem type=char)
OBJ 823468 (sz=6, trace=1, class=java.lang.String@81a9d0)
	value		823448
ARR 823488 (sz=6, trace=1, nelems=3, elem type=char)
OBJ 8234a8 (sz=6, trace=1, class=java.lang.String@81a9d0)
	value		823488
ARR 8234c8 (sz=6, trace=1, nelems=6, elem type=char)
OBJ 8234e8 (sz=6, trace=1, class=java.lang.String@81a9d0)
	value		8234c8
ARR 823508 (sz=6, trace=1, nelems=5, elem type=char)
OBJ 823528 (sz=6, trace=1, class=java.lang.String@81a9d0)
	value		823508
ARR 823548 (sz=8, trace=1, nelems=7, elem type=char)
OBJ 823568 (sz=6, trace=1, class=java.lang.String@81a9d0)
	value		823548
ARR 823588 (sz=6, trace=1, nelems=5, elem type=char)
OBJ 8235a8 (sz=6, trace=1, class=java.lang.String@81a9d0)
	value		823588
ARR 8235c8 (sz=6, trace=1, nelems=3, elem type=char)
OBJ 8235e8 (sz=6, trace=1, class=java.lang.String@81a9d0)
	value		8235c8
ARR 823608 (sz=6, trace=1, nelems=6, elem type=char)
OBJ 823628 (sz=6, trace=1, class=java.lang.String@81a9d0)
	value		823608
ARR 823648 (sz=6, trace=1, nelems=5, elem type=char)
OBJ 823668 (sz=6, trace=1, class=java.lang.String@81a9d0)
	value		823648
ARR 823688 (sz=8, trace=1, nelems=7, elem type=char)
OBJ 8236a8 (sz=6, trace=1, class=java.lang.String@81a9d0)
	value		823688
ARR 8236c8 (sz=6, trace=1, nelems=5, elem type=char)
OBJ 8236e8 (sz=6, trace=1, class=java.lang.String@81a9d0)
	value		8236c8
ARR 823708 (sz=6, trace=1, nelems=3, elem type=char)
OBJ 823728 (sz=6, trace=1, class=java.lang.String@81a9d0)
	value		823708
ARR 823748 (sz=6, trace=1, nelems=6, elem type=char)
OBJ 823768 (sz=6, trace=1, class=java.lang.String@81a9d0)
	value		823748
ARR 823788 (sz=6, trace=1, nelems=5, elem type=char)
OBJ 8237a8 (sz=6, trace=1, class=java.lang.String@81a9d0)
	value		823788
ARR 8237c8 (sz=8, trace=1, nelems=7, elem type=char)
OBJ 8237e8 (sz=6, trace=1, class=java.lang.String@81a9d0)
	value		8237c8
ARR 823808 (sz=6, trace=1, nelems=5, elem type=char)
OBJ 823828 (sz=6, trace=1, class=java.lang.String@81a9d0)
	value		823808
ARR 823848 (sz=6, trace=1, nelems=3, elem type=char)
OBJ 823868 (sz=6, trace=1, class=java.lang.String@81a9d0)
	value		823848
ARR 823888 (sz=12, trace=1, nelems=16, elem type=char)
OBJ 8238a8 (sz=6, trace=1, class=java.lang.String@81a9d0)
	value		823888
ARR 8238c8 (sz=6, trace=1, nelems=6, elem type=char)
OBJ 8238e8 (sz=6, trace=1, class=java.lang.String@81a9d0)
	value		8238c8
ARR 823908 (sz=6, trace=1, nelems=5, elem type=char)
OBJ 823928 (sz=6, trace=1, class=java.lang.String@81a9d0)
	value		823908
ARR 823948 (sz=8, trace=1, nelems=7, elem type=char)
OBJ 823968 (sz=6, trace=1, class=java.lang.String@81a9d0)
	value		823948
ARR 823988 (sz=6, trace=1, nelems=5, elem type=char)
OBJ 8239a8 (sz=6, trace=1, class=java.lang.String@81a9d0)
	value		823988
ARR 8239c8 (sz=6, trace=1, nelems=3, elem type=char)
OBJ 8239e8 (sz=6, trace=1, class=java.lang.String@81a9d0)
	value		8239c8
ARR 823a08 (sz=6, trace=1, nelems=6, elem type=char)
OBJ 823a28 (sz=6, trace=1, class=java.lang.String@81a9d0)
	value		823a08
ARR 823a48 (sz=6, trace=1, nelems=5, elem type=char)
OBJ 823a68 (sz=6, trace=1, class=java.lang.String@81a9d0)
	value		823a48
ARR 823a88 (sz=8, trace=1, nelems=7, elem type=char)
OBJ 823aa8 (sz=6, trace=1, class=java.lang.String@81a9d0)
	value		823a88
ARR 823ac8 (sz=6, trace=1, nelems=5, elem type=char)
OBJ 823ae8 (sz=6, trace=1, class=java.lang.String@81a9d0)
	value		823ac8
ARR 823b08 (sz=6, trace=1, nelems=3, elem type=char)
OBJ 823b28 (sz=6, trace=1, class=java.lang.String@81a9d0)
	value		823b08
ARR 823b48 (sz=6, trace=1, nelems=6, elem type=char)
OBJ 823b68 (sz=6, trace=1, class=java.lang.String@81a9d0)
	value		823b48
ARR 823b88 (sz=6, trace=1, nelems=5, elem type=char)
OBJ 823ba8 (sz=6, trace=1, class=java.lang.String@81a9d0)
	value		823b88
ARR 823bc8 (sz=8, trace=1, nelems=7, elem type=char)
OBJ 823be8 (sz=6, trace=1, class=java.lang.String@81a9d0)
	value		823bc8
ARR 823c08 (sz=6, trace=1, nelems=5, elem type=char)
OBJ 823c28 (sz=6, trace=1, class=java.lang.String@81a9d0)
	value		823c08
ARR 823c48 (sz=6, trace=1, nelems=3, elem type=char)
OBJ 823c68 (sz=6, trace=1, class=java.lang.String@81a9d0)
	value		823c48
ARR 823c88 (sz=6, trace=1, nelems=6, elem type=char)
OBJ 823ca8 (sz=6, trace=1, class=java.lang.String@81a9d0)
	value		823c88
ARR 823cc8 (sz=6, trace=1, nelems=5, elem type=char)
OBJ 823ce8 (sz=6, trace=1, class=java.lang.String@81a9d0)
	value		823cc8
ARR 823d08 (sz=8, trace=1, nelems=7, elem type=char)
OBJ 823d28 (sz=6, trace=1, class=java.lang.String@81a9d0)
	value		823d08
ARR 823d48 (sz=6, trace=1, nelems=5, elem type=char)
OBJ 823d68 (sz=6, trace=1, class=java.lang.String@81a9d0)
	value		823d48
ARR 823d88 (sz=6, trace=1, nelems=3, elem type=char)
OBJ 823da8 (sz=6, trace=1, class=java.lang.String@81a9d0)
	value		823d88
ARR 823dc8 (sz=6, trace=1, nelems=6, elem type=char)
OBJ 823de8 (sz=6, trace=1, class=java.lang.String@81a9d0)
	value		823dc8
ARR 823e08 (sz=6, trace=1, nelems=5, elem type=char)
OBJ 823e28 (sz=6, trace=1, class=java.lang.String@81a9d0)
	value		823e08
ARR 823e48 (sz=8, trace=1, nelems=7, elem type=char)
OBJ 823e68 (sz=6, trace=1, class=java.lang.String@81a9d0)
	value		823e48
ARR 823e88 (sz=6, trace=1, nelems=5, elem type=char)
OBJ 823ea8 (sz=6, trace=1, class=java.lang.String@81a9d0)
	value		823e88
ARR 823ec8 (sz=6, trace=1, nelems=3, elem type=char)
OBJ 823ee8 (sz=6, trace=1, class=java.lang.String@81a9d0)
	value		823ec8
ARR 823f08 (sz=14, trace=1, nelems=19, elem type=char)
OBJ 823f28 (sz=6, trace=1, class=java.lang.String@81a9d0)
	value		823f08
ARR 823f48 (sz=6, trace=1, nelems=6, elem type=char)
OBJ 823f68 (sz=6, trace=1, class=java.lang.String@81a9d0)
	value		823f48
ARR 823f88 (sz=6, trace=1, nelems=5, elem type=char)
OBJ 823fa8 (sz=6, trace=1, class=java.lang.String@81a9d0)
	value		823f88
ARR 823fc8 (sz=8, trace=1, nelems=7, elem type=char)
OBJ 823fe8 (sz=6, trace=1, class=java.lang.String@81a9d0)
	value		823fc8
ARR 824008 (sz=6, trace=1, nelems=5, elem type=char)
OBJ 824028 (sz=6, trace=1, class=java.lang.String@81a9d0)
	value		824008
ARR 824048 (sz=6, trace=1, nelems=3, elem type=char)
OBJ 824068 (sz=6, trace=1, class=java.lang.String@81a9d0)
	value		824048
ARR 824088 (sz=8, trace=1, nelems=8, elem type=char)
OBJ 8240a8 (sz=6, trace=1, class=java.lang.String@81a9d0)
	value		824088
ARR 8240c8 (sz=6, trace=1, nelems=6, elem type=char)
OBJ 8240e8 (sz=6, trace=1, class=java.lang.String@81a9d0)
	value		8240c8
ARR 824108 (sz=6, trace=1, nelems=5, elem type=char)
OBJ 824128 (sz=6, trace=1, class=java.lang.String@81a9d0)
	value		824108
ARR 824148 (sz=8, trace=1, nelems=7, elem type=char)
OBJ 824168 (sz=6, trace=1, class=java.lang.String@81a9d0)
	value		824148
ARR 824188 (sz=6, trace=1, nelems=5, elem type=char)
OBJ 8241a8 (sz=6, trace=1, class=java.lang.String@81a9d0)
	value		824188
ARR 8241c8 (sz=6, trace=1, nelems=3, elem type=char)
OBJ 8241e8 (sz=6, trace=1, class=java.lang.String@81a9d0)
	value		8241c8
ARR 824208 (sz=8, trace=1, nelems=8, elem type=char)
OBJ 824228 (sz=6, trace=1, class=java.lang.String@81a9d0)
	value		824208
ARR 824248 (sz=6, trace=1, nelems=6, elem type=char)
OBJ 824268 (sz=6, trace=1, class=java.lang.String@81a9d0)
	value		824248
ARR 824288 (sz=6, trace=1, nelems=5, elem type=char)
OBJ 8242a8 (sz=6, trace=1, class=java.lang.String@81a9d0)
	value		824288
ARR 8242c8 (sz=8, trace=1, nelems=7, elem type=char)
OBJ 8242e8 (sz=6, trace=1, class=java.lang.String@81a9d0)
	value		8242c8
ARR 824308 (sz=6, trace=1, nelems=5, elem type=char)
OBJ 824328 (sz=6, trace=1, class=java.lang.String@81a9d0)
	value		824308
ARR 824348 (sz=6, trace=1, nelems=3, elem type=char)
OBJ 824368 (sz=6, trace=1, class=java.lang.String@81a9d0)
	value		824348
ARR 824388 (sz=6, trace=1, nelems=6, elem type=char)
OBJ 8243a8 (sz=6, trace=1, class=java.lang.String@81a9d0)
	value		824388
ARR 8243c8 (sz=6, trace=1, nelems=5, elem type=char)
OBJ 8243e8 (sz=6, trace=1, class=java.lang.String@81a9d0)
	value		8243c8
ARR 824408 (sz=8, trace=1, nelems=7, elem type=char)
OBJ 824428 (sz=6, trace=1, class=java.lang.String@81a9d0)
	value		824408
ARR 824448 (sz=6, trace=1, nelems=5, elem type=char)
OBJ 824468 (sz=6, trace=1, class=java.lang.String@81a9d0)
	value		824448
ARR 824488 (sz=6, trace=1, nelems=3, elem type=char)
OBJ 8244a8 (sz=6, trace=1, class=java.lang.String@81a9d0)
	value		824488
ARR 8244c8 (sz=8, trace=1, nelems=8, elem type=char)
OBJ 8244e8 (sz=6, trace=1, class=java.lang.String@81a9d0)
	value		8244c8
ARR 824508 (sz=6, trace=1, nelems=6, elem type=char)
OBJ 824528 (sz=6, trace=1, class=java.lang.String@81a9d0)
	value		824508
ARR 824548 (sz=6, trace=1, nelems=5, elem type=char)
OBJ 824568 (sz=6, trace=1, class=java.lang.String@81a9d0)
	value		824548
ARR 824588 (sz=8, trace=1, nelems=7, elem type=char)
OBJ 8245a8 (sz=6, trace=1, class=java.lang.String@81a9d0)
	value		824588
ARR 8245c8 (sz=6, trace=1, nelems=5, elem type=char)
OBJ 8245e8 (sz=6, trace=1, class=java.lang.String@81a9d0)
	value		8245c8
ARR 824608 (sz=6, trace=1, nelems=3, elem type=char)
OBJ 824628 (sz=6, trace=1, class=java.lang.String@81a9d0)
	value		824608
ARR 824648 (sz=8, trace=1, nelems=8, elem type=char)
OBJ 824668 (sz=6, trace=1, class=java.lang.String@81a9d0)
	value		824648
ARR 824688 (sz=6, trace=1, nelems=6, elem type=char)
OBJ 8246a8 (sz=6, trace=1, class=java.lang.String@81a9d0)
	value		824688
ARR 8246c8 (sz=6, trace=1, nelems=5, elem type=char)
OBJ 8246e8 (sz=6, trace=1, class=java.lang.String@81a9d0)
	value		8246c8
ARR 824708 (sz=8, trace=1, nelems=7, elem type=char)
OBJ 824728 (sz=6, trace=1, class=java.lang.String@81a9d0)
	value		824708
ARR 824748 (sz=6, trace=1, nelems=5, elem type=char)
OBJ 824768 (sz=6, trace=1, class=java.lang.String@81a9d0)
	value		824748
ARR 824788 (sz=6, trace=1, nelems=5, elem type=char)
OBJ 8247a8 (sz=6, trace=1, class=java.lang.String@81a9d0)
	value		824788
ARR 8247c8 (sz=6, trace=1, nelems=3, elem type=char)
OBJ 8247e8 (sz=6, trace=1, class=java.lang.String@81a9d0)
	value		8247c8
ARR 824808 (sz=8, trace=1, nelems=8, elem type=char)
OBJ 824828 (sz=6, trace=1, class=java.lang.String@81a9d0)
	value		824808
ARR 824848 (sz=6, trace=1, nelems=6, elem type=char)
OBJ 824868 (sz=6, trace=1, class=java.lang.String@81a9d0)
	value		824848
ARR 824888 (sz=6, trace=1, nelems=5, elem type=char)
OBJ 8248a8 (sz=6, trace=1, class=java.lang.String@81a9d0)
	value		824888
ARR 8248c8 (sz=8, trace=1, nelems=7, elem type=char)
OBJ 8248e8 (sz=6, trace=1, class=java.lang.String@81a9d0)
	value		8248c8
ARR 824908 (sz=6, trace=1, nelems=5, elem type=char)
OBJ 824928 (sz=6, trace=1, class=java.lang.String@81a9d0)
	value		824908
ARR 824948 (sz=6, trace=1, nelems=3, elem type=char)
OBJ 824968 (sz=6, trace=1, class=java.lang.String@81a9d0)
	value		824948
ARR 824988 (sz=12, trace=1, nelems=18, elem type=char)
OBJ 8249a8 (sz=6, trace=1, class=java.lang.String@81a9d0)
	value		824988
ARR 8249c8 (sz=6, trace=1, nelems=6, elem type=char)
OBJ 8249e8 (sz=6, trace=1, class=java.lang.String@81a9d0)
	value		8249c8
ARR 824a08 (sz=6, trace=1, nelems=5, elem type=char)
OBJ 824a28 (sz=6, trace=1, class=java.lang.String@81a9d0)
	value		824a08
ARR 824a48 (sz=8, trace=1, nelems=7, elem type=char)
OBJ 824a68 (sz=6, trace=1, class=java.lang.String@81a9d0)
	value		824a48
ARR 824a88 (sz=6, trace=1, nelems=5, elem type=char)
OBJ 824aa8 (sz=6, trace=1, class=java.lang.String@81a9d0)
	value		824a88
ARR 824ac8 (sz=6, trace=1, nelems=3, elem type=char)
OBJ 824ae8 (sz=6, trace=1, class=java.lang.String@81a9d0)
	value		824ac8
ARR 824b08 (sz=8, trace=1, nelems=8, elem type=char)
OBJ 824b28 (sz=6, trace=1, class=java.lang.String@81a9d0)
	value		824b08
ARR 824b48 (sz=6, trace=1, nelems=6, elem type=char)
OBJ 824b68 (sz=6, trace=1, class=java.lang.String@81a9d0)
	value		824b48
ARR 824b88 (sz=6, trace=1, nelems=5, elem type=char)
OBJ 824ba8 (sz=6, trace=1, class=java.lang.String@81a9d0)
	value		824b88
ARR 824bc8 (sz=8, trace=1, nelems=7, elem type=char)
OBJ 824be8 (sz=6, trace=1, class=java.lang.String@81a9d0)
	value		824bc8
ARR 824c08 (sz=6, trace=1, nelems=5, elem type=char)
OBJ 824c28 (sz=6, trace=1, class=java.lang.String@81a9d0)
	value		824c08
ARR 824c48 (sz=8, trace=1, nelems=8, elem type=char)
OBJ 824c68 (sz=6, trace=1, class=java.lang.String@81a9d0)
	value		824c48
ARR 824c88 (sz=6, trace=1, nelems=6, elem type=char)
OBJ 824ca8 (sz=6, trace=1, class=java.lang.String@81a9d0)
	value		824c88
ARR 824cc8 (sz=6, trace=1, nelems=5, elem type=char)
OBJ 824ce8 (sz=6, trace=1, class=java.lang.String@81a9d0)
	value		824cc8
ARR 824d08 (sz=8, trace=1, nelems=7, elem type=char)
OBJ 824d28 (sz=6, trace=1, class=java.lang.String@81a9d0)
	value		824d08
ARR 824d48 (sz=6, trace=1, nelems=5, elem type=char)
OBJ 824d68 (sz=6, trace=1, class=java.lang.String@81a9d0)
	value		824d48
ARR 824d88 (sz=6, trace=1, nelems=3, elem type=char)
OBJ 824da8 (sz=6, trace=1, class=java.lang.String@81a9d0)
	value		824d88
ARR 824dc8 (sz=8, trace=1, nelems=8, elem type=char)
OBJ 824de8 (sz=6, trace=1, class=java.lang.String@81a9d0)
	value		824dc8
ARR 824e08 (sz=6, trace=1, nelems=6, elem type=char)
OBJ 824e28 (sz=6, trace=1, class=java.lang.String@81a9d0)
	value		824e08
ARR 824e48 (sz=6, trace=1, nelems=5, elem type=char)
OBJ 824e68 (sz=6, trace=1, class=java.lang.String@81a9d0)
	value		824e48
ARR 824e88 (sz=8, trace=1, nelems=7, elem type=char)
OBJ 824ea8 (sz=6, trace=1, class=java.lang.String@81a9d0)
	value		824e88
ARR 824ec8 (sz=6, trace=1, nelems=5, elem type=char)
OBJ 824ee8 (sz=6, trace=1, class=java.lang.String@81a9d0)
	value		824ec8
ARR 824f08 (sz=6, trace=1, nelems=3, elem type=char)
OBJ 824f28 (sz=6, trace=1, class=java.lang.String@81a9d0)
	value		824f08
ARR 824f48 (sz=8, trace=1, nelems=8, elem type=char)
OBJ 824f68 (sz=6, trace=1, class=java.lang.String@81a9d0)
	value		824f48
ARR 824f88 (sz=6, trace=1, nelems=6, elem type=char)
OBJ 824fa8 (sz=6, trace=1, class=java.lang.String@81a9d0)
	value		824f88
ARR 824fc8 (sz=6, trace=1, nelems=5, elem type=char)
OBJ 824fe8 (sz=6, trace=1, class=java.lang.String@81a9d0)
	value		824fc8
ARR 825008 (sz=8, trace=1, nelems=7, elem type=char)
OBJ 825028 (sz=6, trace=1, class=java.lang.String@81a9d0)
	value		825008
ARR 825048 (sz=6, trace=1, nelems=5, elem type=char)
OBJ 825068 (sz=6, trace=1, class=java.lang.String@81a9d0)
	value		825048
ARR 825088 (sz=6, trace=1, nelems=3, elem type=char)
OBJ 8250a8 (sz=6, trace=1, class=java.lang.String@81a9d0)
	value		825088
ARR 8250c8 (sz=6, trace=1, nelems=6, elem type=char)
OBJ 8250e8 (sz=6, trace=1, class=java.lang.String@81a9d0)
	value		8250c8
ARR 825108 (sz=6, trace=1, nelems=5, elem type=char)
OBJ 825128 (sz=6, trace=1, class=java.lang.String@81a9d0)
	value		825108
ARR 825148 (sz=8, trace=1, nelems=7, elem type=char)
OBJ 825168 (sz=6, trace=1, class=java.lang.String@81a9d0)
	value		825148
ARR 825188 (sz=6, trace=1, nelems=5, elem type=char)
OBJ 8251a8 (sz=6, trace=1, class=java.lang.String@81a9d0)
	value		825188
ARR 8251c8 (sz=6, trace=1, nelems=3, elem type=char)
OBJ 8251e8 (sz=6, trace=1, class=java.lang.String@81a9d0)
	value		8251c8
ARR 825208 (sz=6, trace=1, nelems=5, elem type=char)
OBJ 825228 (sz=6, trace=1, class=java.lang.String@81a9d0)
	value		825208
ARR 825248 (sz=8, trace=1, nelems=8, elem type=char)
OBJ 825268 (sz=6, trace=1, class=java.lang.String@81a9d0)
	value		825248
ARR 825288 (sz=6, trace=1, nelems=6, elem type=char)
OBJ 8252a8 (sz=6, trace=1, class=java.lang.String@81a9d0)
	value		825288
ARR 8252c8 (sz=6, trace=1, nelems=5, elem type=char)
OBJ 8252e8 (sz=6, trace=1, class=java.lang.String@81a9d0)
	value		8252c8
ARR 825308 (sz=8, trace=1, nelems=7, elem type=char)
OBJ 825328 (sz=6, trace=1, class=java.lang.String@81a9d0)
	value		825308
ARR 825348 (sz=6, trace=1, nelems=5, elem type=char)
OBJ 825368 (sz=6, trace=1, class=java.lang.String@81a9d0)
	value		825348
ARR 825388 (sz=6, trace=1, nelems=3, elem type=char)
OBJ 8253a8 (sz=6, trace=1, class=java.lang.String@81a9d0)
	value		825388
ARR 8253c8 (sz=6, trace=1, nelems=6, elem type=char)
OBJ 8253e8 (sz=6, trace=1, class=java.lang.String@81a9d0)
	value		8253c8
ARR 825408 (sz=6, trace=1, nelems=5, elem type=char)
OBJ 825428 (sz=6, trace=1, class=java.lang.String@81a9d0)
	value		825408
ARR 825448 (sz=8, trace=1, nelems=7, elem type=char)
OBJ 825468 (sz=6, trace=1, class=java.lang.String@81a9d0)
	value		825448
ARR 825488 (sz=6, trace=1, nelems=5, elem type=char)
OBJ 8254a8 (sz=6, trace=1, class=java.lang.String@81a9d0)
	value		825488
ARR 8254c8 (sz=6, trace=1, nelems=3, elem type=char)
OBJ 8254e8 (sz=6, trace=1, class=java.lang.String@81a9d0)
	value		8254c8
ARR 825508 (sz=6, trace=1, nelems=6, elem type=char)
OBJ 825528 (sz=6, trace=1, class=java.lang.String@81a9d0)
	value		825508
ARR 825548 (sz=6, trace=1, nelems=5, elem type=char)
OBJ 825568 (sz=6, trace=1, class=java.lang.String@81a9d0)
	value		825548
ARR 825588 (sz=8, trace=1, nelems=7, elem type=char)
OBJ 8255a8 (sz=6, trace=1, class=java.lang.String@81a9d0)
	value		825588
ARR 8255c8 (sz=6, trace=1, nelems=5, elem type=char)
OBJ 8255e8 (sz=6, trace=1, class=java.lang.String@81a9d0)
	value		8255c8
ARR 825608 (sz=6, trace=1, nelems=3, elem type=char)
OBJ 825628 (sz=6, trace=1, class=java.lang.String@81a9d0)
	value		825608
ARR 825648 (sz=6, trace=1, nelems=6, elem type=char)
OBJ 825668 (sz=6, trace=1, class=java.lang.String@81a9d0)
	value		825648
ARR 825688 (sz=6, trace=1, nelems=5, elem type=char)
OBJ 8256a8 (sz=6, trace=1, class=java.lang.String@81a9d0)
	value		825688
ARR 8256c8 (sz=8, trace=1, nelems=7, elem type=char)
OBJ 8256e8 (sz=6, trace=1, class=java.lang.String@81a9d0)
	value		8256c8
ARR 825708 (sz=6, trace=1, nelems=5, elem type=char)
OBJ 825728 (sz=6, trace=1, class=java.lang.String@81a9d0)
	value		825708
ARR 825748 (sz=6, trace=1, nelems=3, elem type=char)
OBJ 825768 (sz=6, trace=1, class=java.lang.String@81a9d0)
	value		825748
ARR 825788 (sz=6, trace=1, nelems=6, elem type=char)
OBJ 8257a8 (sz=6, trace=1, class=java.lang.String@81a9d0)
	value		825788
ARR 8257c8 (sz=6, trace=1, nelems=5, elem type=char)
OBJ 8257e8 (sz=6, trace=1, class=java.lang.String@81a9d0)
	value		8257c8
ARR 825808 (sz=8, trace=1, nelems=7, elem type=char)
OBJ 825828 (sz=6, trace=1, class=java.lang.String@81a9d0)
	value		825808
ARR 825848 (sz=6, trace=1, nelems=5, elem type=char)
OBJ 825868 (sz=6, trace=1, class=java.lang.String@81a9d0)
	value		825848
ARR 825888 (sz=6, trace=1, nelems=3, elem type=char)
OBJ 8258a8 (sz=6, trace=1, class=java.lang.String@81a9d0)
	value		825888
ARR 8258c8 (sz=6, trace=1, nelems=6, elem type=char)
OBJ 8258e8 (sz=6, trace=1, class=java.lang.String@81a9d0)
	value		8258c8
ARR 825908 (sz=6, trace=1, nelems=5, elem type=char)
OBJ 825928 (sz=6, trace=1, class=java.lang.String@81a9d0)
	value		825908
ARR 825948 (sz=8, trace=1, nelems=7, elem type=char)
OBJ 825968 (sz=6, trace=1, class=java.lang.String@81a9d0)
	value		825948
ARR 825988 (sz=6, trace=1, nelems=5, elem type=char)
OBJ 8259a8 (sz=6, trace=1, class=java.lang.String@81a9d0)
	value		825988
ARR 8259c8 (sz=6, trace=1, nelems=3, elem type=char)
OBJ 8259e8 (sz=6, trace=1, class=java.lang.String@81a9d0)
	value		8259c8
ARR 825a08 (sz=6, trace=1, nelems=6, elem type=char)
OBJ 825a28 (sz=6, trace=1, class=java.lang.String@81a9d0)
	value		825a08
ARR 825a48 (sz=6, trace=1, nelems=5, elem type=char)
OBJ 825a68 (sz=6, trace=1, class=java.lang.String@81a9d0)
	value		825a48
ARR 825a88 (sz=8, trace=1, nelems=7, elem type=char)
OBJ 825aa8 (sz=6, trace=1, class=java.lang.String@81a9d0)
	value		825a88
ARR 825ac8 (sz=6, trace=1, nelems=5, elem type=char)
OBJ 825ae8 (sz=6, trace=1, class=java.lang.String@81a9d0)
	value		825ac8
ARR 825b08 (sz=6, trace=1, nelems=3, elem type=char)
OBJ 825b28 (sz=6, trace=1, class=java.lang.String@81a9d0)
	value		825b08
ARR 825b48 (sz=6, trace=1, nelems=6, elem type=char)
OBJ 825b68 (sz=6, trace=1, class=java.lang.String@81a9d0)
	value		825b48
ARR 825b88 (sz=6, trace=1, nelems=5, elem type=char)
OBJ 825ba8 (sz=6, trace=1, class=java.lang.String@81a9d0)
	value		825b88
ARR 825bc8 (sz=8, trace=1, nelems=7, elem type=char)
OBJ 825be8 (sz=6, trace=1, class=java.lang.String@81a9d0)
	value		825bc8
ARR 825c08 (sz=6, trace=1, nelems=5, elem type=char)
OBJ 825c28 (sz=6, trace=1, class=java.lang.String@81a9d0)
	value		825c08
ARR 825c48 (sz=6, trace=1, nelems=3, elem type=char)
OBJ 825c68 (sz=6, trace=1, class=java.lang.String@81a9d0)
	value		825c48
ARR 825c88 (sz=6, trace=1, nelems=6, elem type=char)
OBJ 825ca8 (sz=6, trace=1, class=java.lang.String@81a9d0)
	value		825c88
ARR 825cc8 (sz=6, trace=1, nelems=5, elem type=char)
OBJ 825ce8 (sz=6, trace=1, class=java.lang.String@81a9d0)
	value		825cc8
ARR 825d08 (sz=8, trace=1, nelems=7, elem type=char)
OBJ 825d28 (sz=6, trace=1, class=java.lang.String@81a9d0)
	value		825d08
ARR 825d48 (sz=6, trace=1, nelems=5, elem type=char)
OBJ 825d68 (sz=6, trace=1, class=java.lang.String@81a9d0)
	value		825d48
ARR 825d88 (sz=6, trace=1, nelems=3, elem type=char)
OBJ 825da8 (sz=6, trace=1, class=java.lang.String@81a9d0)
	value		825d88
ARR 825dc8 (sz=6, trace=1, nelems=6, elem type=char)
OBJ 825de8 (sz=6, trace=1, class=java.lang.String@81a9d0)
	value		825dc8
ARR 825e08 (sz=6, trace=1, nelems=5, elem type=char)
OBJ 825e28 (sz=6, trace=1, class=java.lang.String@81a9d0)
	value		825e08
ARR 825e48 (sz=8, trace=1, nelems=7, elem type=char)
OBJ 825e68 (sz=6, trace=1, class=java.lang.String@81a9d0)
	value		825e48
ARR 825e88 (sz=6, trace=1, nelems=5, elem type=char)
OBJ 825ea8 (sz=6, trace=1, class=java.lang.String@81a9d0)
	value		825e88
ARR 825ec8 (sz=6, trace=1, nelems=3, elem type=char)
OBJ 825ee8 (sz=6, trace=1, class=java.lang.String@81a9d0)
	value		825ec8
ARR 825f08 (sz=6, trace=1, nelems=6, elem type=char)
OBJ 825f28 (sz=6, trace=1, class=java.lang.String@81a9d0)
	value		825f08
ARR 825f48 (sz=6, trace=1, nelems=5, elem type=char)
OBJ 825f68 (sz=6, trace=1, class=java.lang.String@81a9d0)
	value		825f48
ARR 825f88 (sz=8, trace=1, nelems=7, elem type=char)
OBJ 825fa8 (sz=6, trace=1, class=java.lang.String@81a9d0)
	value		825f88
ARR 825fc8 (sz=6, trace=1, nelems=5, elem type=char)
OBJ 825fe8 (sz=6, trace=1, class=java.lang.String@81a9d0)
	value		825fc8
ARR 88a008 (sz=6, trace=1, nelems=3, elem type=char)
OBJ 88a028 (sz=6, trace=1, class=java.lang.String@81a9d0)
	value		88a008
ARR 88a048 (sz=6, trace=1, nelems=6, elem type=char)
OBJ 88a068 (sz=6, trace=1, class=java.lang.String@81a9d0)
	value		88a048
ARR 88a088 (sz=6, trace=1, nelems=5, elem type=char)
OBJ 88a0a8 (sz=6, trace=1, class=java.lang.String@81a9d0)
	value		88a088
ARR 88a0c8 (sz=8, trace=1, nelems=7, elem type=char)
OBJ 88a0e8 (sz=6, trace=1, class=java.lang.String@81a9d0)
	value		88a0c8
ARR 88a108 (sz=6, trace=1, nelems=5, elem type=char)
OBJ 88a128 (sz=6, trace=1, class=java.lang.String@81a9d0)
	value		88a108
ARR 88a148 (sz=6, trace=1, nelems=3, elem type=char)
OBJ 88a168 (sz=6, trace=1, class=java.lang.String@81a9d0)
	value		88a148
ARR 88a188 (sz=6, trace=1, nelems=6, elem type=char)
OBJ 88a1a8 (sz=6, trace=1, class=java.lang.String@81a9d0)
	value		88a188
ARR 88a1c8 (sz=6, trace=1, nelems=5, elem type=char)
OBJ 88a1e8 (sz=6, trace=1, class=java.lang.String@81a9d0)
	value		88a1c8
ARR 88a208 (sz=8, trace=1, nelems=7, elem type=char)
OBJ 88a228 (sz=6, trace=1, class=java.lang.String@81a9d0)
	value		88a208
ARR 88a248 (sz=6, trace=1, nelems=5, elem type=char)
OBJ 88a268 (sz=6, trace=1, class=java.lang.String@81a9d0)
	value		88a248
ARR 88a288 (sz=6, trace=1, nelems=3, elem type=char)
OBJ 88a2a8 (sz=6, trace=1, class=java.lang.String@81a9d0)
	value		88a288
ARR 88a2c8 (sz=6, trace=1, nelems=6, elem type=char)
OBJ 88a2e8 (sz=6, trace=1, class=java.lang.String@81a9d0)
	value		88a2c8
ARR 88a308 (sz=6, trace=1, nelems=5, elem type=char)
OBJ 88a328 (sz=6, trace=1, class=java.lang.String@81a9d0)
	value		88a308
ARR 88a348 (sz=8, trace=1, nelems=7, elem type=char)
OBJ 88a368 (sz=6, trace=1, class=java.lang.String@81a9d0)
	value		88a348
ARR 88a388 (sz=6, trace=1, nelems=5, elem type=char)
OBJ 88a3a8 (sz=6, trace=1, class=java.lang.String@81a9d0)
	value		88a388
ARR 88a3c8 (sz=6, trace=1, nelems=3, elem type=char)
OBJ 88a3e8 (sz=6, trace=1, class=java.lang.String@81a9d0)
	value		88a3c8
ARR 88a408 (sz=6, trace=1, nelems=6, elem type=char)
OBJ 88a428 (sz=6, trace=1, class=java.lang.String@81a9d0)
	value		88a408
ARR 88a448 (sz=6, trace=1, nelems=5, elem type=char)
OBJ 88a468 (sz=6, trace=1, class=java.lang.String@81a9d0)
	value		88a448
ARR 88a488 (sz=8, trace=1, nelems=7, elem type=char)
OBJ 88a4a8 (sz=6, trace=1, class=java.lang.String@81a9d0)
	value		88a488
ARR 88a4c8 (sz=6, trace=1, nelems=5, elem type=char)
OBJ 88a4e8 (sz=6, trace=1, class=java.lang.String@81a9d0)
	value		88a4c8
ARR 88a508 (sz=6, trace=1, nelems=3, elem type=char)
OBJ 88a528 (sz=6, trace=1, class=java.lang.String@81a9d0)
	value		88a508
ARR 88a548 (sz=6, trace=1, nelems=6, elem type=char)
OBJ 88a568 (sz=6, trace=1, class=java.lang.String@81a9d0)
	value		88a548
ARR 88a588 (sz=6, trace=1, nelems=5, elem type=char)
OBJ 88a5a8 (sz=6, trace=1, class=java.lang.String@81a9d0)
	value		88a588
ARR 88a5c8 (sz=8, trace=1, nelems=7, elem type=char)
OBJ 88a5e8 (sz=6, trace=1, class=java.lang.String@81a9d0)
	value		88a5c8
ARR 88a608 (sz=6, trace=1, nelems=5, elem type=char)
OBJ 88a628 (sz=6, trace=1, class=java.lang.String@81a9d0)
	value		88a608
ARR 88a648 (sz=6, trace=1, nelems=3, elem type=char)
OBJ 88a668 (sz=6, trace=1, class=java.lang.String@81a9d0)
	value		88a648
ARR 88a688 (sz=6, trace=1, nelems=6, elem type=char)
OBJ 88a6a8 (sz=6, trace=1, class=java.lang.String@81a9d0)
	value		88a688
ARR 88a6c8 (sz=6, trace=1, nelems=5, elem type=char)
OBJ 88a6e8 (sz=6, trace=1, class=java.lang.String@81a9d0)
	value		88a6c8
ARR 88a708 (sz=8, trace=1, nelems=7, elem type=char)
OBJ 88a728 (sz=6, trace=1, class=java.lang.String@81a9d0)
	value		88a708
ARR 88a748 (sz=6, trace=1, nelems=5, elem type=char)
OBJ 88a768 (sz=6, trace=1, class=java.lang.String@81a9d0)
	value		88a748
ARR 88a788 (sz=6, trace=1, nelems=3, elem type=char)
OBJ 88a7a8 (sz=6, trace=1, class=java.lang.String@81a9d0)
	value		88a788
ARR 88a7c8 (sz=6, trace=1, nelems=6, elem type=char)
OBJ 88a7e8 (sz=6, trace=1, class=java.lang.String@81a9d0)
	value		88a7c8
ARR 88a808 (sz=6, trace=1, nelems=5, elem type=char)
OBJ 88a828 (sz=6, trace=1, class=java.lang.String@81a9d0)
	value		88a808
ARR 88a848 (sz=8, trace=1, nelems=7, elem type=char)
OBJ 88a868 (sz=6, trace=1, class=java.lang.String@81a9d0)
	value		88a848
ARR 88a888 (sz=6, trace=1, nelems=5, elem type=char)
OBJ 88a8a8 (sz=6, trace=1, class=java.lang.String@81a9d0)
	value		88a888
ARR 88a8c8 (sz=6, trace=1, nelems=3, elem type=char)
OBJ 88a8e8 (sz=6, trace=1, class=java.lang.String@81a9d0)
	value		88a8c8
ARR 88a908 (sz=6, trace=1, nelems=6, elem type=char)
OBJ 88a928 (sz=6, trace=1, class=java.lang.String@81a9d0)
	value		88a908
ARR 88a948 (sz=6, trace=1, nelems=5, elem type=char)
OBJ 88a968 (sz=6, trace=1, class=java.lang.String@81a9d0)
	value		88a948
ARR 88a988 (sz=8, trace=1, nelems=7, elem type=char)
OBJ 88a9a8 (sz=6, trace=1, class=java.lang.String@81a9d0)
	value		88a988
ARR 88a9c8 (sz=6, trace=1, nelems=5, elem type=char)
OBJ 88a9e8 (sz=6, trace=1, class=java.lang.String@81a9d0)
	value		88a9c8
ARR 88aa08 (sz=6, trace=1, nelems=3, elem type=char)
OBJ 88aa28 (sz=6, trace=1, class=java.lang.String@81a9d0)
	value		88aa08
ARR 88aa48 (sz=8, trace=1, nelems=7, elem type=char)
OBJ 88aa68 (sz=6, trace=1, class=java.lang.String@81a9d0)
	value		88aa48
ARR 88aa88 (sz=6, trace=1, nelems=6, elem type=char)
OBJ 88aaa8 (sz=6, trace=1, class=java.lang.String@81a9d0)
	value		88aa88
ARR 88aac8 (sz=8, trace=1, nelems=8, elem type=char)
OBJ 88aae8 (sz=6, trace=1, class=java.lang.String@81a9d0)
	value		88aac8
ARR 88ab08 (sz=6, trace=1, nelems=6, elem type=char)
OBJ 88ab28 (sz=6, trace=1, class=java.lang.String@81a9d0)
	value		88ab08
ARR 88ab48 (sz=6, trace=1, nelems=4, elem type=char)
OBJ 88ab68 (sz=6, trace=1, class=java.lang.String@81a9d0)
	value		88ab48
ARR 88ab88 (sz=8, trace=1, nelems=7, elem type=char)
OBJ 88aba8 (sz=6, trace=1, class=java.lang.String@81a9d0)
	value		88ab88
ARR 88abc8 (sz=6, trace=1, nelems=6, elem type=char)
OBJ 88abe8 (sz=6, trace=1, class=java.lang.String@81a9d0)
	value		88abc8
ARR 88ac08 (sz=8, trace=1, nelems=8, elem type=char)
OBJ 88ac28 (sz=6, trace=1, class=java.lang.String@81a9d0)
	value		88ac08
ARR 88ac48 (sz=6, trace=1, nelems=6, elem type=char)
OBJ 88ac68 (sz=6, trace=1, class=java.lang.String@81a9d0)
	value		88ac48
ARR 88ac88 (sz=6, trace=1, nelems=4, elem type=char)
OBJ 88aca8 (sz=6, trace=1, class=java.lang.String@81a9d0)
	value		88ac88
ARR 88acc8 (sz=8, trace=1, nelems=7, elem type=char)
OBJ 88ace8 (sz=6, trace=1, class=java.lang.String@81a9d0)
	value		88acc8
ARR 88ad08 (sz=6, trace=1, nelems=6, elem type=char)
OBJ 88ad28 (sz=6, trace=1, class=java.lang.String@81a9d0)
	value		88ad08
ARR 88ad48 (sz=8, trace=1, nelems=8, elem type=char)
OBJ 88ad68 (sz=6, trace=1, class=java.lang.String@81a9d0)
	value		88ad48
ARR 88ad88 (sz=6, trace=1, nelems=6, elem type=char)
OBJ 88ada8 (sz=6, trace=1, class=java.lang.String@81a9d0)
	value		88ad88
ARR 88adc8 (sz=6, trace=1, nelems=4, elem type=char)
OBJ 88ade8 (sz=6, trace=1, class=java.lang.String@81a9d0)
	value		88adc8
ARR 88ae08 (sz=8, trace=1, nelems=7, elem type=char)
OBJ 88ae28 (sz=6, trace=1, class=java.lang.String@81a9d0)
	value		88ae08
ARR 88ae48 (sz=6, trace=1, nelems=6, elem type=char)
OBJ 88ae68 (sz=6, trace=1, class=java.lang.String@81a9d0)
	value		88ae48
ARR 88ae88 (sz=8, trace=1, nelems=8, elem type=char)
OBJ 88aea8 (sz=6, trace=1, class=java.lang.String@81a9d0)
	value		88ae88
ARR 88aec8 (sz=6, trace=1, nelems=6, elem type=char)
OBJ 88aee8 (sz=6, trace=1, class=java.lang.String@81a9d0)
	value		88aec8
ARR 88af08 (sz=6, trace=1, nelems=4, elem type=char)
OBJ 88af28 (sz=6, trace=1, class=java.lang.String@81a9d0)
	value		88af08
ARR 88af48 (sz=8, trace=1, nelems=7, elem type=char)
OBJ 88af68 (sz=6, trace=1, class=java.lang.String@81a9d0)
	value		88af48
ARR 88af88 (sz=6, trace=1, nelems=6, elem type=char)
OBJ 88afa8 (sz=6, trace=1, class=java.lang.String@81a9d0)
	value		88af88
ARR 88afc8 (sz=8, trace=1, nelems=8, elem type=char)
OBJ 88afe8 (sz=6, trace=1, class=java.lang.String@81a9d0)
	value		88afc8
ARR 88b008 (sz=6, trace=1, nelems=6, elem type=char)
OBJ 88b028 (sz=6, trace=1, class=java.lang.String@81a9d0)
	value		88b008
ARR 88b048 (sz=6, trace=1, nelems=4, elem type=char)
OBJ 88b068 (sz=6, trace=1, class=java.lang.String@81a9d0)
	value		88b048
ARR 88b088 (sz=8, trace=1, nelems=7, elem type=char)
OBJ 88b0a8 (sz=6, trace=1, class=java.lang.String@81a9d0)
	value		88b088
ARR 88b0c8 (sz=6, trace=1, nelems=6, elem type=char)
OBJ 88b0e8 (sz=6, trace=1, class=java.lang.String@81a9d0)
	value		88b0c8
ARR 88b108 (sz=8, trace=1, nelems=8, elem type=char)
OBJ 88b128 (sz=6, trace=1, class=java.lang.String@81a9d0)
	value		88b108
ARR 88b148 (sz=6, trace=1, nelems=6, elem type=char)
OBJ 88b168 (sz=6, trace=1, class=java.lang.String@81a9d0)
	value		88b148
ARR 88b188 (sz=6, trace=1, nelems=4, elem type=char)
OBJ 88b1a8 (sz=6, trace=1, class=java.lang.String@81a9d0)
	value		88b188
ARR 88b1c8 (sz=8, trace=1, nelems=7, elem type=char)
OBJ 88b1e8 (sz=6, trace=1, class=java.lang.String@81a9d0)
	value		88b1c8
ARR 88b208 (sz=6, trace=1, nelems=6, elem type=char)
OBJ 88b228 (sz=6, trace=1, class=java.lang.String@81a9d0)
	value		88b208
ARR 88b248 (sz=8, trace=1, nelems=8, elem type=char)
OBJ 88b268 (sz=6, trace=1, class=java.lang.String@81a9d0)
	value		88b248
ARR 88b288 (sz=6, trace=1, nelems=6, elem type=char)
OBJ 88b2a8 (sz=6, trace=1, class=java.lang.String@81a9d0)
	value		88b288
ARR 88b2c8 (sz=6, trace=1, nelems=4, elem type=char)
OBJ 88b2e8 (sz=6, trace=1, class=java.lang.String@81a9d0)
	value		88b2c8
ARR 88b308 (sz=8, trace=1, nelems=7, elem type=char)
OBJ 88b328 (sz=6, trace=1, class=java.lang.String@81a9d0)
	value		88b308
ARR 88b348 (sz=6, trace=1, nelems=6, elem type=char)
OBJ 88b368 (sz=6, trace=1, class=java.lang.String@81a9d0)
	value		88b348
ARR 88b388 (sz=8, trace=1, nelems=8, elem type=char)
OBJ 88b3a8 (sz=6, trace=1, class=java.lang.String@81a9d0)
	value		88b388
ARR 88b3c8 (sz=6, trace=1, nelems=6, elem type=char)
OBJ 88b3e8 (sz=6, trace=1, class=java.lang.String@81a9d0)
	value		88b3c8
ARR 88b408 (sz=6, trace=1, nelems=4, elem type=char)
OBJ 88b428 (sz=6, trace=1, class=java.lang.String@81a9d0)
	value		88b408
ARR 88b448 (sz=8, trace=1, nelems=7, elem type=char)
OBJ 88b468 (sz=6, trace=1, class=java.lang.String@81a9d0)
	value		88b448
ARR 88b488 (sz=6, trace=1, nelems=6, elem type=char)
OBJ 88b4a8 (sz=6, trace=1, class=java.lang.String@81a9d0)
	value		88b488
ARR 88b4c8 (sz=8, trace=1, nelems=8, elem type=char)
OBJ 88b4e8 (sz=6, trace=1, class=java.lang.String@81a9d0)
	value		88b4c8
ARR 88b508 (sz=6, trace=1, nelems=6, elem type=char)
OBJ 88b528 (sz=6, trace=1, class=java.lang.String@81a9d0)
	value		88b508
ARR 88b548 (sz=6, trace=1, nelems=4, elem type=char)
OBJ 88b568 (sz=6, trace=1, class=java.lang.String@81a9d0)
	value		88b548
ARR 88b588 (sz=8, trace=1, nelems=7, elem type=char)
OBJ 88b5a8 (sz=6, trace=1, class=java.lang.String@81a9d0)
	value		88b588
ARR 88b5c8 (sz=6, trace=1, nelems=6, elem type=char)
OBJ 88b5e8 (sz=6, trace=1, class=java.lang.String@81a9d0)
	value		88b5c8
ARR 88b608 (sz=8, trace=1, nelems=8, elem type=char)
OBJ 88b628 (sz=6, trace=1, class=java.lang.String@81a9d0)
	value		88b608
ARR 88b648 (sz=6, trace=1, nelems=6, elem type=char)
OBJ 88b668 (sz=6, trace=1, class=java.lang.String@81a9d0)
	value		88b648
ARR 88b688 (sz=6, trace=1, nelems=4, elem type=char)
OBJ 88b6a8 (sz=6, trace=1, class=java.lang.String@81a9d0)
	value		88b688
ARR 88b6c8 (sz=8, trace=1, nelems=7, elem type=char)
OBJ 88b6e8 (sz=6, trace=1, class=java.lang.String@81a9d0)
	value		88b6c8
ARR 88b708 (sz=6, trace=1, nelems=6, elem type=char)
OBJ 88b728 (sz=6, trace=1, class=java.lang.String@81a9d0)
	value		88b708
ARR 88b748 (sz=8, trace=1, nelems=8, elem type=char)
OBJ 88b768 (sz=6, trace=1, class=java.lang.String@81a9d0)
	value		88b748
ARR 88b788 (sz=6, trace=1, nelems=6, elem type=char)
OBJ 88b7a8 (sz=6, trace=1, class=java.lang.String@81a9d0)
	value		88b788
ARR 88b7c8 (sz=6, trace=1, nelems=4, elem type=char)
OBJ 88b7e8 (sz=6, trace=1, class=java.lang.String@81a9d0)
	value		88b7c8
ARR 88b808 (sz=12, trace=1, nelems=15, elem type=char)
OBJ 88b828 (sz=6, trace=1, class=java.lang.String@81a9d0)
	value		88b808
ARR 88b848 (sz=10, trace=1, nelems=13, elem type=char)
OBJ 88b868 (sz=6, trace=1, class=java.lang.String@81a9d0)
	value		88b848
ARR 88b888 (sz=6, trace=1, nelems=3, elem type=char)
OBJ 88b8a8 (sz=6, trace=1, class=java.lang.String@81a9d0)
	value		88b888
ARR 88b8c8 (sz=8, trace=1, nelems=9, elem type=char)
OBJ 88b8e8 (sz=6, trace=1, class=java.lang.String@81a9d0)
	value		88b8c8
ARR 88b908 (sz=10, trace=1, nelems=11, elem type=char)
OBJ 88b928 (sz=6, trace=1, class=java.lang.String@81a9d0)
	value		88b908
ARR 88b948 (sz=10, trace=1, nelems=11, elem type=char)
OBJ 88b968 (sz=6, trace=1, class=java.lang.String@81a9d0)
	value		88b948
ARR 88b988 (sz=10, trace=1, nelems=12, elem type=char)
OBJ 88b9a8 (sz=6, trace=1, class=java.lang.String@81a9d0)
	value		88b988
ARR 88b9c8 (sz=10, trace=1, nelems=13, elem type=char)
OBJ 88b9e8 (sz=6, trace=1, class=java.lang.String@81a9d0)
	value		88b9c8
ARR 88ba08 (sz=8, trace=1, nelems=9, elem type=char)
OBJ 88ba28 (sz=6, trace=1, class=java.lang.String@81a9d0)
	value		88ba08
ARR 88ba48 (sz=6, trace=1, nelems=5, elem type=char)
OBJ 88ba68 (sz=6, trace=1, class=java.lang.String@81a9d0)
	value		88ba48
ARR 88ba88 (sz=8, trace=1, nelems=8, elem type=char)
OBJ 88baa8 (sz=6, trace=1, class=java.lang.String@81a9d0)
	value		88ba88
ARR 88bac8 (sz=8, trace=1, nelems=10, elem type=char)
OBJ 88bae8 (sz=6, trace=1, class=java.lang.String@81a9d0)
	value		88bac8
ARR 88bb08 (sz=10, trace=1, nelems=11, elem type=char)
OBJ 88bb28 (sz=6, trace=1, class=java.lang.String@81a9d0)
	value		88bb08
ARR 88bb48 (sz=10, trace=1, nelems=12, elem type=char)
OBJ 88bb68 (sz=6, trace=1, class=java.lang.String@81a9d0)
	value		88bb48
ARR 88bb88 (sz=6, trace=1, nelems=6, elem type=char)
OBJ 88bba8 (sz=6, trace=1, class=java.lang.String@81a9d0)
	value		88bb88
ARR 88bbc8 (sz=8, trace=1, nelems=8, elem type=char)
OBJ 88bbe8 (sz=6, trace=1, class=java.lang.String@81a9d0)
	value		88bbc8
ARR 88bc08 (sz=6, trace=1, nelems=4, elem type=char)
OBJ 88bc28 (sz=6, trace=1, class=java.lang.String@81a9d0)
	value		88bc08
ARR 88bc48 (sz=6, trace=1, nelems=3, elem type=char)
OBJ 88bc68 (sz=6, trace=1, class=java.lang.String@81a9d0)
	value		88bc48
ARR 88bc88 (sz=6, trace=1, nelems=6, elem type=char)
OBJ 88bca8 (sz=6, trace=1, class=java.lang.String@81a9d0)
	value		88bc88
ARR 88bcc8 (sz=6, trace=1, nelems=6, elem type=char)
OBJ 88bce8 (sz=6, trace=1, class=java.lang.String@81a9d0)
	value		88bcc8
ARR 88bd08 (sz=6, trace=1, nelems=6, elem type=char)
OBJ 88bd28 (sz=6, trace=1, class=java.lang.String@81a9d0)
	value		88bd08
ARR 88bd48 (sz=6, trace=1, nelems=5, elem type=char)
OBJ 88bd68 (sz=6, trace=1, class=java.lang.String@81a9d0)
	value		88bd48
ARR 88bd88 (sz=26, trace=1, nelems=45, elem type=char)
OBJ 88bda8 (sz=6, trace=1, class=java.lang.String@81a9d0)
	value		88bd88
ARR 88bdc8 (sz=14, trace=1, nelems=19, elem type=char)
OBJ 88bde8 (sz=6, trace=1, class=java.lang.String@81a9d0)
	value		88bdc8
ARR 88be08 (sz=8, trace=1, nelems=8, elem type=char)
OBJ 88be28 (sz=6, trace=1, class=java.lang.String@81a9d0)
	value		88be08
ARR 88be48 (sz=8, trace=1, nelems=7, elem type=char)
OBJ 88be68 (sz=6, trace=1, class=java.lang.String@81a9d0)
	value		88be48
ARR 88be88 (sz=10, trace=1, nelems=11, elem type=char)
OBJ 88bea8 (sz=6, trace=1, class=java.lang.String@81a9d0)
	value		88be88
ARR 88bec8 (sz=6, trace=1, nelems=5, elem type=char)
OBJ 88bee8 (sz=6, trace=1, class=java.lang.String@81a9d0)
	value		88bec8
ARR 88bf08 (sz=10, trace=1, nelems=12, elem type=char)
OBJ 88bf28 (sz=6, trace=1, class=java.lang.String@81a9d0)
	value		88bf08
ARR 88bf48 (sz=6, trace=1, nelems=6, elem type=char)
OBJ 88bf68 (sz=6, trace=1, class=java.lang.String@81a9d0)
	value		88bf48
ARR 88bf88 (sz=10, trace=1, nelems=12, elem type=char)
OBJ 88bfa8 (sz=6, trace=1, class=java.lang.String@81a9d0)
	value		88bf88
ARR 88bfc8 (sz=6, trace=1, nelems=6, elem type=char)
OBJ 88bfe8 (sz=6, trace=1, class=java.lang.String@81a9d0)
	value		88bfc8
ARR 88c008 (sz=10, trace=1, nelems=12, elem type=char)
OBJ 88c028 (sz=6, trace=1, class=java.lang.String@81a9d0)
	value		88c008
ARR 88c048 (sz=6, trace=1, nelems=6, elem type=char)
OBJ 88c068 (sz=6, trace=1, class=java.lang.String@81a9d0)
	value		88c048
ARR 88c088 (sz=10, trace=1, nelems=12, elem type=char)
OBJ 88c0a8 (sz=6, trace=1, class=java.lang.String@81a9d0)
	value		88c088
ARR 88c0c8 (sz=6, trace=1, nelems=6, elem type=char)
OBJ 88c0e8 (sz=6, trace=1, class=java.lang.String@81a9d0)
	value		88c0c8
ARR 88c108 (sz=10, trace=1, nelems=12, elem type=char)
OBJ 88c128 (sz=6, trace=1, class=java.lang.String@81a9d0)
	value		88c108
ARR 88c148 (sz=6, trace=1, nelems=6, elem type=char)
OBJ 88c168 (sz=6, trace=1, class=java.lang.String@81a9d0)
	value		88c148
ARR 88c188 (sz=10, trace=1, nelems=12, elem type=char)
OBJ 88c1a8 (sz=6, trace=1, class=java.lang.String@81a9d0)
	value		88c188
ARR 88c1c8 (sz=6, trace=1, nelems=6, elem type=char)
OBJ 88c1e8 (sz=6, trace=1, class=java.lang.String@81a9d0)
	value		88c1c8
ARR 88c208 (sz=10, trace=1, nelems=12, elem type=char)
OBJ 88c228 (sz=6, trace=1, class=java.lang.String@81a9d0)
	value		88c208
ARR 88c248 (sz=6, trace=1, nelems=6, elem type=char)
OBJ 88c268 (sz=6, trace=1, class=java.lang.String@81a9d0)
	value		88c248
ARR 88c288 (sz=10, trace=1, nelems=12, elem type=char)
OBJ 88c2a8 (sz=6, trace=1, class=java.lang.String@81a9d0)
	value		88c288
ARR 88c2c8 (sz=6, trace=1, nelems=6, elem type=char)
OBJ 88c2e8 (sz=6, trace=1, class=java.lang.String@81a9d0)
	value		88c2c8
ARR 88c308 (sz=10, trace=1, nelems=12, elem type=char)
OBJ 88c328 (sz=6, trace=1, class=java.lang.String@81a9d0)
	value		88c308
ARR 88c348 (sz=6, trace=1, nelems=6, elem type=char)
OBJ 88c368 (sz=6, trace=1, class=java.lang.String@81a9d0)
	value		88c348
ARR 88c388 (sz=8, trace=1, nelems=8, elem type=char)
OBJ 88c3a8 (sz=6, trace=1, class=java.lang.String@81a9d0)
	value		88c388
ARR 88c3c8 (sz=8, trace=1, nelems=7, elem type=char)
OBJ 88c3e8 (sz=6, trace=1, class=java.lang.String@81a9d0)
	value		88c3c8
ARR 88c408 (sz=8, trace=1, nelems=9, elem type=char)
OBJ 88c428 (sz=6, trace=1, class=java.lang.String@81a9d0)
	value		88c408
ARR 88c448 (sz=8, trace=1, nelems=7, elem type=char)
OBJ 88c468 (sz=6, trace=1, class=java.lang.String@81a9d0)
	value		88c448
ARR 88c488 (sz=6, trace=1, nelems=5, elem type=char)
OBJ 88c4a8 (sz=6, trace=1, class=java.lang.String@81a9d0)
	value		88c488
ARR 88c4c8 (sz=6, trace=1, nelems=6, elem type=char)
OBJ 88c4e8 (sz=6, trace=1, class=java.lang.String@81a9d0)
	value		88c4c8
ARR 88c508 (sz=6, trace=1, nelems=6, elem type=char)
OBJ 88c528 (sz=6, trace=1, class=java.lang.String@81a9d0)
	value		88c508
ARR 88c548 (sz=6, trace=1, nelems=4, elem type=char)
OBJ 88c568 (sz=6, trace=1, class=java.lang.String@81a9d0)
	value		88c548
ARR 88c588 (sz=8, trace=1, nelems=7, elem type=char)
OBJ 88c5a8 (sz=6, trace=1, class=java.lang.String@81a9d0)
	value		88c588
ARR 88c5c8 (sz=6, trace=1, nelems=6, elem type=char)
OBJ 88c5e8 (sz=6, trace=1, class=java.lang.String@81a9d0)
	value		88c5c8
ARR 88c608 (sz=6, trace=1, nelems=6, elem type=char)
OBJ 88c628 (sz=6, trace=1, class=java.lang.String@81a9d0)
	value		88c608
ARR 88c648 (sz=8, trace=1, nelems=9, elem type=char)
OBJ 88c668 (sz=6, trace=1, class=java.lang.String@81a9d0)
	value		88c648
ARR 88c688 (sz=10, trace=1, nelems=11, elem type=char)
OBJ 88c6a8 (sz=6, trace=1, class=java.lang.String@81a9d0)
	value		88c688
ARR 88c6c8 (sz=6, trace=1, nelems=6, elem type=char)
OBJ 88c6e8 (sz=6, trace=1, class=java.lang.String@81a9d0)
	value		88c6c8
ARR 88c708 (sz=6, trace=1, nelems=5, elem type=char)
OBJ 88c728 (sz=6, trace=1, class=java.lang.String@81a9d0)
	value		88c708
ARR 88c748 (sz=6, trace=1, nelems=4, elem type=char)
OBJ 88c768 (sz=6, trace=1, class=java.lang.String@81a9d0)
	value		88c748
ARR 88c788 (sz=6, trace=1, nelems=4, elem type=char)
OBJ 88c7a8 (sz=6, trace=1, class=java.lang.String@81a9d0)
	value		88c788
ARR 88c7c8 (sz=8, trace=1, nelems=8, elem type=char)
OBJ 88c7e8 (sz=6, trace=1, class=java.lang.String@81a9d0)
	value		88c7c8
ARR 88c808 (sz=6, trace=1, nelems=6, elem type=char)
OBJ 88c828 (sz=6, trace=1, class=java.lang.String@81a9d0)
	value		88c808
ARR 88c848 (sz=6, trace=1, nelems=6, elem type=char)
OBJ 88c868 (sz=6, trace=1, class=java.lang.String@81a9d0)
	value		88c848
ARR 88c888 (sz=6, trace=1, nelems=5, elem type=char)
OBJ 88c8a8 (sz=6, trace=1, class=java.lang.String@81a9d0)
	value		88c888
ARR 88c8c8 (sz=8, trace=1, nelems=7, elem type=char)
OBJ 88c8e8 (sz=6, trace=1, class=java.lang.String@81a9d0)
	value		88c8c8
ARR 88c908 (sz=6, trace=1, nelems=6, elem type=char)
OBJ 88c928 (sz=6, trace=1, class=java.lang.String@81a9d0)
	value		88c908
ARR 88c948 (sz=6, trace=1, nelems=6, elem type=char)
OBJ 88c968 (sz=6, trace=1, class=java.lang.String@81a9d0)
	value		88c948
ARR 88c988 (sz=6, trace=1, nelems=5, elem type=char)
OBJ 88c9a8 (sz=6, trace=1, class=java.lang.String@81a9d0)
	value		88c988
ARR 88c9c8 (sz=10, trace=1, nelems=14, elem type=char)
OBJ 88c9e8 (sz=6, trace=1, class=java.lang.String@81a9d0)
	value		88c9c8
ARR 88ca08 (sz=10, trace=1, nelems=12, elem type=char)
OBJ 88ca28 (sz=6, trace=1, class=java.lang.String@81a9d0)
	value		88ca08
ARR 88ca48 (sz=10, trace=1, nelems=12, elem type=char)
OBJ 88ca68 (sz=6, trace=1, class=java.lang.String@81a9d0)
	value		88ca48
ARR 88ca88 (sz=8, trace=1, nelems=8, elem type=char)
OBJ 88caa8 (sz=6, trace=1, class=java.lang.String@81a9d0)
	value		88ca88
ARR 88cac8 (sz=6, trace=1, nelems=4, elem type=char)
OBJ 88cae8 (sz=6, trace=1, class=java.lang.String@81a9d0)
	value		88cac8
ARR 88cb08 (sz=10, trace=1, nelems=12, elem type=char)
OBJ 88cb28 (sz=6, trace=1, class=java.lang.String@81a9d0)
	value		88cb08
ARR 88cb48 (sz=6, trace=1, nelems=5, elem type=char)
OBJ 88cb68 (sz=6, trace=1, class=java.lang.String@81a9d0)
	value		88cb48
ARR 88cb88 (sz=10, trace=1, nelems=12, elem type=char)
OBJ 88cba8 (sz=6, trace=1, class=java.lang.String@81a9d0)
	value		88cb88
ARR 88cbc8 (sz=6, trace=1, nelems=6, elem type=char)
OBJ 88cbe8 (sz=6, trace=1, class=java.lang.String@81a9d0)
	value		88cbc8
ARR 88cc08 (sz=10, trace=1, nelems=11, elem type=char)
OBJ 88cc28 (sz=6, trace=1, class=java.lang.String@81a9d0)
	value		88cc08
ARR 88cc48 (sz=6, trace=1, nelems=5, elem type=char)
OBJ 88cc68 (sz=6, trace=1, class=java.lang.String@81a9d0)
	value		88cc48
ARR 88cc88 (sz=10, trace=1, nelems=11, elem type=char)
OBJ 88cca8 (sz=6, trace=1, class=java.lang.String@81a9d0)
	value		88cc88
ARR 88ccc8 (sz=6, trace=1, nelems=6, elem type=char)
OBJ 88cce8 (sz=6, trace=1, class=java.lang.String@81a9d0)
	value		88ccc8
ARR 88cd08 (sz=6, trace=1, nelems=6, elem type=char)
OBJ 88cd28 (sz=6, trace=1, class=java.lang.String@81a9d0)
	value		88cd08
ARR 88cd48 (sz=6, trace=1, nelems=6, elem type=char)
OBJ 88cd68 (sz=6, trace=1, class=java.lang.String@81a9d0)
	value		88cd48
ARR 88cd88 (sz=6, trace=1, nelems=6, elem type=char)
OBJ 88cda8 (sz=6, trace=1, class=java.lang.String@81a9d0)
	value		88cd88
ARR 88cdc8 (sz=6, trace=1, nelems=6, elem type=char)
OBJ 88cde8 (sz=6, trace=1, class=java.lang.String@81a9d0)
	value		88cdc8
ARR 88ce08 (sz=6, trace=1, nelems=6, elem type=char)
OBJ 88ce28 (sz=6, trace=1, class=java.lang.String@81a9d0)
	value		88ce08
ARR 88ce48 (sz=6, trace=1, nelems=6, elem type=char)
OBJ 88ce68 (sz=6, trace=1, class=java.lang.String@81a9d0)
	value		88ce48
ARR 88ce88 (sz=120, trace=1, nelems=461, elem type=byte)
ARR 88cec8 (sz=86, trace=1, nelems=165, elem type=short)
ARR 88cf08 (sz=8, trace=1, nelems=4, elem type=int)
ARR 88cf28 (sz=8, trace=1, nelems=4, elem type=int)
ARR 88cf48 (sz=8, trace=1, nelems=4, elem type=int)
ARR 88cf68 (sz=8, trace=1, nelems=4, elem type=int)
ARR 88cf88 (sz=8, trace=1, nelems=4, elem type=int)
ARR 88cfa8 (sz=8, trace=1, nelems=4, elem type=int)
CLS 88cfc8 (name=java.util.Locale, trace=1)
	super		81a970
	static compressedCtry2LangMapping	88d088
	static compressedIsoCountries	88d048
	static compressedIsoLanguages	88d008
	static defaultLocale	88fe68
	static CANADA_FRENCH	88fe48
	static CANADA	88fe28
	static US	88fe08
	static UK	88fde8
	static TAIWAN	88fdc8
	static PRC	88fda8
	static CHINA	88fd88
	static KOREA	88fd68
	static JAPAN	88fd48
	static ITALY	88fd28
	static GERMANY	88fd08
	static FRANCE	88fce8
	static TRADITIONAL_CHINESE	88fcc8
	static SIMPLIFIED_CHINESE	88fca8
	static CHINESE	88fc88
	static KOREAN	88fc68
	static JAPANESE	88fc48
	static ITALIAN	88fc28
	static GERMAN	88fc08
	static FRENCH	88fbe8
	static ENGLISH	88fbc8
ARR 88cfe8 (sz=430, trace=1, nelems=852, elem type=char)
OBJ 88d008 (sz=6, trace=1, class=java.lang.String@81a9d0)
	value		88cfe8
ARR 88d028 (sz=720, trace=1, nelems=1434, elem type=char)
OBJ 88d048 (sz=6, trace=1, class=java.lang.String@81a9d0)
	value		88d028
ARR 88d068 (sz=672, trace=1, nelems=1338, elem type=char)
OBJ 88d088 (sz=6, trace=1, class=java.lang.String@81a9d0)
	value		88d068
ARR 88d0a8 (sz=4, trace=1, nelems=2, elem type=char)
OBJ 88d0c8 (sz=6, trace=1, class=java.lang.String@81a9d0)
	value		88d0a8
ARR 88d0e8 (sz=6, trace=1, nelems=4, elem type=char)
OBJ 88d108 (sz=6, trace=1, class=java.lang.String@81a9d0)
	value		88d0e8
ARR 88d128 (sz=4, trace=1, nelems=2, elem type=char)
OBJ 88d148 (sz=6, trace=1, class=java.lang.String@81a9d0)
	value		88d128
ARR 88d168 (sz=4, trace=1, nelems=2, elem type=char)
OBJ 88d188 (sz=6, trace=1, class=java.lang.String@81a9d0)
	value		88d168
ARR 88d1a8 (sz=4, trace=1, nelems=2, elem type=char)
OBJ 88d1c8 (sz=6, trace=1, class=java.lang.String@81a9d0)
	value		88d1a8
ARR 88d1e8 (sz=4, trace=1, nelems=2, elem type=char)
OBJ 88d208 (sz=6, trace=1, class=java.lang.String@81a9d0)
	value		88d1e8
ARR 88d228 (sz=4, trace=1, nelems=2, elem type=char)
OBJ 88d248 (sz=6, trace=1, class=java.lang.String@81a9d0)
	value		88d228
ARR 88d268 (sz=4, trace=1, nelems=2, elem type=char)
OBJ 88d288 (sz=6, trace=1, class=java.lang.String@81a9d0)
	value		88d268
ARR 88d2a8 (sz=4, trace=1, nelems=2, elem type=char)
OBJ 88d2c8 (sz=6, trace=1, class=java.lang.String@81a9d0)
	value		88d2a8
ARR 88d2e8 (sz=4, trace=1, nelems=2, elem type=char)
OBJ 88d308 (sz=6, trace=1, class=java.lang.String@81a9d0)
	value		88d2e8
ARR 88d328 (sz=4, trace=1, nelems=2, elem type=char)
OBJ 88d348 (sz=6, trace=1, class=java.lang.String@81a9d0)
	value		88d328
ARR 88d368 (sz=4, trace=1, nelems=2, elem type=char)
OBJ 88d388 (sz=6, trace=1, class=java.lang.String@81a9d0)
	value		88d368
ARR 88d3a8 (sz=4, trace=1, nelems=2, elem type=char)
OBJ 88d3c8 (sz=6, trace=1, class=java.lang.String@81a9d0)
	value		88d3a8
ARR 88d3e8 (sz=4, trace=1, nelems=2, elem type=char)
OBJ 88d408 (sz=6, trace=1, class=java.lang.String@81a9d0)
	value		88d3e8
ARR 88d428 (sz=4, trace=1, nelems=2, elem type=char)
OBJ 88d448 (sz=6, trace=1, class=java.lang.String@81a9d0)
	value		88d428
ARR 88d468 (sz=4, trace=1, nelems=2, elem type=char)
OBJ 88d488 (sz=6, trace=1, class=java.lang.String@81a9d0)
	value		88d468
ARR 88d4a8 (sz=4, trace=1, nelems=2, elem type=char)
OBJ 88d4c8 (sz=6, trace=1, class=java.lang.String@81a9d0)
	value		88d4a8
ARR 88d4e8 (sz=4, trace=1, nelems=2, elem type=char)
OBJ 88d508 (sz=6, trace=1, class=java.lang.String@81a9d0)
	value		88d4e8
ARR 88d528 (sz=4, trace=1, nelems=2, elem type=char)
OBJ 88d548 (sz=6, trace=1, class=java.lang.String@81a9d0)
	value		88d528
ARR 88d568 (sz=4, trace=1, nelems=2, elem type=char)
OBJ 88d588 (sz=6, trace=1, class=java.lang.String@81a9d0)
	value		88d568
ARR 88d5a8 (sz=4, trace=1, nelems=2, elem type=char)
OBJ 88d5c8 (sz=6, trace=1, class=java.lang.String@81a9d0)
	value		88d5a8
ARR 88d5e8 (sz=10, trace=1, nelems=13, elem type=char)
OBJ 88d608 (sz=6, trace=1, class=java.lang.String@81a9d0)
	value		88d5e8
ARR 88d628 (sz=4, trace=1, nelems=2, elem type=char)
OBJ 88d648 (sz=6, trace=1, class=java.lang.String@81a9d0)
	value		88d628
ARR 88d668 (sz=10, trace=1, nelems=11, elem type=char)
OBJ 88d688 (sz=6, trace=1, class=java.lang.String@81a9d0)
	value		88d668
ARR 88d6a8 (sz=4, trace=1, nelems=2, elem type=char)
OBJ 88d6c8 (sz=6, trace=1, class=java.lang.String@81a9d0)
	value		88d6a8
ARR 88d6e8 (sz=44, trace=1, nelems=157, elem type=byte)
ARR 88d728 (sz=14, trace=1, nelems=20, elem type=short)
CLS 88d768 (name=java.lang.StringBuffer, trace=1)
	super		81a970
ARR 88d788 (sz=12, trace=1, nelems=17, elem type=char)
OBJ 88d7a8 (sz=6, trace=1, class=java.lang.String@81a9d0)
	value		88d788
ARR 88d7c8 (sz=4, trace=1, nelems=1, elem type=char)
OBJ 88d7e8 (sz=6, trace=1, class=java.lang.String@81a9d0)
	value		88d7c8
ARR 88d808 (sz=14, trace=1, nelems=41, elem type=byte)
ARR 88d828 (sz=26, trace=1, nelems=85, elem type=byte)
ARR 88d848 (sz=18, trace=1, nelems=30, elem type=short)
CLS 88d888 (name=sun.io.CharToByteSingleByte, trace=1)
	super		81fb08
ARR 88d8a8 (sz=8, trace=1, nelems=10, elem type=short)
CLS 88d8e8 (name=sun.io.CharToByteCp1252, trace=1)
	super		88d888
	static index1	88fe88
	static index2	88d928
ARR 88d908 (sz=592, trace=1, nelems=1176, elem type=char)
OBJ 88d928 (sz=6, trace=1, class=java.lang.String@81a9d0)
	value		88d908
ARR 88d948 (sz=32, trace=1, nelems=110, elem type=byte)
ARR 88d968 (sz=18, trace=1, nelems=30, elem type=short)
ARR 88d9a8 (sz=8, trace=1, nelems=4, elem type=int)
ARR 88d9c8 (sz=8, trace=1, nelems=4, elem type=int)
ARR 88d9e8 (sz=8, trace=1, nelems=4, elem type=int)
ARR 88da08 (sz=8, trace=1, nelems=4, elem type=int)
ARR 88da28 (sz=8, trace=1, nelems=4, elem type=int)
ARR 88da48 (sz=8, trace=1, nelems=4, elem type=int)
CLS 88da68 (name=java.io.BufferedWriter, trace=1)
	super		81f908
ARR 88da88 (sz=10, trace=1, nelems=14, elem type=char)
OBJ 88daa8 (sz=6, trace=1, class=java.lang.String@81a9d0)
	value		88da88
ARR 88dac8 (sz=14, trace=1, nelems=41, elem type=byte)
ARR 88dae8 (sz=4, trace=1, nelems=0, elem type=short)
CLS 88db28 (name=java.lang.Compiler, trace=1)
	super		81a970
ARR 88db48 (sz=6, trace=1, nelems=4, elem type=short)
ARR 88db68 (sz=24, trace=1, nelems=81, elem type=byte)
ARR 88dba8 (sz=4, trace=1, nelems=0, elem type=short)
ARR 88dbe8 (sz=8, trace=1, nelems=4, elem type=int)
CLS 88dc08 (name=java.lang.Compiler$1, trace=1)
	super		81a970
ARR 88dc28 (sz=6, trace=1, nelems=4, elem type=short)
ARR 88dc48 (sz=10, trace=1, nelems=13, elem type=char)
OBJ 88dc68 (sz=6, trace=1, class=java.lang.String@81a9d0)
	value		88dc48
ARR 88dc88 (sz=10, trace=1, nelems=12, elem type=char)
OBJ 88dca8 (sz=6, trace=1, class=java.lang.String@81a9d0)
	value		88dc88
ARR 88dcc8 (sz=8, trace=1, nelems=7, elem type=char)
OBJ 88dce8 (sz=6, trace=1, class=java.lang.String@81a9d0)
	value		88dcc8
ARR 88dd08 (sz=66, trace=1, nelems=251, elem type=byte)
ARR 88dd28 (sz=14, trace=1, nelems=20, elem type=short)
ARR 88dd68 (sz=28, trace=1, nelems=24, elem type=int)
ARR 88dd88 (sz=12, trace=1, nelems=8, elem type=int)
CLS 88dda8 (name=sun.misc.Launcher, trace=1)
	super		81a970
	static fileHandler	88fee8
	static factory	88fec8
	static launcher	88fea8
ARR 88ddc8 (sz=14, trace=1, nelems=20, elem type=short)
ARR 88dde8 (sz=24, trace=1, nelems=82, elem type=byte)
ARR 88de28 (sz=6, trace=1, nelems=9, elem type=byte)
ARR 88de48 (sz=4, trace=1, nelems=0, elem type=short)
CLS 88de88 (name=java.net.URLStreamHandlerFactory, trace=1)
	super		81a970
ARR 88dea8 (sz=6, trace=1, nelems=5, elem type=short)
ARR 88dee8 (sz=16, trace=1, nelems=12, elem type=int)
CLS 88df08 (name=sun.misc.Launcher$Factory, trace=1)
	super		81a970
	static PREFIX	88df68
ARR 88df28 (sz=8, trace=1, nelems=8, elem type=short)
ARR 88df48 (sz=14, trace=1, nelems=20, elem type=char)
OBJ 88df68 (sz=6, trace=1, class=java.lang.String@81a9d0)
	value		88df48
ARR 88df88 (sz=12, trace=1, nelems=30, elem type=byte)
ARR 88dfc8 (sz=4, trace=1, nelems=0, elem type=short)
CLS 88e008 (name=sun.misc.Launcher$1, trace=1)
	super		81a970
ARR 88e028 (sz=6, trace=1, nelems=4, elem type=short)
ARR 88e048 (sz=14, trace=1, nelems=19, elem type=char)
OBJ 88e068 (sz=6, trace=1, class=java.lang.String@81a9d0)
	value		88e048
ARR 88e088 (sz=44, trace=1, nelems=157, elem type=byte)
ARR 88e0a8 (sz=92, trace=1, nelems=352, elem type=byte)
ARR 88e0c8 (sz=34, trace=1, nelems=122, elem type=byte)
ARR 88e0e8 (sz=12, trace=1, nelems=15, elem type=short)
ARR 88e128 (sz=8, trace=1, nelems=4, elem type=int)
CLS 88e148 (name=java.security.SecureClassLoader, trace=1)
	super		81ac10
ARR 88e168 (sz=8, trace=1, nelems=10, elem type=short)
ARR 88e1a8 (sz=8, trace=1, nelems=4, elem type=int)
ARR 88e1c8 (sz=8, trace=1, nelems=4, elem type=int)
CLS 88e1e8 (name=java.net.URLClassLoader, trace=1)
	super		88e148
ARR 88e208 (sz=18, trace=1, nelems=28, elem type=short)
ARR 88e228 (sz=6, trace=1, nelems=5, elem type=short)
ARR 88e268 (sz=8, trace=1, nelems=4, elem type=int)
CLS 88e288 (name=sun.misc.Launcher$ExtClassLoader, trace=1)
	super		88e1e8
ARR 88e2a8 (sz=8, trace=1, nelems=8, elem type=short)
ARR 88e2c8 (sz=6, trace=1, nelems=3, elem type=char)
OBJ 88e2e8 (sz=6, trace=1, class=java.lang.String@81a9d0)
	value		88e2c8
ARR 88e308 (sz=34, trace=1, nelems=117, elem type=byte)
ARR 88e328 (sz=8, trace=1, nelems=10, elem type=short)
CLS 88e368 (name=sun.security.util.Debug, trace=1)
	super		81a970
ARR 88e388 (sz=14, trace=1, nelems=19, elem type=char)
OBJ 88e3a8 (sz=6, trace=1, class=java.lang.String@81a9d0)
	value		88e388
ARR 88e3c8 (sz=10, trace=1, nelems=13, elem type=char)
OBJ 88e3e8 (sz=6, trace=1, class=java.lang.String@81a9d0)
	value		88e3c8
ARR 88e408 (sz=28, trace=1, nelems=96, elem type=byte)
ARR 88e448 (sz=24, trace=1, nelems=40, elem type=short)
CLS 88e488 (name=java.util.StringTokenizer, trace=1)
	super		81a970
ARR 88e4a8 (sz=102, trace=1, nelems=396, elem type=byte)
ARR 88e4e8 (sz=32, trace=1, nelems=55, elem type=short)
ARR 88e528 (sz=8, trace=1, nelems=4, elem type=int)
ARR 88e548 (sz=8, trace=1, nelems=4, elem type=int)
CLS 88e568 (name=java.io.File, trace=1)
	super		81a970
	static tmpFileLock	88ff68
	static pathSeparator	88ff48
	static separator	88ff28
	static fs	88ff08
ARR 88e588 (sz=20, trace=1, nelems=67, elem type=byte)
ARR 88e5a8 (sz=14, trace=1, nelems=20, elem type=short)
CLS 88e5e8 (name=java.io.FileSystem, trace=1)
	super		81a970
ARR 88e608 (sz=58, trace=1, nelems=217, elem type=byte)
ARR 88e628 (sz=14, trace=1, nelems=20, elem type=short)
ARR 88e668 (sz=8, trace=1, nelems=4, elem type=int)
ARR 88e688 (sz=8, trace=1, nelems=4, elem type=int)
CLS 88e6a8 (name=java.io.Win32FileSystem, trace=1)
	super		88e5e8
	static driveDirCache	88ff88
ARR 88e6c8 (sz=10, trace=1, nelems=14, elem type=char)
OBJ 88e6e8 (sz=6, trace=1, class=java.lang.String@81a9d0)
	value		88e6c8
ARR 88e708 (sz=10, trace=1, nelems=14, elem type=char)
OBJ 88e728 (sz=6, trace=1, class=java.lang.String@81a9d0)
	value		88e708
ARR 88e768 (sz=12, trace=1, nelems=35, elem type=byte)
ARR 88e7a8 (sz=6, trace=1, nelems=12, elem type=byte)
ARR 88e7c8 (sz=4, trace=1, nelems=0, elem type=short)
CLS 88e808 (name=java.security.PrivilegedExceptionAction, trace=1)
	super		81a970
ARR 88e828 (sz=6, trace=1, nelems=5, elem type=short)
CLS 88e868 (name=sun.misc.Launcher$2, trace=1)
	super		81a970
ARR 88e888 (sz=8, trace=1, nelems=8, elem type=short)
ARR 88e8a8 (sz=96, trace=1, nelems=365, elem type=byte)
ARR 88e8e8 (sz=48, trace=1, nelems=90, elem type=short)
ARR 88e928 (sz=12, trace=1, nelems=8, elem type=int)
ARR 88e948 (sz=8, trace=1, nelems=4, elem type=int)
ARR 88e968 (sz=8, trace=1, nelems=4, elem type=int)
ARR 88e988 (sz=8, trace=1, nelems=4, elem type=int)
ARR 88e9a8 (sz=16, trace=1, nelems=12, elem type=int)
CLS 88e9c8 (name=java.net.URL, trace=1)
	super		81a970
	static streamHandlerLock	88ffc8
	static handlers	88ffa8
	static protocolPathProp	88ea08
ARR 88e9e8 (sz=16, trace=1, nelems=26, elem type=char)
OBJ 88ea08 (sz=6, trace=1, class=java.lang.String@81a9d0)
	value		88e9e8
ARR 88ea48 (sz=42, trace=1, nelems=151, elem type=byte)
ARR 88eac8 (sz=8, trace=1, nelems=10, elem type=short)
ARR 88eb08 (sz=8, trace=1, nelems=4, elem type=int)
CLS 88eb28 (name=java.util.HashSet, trace=1)
	super		81d748
	static PRESENT	88ffe8
ARR 88eb48 (sz=70, trace=1, nelems=264, elem type=byte)
ARR 88ebc8 (sz=36, trace=1, nelems=65, elem type=short)
ARR 88ec08 (sz=8, trace=1, nelems=4, elem type=int)
CLS 88ec28 (name=java.util.HashMap, trace=1)
	super		81db48
	static emptyHashIterator	890008
ARR 88ec48 (sz=18, trace=1, nelems=28, elem type=short)
ARR 88ec68 (sz=12, trace=1, nelems=30, elem type=byte)
ARR 88eca8 (sz=4, trace=1, nelems=0, elem type=short)
CLS 88ece8 (name=java.util.HashMap$EmptyHashIterator, trace=1)
	super		81a970
ARR 88ed08 (sz=6, trace=1, nelems=4, elem type=short)
ARR 88ed28 (sz=22, trace=1, nelems=75, elem type=byte)
ARR 88ed68 (sz=14, trace=1, nelems=20, elem type=short)
CLS 88eda8 (name=java.util.HashMap$Entry, trace=1)
	super		81a970
ARR 88edc8 (sz=8, trace=1, nelems=8, elem type=short)
ARR 88ee08 (sz=76, trace=1, nelems=285, elem type=byte)
ARR 88ee28 (sz=22, trace=1, nelems=35, elem type=short)
ARR 88ee68 (sz=8, trace=1, nelems=4, elem type=int)
ARR 88ee88 (sz=8, trace=1, nelems=4, elem type=int)
ARR 88eea8 (sz=16, trace=1, nelems=12, elem type=int)
ARR 88eec8 (sz=8, trace=1, nelems=4, elem type=int)
ARR 88eee8 (sz=8, trace=1, nelems=4, elem type=int)
ARR 88ef08 (sz=8, trace=1, nelems=4, elem type=int)
ARR 88ef28 (sz=8, trace=1, nelems=4, elem type=int)
ARR 88ef48 (sz=8, trace=1, nelems=4, elem type=int)
CLS 88ef68 (name=sun.misc.URLClassPath, trace=1)
	super		81a970
	static JAVA_VERSION	81efa8
	static USER_AGENT_JAVA_VERSION	88efc8
ARR 88ef88 (sz=14, trace=1, nelems=20, elem type=short)
ARR 88efa8 (sz=12, trace=1, nelems=15, elem type=char)
OBJ 88efc8 (sz=6, trace=1, class=java.lang.String@81a9d0)
	value		88efa8
ARR 88efe8 (sz=48, trace=1, nelems=176, elem type=byte)
ARR 88f068 (sz=8, trace=1, nelems=10, elem type=short)
ARR 88f0a8 (sz=8, trace=1, nelems=4, elem type=int)
CLS 88f0c8 (name=java.util.ArrayList, trace=1)
	super		81d9a8
ARR 88f0e8 (sz=6, trace=1, nelems=3, elem type=char)
OBJ 88f108 (sz=6, trace=1, class=java.lang.String@81a9d0)
	value		88f0e8
ARR 88f128 (sz=8, trace=1, nelems=8, elem type=char)
OBJ 88f148 (sz=6, trace=1, class=java.lang.String@81a9d0)
	value		88f128
ARR 88f168 (sz=38, trace=1, nelems=136, elem type=byte)
ARR 88f188 (sz=50, trace=1, nelems=182, elem type=byte)
ARR 88f1a8 (sz=4, trace=1, nelems=0, elem type=short)
ARR 88f1e8 (sz=12, trace=1, nelems=8, elem type=int)
CLS 88f208 (name=java.net.URLStreamHandler, trace=1)
	super		81a970
ARR 88f228 (sz=6, trace=1, nelems=5, elem type=short)
ARR 88f268 (sz=8, trace=1, nelems=4, elem type=int)
CLS 88f288 (name=sun.net.www.protocol.jar.Handler, trace=1)
	super		88f208
	static separator	88f2c8
ARR 88f2a8 (sz=4, trace=1, nelems=2, elem type=char)
OBJ 88f2c8 (sz=6, trace=1, class=java.lang.String@81a9d0)
	value		88f2a8
ARR 88f2e8 (sz=36, trace=1, nelems=125, elem type=byte)
ARR 88f308 (sz=4, trace=1, nelems=0, elem type=short)
CLS 88f348 (name=sun.misc.Launcher$AppClassLoader, trace=1)
	super		88e1e8
ARR 88f368 (sz=8, trace=1, nelems=8, elem type=short)
ARR 88f388 (sz=12, trace=1, nelems=15, elem type=char)
OBJ 88f3a8 (sz=6, trace=1, class=java.lang.String@81a9d0)
	value		88f388
ARR 88f3c8 (sz=16, trace=1, nelems=47, elem type=byte)
ARR 88f408 (sz=12, trace=1, nelems=15, elem type=short)
CLS 88f448 (name=sun.misc.Launcher$3, trace=1)
	super		81a970
ARR 88f468 (sz=8, trace=1, nelems=8, elem type=short)
ARR 88f488 (sz=8, trace=1, nelems=8, elem type=char)
OBJ 88f4a8 (sz=6, trace=1, class=java.lang.String@81a9d0)
	value		88f488
ARR 88f4c8 (sz=4, trace=1, nelems=1, elem type=char)
OBJ 88f4e8 (sz=6, trace=1, class=java.lang.String@81a9d0)
	value		88f4c8
ARR 88f508 (sz=6, trace=1, nelems=4, elem type=char)
OBJ 88f528 (sz=6, trace=1, class=java.lang.String@81a9d0)
	value		88f508
ARR 88f548 (sz=28, trace=1, nelems=100, elem type=byte)
ARR 88f568 (sz=4, trace=1, nelems=0, elem type=short)
ARR 88f5a8 (sz=12, trace=1, nelems=8, elem type=int)
CLS 88f5c8 (name=sun.net.www.protocol.file.Handler, trace=1)
	super		88f208
ARR 88f5e8 (sz=14, trace=1, nelems=21, elem type=char)
OBJ 88f608 (sz=6, trace=1, class=java.lang.String@81a9d0)
	value		88f5e8
ARR 8a2f078 (sz=20, trace=6, nelems=68, elem type=byte)
ARR 8a2f128 (sz=8, trace=6, nelems=10, elem type=short)
ARR 8a2f1a0 (sz=8, trace=6, nelems=4, elem type=int)
CLS 8a2f1f8 (name=java.net.URLClassLoader$1, trace=6)
	super		81a970
ARR 8a2f240 (sz=6, trace=6, nelems=4, elem type=short)
ARR 8a2f660 (sz=6, trace=8, nelems=6, elem type=char)
OBJ 8a2f6b8 (sz=6, trace=8, class=java.lang.String@81a9d0)
	value		8a2f660
ARR 8a2f9a0 (sz=8, trace=11, nelems=13, elem type=byte)
ARR 8a2f9d0 (sz=4, trace=11, nelems=0, elem type=short)
CLS 8a2fa80 (name=java.util.EmptyStackException, trace=11)
	super		81af30
ARR 8a2ff80 (sz=24, trace=7, nelems=79, elem type=byte)
ARR 8a2ffd8 (sz=8, trace=7, nelems=10, elem type=short)
ARR 8a30088 (sz=8, trace=7, nelems=4, elem type=int)
ARR 8a300d0 (sz=8, trace=7, nelems=4, elem type=int)
CLS 8a30100 (name=java.security.PrivilegedActionException, trace=7)
	super		81aeb0
ARR 8a307f0 (sz=24, trace=16, nelems=81, elem type=byte)
ARR 8a308a0 (sz=8, trace=16, nelems=10, elem type=short)
CLS 8a30918 (name=sun.misc.URLClassPath$2, trace=16)
	super		81a970
ARR 8a30960 (sz=12, trace=16, nelems=16, elem type=short)
ARR 8a30c90 (sz=26, trace=17, nelems=91, elem type=byte)
ARR 8a30cf8 (sz=24, trace=17, nelems=81, elem type=byte)
ARR 8a30d28 (sz=6, trace=17, nelems=5, elem type=short)
ARR 8a30dd8 (sz=12, trace=17, nelems=8, elem type=int)
CLS 8a30e30 (name=sun.misc.URLClassPath$Loader, trace=17)
	super		81a970
ARR 8a30e78 (sz=8, trace=17, nelems=8, elem type=short)
ARR 8a311b0 (sz=6, trace=17, nelems=5, elem type=short)
ARR 8a311f0 (sz=8, trace=17, nelems=4, elem type=int)
CLS 8a31210 (name=sun.misc.URLClassPath$FileLoader, trace=17)
	super		8a30e30
ARR 8a31230 (sz=10, trace=17, nelems=12, elem type=short)
ARR 8a31ba0 (sz=6, trace=26, nelems=4, elem type=char)
OBJ 8a31bf8 (sz=6, trace=26, class=java.lang.String@81a9d0)
	value		8a31ba0
ARR 8a32050 (sz=6, trace=31, nelems=3, elem type=char)
OBJ 8a320a8 (sz=6, trace=31, class=java.lang.String@81a9d0)
	value		8a32050
ARR 8a32170 (sz=6, trace=32, nelems=4, elem type=char)
OBJ 8a321c8 (sz=6, trace=32, class=java.lang.String@81a9d0)
	value		8a32170
ARR 8a32290 (sz=6, trace=33, nelems=3, elem type=char)
OBJ 8a322e8 (sz=6, trace=33, class=java.lang.String@81a9d0)
	value		8a32290
ARR 8a323b0 (sz=4, trace=34, nelems=2, elem type=char)
OBJ 8a32408 (sz=6, trace=34, class=java.lang.String@81a9d0)
	value		8a323b0
ARR 8a32af8 (sz=76, trace=43, nelems=291, elem type=byte)
ARR 8a32b50 (sz=16, trace=43, nelems=25, elem type=short)
ARR 8a32c00 (sz=8, trace=43, nelems=4, elem type=int)
ARR 8a32c48 (sz=24, trace=43, nelems=20, elem type=int)
CLS 8a32c78 (name=sun.misc.URLClassPath$JarLoader, trace=43)
	super		8a30e30
ARR 8a32cc0 (sz=14, trace=43, nelems=20, elem type=short)
ARR 8a33980 (sz=4, trace=48, nelems=1, elem type=char)
OBJ 8a339d8 (sz=6, trace=48, class=java.lang.String@81a9d0)
	value		8a33980
ARR 8a34050 (sz=52, trace=57, nelems=190, elem type=byte)
ARR 8a34198 (sz=66, trace=57, nelems=246, elem type=byte)
ARR 8a34200 (sz=24, trace=57, nelems=78, elem type=byte)
ARR 8a34230 (sz=104, trace=57, nelems=200, elem type=short)
CLS 8a34260 (name=java.util.zip.ZipConstants, trace=57)
	super		81a970
ARR 8a34cb8 (sz=24, trace=57, nelems=40, elem type=short)
ARR 8a34d08 (sz=8, trace=57, nelems=4, elem type=int)
ARR 8a34d50 (sz=8, trace=57, nelems=4, elem type=int)
ARR 8a34d70 (sz=8, trace=57, nelems=4, elem type=int)
CLS 8a34d90 (name=java.util.zip.ZipFile, trace=57)
	super		81a970
ARR 8a34db0 (sz=10, trace=57, nelems=12, elem type=short)
ARR 8a35eb8 (sz=22, trace=57, nelems=35, elem type=short)
ARR 8a35ef8 (sz=8, trace=57, nelems=4, elem type=int)
CLS 8a35f18 (name=java.util.jar.JarFile, trace=57)
	super		8a34d90
	static MANIFEST_NAME	8a35fc0
ARR 8a35f38 (sz=10, trace=57, nelems=12, elem type=short)
ARR 8a35f68 (sz=14, trace=57, nelems=20, elem type=char)
OBJ 8a35fc0 (sz=6, trace=57, class=java.lang.String@81a9d0)
	value		8a35f68
ARR 8a36a20 (sz=10, trace=58, nelems=27, elem type=byte)
ARR 8a36ad0 (sz=6, trace=58, nelems=5, elem type=short)
CLS 8a36b48 (name=sun.security.action.LoadLibraryAction, trace=58)
	super		81a970
ARR 8a36d80 (sz=6, trace=58, nelems=3, elem type=char)
OBJ 8a36dd8 (sz=6, trace=58, class=java.lang.String@81a9d0)
	value		8a36d80
ARR 8a36f90 (sz=52, trace=59, nelems=195, elem type=byte)
ARR 8a36fe8 (sz=6, trace=59, nelems=5, elem type=short)
ARR 8a37098 (sz=8, trace=59, nelems=4, elem type=int)
CLS 8a370f0 (name=java.lang.Runtime, trace=59)
	super		81a970
	static currentRuntime	8a38208
ARR 8a382f8 (sz=12, trace=61, nelems=17, elem type=char)
OBJ 8a38350 (sz=6, trace=61, class=java.lang.String@81a9d0)
	value		8a382f8
ARR 8a38798 (sz=14, trace=65, nelems=21, elem type=char)
OBJ 8a387f0 (sz=6, trace=65, class=java.lang.String@81a9d0)
	value		8a38798
ARR 8a36ed8 (sz=12, trace=75, nelems=36, elem type=byte)
ARR 8a39040 (sz=6, trace=75, nelems=5, elem type=short)
CLS 8a390b8 (name=java.lang.ClassLoader$4, trace=75)
	super		81a970
ARR 8a39100 (sz=6, trace=75, nelems=4, elem type=short)
ARR 8a395c0 (sz=8, trace=78, nelems=7, elem type=char)
OBJ 8a39618 (sz=6, trace=78, class=java.lang.String@81a9d0)
	value		8a395c0
ARR 8a39940 (sz=26, trace=81, nelems=92, elem type=byte)
ARR 8a39970 (sz=14, trace=81, nelems=20, elem type=short)
ARR 8a39a20 (sz=12, trace=81, nelems=8, elem type=int)
CLS 8a39a78 (name=java.lang.ClassLoader$NativeLibrary, trace=81)
	super		81a970
ARR 8a39ac0 (sz=6, trace=81, nelems=4, elem type=short)
ARR 8a55ca8 (sz=66, trace=91, nelems=250, elem type=byte)
ARR 8a55d00 (sz=14, trace=91, nelems=20, elem type=short)
CLS 8a55db0 (name=sun.misc.JarIndex, trace=91)
	super		81a970
	static INDEX_NAME	8a55e80
ARR 8a55df8 (sz=6, trace=91, nelems=4, elem type=short)
ARR 8a55e28 (sz=14, trace=91, nelems=19, elem type=char)
OBJ 8a55e80 (sz=6, trace=91, class=java.lang.String@81a9d0)
	value		8a55e28
ARR 8a55c40 (sz=94, trace=97, nelems=360, elem type=byte)
ARR 8a3ade0 (sz=8, trace=97, nelems=10, elem type=short)
ARR 8a3ae90 (sz=8, trace=97, nelems=4, elem type=int)
ARR 8a3aed8 (sz=8, trace=97, nelems=4, elem type=int)
ARR 8a3aef8 (sz=16, trace=97, nelems=12, elem type=int)
ARR 8a3af18 (sz=8, trace=97, nelems=4, elem type=int)
ARR 8a3af38 (sz=8, trace=97, nelems=4, elem type=int)
ARR 8a3af58 (sz=12, trace=97, nelems=8, elem type=int)
CLS 8a3af88 (name=sun.misc.ExtensionDependency, trace=97)
	super		81a970
ARR 8a3afd0 (sz=14, trace=97, nelems=20, elem type=short)
ARR 8a3bd88 (sz=54, trace=98, nelems=198, elem type=byte)
ARR 8a3be38 (sz=36, trace=98, nelems=65, elem type=short)
ARR 8a3beb0 (sz=8, trace=98, nelems=4, elem type=int)
CLS 8a3bf08 (name=java.util.zip.ZipEntry, trace=98)
	super		81a970
ARR 8a3d480 (sz=20, trace=103, nelems=66, elem type=byte)
ARR 8a3d4e0 (sz=12, trace=103, nelems=33, elem type=byte)
ARR 8a3d510 (sz=8, trace=103, nelems=10, elem type=short)
CLS 8a3d5c0 (name=java.util.jar.JarEntry, trace=103)
	super		8a3bf08
ARR 8a3d9c8 (sz=6, trace=103, nelems=5, elem type=short)
CLS 8a3da08 (name=java.util.jar.JarFile$JarFileEntry, trace=103)
	super		8a3d5c0
ARR 8a3da28 (sz=6, trace=103, nelems=4, elem type=short)
ARR 8a3de40 (sz=38, trace=105, nelems=133, elem type=byte)
ARR 8a3def0 (sz=12, trace=105, nelems=36, elem type=byte)
ARR 8a3df20 (sz=4, trace=105, nelems=0, elem type=short)
CLS 8a3df70 (name=java.io.DataInput, trace=105)
	super		81a970
ARR 8a3e7b0 (sz=6, trace=105, nelems=5, elem type=short)
CLS 8a3e7f0 (name=java.io.DataInputStream, trace=105)
	super		81f428
ARR 8a3ded0 (sz=20, trace=106, nelems=64, elem type=byte)
ARR 8a3f020 (sz=16, trace=106, nelems=25, elem type=short)
CLS 8a3f0d0 (name=java.util.zip.ZipFile$ZipFileInputStream, trace=106)
	super		81f1a8
ARR 8a3f118 (sz=6, trace=106, nelems=4, elem type=short)
ARR 8a3f9c8 (sz=24, trace=110, nelems=84, elem type=byte)
ARR 8a3fa28 (sz=38, trace=110, nelems=134, elem type=byte)
ARR 8a3fa58 (sz=16, trace=110, nelems=25, elem type=short)
ARR 8a3fae0 (sz=8, trace=110, nelems=4, elem type=int)
CLS 8a3fb38 (name=java.util.zip.InflaterInputStream, trace=110)
	super		81f428
ARR 8a400d8 (sz=12, trace=110, nelems=15, elem type=short)
CLS 8a40118 (name=java.util.zip.ZipFile$1, trace=110)
	super		8a3fb38
ARR 8a40138 (sz=6, trace=110, nelems=4, elem type=short)
ARR 8a40518 (sz=32, trace=111, nelems=112, elem type=byte)
ARR 8a40570 (sz=18, trace=111, nelems=30, elem type=short)
CLS 8a40620 (name=java.util.zip.Inflater, trace=111)
	super		81a970
ARR 8a4cce8 (sz=56, trace=120, nelems=206, elem type=byte)
ARR 8a4cd70 (sz=8, trace=120, nelems=10, elem type=short)
CLS 8a4cde8 (name=java.util.jar.Manifest, trace=120)
	super		81a970
ARR 8a4ce30 (sz=8, trace=120, nelems=8, elem type=short)
ARR 8a4d5e8 (sz=20, trace=120, nelems=68, elem type=byte)
ARR 8a4d608 (sz=16, trace=120, nelems=25, elem type=short)
CLS 8a4d648 (name=java.io.ByteArrayInputStream, trace=120)
	super		81f1a8
ARR 8a4db68 (sz=52, trace=121, nelems=195, elem type=byte)
ARR 8a4dc18 (sz=6, trace=121, nelems=5, elem type=short)
ARR 8a4dc90 (sz=8, trace=121, nelems=4, elem type=int)
CLS 8a4dce8 (name=java.util.jar.Attributes, trace=121)
	super		81a970
ARR 8a4dd30 (sz=10, trace=121, nelems=12, elem type=short)
ARR 8a4eb18 (sz=22, trace=126, nelems=71, elem type=byte)
ARR 8a4eb48 (sz=12, trace=126, nelems=15, elem type=short)
CLS 8a4ebf8 (name=java.util.jar.Manifest$FastInputStream, trace=126)
	super		81f428
ARR 8a4ec40 (sz=6, trace=126, nelems=4, elem type=short)
ARR 8a565e0 (sz=44, trace=133, nelems=160, elem type=byte)
ARR 8a56638 (sz=52, trace=133, nelems=95, elem type=short)
CLS 8a566e8 (name=java.util.jar.Attributes$Name, trace=133)
	super		81a970
	static SPECIFICATION_VENDOR	8a58770
	static SPECIFICATION_VERSION	8a585f8
	static SPECIFICATION_TITLE	8a58480
	static IMPLEMENTATION_URL	8a58308
	static IMPLEMENTATION_VENDOR_ID	8a58190
	static IMPLEMENTATION_VENDOR	8a58018
	static IMPLEMENTATION_VERSION	8a57e98
	static IMPLEMENTATION_TITLE	8a57d20
	static EXTENSION_INSTALLATION	8a57ba8
	static EXTENSION_NAME	8a57a30
	static EXTENSION_LIST	8a578b8
	static SEALED	8a57740
	static MAIN_CLASS	8a575c8
	static CLASS_PATH	8a57450
	static CONTENT_TYPE	8a572d8
	static SIGNATURE_VERSION	8a57160
	static MANIFEST_VERSION	8a56fe8
ARR 8a56730 (sz=6, trace=133, nelems=4, elem type=short)
ARR 8a57040 (sz=12, trace=134, nelems=16, elem type=char)
OBJ 8a57098 (sz=6, trace=134, class=java.lang.String@81a9d0)
	value		8a57040
ARR 8a571b8 (sz=12, trace=135, nelems=17, elem type=char)
OBJ 8a57210 (sz=6, trace=135, class=java.lang.String@81a9d0)
	value		8a571b8
ARR 8a57330 (sz=10, trace=136, nelems=12, elem type=char)
OBJ 8a57388 (sz=6, trace=136, class=java.lang.String@81a9d0)
	value		8a57330
ARR 8a574a8 (sz=8, trace=137, nelems=10, elem type=char)
OBJ 8a57500 (sz=6, trace=137, class=java.lang.String@81a9d0)
	value		8a574a8
ARR 8a57620 (sz=8, trace=138, nelems=10, elem type=char)
OBJ 8a57678 (sz=6, trace=138, class=java.lang.String@81a9d0)
	value		8a57620
ARR 8a57798 (sz=6, trace=139, nelems=6, elem type=char)
OBJ 8a577f0 (sz=6, trace=139, class=java.lang.String@81a9d0)
	value		8a57798
ARR 8a57910 (sz=10, trace=140, nelems=14, elem type=char)
OBJ 8a57968 (sz=6, trace=140, class=java.lang.String@81a9d0)
	value		8a57910
ARR 8a57a88 (sz=10, trace=141, nelems=14, elem type=char)
OBJ 8a57ae0 (sz=6, trace=141, class=java.lang.String@81a9d0)
	value		8a57a88
ARR 8a57c00 (sz=14, trace=142, nelems=22, elem type=char)
OBJ 8a57c58 (sz=6, trace=142, class=java.lang.String@81a9d0)
	value		8a57c00
ARR 8a57d78 (sz=14, trace=143, nelems=20, elem type=char)
OBJ 8a57dd0 (sz=6, trace=143, class=java.lang.String@81a9d0)
	value		8a57d78
ARR 8a57ef0 (sz=14, trace=144, nelems=22, elem type=char)
OBJ 8a57f48 (sz=6, trace=144, class=java.lang.String@81a9d0)
	value		8a57ef0
ARR 8a58070 (sz=14, trace=145, nelems=21, elem type=char)
OBJ 8a580c8 (sz=6, trace=145, class=java.lang.String@81a9d0)
	value		8a58070
ARR 8a581e8 (sz=16, trace=146, nelems=24, elem type=char)
OBJ 8a58240 (sz=6, trace=146, class=java.lang.String@81a9d0)
	value		8a581e8
ARR 8a58360 (sz=12, trace=147, nelems=18, elem type=char)
OBJ 8a583b8 (sz=6, trace=147, class=java.lang.String@81a9d0)
	value		8a58360
ARR 8a584d8 (sz=14, trace=148, nelems=19, elem type=char)
OBJ 8a58530 (sz=6, trace=148, class=java.lang.String@81a9d0)
	value		8a584d8
ARR 8a58650 (sz=14, trace=149, nelems=21, elem type=char)
OBJ 8a586a8 (sz=6, trace=149, class=java.lang.String@81a9d0)
	value		8a58650
ARR 8a587c8 (sz=14, trace=150, nelems=20, elem type=char)
OBJ 8a58820 (sz=6, trace=150, class=java.lang.String@81a9d0)
	value		8a587c8
ARR 8a58da0 (sz=8, trace=155, nelems=10, elem type=char)
OBJ 8a58df8 (sz=6, trace=155, class=java.lang.String@81a9d0)
	value		8a58da0
ARR 8a58f80 (sz=74, trace=156, nelems=283, elem type=byte)
ARR 8a58fd8 (sz=36, trace=156, nelems=65, elem type=short)
ARR 8a59088 (sz=24, trace=156, nelems=20, elem type=int)
CLS 8a590e0 (name=java.util.jar.JarVerifier, trace=156)
	super		81a970
ARR 8a59128 (sz=6, trace=156, nelems=4, elem type=short)
ARR 8a5a268 (sz=28, trace=165, nelems=97, elem type=byte)
ARR 8a5a298 (sz=12, trace=165, nelems=15, elem type=short)
CLS 8a5a348 (name=java.io.ByteArrayOutputStream, trace=165)
	super		81f328
ARR 8a66d00 (sz=12, trace=155, nelems=17, elem type=char)
OBJ 8a66d20 (sz=6, trace=155, class=java.lang.String@81a9d0)
	value		8a66d00
ARR 8a66e60 (sz=8, trace=155, nelems=10, elem type=char)
OBJ 8a66e80 (sz=6, trace=155, class=java.lang.String@81a9d0)
	value		8a66e60
ARR 8a670b0 (sz=8, trace=155, nelems=10, elem type=char)
OBJ 8a670d0 (sz=6, trace=155, class=java.lang.String@81a9d0)
	value		8a670b0
ARR 8a67228 (sz=36, trace=182, nelems=126, elem type=byte)
ARR 8a67280 (sz=16, trace=182, nelems=25, elem type=short)
CLS 8a67330 (name=java.lang.Math, trace=182)
	super		81a970
ARR 8a67e60 (sz=6, trace=183, nelems=6, elem type=char)
OBJ 8a67eb8 (sz=6, trace=183, class=java.lang.String@81a9d0)
	value		8a67e60
ARR 8a6fab8 (sz=8, trace=155, nelems=9, elem type=char)
OBJ 8a6fad8 (sz=6, trace=155, class=java.lang.String@81a9d0)
	value		8a6fab8
ARR 8a73b08 (sz=10, trace=185, nelems=13, elem type=char)
OBJ 8a73b60 (sz=6, trace=185, class=java.lang.String@81a9d0)
	value		8a73b08
ARR 8a73ba8 (sz=18, trace=185, nelems=27, elem type=char)
OBJ 8a73bc8 (sz=6, trace=185, class=java.lang.String@81a9d0)
	value		8a73ba8
ARR 8a73c60 (sz=18, trace=185, nelems=27, elem type=char)
OBJ 8a73c80 (sz=6, trace=185, class=java.lang.String@81a9d0)
	value		8a73c60
ARR 8a73cb8 (sz=14, trace=185, nelems=20, elem type=char)
OBJ 8a73cd8 (sz=6, trace=185, class=java.lang.String@81a9d0)
	value		8a73cb8
ARR 8a7ea88 (sz=18, trace=188, nelems=30, elem type=char)
OBJ 8a7eae0 (sz=6, trace=188, class=java.lang.String@81a9d0)
	value		8a7ea88
ARR 8a7ed68 (sz=4, trace=189, nelems=2, elem type=char)
OBJ 8a7edc0 (sz=6, trace=189, class=java.lang.String@81a9d0)
	value		8a7ed68
ARR 8a6ee50 (sz=10, trace=194, nelems=23, elem type=byte)
ARR 8a2e590 (sz=4, trace=194, nelems=0, elem type=short)
CLS 8a2eae8 (name=java.lang.Shutdown$Lock, trace=194)
	super		81a970
ARR 8aa45b8 (sz=8, trace=194, nelems=8, elem type=short)
ARR 8aa47d8 (sz=12, trace=195, nelems=18, elem type=char)
OBJ 8aa4830 (sz=6, trace=195, class=java.lang.String@81a9d0)
	value		8aa47d8
HEAP DUMP END
SITES BEGIN (ordered by live bytes) Wed Jul 04 00:06:30 2001
          percent         live       alloc'ed  stack class
 rank   self  accum    bytes objs   bytes objs trace name
    1 66.16% 66.16%   149524  157  149524  157     1 [I
    2  8.61% 74.77%    19450  748   19450  748     1 [C
    3  4.24% 79.01%     9588  153    9588  153     1 [B
    4  4.01% 83.02%     9062 1556    9062 1556     1 <Unknown>
    5  3.63% 86.66%     8208    4    8208    4   127 [B
    6  1.97% 88.63%     4460  199    4460  199     1 [S
    7  1.87% 90.50%     4220  260    4220  260     1 [L<Unknown>;
    8  0.65% 91.14%     1464    4    1464    4   104 [B
    9  0.52% 91.66%     1176  104    1176  104   179 [C
   10  0.48% 92.15%     1088  118    1088  118   153 [C
   11  0.48% 92.62%     1080  117    1080  117   151 [C
   12  0.46% 93.09%     1046   58    1046   58   171 [C
   13  0.41% 93.50%      924  104     924  104   177 [C
   14  0.31% 93.81%      702  117     702  117   152 java.lang.String
   15  0.31% 94.12%      702  117     702  117   154 java.util.HashMap$Entry
   16  0.31% 94.42%      696   58     696   58   173 java.util.HashMap
   17  0.28% 94.70%      624  104     624  104   176 java.lang.String
   18  0.28% 94.98%      624  104     624  104   178 java.lang.String
   19  0.23% 95.21%      528    4     528    4   128 [B
   20  0.18% 95.39%      416  104     416  104   180 java.util.jar.Attributes$Name
   21  0.15% 95.55%      348   58     348   58   170 java.lang.String
   22  0.15% 95.70%      348   58     348   58   174 java.util.HashMap$Entry
   23  0.15% 95.86%      348   58     348   58   175 java.util.HashMap$Entry
   24  0.12% 95.97%      264    2     264    2   117 [B
   25  0.10% 96.08%      232   58     232   58   172 java.util.jar.Attributes
   26  0.10% 96.18%      228   23     228   23   181 java.util.HashMap$Entry
   27  0.08% 96.25%      170    5     170    5    57 [S
   28  0.07% 96.32%      156   13     156   13   130 [C
   29  0.07% 96.39%      154   13     154   13   132 [C
   30  0.07% 96.46%      152    4     152    4   184 java.util.HashMap$Entry
   31  0.06% 96.52%      146    9     146    9    22 [C
   32  0.06% 96.58%      142    3     142    3    57 [B
   33  0.06% 96.64%      132    6     132    6     5 java.lang.Object
   34  0.04% 96.68%       96    4      96    4    49 [C
   35  0.04% 96.73%       96    8      96    8    94 [C
   36  0.04% 96.77%       94    1      94    1    97 [B
   37  0.04% 96.81%       88    4      88    4    14 java.lang.Object
   38  0.04% 96.85%       88    4      88    4    12 java.lang.Object
   39  0.04% 96.89%       88    4      88    4   103 java.util.jar.JarFile$JarFileEntry
   40  0.04% 96.92%       80    4      80    4    51 [C
   41  0.04% 96.96%       80    4      80    4    95 [C
   42  0.03% 96.99%       78   13      78   13   131 java.lang.String
   43  0.03% 97.03%       78   13      78   13   129 java.lang.String
   44  0.03% 97.06%       76    2      76    2   120 [B
   45  0.03% 97.09%       76    1      76    1    43 [B
   46  0.03% 97.13%       74    1      74    1   156 [B
   47  0.03% 97.16%       72    4      72    4    98 java.util.zip.ZipEntry
   48  0.03% 97.19%       66    3      66    3     5 [S
   49  0.03% 97.22%       66    1      66    1    91 [B
   50  0.03% 97.25%       66    4      66    4    53 [C
   51  0.03% 97.27%       62    2      62    2   110 [B
   52  0.03% 97.30%       60    4      60    4   185 [C
   53  0.03% 97.33%       60    6      60    6    97 [I
   54  0.03% 97.35%       60    3      60    3    71 [C
   55  0.03% 97.38%       58    2      58    2    29 [C
   56  0.03% 97.40%       58    3      58    3    57 java.lang.Object
   57  0.03% 97.43%       58    2      58    2   133 [S
   58  0.03% 97.45%       58    2      58    2    38 [C
   59  0.03% 97.48%       58    2      58    2   191 [C
   60  0.02% 97.51%       56    4      56    4    57 java.util.jar.JarFile
   61  0.02% 97.53%       56    4      56    4   164 java.lang.Object
   62  0.02% 97.55%       56    4      56    4   158 java.util.Hashtable$Entry
   63  0.02% 97.58%       56    4      56    4   160 java.util.Hashtable$Entry
   64  0.02% 97.60%       56    4      56    4   162 java.util.Hashtable$Entry
   65  0.02% 97.63%       56    4      56    4    47 [C
   66  0.02% 97.65%       56    4      56    4   156 java.util.jar.JarVerifier
   67  0.02% 97.68%       56    4      56    4   125 java.util.HashMap$Entry
   68  0.02% 97.70%       56    4      56    4   123 java.util.HashMap$Entry
   69  0.02% 97.73%       56    4      56    4    88 java.lang.Object
   70  0.02% 97.75%       56    4      56    4    44 java.net.URL
   71  0.02% 97.78%       54    9      54    9    63 java.lang.String
   72  0.02% 97.80%       54    1      54    1    98 [B
   73  0.02% 97.82%       54    9      54    9    23 java.lang.String
   74  0.02% 97.85%       52   13      52   13   133 java.util.jar.Attributes$Name
   75  0.02% 97.87%       52    1      52    1   121 [B
   76  0.02% 97.89%       52    1      52    1    59 [B
   77  0.02% 97.92%       50    2      50    2    17 [B
   78  0.02% 97.94%       50    2      50    2   105 [B
   79  0.02% 97.96%       48    8      48    8    96 java.lang.String
   80  0.02% 97.98%       48    4      48    4    40 [C
   81  0.02% 98.00%       48    4      48    4   166 [B
   82  0.02% 98.02%       48    4      48    4   122 java.util.HashMap
   83  0.02% 98.04%       48    3      48    3    80 [C
   84  0.02% 98.07%       48    4      48    4   124 java.util.HashMap
   85  0.02% 98.09%       48    4      48    4    45 [C
   86  0.02% 98.11%       44    2      44    2   187 java.lang.Object
   87  0.02% 98.13%       44    2      44    2    12 [S
   88  0.02% 98.15%       44    1      44    1   133 [B
   89  0.02% 98.16%       44    5      44    5   155 [C
   90  0.02% 98.18%       44    2      44    2    14 [S
   91  0.02% 98.20%       44    3      44    3   105 java.lang.Object
   92  0.02% 98.22%       42    2      42    2   156 [S
   93  0.02% 98.24%       40    4      40    4   106 java.util.zip.ZipFile$ZipFileInputStream
   94  0.02% 98.26%       40    4      40    4   157 java.util.Hashtable
   95  0.02% 98.28%       40    4      40    4   161 java.util.Hashtable
   96  0.02% 98.29%       40    4      40    4   159 java.util.Hashtable
   97  0.02% 98.31%       38    1      38    1   182 java.lang.Object
   98  0.02% 98.33%       38    2      38    2    98 java.lang.Object
   99  0.02% 98.34%       36    3      36    3    70 [C
  100  0.02% 98.36%       36    1      36    1   182 [B
  101  0.02% 98.37%       36    3      36    3   120 java.lang.Object
  102  0.02% 98.39%       36    1      36    1    98 [S
  103  0.02% 98.41%       34    2      34    2   121 java.lang.Object
  104  0.02% 98.42%       34    3      34    3   110 [S
  105  0.01% 98.43%       32    4      32    4    43 sun.misc.URLClassPath$JarLoader
  106  0.01% 98.45%       32    4      32    4   120 java.io.ByteArrayInputStream
  107  0.01% 98.46%       32    4      32    4    57 [I
  108  0.01% 98.48%       32    1      32    1   111 java.lang.Object
  109  0.01% 98.49%       32    3      32    3   120 [S
  110  0.01% 98.51%       32    1      32    1    59 java.lang.Object
  111  0.01% 98.52%       32    2      32    2    43 [I
  112  0.01% 98.53%       32    1      32    1   111 [B
  113  0.01% 98.55%       32    2      32    2     0 <Unknown>
  114  0.01% 98.56%       32    4      32    4    84 java.lang.ref.Finalizer
  115  0.01% 98.58%       32    2      32    2   103 [B
  116  0.01% 98.59%       30    1      30    1     7 [C
  117  0.01% 98.60%       30    5      30    5   155 java.lang.String
  118  0.01% 98.62%       30    2      30    2    43 [S
  119  0.01% 98.63%       30    4      30    4    17 [S
  120  0.01% 98.64%       30    5      30    5    24 java.util.HashMap$Entry
  121  0.01% 98.65%       28    1      28    1   165 [B
  122  0.01% 98.67%       26    1      26    1   118 [C
  123  0.01% 98.68%       26    1      26    1    81 [B
  124  0.01% 98.69%       24    4      24    4    52 java.lang.String
  125  0.01% 98.70%       24    4      24    4    50 java.lang.String
  126  0.01% 98.71%       24    1      24    1   109 [C
  127  0.01% 98.72%       24    3      24    3    68 [C
  128  0.01% 98.73%       24    1      24    1    90 [C
  129  0.01% 98.74%       24    1      24    1   101 [C
  130  0.01% 98.75%       24    1      24    1    16 [B
  131  0.01% 98.76%       24    1      24    1    92 [C
  132  0.01% 98.77%       24    1      24    1   102 [C
  133  0.01% 98.78%       24    2      24    2   110 java.util.zip.ZipFile$1
  134  0.01% 98.79%       24    4      24    4   185 java.lang.String
  135  0.01% 98.81%       24    1      24    1     7 [B
  136  0.01% 98.82%       24    1      24    1   107 [C
  137  0.01% 98.83%       24    4      24    4    54 java.lang.String
  138  0.01% 98.84%       24    4      24    4    56 java.lang.StringBuffer
  139  0.01% 98.85%       24    4      24    4    87 java.util.Vector
  140  0.01% 98.86%       24    4      24    4    46 java.lang.StringBuffer
  141  0.01% 98.87%       24    4      24    4   163 java.util.ArrayList
  142  0.01% 98.88%       24    2      24    2     9 [C
  143  0.01% 98.89%       24    4      24    4    86 java.lang.StringBuffer
  144  0.01% 98.90%       24    4      24    4    44 java.lang.StringBuffer
  145  0.01% 98.91%       24    4      24    4   165 java.io.ByteArrayOutputStream
  146  0.01% 98.92%       24    4      24    4   169 java.lang.StringBuffer
  147  0.01% 98.93%       24    4      24    4    93 java.lang.StringBuffer
  148  0.01% 98.94%       24    4      24    4   126 java.util.jar.Manifest$FastInputStream
  149  0.01% 98.95%       24    1      24    1   156 [I
SITES END
